[0.016s] Invoking command in '/home/marsuser/so101_ws/build/so101_bringup': CMAKE_PREFIX_PATH=/home/marsuser/so101_ws/install/so101_msgs:/home/marsuser/so101_ws/install/so101_kinematics:/home/marsuser/so101_ws/install/so101_description:/home/marsuser/so101_ws/install/so101_bringup:/opt/openrobots:/opt/openrobots:/opt/ros/humble CONDA_PROMPT_MODIFIER=(lerobot) LD_LIBRARY_PATH=/home/marsuser/so101_ws/install/so101_msgs/lib:/home/marsuser/so101_ws/install/so101_kinematics/lib:/usr/local/cuda/lib64:/opt/openrobots/lib:/opt/ros/humble/opt/rviz_ogre_vendor/lib:/opt/ros/humble/lib/x86_64-linux-gnu:/opt/ros/humble/lib:/usr/local/cuda/lib64:/opt/openrobots/lib /home/marsuser/miniforge3/envs/lerobot/bin/cmake --build /home/marsuser/so101_ws/build/so101_bringup -- -j32 -l32
[0.126s] [0mCMake Deprecation Warning at CMakeLists.txt:1 (cmake_minimum_required):
[0.127s]   Compatibility with CMake < 3.10 will be removed from a future version of
[0.127s]   CMake.
[0.127s] 
[0.127s]   Update the VERSION argument <min> value.  Or, use the <min>...<max> syntax
[0.127s]   to tell CMake that the project requires at least <min> but has been updated
[0.127s]   to work with policies introduced by <max> or earlier.
[0.127s] 
[0.127s] [0m
[0.131s] -- Found ament_cmake: 1.3.14 (/opt/ros/humble/share/ament_cmake/cmake)
[0.268s] -- Override CMake install command with custom implementation using symlinks instead of copying resources
[0.277s] -- Found rclcpp: 16.0.19 (/opt/ros/humble/share/rclcpp/cmake)
[0.314s] -- Found rosidl_generator_c: 3.1.8 (/opt/ros/humble/share/rosidl_generator_c/cmake)
[0.317s] -- Found rosidl_adapter: 3.1.8 (/opt/ros/humble/share/rosidl_adapter/cmake)
[0.322s] -- Found rosidl_generator_cpp: 3.1.8 (/opt/ros/humble/share/rosidl_generator_cpp/cmake)
[0.331s] -- Using all available rosidl_typesupport_c: rosidl_typesupport_fastrtps_c;rosidl_typesupport_introspection_c
[0.342s] -- Using all available rosidl_typesupport_cpp: rosidl_typesupport_fastrtps_cpp;rosidl_typesupport_introspection_cpp
[0.374s] -- Found rmw_implementation_cmake: 6.1.2 (/opt/ros/humble/share/rmw_implementation_cmake/cmake)
[0.375s] -- Found rmw_fastrtps_cpp: 6.2.10 (/opt/ros/humble/share/rmw_fastrtps_cpp/cmake)
[0.484s] -- Using RMW implementation 'rmw_fastrtps_cpp' as default
[0.534s] -- Found sensor_msgs: 4.9.1 (/opt/ros/humble/share/sensor_msgs/cmake)
[0.566s] -- Found so101_msgs: 0.0.1 (/home/marsuser/so101_ws/install/so101_msgs/share/so101_msgs/cmake)
[0.582s] -- Found so101_kinematics: 0.0.1 (/home/marsuser/so101_ws/install/so101_kinematics/share/so101_kinematics/cmake)
[0.587s] [33mCMake Warning (dev) at /home/marsuser/miniforge3/envs/lerobot/lib/python3.12/site-packages/cmake/data/share/cmake-4.1/Modules/CMakeFindDependencyMacro.cmake:78 (find_package):
[0.587s]   Policy CMP0167 is not set: The FindBoost module is removed.  Run "cmake
[0.587s]   --help-policy CMP0167" for policy details.  Use the cmake_policy command to
[0.587s]   set the policy and suppress this warning.
[0.587s] 
[0.588s] Call Stack (most recent call first):
[0.588s]   /opt/openrobots/lib/cmake/pinocchio/pinocchioConfig.cmake:185 (find_dependency)
[0.588s]   CMakeLists.txt:15 (find_package)
[0.588s] This warning is for project developers.  Use -Wno-dev to suppress it.
[0.588s] [0m
[0.591s] -- Found Boost: /usr/include (found version "1.74.0") found components: filesystem serialization
[0.593s] -- coal FOUND. coal at /opt/openrobots/lib/libcoal.so
[0.593s] [33mCMake Warning (dev) at /home/marsuser/miniforge3/envs/lerobot/lib/python3.12/site-packages/cmake/data/share/cmake-4.1/Modules/CMakeFindDependencyMacro.cmake:78 (find_package):
[0.593s]   Policy CMP0167 is not set: The FindBoost module is removed.  Run "cmake
[0.593s]   --help-policy CMP0167" for policy details.  Use the cmake_policy command to
[0.593s]   set the policy and suppress this warning.
[0.593s] 
[0.593s] Call Stack (most recent call first):
[0.593s]   /opt/openrobots/lib/cmake/coal/coalConfig.cmake:179 (find_dependency)
[0.593s]   /home/marsuser/miniforge3/envs/lerobot/lib/python3.12/site-packages/cmake/data/share/cmake-4.1/Modules/CMakeFindDependencyMacro.cmake:78 (find_package)
[0.593s]   /opt/openrobots/lib/cmake/pinocchio/pinocchioConfig.cmake:186 (find_dependency)
[0.594s]   CMakeLists.txt:15 (find_package)
[0.594s] This warning is for project developers.  Use -Wno-dev to suppress it.
[0.594s] [0m
[0.597s] -- Found Boost: /usr/include (found version "1.74.0") found components: serialization filesystem
[0.806s] -- Default C++ standard: 201703
[0.806s] -- C++ standard sufficient: Minimal required 17, currently defined: 17
[0.807s] -- C++ standard sufficient: Minimal required 17, currently defined: 17
[0.858s] -- Configuring done (0.7s)
[0.889s] -- Generating done (0.0s)
[0.892s] -- Build files have been written to: /home/marsuser/so101_ws/build/so101_bringup
[0.921s] [ 33%] Built target tcp_bridge_node
[0.942s] [ 66%] Built target safety_gate_node
[0.942s] [100%] Built target cartesian_controller_node
[0.946s] Invoked command in '/home/marsuser/so101_ws/build/so101_bringup' returned '0': CMAKE_PREFIX_PATH=/home/marsuser/so101_ws/install/so101_msgs:/home/marsuser/so101_ws/install/so101_kinematics:/home/marsuser/so101_ws/install/so101_description:/home/marsuser/so101_ws/install/so101_bringup:/opt/openrobots:/opt/openrobots:/opt/ros/humble CONDA_PROMPT_MODIFIER=(lerobot) LD_LIBRARY_PATH=/home/marsuser/so101_ws/install/so101_msgs/lib:/home/marsuser/so101_ws/install/so101_kinematics/lib:/usr/local/cuda/lib64:/opt/openrobots/lib:/opt/ros/humble/opt/rviz_ogre_vendor/lib:/opt/ros/humble/lib/x86_64-linux-gnu:/opt/ros/humble/lib:/usr/local/cuda/lib64:/opt/openrobots/lib /home/marsuser/miniforge3/envs/lerobot/bin/cmake --build /home/marsuser/so101_ws/build/so101_bringup -- -j32 -l32
[1.046s] Invoking command in '/home/marsuser/so101_ws/build/so101_bringup': CMAKE_PREFIX_PATH=/home/marsuser/so101_ws/install/so101_msgs:/home/marsuser/so101_ws/install/so101_kinematics:/home/marsuser/so101_ws/install/so101_description:/home/marsuser/so101_ws/install/so101_bringup:/opt/openrobots:/opt/openrobots:/opt/ros/humble CONDA_PROMPT_MODIFIER=(lerobot) LD_LIBRARY_PATH=/home/marsuser/so101_ws/install/so101_msgs/lib:/home/marsuser/so101_ws/install/so101_kinematics/lib:/usr/local/cuda/lib64:/opt/openrobots/lib:/opt/ros/humble/opt/rviz_ogre_vendor/lib:/opt/ros/humble/lib/x86_64-linux-gnu:/opt/ros/humble/lib:/usr/local/cuda/lib64:/opt/openrobots/lib /home/marsuser/miniforge3/envs/lerobot/bin/cmake --install /home/marsuser/so101_ws/build/so101_bringup
[1.141s] -- Install configuration: ""
[1.141s] -- Execute custom install script
[1.141s] -- Up-to-date symlink: /home/marsuser/so101_ws/install/so101_bringup/share/so101_bringup/launch/so101_stack.launch.py
[1.141s] -- Up-to-date symlink: /home/marsuser/so101_ws/install/so101_bringup/share/so101_bringup/config/robot_params.yaml
[1.141s] -- Up-to-date symlink: /home/marsuser/so101_ws/install/so101_bringup/lib/so101_bringup/cartesian_controller_node
[1.142s] -- Up-to-date symlink: /home/marsuser/so101_ws/install/so101_bringup/lib/so101_bringup/safety_gate_node
[1.142s] -- Up-to-date symlink: /home/marsuser/so101_ws/install/so101_bringup/lib/so101_bringup/tcp_bridge_node
[1.142s] -- Up-to-date symlink: /home/marsuser/so101_ws/install/so101_bringup/share/ament_index/resource_index/package_run_dependencies/so101_bringup
[1.142s] -- Up-to-date symlink: /home/marsuser/so101_ws/install/so101_bringup/share/ament_index/resource_index/parent_prefix_path/so101_bringup
[1.142s] -- Up-to-date symlink: /home/marsuser/so101_ws/install/so101_bringup/share/so101_bringup/environment/ament_prefix_path.sh
[1.142s] -- Up-to-date symlink: /home/marsuser/so101_ws/install/so101_bringup/share/so101_bringup/environment/ament_prefix_path.dsv
[1.142s] -- Up-to-date symlink: /home/marsuser/so101_ws/install/so101_bringup/share/so101_bringup/environment/path.sh
[1.142s] -- Up-to-date symlink: /home/marsuser/so101_ws/install/so101_bringup/share/so101_bringup/environment/path.dsv
[1.142s] -- Up-to-date symlink: /home/marsuser/so101_ws/install/so101_bringup/share/so101_bringup/local_setup.bash
[1.142s] -- Up-to-date symlink: /home/marsuser/so101_ws/install/so101_bringup/share/so101_bringup/local_setup.sh
[1.142s] -- Up-to-date symlink: /home/marsuser/so101_ws/install/so101_bringup/share/so101_bringup/local_setup.zsh
[1.143s] -- Up-to-date symlink: /home/marsuser/so101_ws/install/so101_bringup/share/so101_bringup/local_setup.dsv
[1.143s] -- Symlinking: /home/marsuser/so101_ws/install/so101_bringup/share/so101_bringup/package.dsv
[1.146s] -- Up-to-date symlink: /home/marsuser/so101_ws/install/so101_bringup/share/ament_index/resource_index/packages/so101_bringup
[1.146s] -- Up-to-date symlink: /home/marsuser/so101_ws/install/so101_bringup/share/so101_bringup/cmake/so101_bringupConfig.cmake
[1.146s] -- Up-to-date symlink: /home/marsuser/so101_ws/install/so101_bringup/share/so101_bringup/cmake/so101_bringupConfig-version.cmake
[1.146s] -- Up-to-date symlink: /home/marsuser/so101_ws/install/so101_bringup/share/so101_bringup/package.xml
[1.146s] -- Installing: /home/marsuser/so101_ws/install/so101_bringup/lib/so101_bringup/keyboard_servo
[1.148s] Invoked command in '/home/marsuser/so101_ws/build/so101_bringup' returned '0': CMAKE_PREFIX_PATH=/home/marsuser/so101_ws/install/so101_msgs:/home/marsuser/so101_ws/install/so101_kinematics:/home/marsuser/so101_ws/install/so101_description:/home/marsuser/so101_ws/install/so101_bringup:/opt/openrobots:/opt/openrobots:/opt/ros/humble CONDA_PROMPT_MODIFIER=(lerobot) LD_LIBRARY_PATH=/home/marsuser/so101_ws/install/so101_msgs/lib:/home/marsuser/so101_ws/install/so101_kinematics/lib:/usr/local/cuda/lib64:/opt/openrobots/lib:/opt/ros/humble/opt/rviz_ogre_vendor/lib:/opt/ros/humble/lib/x86_64-linux-gnu:/opt/ros/humble/lib:/usr/local/cuda/lib64:/opt/openrobots/lib /home/marsuser/miniforge3/envs/lerobot/bin/cmake --install /home/marsuser/so101_ws/build/so101_bringup
