[ 33%] Built target tcp_bridge_node
[ 66%] Built target cartesian_controller_node
[100%] Built target safety_gate_node
-- Install configuration: ""
-- Execute custom install script
-- Up-to-date symlink: /home/marsuser/so101_ws/install/so101_bringup/share/so101_bringup/launch/so101_stack.launch.py
-- Up-to-date symlink: /home/marsuser/so101_ws/install/so101_bringup/share/so101_bringup/config/robot_params.yaml
-- Up-to-date symlink: /home/marsuser/so101_ws/install/so101_bringup/lib/so101_bringup/cartesian_controller_node
-- Up-to-date symlink: /home/marsuser/so101_ws/install/so101_bringup/lib/so101_bringup/safety_gate_node
-- Up-to-date symlink: /home/marsuser/so101_ws/install/so101_bringup/lib/so101_bringup/tcp_bridge_node
-- Up-to-date symlink: /home/marsuser/so101_ws/install/so101_bringup/share/ament_index/resource_index/package_run_dependencies/so101_bringup
-- Up-to-date symlink: /home/marsuser/so101_ws/install/so101_bringup/share/ament_index/resource_index/parent_prefix_path/so101_bringup
-- Up-to-date symlink: /home/marsuser/so101_ws/install/so101_bringup/share/so101_bringup/environment/ament_prefix_path.sh
-- Up-to-date symlink: /home/marsuser/so101_ws/install/so101_bringup/share/so101_bringup/environment/ament_prefix_path.dsv
-- Up-to-date symlink: /home/marsuser/so101_ws/install/so101_bringup/share/so101_bringup/environment/path.sh
-- Up-to-date symlink: /home/marsuser/so101_ws/install/so101_bringup/share/so101_bringup/environment/path.dsv
-- Up-to-date symlink: /home/marsuser/so101_ws/install/so101_bringup/share/so101_bringup/local_setup.bash
-- Up-to-date symlink: /home/marsuser/so101_ws/install/so101_bringup/share/so101_bringup/local_setup.sh
-- Up-to-date symlink: /home/marsuser/so101_ws/install/so101_bringup/share/so101_bringup/local_setup.zsh
-- Up-to-date symlink: /home/marsuser/so101_ws/install/so101_bringup/share/so101_bringup/local_setup.dsv
-- Symlinking: /home/marsuser/so101_ws/install/so101_bringup/share/so101_bringup/package.dsv
-- Up-to-date symlink: /home/marsuser/so101_ws/install/so101_bringup/share/ament_index/resource_index/packages/so101_bringup
-- Up-to-date symlink: /home/marsuser/so101_ws/install/so101_bringup/share/so101_bringup/cmake/so101_bringupConfig.cmake
-- Up-to-date symlink: /home/marsuser/so101_ws/install/so101_bringup/share/so101_bringup/cmake/so101_bringupConfig-version.cmake
-- Up-to-date symlink: /home/marsuser/so101_ws/install/so101_bringup/share/so101_bringup/package.xml
-- Installing: /home/marsuser/so101_ws/install/so101_bringup/lib/so101_bringup/keyboard_servo
