[0.083s] DEBUG:colcon:Command line arguments: ['/usr/bin/colcon', 'build', '--packages-select', 'so101_bringup', '--symlink-install', '--event-handlers', 'console_direct+']
[0.083s] DEBUG:colcon:Parsed command line arguments: Namespace(log_base=None, log_level=None, verb_name='build', build_base='build', install_base='install', merge_install=False, symlink_install=True, test_result_base=None, continue_on_error=False, executor='parallel', parallel_workers=32, event_handlers=['console_direct+'], ignore_user_meta=False, metas=['./colcon.meta'], base_paths=['.'], packages_ignore=None, packages_ignore_regex=None, paths=None, packages_up_to=None, packages_up_to_regex=None, packages_above=None, packages_above_and_dependencies=None, packages_above_depth=None, packages_select_by_dep=None, packages_skip_by_dep=None, packages_skip_up_to=None, packages_select_build_failed=False, packages_skip_build_finished=False, packages_select_test_failures=False, packages_skip_test_passed=False, packages_select=['so101_bringup'], packages_skip=None, packages_select_regex=None, packages_skip_regex=None, packages_start=None, packages_end=None, allow_overriding=[], cmake_args=None, cmake_target=None, cmake_target_skip_unavailable=False, cmake_clean_cache=False, cmake_clean_first=False, cmake_force_configure=False, ament_cmake_args=None, catkin_cmake_args=None, catkin_skip_building_tests=False, mixin_files=None, mixin=None, verb_parser=<colcon_mixin.mixin.mixin_argument.MixinArgumentDecorator object at 0x7cc28f767b80>, verb_extension=<colcon_core.verb.build.BuildVerb object at 0x7cc28f7676d0>, main=<bound method BuildVerb.main of <colcon_core.verb.build.BuildVerb object at 0x7cc28f7676d0>>, mixin_verb=('build',))
[0.208s] Level 1:colcon.colcon_core.package_discovery:discover_packages(colcon_meta) check parameters
[0.208s] Level 1:colcon.colcon_core.package_discovery:discover_packages(recursive) check parameters
[0.208s] Level 1:colcon.colcon_core.package_discovery:discover_packages(ignore) check parameters
[0.208s] Level 1:colcon.colcon_core.package_discovery:discover_packages(path) check parameters
[0.208s] Level 1:colcon.colcon_core.package_discovery:discover_packages(colcon_meta) discover
[0.208s] Level 1:colcon.colcon_core.package_discovery:discover_packages(recursive) discover
[0.208s] INFO:colcon.colcon_core.package_discovery:Crawling recursively for packages in '/home/marsuser/so101_ws'
[0.208s] Level 1:colcon.colcon_core.package_identification:_identify(.) by extensions ['ignore', 'ignore_ament_install']
[0.208s] Level 1:colcon.colcon_core.package_identification:_identify(.) by extension 'ignore'
[0.208s] Level 1:colcon.colcon_core.package_identification:_identify(.) by extension 'ignore_ament_install'
[0.208s] Level 1:colcon.colcon_core.package_identification:_identify(.) by extensions ['colcon_pkg']
[0.208s] Level 1:colcon.colcon_core.package_identification:_identify(.) by extension 'colcon_pkg'
[0.208s] Level 1:colcon.colcon_core.package_identification:_identify(.) by extensions ['colcon_meta']
[0.208s] Level 1:colcon.colcon_core.package_identification:_identify(.) by extension 'colcon_meta'
[0.208s] Level 1:colcon.colcon_core.package_identification:_identify(.) by extensions ['ros']
[0.208s] Level 1:colcon.colcon_core.package_identification:_identify(.) by extension 'ros'
[0.215s] Level 1:colcon.colcon_core.package_identification:_identify(.) by extensions ['cmake', 'python']
[0.215s] Level 1:colcon.colcon_core.package_identification:_identify(.) by extension 'cmake'
[0.215s] Level 1:colcon.colcon_core.package_identification:_identify(.) by extension 'python'
[0.215s] Level 1:colcon.colcon_core.package_identification:_identify(.) by extensions ['python_setup_py']
[0.215s] Level 1:colcon.colcon_core.package_identification:_identify(.) by extension 'python_setup_py'
[0.215s] Level 1:colcon.colcon_core.package_identification:_identify(build) by extensions ['ignore', 'ignore_ament_install']
[0.215s] Level 1:colcon.colcon_core.package_identification:_identify(build) by extension 'ignore'
[0.216s] Level 1:colcon.colcon_core.package_identification:_identify(build) ignored
[0.216s] Level 1:colcon.colcon_core.package_identification:_identify(examples) by extensions ['ignore', 'ignore_ament_install']
[0.216s] Level 1:colcon.colcon_core.package_identification:_identify(examples) by extension 'ignore'
[0.216s] Level 1:colcon.colcon_core.package_identification:_identify(examples) by extension 'ignore_ament_install'
[0.216s] Level 1:colcon.colcon_core.package_identification:_identify(examples) by extensions ['colcon_pkg']
[0.216s] Level 1:colcon.colcon_core.package_identification:_identify(examples) by extension 'colcon_pkg'
[0.216s] Level 1:colcon.colcon_core.package_identification:_identify(examples) by extensions ['colcon_meta']
[0.216s] Level 1:colcon.colcon_core.package_identification:_identify(examples) by extension 'colcon_meta'
[0.216s] Level 1:colcon.colcon_core.package_identification:_identify(examples) by extensions ['ros']
[0.216s] Level 1:colcon.colcon_core.package_identification:_identify(examples) by extension 'ros'
[0.216s] Level 1:colcon.colcon_core.package_identification:_identify(examples) by extensions ['cmake', 'python']
[0.216s] Level 1:colcon.colcon_core.package_identification:_identify(examples) by extension 'cmake'
[0.216s] Level 1:colcon.colcon_core.package_identification:_identify(examples) by extension 'python'
[0.216s] Level 1:colcon.colcon_core.package_identification:_identify(examples) by extensions ['python_setup_py']
[0.216s] Level 1:colcon.colcon_core.package_identification:_identify(examples) by extension 'python_setup_py'
[0.216s] Level 1:colcon.colcon_core.package_identification:_identify(examples/lerobot) by extensions ['ignore', 'ignore_ament_install']
[0.216s] Level 1:colcon.colcon_core.package_identification:_identify(examples/lerobot) by extension 'ignore'
[0.216s] Level 1:colcon.colcon_core.package_identification:_identify(examples/lerobot) by extension 'ignore_ament_install'
[0.216s] Level 1:colcon.colcon_core.package_identification:_identify(examples/lerobot) by extensions ['colcon_pkg']
[0.216s] Level 1:colcon.colcon_core.package_identification:_identify(examples/lerobot) by extension 'colcon_pkg'
[0.216s] Level 1:colcon.colcon_core.package_identification:_identify(examples/lerobot) by extensions ['colcon_meta']
[0.216s] Level 1:colcon.colcon_core.package_identification:_identify(examples/lerobot) by extension 'colcon_meta'
[0.216s] Level 1:colcon.colcon_core.package_identification:_identify(examples/lerobot) by extensions ['ros']
[0.216s] Level 1:colcon.colcon_core.package_identification:_identify(examples/lerobot) by extension 'ros'
[0.216s] Level 1:colcon.colcon_core.package_identification:_identify(examples/lerobot) by extensions ['cmake', 'python']
[0.216s] Level 1:colcon.colcon_core.package_identification:_identify(examples/lerobot) by extension 'cmake'
[0.216s] Level 1:colcon.colcon_core.package_identification:_identify(examples/lerobot) by extension 'python'
[0.216s] Level 1:colcon.colcon_core.package_identification:_identify(examples/lerobot) by extensions ['python_setup_py']
[0.216s] Level 1:colcon.colcon_core.package_identification:_identify(examples/lerobot) by extension 'python_setup_py'
[0.217s] Level 1:colcon.colcon_core.package_identification:_identify(install) by extensions ['ignore', 'ignore_ament_install']
[0.217s] Level 1:colcon.colcon_core.package_identification:_identify(install) by extension 'ignore'
[0.217s] Level 1:colcon.colcon_core.package_identification:_identify(install) ignored
[0.217s] Level 1:colcon.colcon_core.package_identification:_identify(log) by extensions ['ignore', 'ignore_ament_install']
[0.217s] Level 1:colcon.colcon_core.package_identification:_identify(log) by extension 'ignore'
[0.217s] Level 1:colcon.colcon_core.package_identification:_identify(log) ignored
[0.217s] Level 1:colcon.colcon_core.package_identification:_identify(src) by extensions ['ignore', 'ignore_ament_install']
[0.217s] Level 1:colcon.colcon_core.package_identification:_identify(src) by extension 'ignore'
[0.217s] Level 1:colcon.colcon_core.package_identification:_identify(src) by extension 'ignore_ament_install'
[0.217s] Level 1:colcon.colcon_core.package_identification:_identify(src) by extensions ['colcon_pkg']
[0.217s] Level 1:colcon.colcon_core.package_identification:_identify(src) by extension 'colcon_pkg'
[0.217s] Level 1:colcon.colcon_core.package_identification:_identify(src) by extensions ['colcon_meta']
[0.217s] Level 1:colcon.colcon_core.package_identification:_identify(src) by extension 'colcon_meta'
[0.217s] Level 1:colcon.colcon_core.package_identification:_identify(src) by extensions ['ros']
[0.217s] Level 1:colcon.colcon_core.package_identification:_identify(src) by extension 'ros'
[0.217s] Level 1:colcon.colcon_core.package_identification:_identify(src) by extensions ['cmake', 'python']
[0.217s] Level 1:colcon.colcon_core.package_identification:_identify(src) by extension 'cmake'
[0.217s] Level 1:colcon.colcon_core.package_identification:_identify(src) by extension 'python'
[0.217s] Level 1:colcon.colcon_core.package_identification:_identify(src) by extensions ['python_setup_py']
[0.217s] Level 1:colcon.colcon_core.package_identification:_identify(src) by extension 'python_setup_py'
[0.217s] Level 1:colcon.colcon_core.package_identification:_identify(src/so101_bringup) by extensions ['ignore', 'ignore_ament_install']
[0.217s] Level 1:colcon.colcon_core.package_identification:_identify(src/so101_bringup) by extension 'ignore'
[0.217s] Level 1:colcon.colcon_core.package_identification:_identify(src/so101_bringup) by extension 'ignore_ament_install'
[0.217s] Level 1:colcon.colcon_core.package_identification:_identify(src/so101_bringup) by extensions ['colcon_pkg']
[0.217s] Level 1:colcon.colcon_core.package_identification:_identify(src/so101_bringup) by extension 'colcon_pkg'
[0.217s] Level 1:colcon.colcon_core.package_identification:_identify(src/so101_bringup) by extensions ['colcon_meta']
[0.217s] Level 1:colcon.colcon_core.package_identification:_identify(src/so101_bringup) by extension 'colcon_meta'
[0.218s] Level 1:colcon.colcon_core.package_identification:_identify(src/so101_bringup) by extensions ['ros']
[0.218s] Level 1:colcon.colcon_core.package_identification:_identify(src/so101_bringup) by extension 'ros'
[0.219s] DEBUG:colcon.colcon_core.package_identification:Package 'src/so101_bringup' with type 'ros.ament_cmake' and name 'so101_bringup'
[0.219s] Level 1:colcon.colcon_core.package_identification:_identify(src/so101_description) by extensions ['ignore', 'ignore_ament_install']
[0.219s] Level 1:colcon.colcon_core.package_identification:_identify(src/so101_description) by extension 'ignore'
[0.219s] Level 1:colcon.colcon_core.package_identification:_identify(src/so101_description) by extension 'ignore_ament_install'
[0.219s] Level 1:colcon.colcon_core.package_identification:_identify(src/so101_description) by extensions ['colcon_pkg']
[0.219s] Level 1:colcon.colcon_core.package_identification:_identify(src/so101_description) by extension 'colcon_pkg'
[0.219s] Level 1:colcon.colcon_core.package_identification:_identify(src/so101_description) by extensions ['colcon_meta']
[0.219s] Level 1:colcon.colcon_core.package_identification:_identify(src/so101_description) by extension 'colcon_meta'
[0.220s] Level 1:colcon.colcon_core.package_identification:_identify(src/so101_description) by extensions ['ros']
[0.220s] Level 1:colcon.colcon_core.package_identification:_identify(src/so101_description) by extension 'ros'
[0.220s] DEBUG:colcon.colcon_core.package_identification:Package 'src/so101_description' with type 'ros.ament_cmake' and name 'so101_description'
[0.220s] Level 1:colcon.colcon_core.package_identification:_identify(src/so101_kinematics) by extensions ['ignore', 'ignore_ament_install']
[0.221s] Level 1:colcon.colcon_core.package_identification:_identify(src/so101_kinematics) by extension 'ignore'
[0.221s] Level 1:colcon.colcon_core.package_identification:_identify(src/so101_kinematics) by extension 'ignore_ament_install'
[0.221s] Level 1:colcon.colcon_core.package_identification:_identify(src/so101_kinematics) by extensions ['colcon_pkg']
[0.221s] Level 1:colcon.colcon_core.package_identification:_identify(src/so101_kinematics) by extension 'colcon_pkg'
[0.221s] Level 1:colcon.colcon_core.package_identification:_identify(src/so101_kinematics) by extensions ['colcon_meta']
[0.221s] Level 1:colcon.colcon_core.package_identification:_identify(src/so101_kinematics) by extension 'colcon_meta'
[0.221s] Level 1:colcon.colcon_core.package_identification:_identify(src/so101_kinematics) by extensions ['ros']
[0.221s] Level 1:colcon.colcon_core.package_identification:_identify(src/so101_kinematics) by extension 'ros'
[0.221s] DEBUG:colcon.colcon_core.package_identification:Package 'src/so101_kinematics' with type 'ros.ament_cmake' and name 'so101_kinematics'
[0.221s] Level 1:colcon.colcon_core.package_identification:_identify(src/so101_msgs) by extensions ['ignore', 'ignore_ament_install']
[0.221s] Level 1:colcon.colcon_core.package_identification:_identify(src/so101_msgs) by extension 'ignore'
[0.221s] Level 1:colcon.colcon_core.package_identification:_identify(src/so101_msgs) by extension 'ignore_ament_install'
[0.221s] Level 1:colcon.colcon_core.package_identification:_identify(src/so101_msgs) by extensions ['colcon_pkg']
[0.221s] Level 1:colcon.colcon_core.package_identification:_identify(src/so101_msgs) by extension 'colcon_pkg'
[0.221s] Level 1:colcon.colcon_core.package_identification:_identify(src/so101_msgs) by extensions ['colcon_meta']
[0.221s] Level 1:colcon.colcon_core.package_identification:_identify(src/so101_msgs) by extension 'colcon_meta'
[0.221s] Level 1:colcon.colcon_core.package_identification:_identify(src/so101_msgs) by extensions ['ros']
[0.221s] Level 1:colcon.colcon_core.package_identification:_identify(src/so101_msgs) by extension 'ros'
[0.222s] DEBUG:colcon.colcon_core.package_identification:Package 'src/so101_msgs' with type 'ros.ament_cmake' and name 'so101_msgs'
[0.222s] Level 1:colcon.colcon_core.package_discovery:discover_packages(recursive) using defaults
[0.222s] Level 1:colcon.colcon_core.package_discovery:discover_packages(ignore) discover
[0.222s] Level 1:colcon.colcon_core.package_discovery:discover_packages(ignore) using defaults
[0.222s] Level 1:colcon.colcon_core.package_discovery:discover_packages(path) discover
[0.222s] Level 1:colcon.colcon_core.package_discovery:discover_packages(path) using defaults
[0.240s] INFO:colcon.colcon_core.package_selection:Skipping not selected package 'so101_description' in 'src/so101_description'
[0.240s] INFO:colcon.colcon_core.package_selection:Skipping not selected package 'so101_kinematics' in 'src/so101_kinematics'
[0.240s] INFO:colcon.colcon_core.package_selection:Skipping not selected package 'so101_msgs' in 'src/so101_msgs'
[0.240s] Level 1:colcon.colcon_core.package_discovery:discover_packages(prefix_path) check parameters
[0.240s] Level 1:colcon.colcon_core.package_discovery:discover_packages(prefix_path) discover
[0.242s] DEBUG:colcon.colcon_installed_package_information.package_discovery:Found 4 installed packages in /home/marsuser/so101_ws/install
[0.243s] DEBUG:colcon.colcon_installed_package_information.package_discovery:Found 445 installed packages in /opt/ros/humble
[0.245s] Level 1:colcon.colcon_core.package_discovery:discover_packages(prefix_path) using defaults
[0.282s] Level 5:colcon.colcon_core.verb:set package 'so101_bringup' build argument 'cmake_args' from command line to 'None'
[0.282s] Level 5:colcon.colcon_core.verb:set package 'so101_bringup' build argument 'cmake_target' from command line to 'None'
[0.282s] Level 5:colcon.colcon_core.verb:set package 'so101_bringup' build argument 'cmake_target_skip_unavailable' from command line to 'False'
[0.282s] Level 5:colcon.colcon_core.verb:set package 'so101_bringup' build argument 'cmake_clean_cache' from command line to 'False'
[0.282s] Level 5:colcon.colcon_core.verb:set package 'so101_bringup' build argument 'cmake_clean_first' from command line to 'False'
[0.282s] Level 5:colcon.colcon_core.verb:set package 'so101_bringup' build argument 'cmake_force_configure' from command line to 'False'
[0.282s] Level 5:colcon.colcon_core.verb:set package 'so101_bringup' build argument 'ament_cmake_args' from command line to 'None'
[0.282s] Level 5:colcon.colcon_core.verb:set package 'so101_bringup' build argument 'catkin_cmake_args' from command line to 'None'
[0.282s] Level 5:colcon.colcon_core.verb:set package 'so101_bringup' build argument 'catkin_skip_building_tests' from command line to 'False'
[0.282s] DEBUG:colcon.colcon_core.verb:Building package 'so101_bringup' with the following arguments: {'ament_cmake_args': None, 'build_base': '/home/marsuser/so101_ws/build/so101_bringup', 'catkin_cmake_args': None, 'catkin_skip_building_tests': False, 'cmake_args': None, 'cmake_clean_cache': False, 'cmake_clean_first': False, 'cmake_force_configure': False, 'cmake_target': None, 'cmake_target_skip_unavailable': False, 'install_base': '/home/marsuser/so101_ws/install/so101_bringup', 'merge_install': False, 'path': '/home/marsuser/so101_ws/src/so101_bringup', 'symlink_install': True, 'test_result_base': None}
[0.282s] INFO:colcon.colcon_core.executor:Executing jobs using 'parallel' executor
[0.283s] DEBUG:colcon.colcon_parallel_executor.executor.parallel:run_until_complete
[0.283s] INFO:colcon.colcon_ros.task.ament_cmake.build:Building ROS package in '/home/marsuser/so101_ws/src/so101_bringup' with build type 'ament_cmake'
[0.283s] INFO:colcon.colcon_cmake.task.cmake.build:Building CMake package in '/home/marsuser/so101_ws/src/so101_bringup'
[0.284s] INFO:colcon.colcon_core.plugin_system:Skipping extension 'colcon_core.shell.bat': Not used on non-Windows systems
[0.285s] INFO:colcon.colcon_core.shell:Skip shell extension 'powershell' for command environment: Not usable outside of PowerShell
[0.285s] DEBUG:colcon.colcon_core.shell:Skip shell extension 'dsv' for command environment
[0.298s] DEBUG:colcon.colcon_core.event_handler.log_command:Invoking command in '/home/marsuser/so101_ws/build/so101_bringup': CMAKE_PREFIX_PATH=/home/marsuser/so101_ws/install/so101_msgs:/home/marsuser/so101_ws/install/so101_kinematics:/home/marsuser/so101_ws/install/so101_description:/home/marsuser/so101_ws/install/so101_bringup:/opt/openrobots:/opt/openrobots:/opt/ros/humble CONDA_PROMPT_MODIFIER=(lerobot) LD_LIBRARY_PATH=/home/marsuser/so101_ws/install/so101_msgs/lib:/home/marsuser/so101_ws/install/so101_kinematics/lib:/usr/local/cuda/lib64:/opt/openrobots/lib:/opt/ros/humble/opt/rviz_ogre_vendor/lib:/opt/ros/humble/lib/x86_64-linux-gnu:/opt/ros/humble/lib:/usr/local/cuda/lib64:/opt/openrobots/lib /home/marsuser/miniforge3/envs/lerobot/bin/cmake --build /home/marsuser/so101_ws/build/so101_bringup -- -j32 -l32
[0.436s] DEBUG:colcon.colcon_core.event_handler.log_command:Invoked command in '/home/marsuser/so101_ws/build/so101_bringup' returned '0': CMAKE_PREFIX_PATH=/home/marsuser/so101_ws/install/so101_msgs:/home/marsuser/so101_ws/install/so101_kinematics:/home/marsuser/so101_ws/install/so101_description:/home/marsuser/so101_ws/install/so101_bringup:/opt/openrobots:/opt/openrobots:/opt/ros/humble CONDA_PROMPT_MODIFIER=(lerobot) LD_LIBRARY_PATH=/home/marsuser/so101_ws/install/so101_msgs/lib:/home/marsuser/so101_ws/install/so101_kinematics/lib:/usr/local/cuda/lib64:/opt/openrobots/lib:/opt/ros/humble/opt/rviz_ogre_vendor/lib:/opt/ros/humble/lib/x86_64-linux-gnu:/opt/ros/humble/lib:/usr/local/cuda/lib64:/opt/openrobots/lib /home/marsuser/miniforge3/envs/lerobot/bin/cmake --build /home/marsuser/so101_ws/build/so101_bringup -- -j32 -l32
[0.534s] DEBUG:colcon.colcon_core.event_handler.log_command:Invoking command in '/home/marsuser/so101_ws/build/so101_bringup': CMAKE_PREFIX_PATH=/home/marsuser/so101_ws/install/so101_msgs:/home/marsuser/so101_ws/install/so101_kinematics:/home/marsuser/so101_ws/install/so101_description:/home/marsuser/so101_ws/install/so101_bringup:/opt/openrobots:/opt/openrobots:/opt/ros/humble CONDA_PROMPT_MODIFIER=(lerobot) LD_LIBRARY_PATH=/home/marsuser/so101_ws/install/so101_msgs/lib:/home/marsuser/so101_ws/install/so101_kinematics/lib:/usr/local/cuda/lib64:/opt/openrobots/lib:/opt/ros/humble/opt/rviz_ogre_vendor/lib:/opt/ros/humble/lib/x86_64-linux-gnu:/opt/ros/humble/lib:/usr/local/cuda/lib64:/opt/openrobots/lib /home/marsuser/miniforge3/envs/lerobot/bin/cmake --install /home/marsuser/so101_ws/build/so101_bringup
[0.648s] Level 1:colcon.colcon_core.environment:create_environment_scripts_only(so101_bringup)
[0.649s] DEBUG:colcon.colcon_core.event_handler.log_command:Invoked command in '/home/marsuser/so101_ws/build/so101_bringup' returned '0': CMAKE_PREFIX_PATH=/home/marsuser/so101_ws/install/so101_msgs:/home/marsuser/so101_ws/install/so101_kinematics:/home/marsuser/so101_ws/install/so101_description:/home/marsuser/so101_ws/install/so101_bringup:/opt/openrobots:/opt/openrobots:/opt/ros/humble CONDA_PROMPT_MODIFIER=(lerobot) LD_LIBRARY_PATH=/home/marsuser/so101_ws/install/so101_msgs/lib:/home/marsuser/so101_ws/install/so101_kinematics/lib:/usr/local/cuda/lib64:/opt/openrobots/lib:/opt/ros/humble/opt/rviz_ogre_vendor/lib:/opt/ros/humble/lib/x86_64-linux-gnu:/opt/ros/humble/lib:/usr/local/cuda/lib64:/opt/openrobots/lib /home/marsuser/miniforge3/envs/lerobot/bin/cmake --install /home/marsuser/so101_ws/build/so101_bringup
[0.651s] Level 1:colcon.colcon_core.environment:checking '/home/marsuser/so101_ws/install/so101_bringup' for CMake module files
[0.652s] Level 1:colcon.colcon_core.environment:checking '/home/marsuser/so101_ws/install/so101_bringup' for CMake config files
[0.652s] Level 1:colcon.colcon_core.shell:create_environment_hook('so101_bringup', 'cmake_prefix_path')
[0.653s] INFO:colcon.colcon_core.shell:Creating environment hook '/home/marsuser/so101_ws/install/so101_bringup/share/so101_bringup/hook/cmake_prefix_path.ps1'
[0.653s] INFO:colcon.colcon_core.shell:Creating environment descriptor '/home/marsuser/so101_ws/install/so101_bringup/share/so101_bringup/hook/cmake_prefix_path.dsv'
[0.654s] INFO:colcon.colcon_core.shell:Creating environment hook '/home/marsuser/so101_ws/install/so101_bringup/share/so101_bringup/hook/cmake_prefix_path.sh'
[0.654s] Level 1:colcon.colcon_core.environment:checking '/home/marsuser/so101_ws/install/so101_bringup/lib'
[0.655s] Level 1:colcon.colcon_core.environment:checking '/home/marsuser/so101_ws/install/so101_bringup/bin'
[0.655s] Level 1:colcon.colcon_core.environment:checking '/home/marsuser/so101_ws/install/so101_bringup/lib/pkgconfig/so101_bringup.pc'
[0.655s] Level 1:colcon.colcon_core.environment:checking '/home/marsuser/so101_ws/install/so101_bringup/lib/python3.10/site-packages'
[0.655s] Level 1:colcon.colcon_core.environment:checking '/home/marsuser/so101_ws/install/so101_bringup/bin'
[0.656s] INFO:colcon.colcon_core.shell:Creating package script '/home/marsuser/so101_ws/install/so101_bringup/share/so101_bringup/package.ps1'
[0.657s] INFO:colcon.colcon_core.shell:Creating package descriptor '/home/marsuser/so101_ws/install/so101_bringup/share/so101_bringup/package.dsv'
[0.657s] INFO:colcon.colcon_core.shell:Creating package script '/home/marsuser/so101_ws/install/so101_bringup/share/so101_bringup/package.sh'
[0.658s] INFO:colcon.colcon_core.shell:Creating package script '/home/marsuser/so101_ws/install/so101_bringup/share/so101_bringup/package.bash'
[0.659s] INFO:colcon.colcon_core.shell:Creating package script '/home/marsuser/so101_ws/install/so101_bringup/share/so101_bringup/package.zsh'
[0.659s] Level 1:colcon.colcon_core.environment:create_file_with_runtime_dependencies(/home/marsuser/so101_ws/install/so101_bringup/share/colcon-core/packages/so101_bringup)
[0.660s] Level 1:colcon.colcon_core.environment:create_environment_scripts_only(so101_bringup)
[0.660s] Level 1:colcon.colcon_core.environment:checking '/home/marsuser/so101_ws/install/so101_bringup' for CMake module files
[0.661s] Level 1:colcon.colcon_core.environment:checking '/home/marsuser/so101_ws/install/so101_bringup' for CMake config files
[0.661s] Level 1:colcon.colcon_core.shell:create_environment_hook('so101_bringup', 'cmake_prefix_path')
[0.661s] INFO:colcon.colcon_core.shell:Creating environment hook '/home/marsuser/so101_ws/install/so101_bringup/share/so101_bringup/hook/cmake_prefix_path.ps1'
[0.662s] INFO:colcon.colcon_core.shell:Creating environment descriptor '/home/marsuser/so101_ws/install/so101_bringup/share/so101_bringup/hook/cmake_prefix_path.dsv'
[0.662s] INFO:colcon.colcon_core.shell:Creating environment hook '/home/marsuser/so101_ws/install/so101_bringup/share/so101_bringup/hook/cmake_prefix_path.sh'
[0.662s] Level 1:colcon.colcon_core.environment:checking '/home/marsuser/so101_ws/install/so101_bringup/lib'
[0.662s] Level 1:colcon.colcon_core.environment:checking '/home/marsuser/so101_ws/install/so101_bringup/bin'
[0.663s] Level 1:colcon.colcon_core.environment:checking '/home/marsuser/so101_ws/install/so101_bringup/lib/pkgconfig/so101_bringup.pc'
[0.663s] Level 1:colcon.colcon_core.environment:checking '/home/marsuser/so101_ws/install/so101_bringup/lib/python3.10/site-packages'
[0.663s] Level 1:colcon.colcon_core.environment:checking '/home/marsuser/so101_ws/install/so101_bringup/bin'
[0.663s] INFO:colcon.colcon_core.shell:Creating package script '/home/marsuser/so101_ws/install/so101_bringup/share/so101_bringup/package.ps1'
[0.664s] INFO:colcon.colcon_core.shell:Creating package descriptor '/home/marsuser/so101_ws/install/so101_bringup/share/so101_bringup/package.dsv'
[0.664s] INFO:colcon.colcon_core.shell:Creating package script '/home/marsuser/so101_ws/install/so101_bringup/share/so101_bringup/package.sh'
[0.664s] INFO:colcon.colcon_core.shell:Creating package script '/home/marsuser/so101_ws/install/so101_bringup/share/so101_bringup/package.bash'
[0.665s] INFO:colcon.colcon_core.shell:Creating package script '/home/marsuser/so101_ws/install/so101_bringup/share/so101_bringup/package.zsh'
[0.665s] Level 1:colcon.colcon_core.environment:create_file_with_runtime_dependencies(/home/marsuser/so101_ws/install/so101_bringup/share/colcon-core/packages/so101_bringup)
[0.665s] DEBUG:colcon.colcon_parallel_executor.executor.parallel:closing loop
[0.666s] DEBUG:colcon.colcon_parallel_executor.executor.parallel:loop closed
[0.666s] DEBUG:colcon.colcon_parallel_executor.executor.parallel:run_until_complete finished with '0'
[0.666s] DEBUG:colcon.colcon_core.event_reactor:joining thread
[0.671s] INFO:colcon.colcon_core.plugin_system:Skipping extension 'colcon_notification.desktop_notification.terminal_notifier': Not used on non-Darwin systems
[0.671s] INFO:colcon.colcon_core.plugin_system:Skipping extension 'colcon_notification.desktop_notification.win32': Not used on non-Windows systems
[0.672s] INFO:colcon.colcon_notification.desktop_notification:Sending desktop notification using 'notify2'
[0.679s] DEBUG:colcon.colcon_core.event_reactor:joined thread
[0.680s] INFO:colcon.colcon_core.shell:Creating prefix script '/home/marsuser/so101_ws/install/local_setup.ps1'
[0.680s] INFO:colcon.colcon_core.shell:Creating prefix util module '/home/marsuser/so101_ws/install/_local_setup_util_ps1.py'
[0.682s] INFO:colcon.colcon_core.shell:Creating prefix chain script '/home/marsuser/so101_ws/install/setup.ps1'
[0.683s] INFO:colcon.colcon_core.shell:Creating prefix script '/home/marsuser/so101_ws/install/local_setup.sh'
[0.684s] INFO:colcon.colcon_core.shell:Creating prefix util module '/home/marsuser/so101_ws/install/_local_setup_util_sh.py'
[0.684s] INFO:colcon.colcon_core.shell:Creating prefix chain script '/home/marsuser/so101_ws/install/setup.sh'
[0.685s] INFO:colcon.colcon_core.shell:Creating prefix script '/home/marsuser/so101_ws/install/local_setup.bash'
[0.686s] INFO:colcon.colcon_core.shell:Creating prefix chain script '/home/marsuser/so101_ws/install/setup.bash'
[0.687s] INFO:colcon.colcon_core.shell:Creating prefix script '/home/marsuser/so101_ws/install/local_setup.zsh'
[0.688s] INFO:colcon.colcon_core.shell:Creating prefix chain script '/home/marsuser/so101_ws/install/setup.zsh'
