-- The C compiler identification is GNU 11.4.0
-- The CXX compiler identification is GNU 11.4.0
-- Detecting C compiler ABI info
-- Detecting C compiler ABI info - done
-- Check for working C compiler: /usr/bin/cc - skipped
-- Detecting C compile features
-- Detecting C compile features - done
-- Detecting CXX compiler ABI info
-- Detecting CXX compiler ABI info - done
-- Check for working CXX compiler: /usr/bin/c++ - skipped
-- Detecting CXX compile features
-- Detecting CXX compile features - done
-- Found ament_cmake: 1.3.14 (/opt/ros/humble/share/ament_cmake/cmake)
-- Found Python3: /usr/bin/python3 (found version "3.10.12") found components: Interpreter 
-- Found rosidl_default_generators: 1.2.1 (/opt/ros/humble/share/rosidl_default_generators/cmake)
-- Using all available rosidl_typesupport_c: rosidl_typesupport_fastrtps_c;rosidl_typesupport_introspection_c
-- Found rosidl_adapter: 3.1.8 (/opt/ros/humble/share/rosidl_adapter/cmake)
-- Using all available rosidl_typesupport_cpp: rosidl_typesupport_fastrtps_cpp;rosidl_typesupport_introspection_cpp
-- Found std_msgs: 4.9.1 (/opt/ros/humble/share/std_msgs/cmake)
-- Found geometry_msgs: 4.9.1 (/opt/ros/humble/share/geometry_msgs/cmake)
-- Found ament_cmake_ros: 0.10.0 (/opt/ros/humble/share/ament_cmake_ros/cmake)
-- Using all available rosidl_typesupport_c: rosidl_typesupport_fastrtps_c;rosidl_typesupport_introspection_c
-- Using all available rosidl_typesupport_cpp: rosidl_typesupport_fastrtps_cpp;rosidl_typesupport_introspection_cpp
-- Found PythonInterp: /usr/bin/python3 (found suitable version "3.10.12", minimum required is "3.6") 
-- Found python_cmake_module: 0.10.0 (/opt/ros/humble/share/python_cmake_module/cmake)
-- Found PythonLibs: /usr/lib/x86_64-linux-gnu/libpython3.10.so (found suitable version "3.10.12", minimum required is "3.5") 
-- Using PYTHON_EXECUTABLE: /usr/bin/python3
-- Using PYTHON_INCLUDE_DIRS: /usr/include/python3.10
-- Using PYTHON_LIBRARIES: /usr/lib/x86_64-linux-gnu/libpython3.10.so
-- Found PythonExtra: .so  
-- Configuring done
-- Generating done
-- Build files have been written to: /home/marsuser/so101_ws/build/so101_msgs
[  1%] [34m[1mGenerating C code for ROS interfaces[0m
[  3%] [34m[1mGenerating Rust code for ROS interfaces[0m
[  5%] [34m[1mGenerating C++ code for ROS interfaces[0m
[  5%] Built target ament_cmake_python_copy_so101_msgs
running egg_info
creating so101_msgs.egg-info
writing so101_msgs.egg-info/PKG-INFO
writing dependency_links to so101_msgs.egg-info/dependency_links.txt
writing top-level names to so101_msgs.egg-info/top_level.txt
writing manifest file 'so101_msgs.egg-info/SOURCES.txt'
reading manifest file 'so101_msgs.egg-info/SOURCES.txt'
writing manifest file 'so101_msgs.egg-info/SOURCES.txt'
[  5%] Built target ament_cmake_python_build_so101_msgs_egg
[  5%] Built target so101_msgs__rs
[  5%] Built target so101_msgs__cpp
[  7%] [34m[1mGenerating C++ type support for eProsima Fast-RTPS[0m
[  8%] [34m[1mGenerating C++ type support dispatch for ROS interfaces[0m
[ 10%] [34m[1mGenerating C++ introspection for ROS interfaces[0m
[ 12%] [32mBuilding C object CMakeFiles/so101_msgs__rosidl_generator_c.dir/rosidl_generator_c/so101_msgs/msg/detail/joint_velocity_command__functions.c.o[0m
[ 14%] [32mBuilding C object CMakeFiles/so101_msgs__rosidl_generator_c.dir/rosidl_generator_c/so101_msgs/msg/detail/cartesian_command__functions.c.o[0m
[ 16%] [32mBuilding C object CMakeFiles/so101_msgs__rosidl_generator_c.dir/rosidl_generator_c/so101_msgs/msg/detail/joint_command__functions.c.o[0m
[ 17%] [32mBuilding C object CMakeFiles/so101_msgs__rosidl_generator_c.dir/rosidl_generator_c/so101_msgs/msg/detail/controller_status__functions.c.o[0m
[ 19%] [32m[1mLinking C shared library libso101_msgs__rosidl_generator_c.so[0m
[ 19%] Built target so101_msgs__rosidl_generator_c
[ 21%] [34m[1mGenerating C type support dispatch for ROS interfaces[0m
[ 23%] [34m[1mGenerating C introspection for ROS interfaces[0m
[ 25%] [34m[1mGenerating C type support for eProsima Fast-RTPS[0m
[ 26%] [32mBuilding CXX object CMakeFiles/so101_msgs__rosidl_typesupport_cpp.dir/rosidl_typesupport_cpp/so101_msgs/msg/cartesian_command__type_support.cpp.o[0m
[ 28%] [32mBuilding CXX object CMakeFiles/so101_msgs__rosidl_typesupport_cpp.dir/rosidl_typesupport_cpp/so101_msgs/msg/joint_command__type_support.cpp.o[0m
[ 32%] [32mBuilding CXX object CMakeFiles/so101_msgs__rosidl_typesupport_cpp.dir/rosidl_typesupport_cpp/so101_msgs/msg/joint_velocity_command__type_support.cpp.o[0m
[ 32%] [32mBuilding CXX object CMakeFiles/so101_msgs__rosidl_typesupport_cpp.dir/rosidl_typesupport_cpp/so101_msgs/msg/controller_status__type_support.cpp.o[0m
[ 35%] [32mBuilding CXX object CMakeFiles/so101_msgs__rosidl_typesupport_introspection_cpp.dir/rosidl_typesupport_introspection_cpp/so101_msgs/msg/detail/joint_velocity_command__type_support.cpp.o[0m
[ 35%] [32mBuilding CXX object CMakeFiles/so101_msgs__rosidl_typesupport_introspection_cpp.dir/rosidl_typesupport_introspection_cpp/so101_msgs/msg/detail/joint_command__type_support.cpp.o[0m
[ 37%] [32mBuilding CXX object CMakeFiles/so101_msgs__rosidl_typesupport_introspection_cpp.dir/rosidl_typesupport_introspection_cpp/so101_msgs/msg/detail/controller_status__type_support.cpp.o[0m
[ 39%] [32mBuilding CXX object CMakeFiles/so101_msgs__rosidl_typesupport_introspection_cpp.dir/rosidl_typesupport_introspection_cpp/so101_msgs/msg/detail/cartesian_command__type_support.cpp.o[0m
[ 42%] [32mBuilding CXX object CMakeFiles/so101_msgs__rosidl_typesupport_fastrtps_cpp.dir/rosidl_typesupport_fastrtps_cpp/so101_msgs/msg/detail/dds_fastrtps/joint_command__type_support.cpp.o[0m
[ 42%] [32mBuilding CXX object CMakeFiles/so101_msgs__rosidl_typesupport_fastrtps_cpp.dir/rosidl_typesupport_fastrtps_cpp/so101_msgs/msg/detail/dds_fastrtps/joint_velocity_command__type_support.cpp.o[0m
[ 44%] [32mBuilding CXX object CMakeFiles/so101_msgs__rosidl_typesupport_fastrtps_cpp.dir/rosidl_typesupport_fastrtps_cpp/so101_msgs/msg/detail/dds_fastrtps/cartesian_command__type_support.cpp.o[0m
[ 46%] [32mBuilding CXX object CMakeFiles/so101_msgs__rosidl_typesupport_fastrtps_cpp.dir/rosidl_typesupport_fastrtps_cpp/so101_msgs/msg/detail/dds_fastrtps/controller_status__type_support.cpp.o[0m
[ 51%] [32mBuilding CXX object CMakeFiles/so101_msgs__rosidl_typesupport_c.dir/rosidl_typesupport_c/so101_msgs/msg/joint_command__type_support.cpp.o[0m
[ 51%] [32mBuilding CXX object CMakeFiles/so101_msgs__rosidl_typesupport_c.dir/rosidl_typesupport_c/so101_msgs/msg/joint_velocity_command__type_support.cpp.o[0m
[ 51%] [32mBuilding CXX object CMakeFiles/so101_msgs__rosidl_typesupport_c.dir/rosidl_typesupport_c/so101_msgs/msg/cartesian_command__type_support.cpp.o[0m
[ 53%] [32mBuilding CXX object CMakeFiles/so101_msgs__rosidl_typesupport_c.dir/rosidl_typesupport_c/so101_msgs/msg/controller_status__type_support.cpp.o[0m
[ 55%] [32m[1mLinking CXX shared library libso101_msgs__rosidl_typesupport_c.so[0m
[ 60%] [32mBuilding C object CMakeFiles/so101_msgs__rosidl_typesupport_introspection_c.dir/rosidl_typesupport_introspection_c/so101_msgs/msg/detail/controller_status__type_support.c.o[0m
[ 60%] [32mBuilding C object CMakeFiles/so101_msgs__rosidl_typesupport_introspection_c.dir/rosidl_typesupport_introspection_c/so101_msgs/msg/detail/joint_velocity_command__type_support.c.o[0m
[ 60%] [32mBuilding C object CMakeFiles/so101_msgs__rosidl_typesupport_introspection_c.dir/rosidl_typesupport_introspection_c/so101_msgs/msg/detail/joint_command__type_support.c.o[0m
[ 62%] [32mBuilding C object CMakeFiles/so101_msgs__rosidl_typesupport_introspection_c.dir/rosidl_typesupport_introspection_c/so101_msgs/msg/detail/cartesian_command__type_support.c.o[0m
[ 64%] [32mBuilding CXX object CMakeFiles/so101_msgs__rosidl_typesupport_fastrtps_c.dir/rosidl_typesupport_fastrtps_c/so101_msgs/msg/detail/joint_command__type_support_c.cpp.o[0m
[ 67%] [32mBuilding CXX object CMakeFiles/so101_msgs__rosidl_typesupport_fastrtps_c.dir/rosidl_typesupport_fastrtps_c/so101_msgs/msg/detail/cartesian_command__type_support_c.cpp.o[0m
[ 67%] [32mBuilding CXX object CMakeFiles/so101_msgs__rosidl_typesupport_fastrtps_c.dir/rosidl_typesupport_fastrtps_c/so101_msgs/msg/detail/joint_velocity_command__type_support_c.cpp.o[0m
[ 69%] [32mBuilding CXX object CMakeFiles/so101_msgs__rosidl_typesupport_fastrtps_c.dir/rosidl_typesupport_fastrtps_c/so101_msgs/msg/detail/controller_status__type_support_c.cpp.o[0m
[ 69%] Built target so101_msgs__rosidl_typesupport_c
[ 71%] [32m[1mLinking C shared library libso101_msgs__rosidl_typesupport_introspection_c.so[0m
[ 71%] Built target so101_msgs__rosidl_typesupport_introspection_c
[ 73%] [32m[1mLinking CXX shared library libso101_msgs__rosidl_typesupport_cpp.so[0m
[ 73%] Built target so101_msgs__rosidl_typesupport_cpp
[ 75%] [32m[1mLinking CXX shared library libso101_msgs__rosidl_typesupport_introspection_cpp.so[0m
[ 75%] Built target so101_msgs__rosidl_typesupport_introspection_cpp
[ 76%] [32m[1mLinking CXX shared library libso101_msgs__rosidl_typesupport_fastrtps_c.so[0m
[ 78%] [32m[1mLinking CXX shared library libso101_msgs__rosidl_typesupport_fastrtps_cpp.so[0m
[ 78%] Built target so101_msgs__rosidl_typesupport_fastrtps_c
[ 78%] Built target so101_msgs__rosidl_typesupport_fastrtps_cpp
[ 78%] Built target so101_msgs
[ 80%] [34m[1mGenerating Python code for ROS interfaces[0m
[ 80%] Built target so101_msgs__py
[ 82%] [32mBuilding C object CMakeFiles/so101_msgs__rosidl_generator_py.dir/rosidl_generator_py/so101_msgs/msg/_cartesian_command_s.c.o[0m
[ 83%] [32mBuilding C object CMakeFiles/so101_msgs__rosidl_generator_py.dir/rosidl_generator_py/so101_msgs/msg/_joint_velocity_command_s.c.o[0m
[ 85%] [32mBuilding C object CMakeFiles/so101_msgs__rosidl_generator_py.dir/rosidl_generator_py/so101_msgs/msg/_joint_command_s.c.o[0m
[ 87%] [32mBuilding C object CMakeFiles/so101_msgs__rosidl_generator_py.dir/rosidl_generator_py/so101_msgs/msg/_controller_status_s.c.o[0m
[ 89%] [32m[1mLinking C shared library rosidl_generator_py/so101_msgs/libso101_msgs__rosidl_generator_py.so[0m
[ 89%] Built target so101_msgs__rosidl_generator_py
[ 91%] [32mBuilding C object CMakeFiles/so101_msgs__rosidl_typesupport_fastrtps_c__pyext.dir/rosidl_generator_py/so101_msgs/_so101_msgs_s.ep.rosidl_typesupport_fastrtps_c.c.o[0m
[ 92%] [32mBuilding C object CMakeFiles/so101_msgs__rosidl_typesupport_introspection_c__pyext.dir/rosidl_generator_py/so101_msgs/_so101_msgs_s.ep.rosidl_typesupport_introspection_c.c.o[0m
[ 94%] [32mBuilding C object CMakeFiles/so101_msgs__rosidl_typesupport_c__pyext.dir/rosidl_generator_py/so101_msgs/_so101_msgs_s.ep.rosidl_typesupport_c.c.o[0m
[ 98%] [32m[1mLinking C shared library rosidl_generator_py/so101_msgs/so101_msgs_s__rosidl_typesupport_introspection_c.cpython-310-x86_64-linux-gnu.so[0m
[ 98%] [32m[1mLinking C shared library rosidl_generator_py/so101_msgs/so101_msgs_s__rosidl_typesupport_fastrtps_c.cpython-310-x86_64-linux-gnu.so[0m
[100%] [32m[1mLinking C shared library rosidl_generator_py/so101_msgs/so101_msgs_s__rosidl_typesupport_c.cpython-310-x86_64-linux-gnu.so[0m
[100%] Built target so101_msgs__rosidl_typesupport_introspection_c__pyext
[100%] Built target so101_msgs__rosidl_typesupport_fastrtps_c__pyext
[100%] Built target so101_msgs__rosidl_typesupport_c__pyext
-- Install configuration: ""
-- Installing: /home/marsuser/so101_ws/install/so101_msgs/share/ament_index/resource_index/rosidl_interfaces/so101_msgs
-- Installing: /home/marsuser/so101_ws/install/so101_msgs/include/so101_msgs/so101_msgs
-- Installing: /home/marsuser/so101_ws/install/so101_msgs/include/so101_msgs/so101_msgs/msg
-- Installing: /home/marsuser/so101_ws/install/so101_msgs/include/so101_msgs/so101_msgs/msg/detail
-- Installing: /home/marsuser/so101_ws/install/so101_msgs/include/so101_msgs/so101_msgs/msg/detail/cartesian_command__struct.h
-- Installing: /home/marsuser/so101_ws/install/so101_msgs/include/so101_msgs/so101_msgs/msg/detail/controller_status__type_support.h
-- Installing: /home/marsuser/so101_ws/install/so101_msgs/include/so101_msgs/so101_msgs/msg/detail/joint_velocity_command__functions.h
-- Installing: /home/marsuser/so101_ws/install/so101_msgs/include/so101_msgs/so101_msgs/msg/detail/controller_status__struct.h
-- Installing: /home/marsuser/so101_ws/install/so101_msgs/include/so101_msgs/so101_msgs/msg/detail/joint_command__struct.h
-- Installing: /home/marsuser/so101_ws/install/so101_msgs/include/so101_msgs/so101_msgs/msg/detail/cartesian_command__functions.h
-- Installing: /home/marsuser/so101_ws/install/so101_msgs/include/so101_msgs/so101_msgs/msg/detail/joint_command__type_support.h
-- Installing: /home/marsuser/so101_ws/install/so101_msgs/include/so101_msgs/so101_msgs/msg/detail/joint_velocity_command__functions.c
-- Installing: /home/marsuser/so101_ws/install/so101_msgs/include/so101_msgs/so101_msgs/msg/detail/controller_status__functions.c
-- Installing: /home/marsuser/so101_ws/install/so101_msgs/include/so101_msgs/so101_msgs/msg/detail/controller_status__functions.h
-- Installing: /home/marsuser/so101_ws/install/so101_msgs/include/so101_msgs/so101_msgs/msg/detail/cartesian_command__functions.c
-- Installing: /home/marsuser/so101_ws/install/so101_msgs/include/so101_msgs/so101_msgs/msg/detail/joint_velocity_command__struct.h
-- Installing: /home/marsuser/so101_ws/install/so101_msgs/include/so101_msgs/so101_msgs/msg/detail/joint_velocity_command__type_support.h
-- Installing: /home/marsuser/so101_ws/install/so101_msgs/include/so101_msgs/so101_msgs/msg/detail/cartesian_command__type_support.h
-- Installing: /home/marsuser/so101_ws/install/so101_msgs/include/so101_msgs/so101_msgs/msg/detail/joint_command__functions.h
-- Installing: /home/marsuser/so101_ws/install/so101_msgs/include/so101_msgs/so101_msgs/msg/detail/joint_command__functions.c
-- Installing: /home/marsuser/so101_ws/install/so101_msgs/include/so101_msgs/so101_msgs/msg/joint_command.h
-- Installing: /home/marsuser/so101_ws/install/so101_msgs/include/so101_msgs/so101_msgs/msg/cartesian_command.h
-- Installing: /home/marsuser/so101_ws/install/so101_msgs/include/so101_msgs/so101_msgs/msg/joint_velocity_command.h
-- Installing: /home/marsuser/so101_ws/install/so101_msgs/include/so101_msgs/so101_msgs/msg/rosidl_generator_c__visibility_control.h
-- Installing: /home/marsuser/so101_ws/install/so101_msgs/include/so101_msgs/so101_msgs/msg/controller_status.h
-- Installing: /home/marsuser/so101_ws/install/so101_msgs/share/so101_msgs/environment/library_path.sh
-- Installing: /home/marsuser/so101_ws/install/so101_msgs/share/so101_msgs/environment/library_path.dsv
-- Installing: /home/marsuser/so101_ws/install/so101_msgs/lib/libso101_msgs__rosidl_generator_c.so
-- Set runtime path of "/home/marsuser/so101_ws/install/so101_msgs/lib/libso101_msgs__rosidl_generator_c.so" to ""
-- Up-to-date: /home/marsuser/so101_ws/install/so101_msgs/include/so101_msgs/so101_msgs
-- Up-to-date: /home/marsuser/so101_ws/install/so101_msgs/include/so101_msgs/so101_msgs/msg
-- Up-to-date: /home/marsuser/so101_ws/install/so101_msgs/include/so101_msgs/so101_msgs/msg/detail
-- Installing: /home/marsuser/so101_ws/install/so101_msgs/include/so101_msgs/so101_msgs/msg/detail/joint_command__rosidl_typesupport_fastrtps_c.h
-- Installing: /home/marsuser/so101_ws/install/so101_msgs/include/so101_msgs/so101_msgs/msg/detail/joint_velocity_command__rosidl_typesupport_fastrtps_c.h
-- Installing: /home/marsuser/so101_ws/install/so101_msgs/include/so101_msgs/so101_msgs/msg/detail/controller_status__rosidl_typesupport_fastrtps_c.h
-- Installing: /home/marsuser/so101_ws/install/so101_msgs/include/so101_msgs/so101_msgs/msg/detail/cartesian_command__rosidl_typesupport_fastrtps_c.h
-- Installing: /home/marsuser/so101_ws/install/so101_msgs/include/so101_msgs/so101_msgs/msg/rosidl_typesupport_fastrtps_c__visibility_control.h
-- Installing: /home/marsuser/so101_ws/install/so101_msgs/lib/libso101_msgs__rosidl_typesupport_fastrtps_c.so
-- Set runtime path of "/home/marsuser/so101_ws/install/so101_msgs/lib/libso101_msgs__rosidl_typesupport_fastrtps_c.so" to ""
-- Up-to-date: /home/marsuser/so101_ws/install/so101_msgs/include/so101_msgs/so101_msgs
-- Up-to-date: /home/marsuser/so101_ws/install/so101_msgs/include/so101_msgs/so101_msgs/msg
-- Up-to-date: /home/marsuser/so101_ws/install/so101_msgs/include/so101_msgs/so101_msgs/msg/detail
-- Installing: /home/marsuser/so101_ws/install/so101_msgs/include/so101_msgs/so101_msgs/msg/detail/cartesian_command__rosidl_typesupport_introspection_c.h
-- Installing: /home/marsuser/so101_ws/install/so101_msgs/include/so101_msgs/so101_msgs/msg/detail/joint_velocity_command__type_support.c
-- Installing: /home/marsuser/so101_ws/install/so101_msgs/include/so101_msgs/so101_msgs/msg/detail/joint_command__type_support.c
-- Installing: /home/marsuser/so101_ws/install/so101_msgs/include/so101_msgs/so101_msgs/msg/detail/controller_status__rosidl_typesupport_introspection_c.h
-- Installing: /home/marsuser/so101_ws/install/so101_msgs/include/so101_msgs/so101_msgs/msg/detail/cartesian_command__type_support.c
-- Installing: /home/marsuser/so101_ws/install/so101_msgs/include/so101_msgs/so101_msgs/msg/detail/joint_velocity_command__rosidl_typesupport_introspection_c.h
-- Installing: /home/marsuser/so101_ws/install/so101_msgs/include/so101_msgs/so101_msgs/msg/detail/joint_command__rosidl_typesupport_introspection_c.h
-- Installing: /home/marsuser/so101_ws/install/so101_msgs/include/so101_msgs/so101_msgs/msg/detail/controller_status__type_support.c
-- Installing: /home/marsuser/so101_ws/install/so101_msgs/include/so101_msgs/so101_msgs/msg/rosidl_typesupport_introspection_c__visibility_control.h
-- Installing: /home/marsuser/so101_ws/install/so101_msgs/lib/libso101_msgs__rosidl_typesupport_introspection_c.so
-- Set runtime path of "/home/marsuser/so101_ws/install/so101_msgs/lib/libso101_msgs__rosidl_typesupport_introspection_c.so" to ""
-- Installing: /home/marsuser/so101_ws/install/so101_msgs/lib/libso101_msgs__rosidl_typesupport_c.so
-- Set runtime path of "/home/marsuser/so101_ws/install/so101_msgs/lib/libso101_msgs__rosidl_typesupport_c.so" to ""
-- Up-to-date: /home/marsuser/so101_ws/install/so101_msgs/include/so101_msgs/so101_msgs
-- Up-to-date: /home/marsuser/so101_ws/install/so101_msgs/include/so101_msgs/so101_msgs/msg
-- Installing: /home/marsuser/so101_ws/install/so101_msgs/include/so101_msgs/so101_msgs/msg/joint_velocity_command.hpp
-- Up-to-date: /home/marsuser/so101_ws/install/so101_msgs/include/so101_msgs/so101_msgs/msg/detail
-- Installing: /home/marsuser/so101_ws/install/so101_msgs/include/so101_msgs/so101_msgs/msg/detail/joint_command__type_support.hpp
-- Installing: /home/marsuser/so101_ws/install/so101_msgs/include/so101_msgs/so101_msgs/msg/detail/cartesian_command__struct.hpp
-- Installing: /home/marsuser/so101_ws/install/so101_msgs/include/so101_msgs/so101_msgs/msg/detail/controller_status__type_support.hpp
-- Installing: /home/marsuser/so101_ws/install/so101_msgs/include/so101_msgs/so101_msgs/msg/detail/joint_velocity_command__type_support.hpp
-- Installing: /home/marsuser/so101_ws/install/so101_msgs/include/so101_msgs/so101_msgs/msg/detail/joint_command__builder.hpp
-- Installing: /home/marsuser/so101_ws/install/so101_msgs/include/so101_msgs/so101_msgs/msg/detail/cartesian_command__builder.hpp
-- Installing: /home/marsuser/so101_ws/install/so101_msgs/include/so101_msgs/so101_msgs/msg/detail/controller_status__struct.hpp
-- Installing: /home/marsuser/so101_ws/install/so101_msgs/include/so101_msgs/so101_msgs/msg/detail/joint_velocity_command__struct.hpp
-- Installing: /home/marsuser/so101_ws/install/so101_msgs/include/so101_msgs/so101_msgs/msg/detail/cartesian_command__type_support.hpp
-- Installing: /home/marsuser/so101_ws/install/so101_msgs/include/so101_msgs/so101_msgs/msg/detail/joint_velocity_command__traits.hpp
-- Installing: /home/marsuser/so101_ws/install/so101_msgs/include/so101_msgs/so101_msgs/msg/detail/joint_command__traits.hpp
-- Installing: /home/marsuser/so101_ws/install/so101_msgs/include/so101_msgs/so101_msgs/msg/detail/controller_status__builder.hpp
-- Installing: /home/marsuser/so101_ws/install/so101_msgs/include/so101_msgs/so101_msgs/msg/detail/joint_command__struct.hpp
-- Installing: /home/marsuser/so101_ws/install/so101_msgs/include/so101_msgs/so101_msgs/msg/detail/joint_velocity_command__builder.hpp
-- Installing: /home/marsuser/so101_ws/install/so101_msgs/include/so101_msgs/so101_msgs/msg/detail/cartesian_command__traits.hpp
-- Installing: /home/marsuser/so101_ws/install/so101_msgs/include/so101_msgs/so101_msgs/msg/detail/controller_status__traits.hpp
-- Installing: /home/marsuser/so101_ws/install/so101_msgs/include/so101_msgs/so101_msgs/msg/joint_command.hpp
-- Installing: /home/marsuser/so101_ws/install/so101_msgs/include/so101_msgs/so101_msgs/msg/controller_status.hpp
-- Installing: /home/marsuser/so101_ws/install/so101_msgs/include/so101_msgs/so101_msgs/msg/cartesian_command.hpp
-- Installing: /home/marsuser/so101_ws/install/so101_msgs/include/so101_msgs/so101_msgs/msg/rosidl_generator_cpp__visibility_control.hpp
-- Up-to-date: /home/marsuser/so101_ws/install/so101_msgs/include/so101_msgs/so101_msgs
-- Up-to-date: /home/marsuser/so101_ws/install/so101_msgs/include/so101_msgs/so101_msgs/msg
-- Up-to-date: /home/marsuser/so101_ws/install/so101_msgs/include/so101_msgs/so101_msgs/msg/detail
-- Installing: /home/marsuser/so101_ws/install/so101_msgs/include/so101_msgs/so101_msgs/msg/detail/controller_status__rosidl_typesupport_fastrtps_cpp.hpp
-- Installing: /home/marsuser/so101_ws/install/so101_msgs/include/so101_msgs/so101_msgs/msg/detail/joint_command__rosidl_typesupport_fastrtps_cpp.hpp
-- Installing: /home/marsuser/so101_ws/install/so101_msgs/include/so101_msgs/so101_msgs/msg/detail/joint_velocity_command__rosidl_typesupport_fastrtps_cpp.hpp
-- Installing: /home/marsuser/so101_ws/install/so101_msgs/include/so101_msgs/so101_msgs/msg/detail/dds_fastrtps
-- Installing: /home/marsuser/so101_ws/install/so101_msgs/include/so101_msgs/so101_msgs/msg/detail/cartesian_command__rosidl_typesupport_fastrtps_cpp.hpp
-- Installing: /home/marsuser/so101_ws/install/so101_msgs/include/so101_msgs/so101_msgs/msg/rosidl_typesupport_fastrtps_cpp__visibility_control.h
-- Installing: /home/marsuser/so101_ws/install/so101_msgs/lib/libso101_msgs__rosidl_typesupport_fastrtps_cpp.so
-- Set runtime path of "/home/marsuser/so101_ws/install/so101_msgs/lib/libso101_msgs__rosidl_typesupport_fastrtps_cpp.so" to ""
-- Up-to-date: /home/marsuser/so101_ws/install/so101_msgs/include/so101_msgs/so101_msgs
-- Up-to-date: /home/marsuser/so101_ws/install/so101_msgs/include/so101_msgs/so101_msgs/msg
-- Up-to-date: /home/marsuser/so101_ws/install/so101_msgs/include/so101_msgs/so101_msgs/msg/detail
-- Installing: /home/marsuser/so101_ws/install/so101_msgs/include/so101_msgs/so101_msgs/msg/detail/joint_command__type_support.cpp
-- Installing: /home/marsuser/so101_ws/install/so101_msgs/include/so101_msgs/so101_msgs/msg/detail/cartesian_command__type_support.cpp
-- Installing: /home/marsuser/so101_ws/install/so101_msgs/include/so101_msgs/so101_msgs/msg/detail/joint_velocity_command__type_support.cpp
-- Installing: /home/marsuser/so101_ws/install/so101_msgs/include/so101_msgs/so101_msgs/msg/detail/controller_status__rosidl_typesupport_introspection_cpp.hpp
-- Installing: /home/marsuser/so101_ws/install/so101_msgs/include/so101_msgs/so101_msgs/msg/detail/joint_velocity_command__rosidl_typesupport_introspection_cpp.hpp
-- Installing: /home/marsuser/so101_ws/install/so101_msgs/include/so101_msgs/so101_msgs/msg/detail/controller_status__type_support.cpp
-- Installing: /home/marsuser/so101_ws/install/so101_msgs/include/so101_msgs/so101_msgs/msg/detail/cartesian_command__rosidl_typesupport_introspection_cpp.hpp
-- Installing: /home/marsuser/so101_ws/install/so101_msgs/include/so101_msgs/so101_msgs/msg/detail/joint_command__rosidl_typesupport_introspection_cpp.hpp
-- Installing: /home/marsuser/so101_ws/install/so101_msgs/lib/libso101_msgs__rosidl_typesupport_introspection_cpp.so
-- Set runtime path of "/home/marsuser/so101_ws/install/so101_msgs/lib/libso101_msgs__rosidl_typesupport_introspection_cpp.so" to ""
-- Installing: /home/marsuser/so101_ws/install/so101_msgs/lib/libso101_msgs__rosidl_typesupport_cpp.so
-- Set runtime path of "/home/marsuser/so101_ws/install/so101_msgs/lib/libso101_msgs__rosidl_typesupport_cpp.so" to ""
-- Installing: /home/marsuser/so101_ws/install/so101_msgs/share/so101_msgs/environment/pythonpath.sh
-- Installing: /home/marsuser/so101_ws/install/so101_msgs/share/so101_msgs/environment/pythonpath.dsv
-- Installing: /home/marsuser/so101_ws/install/so101_msgs/local/lib/python3.10/dist-packages/so101_msgs-0.0.1-py3.10.egg-info
-- Installing: /home/marsuser/so101_ws/install/so101_msgs/local/lib/python3.10/dist-packages/so101_msgs-0.0.1-py3.10.egg-info/SOURCES.txt
-- Installing: /home/marsuser/so101_ws/install/so101_msgs/local/lib/python3.10/dist-packages/so101_msgs-0.0.1-py3.10.egg-info/PKG-INFO
-- Installing: /home/marsuser/so101_ws/install/so101_msgs/local/lib/python3.10/dist-packages/so101_msgs-0.0.1-py3.10.egg-info/dependency_links.txt
-- Installing: /home/marsuser/so101_ws/install/so101_msgs/local/lib/python3.10/dist-packages/so101_msgs-0.0.1-py3.10.egg-info/top_level.txt
-- Installing: /home/marsuser/so101_ws/install/so101_msgs/local/lib/python3.10/dist-packages/so101_msgs
-- Installing: /home/marsuser/so101_ws/install/so101_msgs/local/lib/python3.10/dist-packages/so101_msgs/_so101_msgs_s.ep.rosidl_typesupport_fastrtps_c.c
-- Installing: /home/marsuser/so101_ws/install/so101_msgs/local/lib/python3.10/dist-packages/so101_msgs/_so101_msgs_s.ep.rosidl_typesupport_c.c
-- Installing: /home/marsuser/so101_ws/install/so101_msgs/local/lib/python3.10/dist-packages/so101_msgs/so101_msgs_s__rosidl_typesupport_c.cpython-310-x86_64-linux-gnu.so
-- Installing: /home/marsuser/so101_ws/install/so101_msgs/local/lib/python3.10/dist-packages/so101_msgs/libso101_msgs__rosidl_generator_py.so
-- Installing: /home/marsuser/so101_ws/install/so101_msgs/local/lib/python3.10/dist-packages/so101_msgs/msg
-- Installing: /home/marsuser/so101_ws/install/so101_msgs/local/lib/python3.10/dist-packages/so101_msgs/msg/_joint_velocity_command_s.c
-- Installing: /home/marsuser/so101_ws/install/so101_msgs/local/lib/python3.10/dist-packages/so101_msgs/msg/_controller_status.py
-- Installing: /home/marsuser/so101_ws/install/so101_msgs/local/lib/python3.10/dist-packages/so101_msgs/msg/_joint_command.py
-- Installing: /home/marsuser/so101_ws/install/so101_msgs/local/lib/python3.10/dist-packages/so101_msgs/msg/_cartesian_command.py
-- Installing: /home/marsuser/so101_ws/install/so101_msgs/local/lib/python3.10/dist-packages/so101_msgs/msg/__init__.py
-- Installing: /home/marsuser/so101_ws/install/so101_msgs/local/lib/python3.10/dist-packages/so101_msgs/msg/_controller_status_s.c
-- Installing: /home/marsuser/so101_ws/install/so101_msgs/local/lib/python3.10/dist-packages/so101_msgs/msg/_joint_command_s.c
-- Installing: /home/marsuser/so101_ws/install/so101_msgs/local/lib/python3.10/dist-packages/so101_msgs/msg/_joint_velocity_command.py
-- Installing: /home/marsuser/so101_ws/install/so101_msgs/local/lib/python3.10/dist-packages/so101_msgs/msg/_cartesian_command_s.c
-- Installing: /home/marsuser/so101_ws/install/so101_msgs/local/lib/python3.10/dist-packages/so101_msgs/__init__.py
-- Installing: /home/marsuser/so101_ws/install/so101_msgs/local/lib/python3.10/dist-packages/so101_msgs/so101_msgs_s__rosidl_typesupport_fastrtps_c.cpython-310-x86_64-linux-gnu.so
-- Installing: /home/marsuser/so101_ws/install/so101_msgs/local/lib/python3.10/dist-packages/so101_msgs/so101_msgs_s__rosidl_typesupport_introspection_c.cpython-310-x86_64-linux-gnu.so
-- Installing: /home/marsuser/so101_ws/install/so101_msgs/local/lib/python3.10/dist-packages/so101_msgs/_so101_msgs_s.ep.rosidl_typesupport_introspection_c.c
Listing '/home/marsuser/so101_ws/install/so101_msgs/local/lib/python3.10/dist-packages/so101_msgs'...
Compiling '/home/marsuser/so101_ws/install/so101_msgs/local/lib/python3.10/dist-packages/so101_msgs/__init__.py'...
Listing '/home/marsuser/so101_ws/install/so101_msgs/local/lib/python3.10/dist-packages/so101_msgs/msg'...
Compiling '/home/marsuser/so101_ws/install/so101_msgs/local/lib/python3.10/dist-packages/so101_msgs/msg/__init__.py'...
Compiling '/home/marsuser/so101_ws/install/so101_msgs/local/lib/python3.10/dist-packages/so101_msgs/msg/_cartesian_command.py'...
Compiling '/home/marsuser/so101_ws/install/so101_msgs/local/lib/python3.10/dist-packages/so101_msgs/msg/_controller_status.py'...
Compiling '/home/marsuser/so101_ws/install/so101_msgs/local/lib/python3.10/dist-packages/so101_msgs/msg/_joint_command.py'...
Compiling '/home/marsuser/so101_ws/install/so101_msgs/local/lib/python3.10/dist-packages/so101_msgs/msg/_joint_velocity_command.py'...
-- Installing: /home/marsuser/so101_ws/install/so101_msgs/local/lib/python3.10/dist-packages/so101_msgs/so101_msgs_s__rosidl_typesupport_fastrtps_c.cpython-310-x86_64-linux-gnu.so
-- Set runtime path of "/home/marsuser/so101_ws/install/so101_msgs/local/lib/python3.10/dist-packages/so101_msgs/so101_msgs_s__rosidl_typesupport_fastrtps_c.cpython-310-x86_64-linux-gnu.so" to ""
-- Installing: /home/marsuser/so101_ws/install/so101_msgs/local/lib/python3.10/dist-packages/so101_msgs/so101_msgs_s__rosidl_typesupport_introspection_c.cpython-310-x86_64-linux-gnu.so
-- Set runtime path of "/home/marsuser/so101_ws/install/so101_msgs/local/lib/python3.10/dist-packages/so101_msgs/so101_msgs_s__rosidl_typesupport_introspection_c.cpython-310-x86_64-linux-gnu.so" to ""
-- Installing: /home/marsuser/so101_ws/install/so101_msgs/local/lib/python3.10/dist-packages/so101_msgs/so101_msgs_s__rosidl_typesupport_c.cpython-310-x86_64-linux-gnu.so
-- Set runtime path of "/home/marsuser/so101_ws/install/so101_msgs/local/lib/python3.10/dist-packages/so101_msgs/so101_msgs_s__rosidl_typesupport_c.cpython-310-x86_64-linux-gnu.so" to ""
-- Installing: /home/marsuser/so101_ws/install/so101_msgs/lib/libso101_msgs__rosidl_generator_py.so
-- Set runtime path of "/home/marsuser/so101_ws/install/so101_msgs/lib/libso101_msgs__rosidl_generator_py.so" to ""
-- Installing: /home/marsuser/so101_ws/install/so101_msgs/share/ament_index/resource_index/rust_packages/so101_msgs
-- Installing: /home/marsuser/so101_ws/install/so101_msgs/share/so101_msgs/rust
-- Installing: /home/marsuser/so101_ws/install/so101_msgs/share/so101_msgs/rust/Cargo.toml
-- Installing: /home/marsuser/so101_ws/install/so101_msgs/share/so101_msgs/rust/build.rs
-- Installing: /home/marsuser/so101_ws/install/so101_msgs/share/so101_msgs/rust/src
-- Installing: /home/marsuser/so101_ws/install/so101_msgs/share/so101_msgs/rust/src/msg
-- Installing: /home/marsuser/so101_ws/install/so101_msgs/share/so101_msgs/rust/src/msg/rmw.rs
-- Installing: /home/marsuser/so101_ws/install/so101_msgs/share/so101_msgs/rust/src/msg.rs
-- Installing: /home/marsuser/so101_ws/install/so101_msgs/share/so101_msgs/rust/src/lib.rs
-- Installing: /home/marsuser/so101_ws/install/so101_msgs/share/so101_msgs/msg/CartesianCommand.idl
-- Installing: /home/marsuser/so101_ws/install/so101_msgs/share/so101_msgs/msg/JointVelocityCommand.idl
-- Installing: /home/marsuser/so101_ws/install/so101_msgs/share/so101_msgs/msg/JointCommand.idl
-- Installing: /home/marsuser/so101_ws/install/so101_msgs/share/so101_msgs/msg/ControllerStatus.idl
-- Installing: /home/marsuser/so101_ws/install/so101_msgs/share/so101_msgs/msg/CartesianCommand.msg
-- Installing: /home/marsuser/so101_ws/install/so101_msgs/share/so101_msgs/msg/JointVelocityCommand.msg
-- Installing: /home/marsuser/so101_ws/install/so101_msgs/share/so101_msgs/msg/JointCommand.msg
-- Installing: /home/marsuser/so101_ws/install/so101_msgs/share/so101_msgs/msg/ControllerStatus.msg
-- Installing: /home/marsuser/so101_ws/install/so101_msgs/share/ament_index/resource_index/package_run_dependencies/so101_msgs
-- Installing: /home/marsuser/so101_ws/install/so101_msgs/share/ament_index/resource_index/parent_prefix_path/so101_msgs
-- Installing: /home/marsuser/so101_ws/install/so101_msgs/share/so101_msgs/environment/ament_prefix_path.sh
-- Installing: /home/marsuser/so101_ws/install/so101_msgs/share/so101_msgs/environment/ament_prefix_path.dsv
-- Installing: /home/marsuser/so101_ws/install/so101_msgs/share/so101_msgs/environment/path.sh
-- Installing: /home/marsuser/so101_ws/install/so101_msgs/share/so101_msgs/environment/path.dsv
-- Installing: /home/marsuser/so101_ws/install/so101_msgs/share/so101_msgs/local_setup.bash
-- Installing: /home/marsuser/so101_ws/install/so101_msgs/share/so101_msgs/local_setup.sh
-- Installing: /home/marsuser/so101_ws/install/so101_msgs/share/so101_msgs/local_setup.zsh
-- Installing: /home/marsuser/so101_ws/install/so101_msgs/share/so101_msgs/local_setup.dsv
-- Installing: /home/marsuser/so101_ws/install/so101_msgs/share/so101_msgs/package.dsv
-- Installing: /home/marsuser/so101_ws/install/so101_msgs/share/ament_index/resource_index/packages/so101_msgs
-- Installing: /home/marsuser/so101_ws/install/so101_msgs/share/so101_msgs/cmake/export_so101_msgs__rosidl_generator_cExport.cmake
-- Installing: /home/marsuser/so101_ws/install/so101_msgs/share/so101_msgs/cmake/export_so101_msgs__rosidl_generator_cExport-noconfig.cmake
-- Installing: /home/marsuser/so101_ws/install/so101_msgs/share/so101_msgs/cmake/export_so101_msgs__rosidl_typesupport_fastrtps_cExport.cmake
-- Installing: /home/marsuser/so101_ws/install/so101_msgs/share/so101_msgs/cmake/export_so101_msgs__rosidl_typesupport_fastrtps_cExport-noconfig.cmake
-- Installing: /home/marsuser/so101_ws/install/so101_msgs/share/so101_msgs/cmake/so101_msgs__rosidl_typesupport_introspection_cExport.cmake
-- Installing: /home/marsuser/so101_ws/install/so101_msgs/share/so101_msgs/cmake/so101_msgs__rosidl_typesupport_introspection_cExport-noconfig.cmake
-- Installing: /home/marsuser/so101_ws/install/so101_msgs/share/so101_msgs/cmake/so101_msgs__rosidl_typesupport_cExport.cmake
-- Installing: /home/marsuser/so101_ws/install/so101_msgs/share/so101_msgs/cmake/so101_msgs__rosidl_typesupport_cExport-noconfig.cmake
-- Installing: /home/marsuser/so101_ws/install/so101_msgs/share/so101_msgs/cmake/export_so101_msgs__rosidl_generator_cppExport.cmake
-- Installing: /home/marsuser/so101_ws/install/so101_msgs/share/so101_msgs/cmake/export_so101_msgs__rosidl_typesupport_fastrtps_cppExport.cmake
-- Installing: /home/marsuser/so101_ws/install/so101_msgs/share/so101_msgs/cmake/export_so101_msgs__rosidl_typesupport_fastrtps_cppExport-noconfig.cmake
-- Installing: /home/marsuser/so101_ws/install/so101_msgs/share/so101_msgs/cmake/so101_msgs__rosidl_typesupport_introspection_cppExport.cmake
-- Installing: /home/marsuser/so101_ws/install/so101_msgs/share/so101_msgs/cmake/so101_msgs__rosidl_typesupport_introspection_cppExport-noconfig.cmake
-- Installing: /home/marsuser/so101_ws/install/so101_msgs/share/so101_msgs/cmake/so101_msgs__rosidl_typesupport_cppExport.cmake
-- Installing: /home/marsuser/so101_ws/install/so101_msgs/share/so101_msgs/cmake/so101_msgs__rosidl_typesupport_cppExport-noconfig.cmake
-- Installing: /home/marsuser/so101_ws/install/so101_msgs/share/so101_msgs/cmake/export_so101_msgs__rosidl_generator_pyExport.cmake
-- Installing: /home/marsuser/so101_ws/install/so101_msgs/share/so101_msgs/cmake/export_so101_msgs__rosidl_generator_pyExport-noconfig.cmake
-- Installing: /home/marsuser/so101_ws/install/so101_msgs/share/so101_msgs/cmake/rosidl_cmake-extras.cmake
-- Installing: /home/marsuser/so101_ws/install/so101_msgs/share/so101_msgs/cmake/ament_cmake_export_dependencies-extras.cmake
-- Installing: /home/marsuser/so101_ws/install/so101_msgs/share/so101_msgs/cmake/ament_cmake_export_include_directories-extras.cmake
-- Installing: /home/marsuser/so101_ws/install/so101_msgs/share/so101_msgs/cmake/ament_cmake_export_libraries-extras.cmake
-- Installing: /home/marsuser/so101_ws/install/so101_msgs/share/so101_msgs/cmake/ament_cmake_export_targets-extras.cmake
-- Installing: /home/marsuser/so101_ws/install/so101_msgs/share/so101_msgs/cmake/rosidl_cmake_export_typesupport_targets-extras.cmake
-- Installing: /home/marsuser/so101_ws/install/so101_msgs/share/so101_msgs/cmake/rosidl_cmake_export_typesupport_libraries-extras.cmake
-- Installing: /home/marsuser/so101_ws/install/so101_msgs/share/so101_msgs/cmake/so101_msgsConfig.cmake
-- Installing: /home/marsuser/so101_ws/install/so101_msgs/share/so101_msgs/cmake/so101_msgsConfig-version.cmake
-- Installing: /home/marsuser/so101_ws/install/so101_msgs/share/so101_msgs/package.xml
