[0.082s] DEBUG:colcon:Command line arguments: ['/usr/bin/colcon', 'build', '--symlink-install', '--event-handlers', 'console_direct+']
[0.083s] DEBUG:colcon:Parsed command line arguments: Namespace(log_base=None, log_level=None, verb_name='build', build_base='build', install_base='install', merge_install=False, symlink_install=True, test_result_base=None, continue_on_error=False, executor='parallel', parallel_workers=32, event_handlers=['console_direct+'], ignore_user_meta=False, metas=['./colcon.meta'], base_paths=['.'], packages_ignore=None, packages_ignore_regex=None, paths=None, packages_up_to=None, packages_up_to_regex=None, packages_above=None, packages_above_and_dependencies=None, packages_above_depth=None, packages_select_by_dep=None, packages_skip_by_dep=None, packages_skip_up_to=None, packages_select_build_failed=False, packages_skip_build_finished=False, packages_select_test_failures=False, packages_skip_test_passed=False, packages_select=None, packages_skip=None, packages_select_regex=None, packages_skip_regex=None, packages_start=None, packages_end=None, allow_overriding=[], cmake_args=None, cmake_target=None, cmake_target_skip_unavailable=False, cmake_clean_cache=False, cmake_clean_first=False, cmake_force_configure=False, ament_cmake_args=None, catkin_cmake_args=None, catkin_skip_building_tests=False, mixin_files=None, mixin=None, verb_parser=<colcon_mixin.mixin.mixin_argument.MixinArgumentDecorator object at 0x782f08a67400>, verb_extension=<colcon_core.verb.build.BuildVerb object at 0x782f08a66f50>, main=<bound method BuildVerb.main of <colcon_core.verb.build.BuildVerb object at 0x782f08a66f50>>, mixin_verb=('build',))
[0.207s] Level 1:colcon.colcon_core.package_discovery:discover_packages(colcon_meta) check parameters
[0.207s] Level 1:colcon.colcon_core.package_discovery:discover_packages(recursive) check parameters
[0.207s] Level 1:colcon.colcon_core.package_discovery:discover_packages(ignore) check parameters
[0.207s] Level 1:colcon.colcon_core.package_discovery:discover_packages(path) check parameters
[0.207s] Level 1:colcon.colcon_core.package_discovery:discover_packages(colcon_meta) discover
[0.207s] Level 1:colcon.colcon_core.package_discovery:discover_packages(recursive) discover
[0.207s] INFO:colcon.colcon_core.package_discovery:Crawling recursively for packages in '/home/marsuser/so101_ws'
[0.208s] Level 1:colcon.colcon_core.package_identification:_identify(.) by extensions ['ignore', 'ignore_ament_install']
[0.208s] Level 1:colcon.colcon_core.package_identification:_identify(.) by extension 'ignore'
[0.208s] Level 1:colcon.colcon_core.package_identification:_identify(.) by extension 'ignore_ament_install'
[0.208s] Level 1:colcon.colcon_core.package_identification:_identify(.) by extensions ['colcon_pkg']
[0.208s] Level 1:colcon.colcon_core.package_identification:_identify(.) by extension 'colcon_pkg'
[0.208s] Level 1:colcon.colcon_core.package_identification:_identify(.) by extensions ['colcon_meta']
[0.208s] Level 1:colcon.colcon_core.package_identification:_identify(.) by extension 'colcon_meta'
[0.208s] Level 1:colcon.colcon_core.package_identification:_identify(.) by extensions ['ros']
[0.208s] Level 1:colcon.colcon_core.package_identification:_identify(.) by extension 'ros'
[0.215s] Level 1:colcon.colcon_core.package_identification:_identify(.) by extensions ['cmake', 'python']
[0.215s] Level 1:colcon.colcon_core.package_identification:_identify(.) by extension 'cmake'
[0.215s] Level 1:colcon.colcon_core.package_identification:_identify(.) by extension 'python'
[0.215s] Level 1:colcon.colcon_core.package_identification:_identify(.) by extensions ['python_setup_py']
[0.215s] Level 1:colcon.colcon_core.package_identification:_identify(.) by extension 'python_setup_py'
[0.215s] Level 1:colcon.colcon_core.package_identification:_identify(build) by extensions ['ignore', 'ignore_ament_install']
[0.215s] Level 1:colcon.colcon_core.package_identification:_identify(build) by extension 'ignore'
[0.215s] Level 1:colcon.colcon_core.package_identification:_identify(build) ignored
[0.215s] Level 1:colcon.colcon_core.package_identification:_identify(examples) by extensions ['ignore', 'ignore_ament_install']
[0.215s] Level 1:colcon.colcon_core.package_identification:_identify(examples) by extension 'ignore'
[0.215s] Level 1:colcon.colcon_core.package_identification:_identify(examples) by extension 'ignore_ament_install'
[0.215s] Level 1:colcon.colcon_core.package_identification:_identify(examples) by extensions ['colcon_pkg']
[0.215s] Level 1:colcon.colcon_core.package_identification:_identify(examples) by extension 'colcon_pkg'
[0.215s] Level 1:colcon.colcon_core.package_identification:_identify(examples) by extensions ['colcon_meta']
[0.215s] Level 1:colcon.colcon_core.package_identification:_identify(examples) by extension 'colcon_meta'
[0.215s] Level 1:colcon.colcon_core.package_identification:_identify(examples) by extensions ['ros']
[0.215s] Level 1:colcon.colcon_core.package_identification:_identify(examples) by extension 'ros'
[0.215s] Level 1:colcon.colcon_core.package_identification:_identify(examples) by extensions ['cmake', 'python']
[0.215s] Level 1:colcon.colcon_core.package_identification:_identify(examples) by extension 'cmake'
[0.215s] Level 1:colcon.colcon_core.package_identification:_identify(examples) by extension 'python'
[0.215s] Level 1:colcon.colcon_core.package_identification:_identify(examples) by extensions ['python_setup_py']
[0.215s] Level 1:colcon.colcon_core.package_identification:_identify(examples) by extension 'python_setup_py'
[0.216s] Level 1:colcon.colcon_core.package_identification:_identify(examples/lerobot) by extensions ['ignore', 'ignore_ament_install']
[0.216s] Level 1:colcon.colcon_core.package_identification:_identify(examples/lerobot) by extension 'ignore'
[0.216s] Level 1:colcon.colcon_core.package_identification:_identify(examples/lerobot) by extension 'ignore_ament_install'
[0.216s] Level 1:colcon.colcon_core.package_identification:_identify(examples/lerobot) by extensions ['colcon_pkg']
[0.216s] Level 1:colcon.colcon_core.package_identification:_identify(examples/lerobot) by extension 'colcon_pkg'
[0.216s] Level 1:colcon.colcon_core.package_identification:_identify(examples/lerobot) by extensions ['colcon_meta']
[0.216s] Level 1:colcon.colcon_core.package_identification:_identify(examples/lerobot) by extension 'colcon_meta'
[0.216s] Level 1:colcon.colcon_core.package_identification:_identify(examples/lerobot) by extensions ['ros']
[0.216s] Level 1:colcon.colcon_core.package_identification:_identify(examples/lerobot) by extension 'ros'
[0.216s] Level 1:colcon.colcon_core.package_identification:_identify(examples/lerobot) by extensions ['cmake', 'python']
[0.216s] Level 1:colcon.colcon_core.package_identification:_identify(examples/lerobot) by extension 'cmake'
[0.216s] Level 1:colcon.colcon_core.package_identification:_identify(examples/lerobot) by extension 'python'
[0.216s] Level 1:colcon.colcon_core.package_identification:_identify(examples/lerobot) by extensions ['python_setup_py']
[0.216s] Level 1:colcon.colcon_core.package_identification:_identify(examples/lerobot) by extension 'python_setup_py'
[0.216s] Level 1:colcon.colcon_core.package_identification:_identify(install) by extensions ['ignore', 'ignore_ament_install']
[0.216s] Level 1:colcon.colcon_core.package_identification:_identify(install) by extension 'ignore'
[0.216s] Level 1:colcon.colcon_core.package_identification:_identify(install) ignored
[0.216s] Level 1:colcon.colcon_core.package_identification:_identify(log) by extensions ['ignore', 'ignore_ament_install']
[0.216s] Level 1:colcon.colcon_core.package_identification:_identify(log) by extension 'ignore'
[0.216s] Level 1:colcon.colcon_core.package_identification:_identify(log) ignored
[0.216s] Level 1:colcon.colcon_core.package_identification:_identify(src) by extensions ['ignore', 'ignore_ament_install']
[0.216s] Level 1:colcon.colcon_core.package_identification:_identify(src) by extension 'ignore'
[0.216s] Level 1:colcon.colcon_core.package_identification:_identify(src) by extension 'ignore_ament_install'
[0.216s] Level 1:colcon.colcon_core.package_identification:_identify(src) by extensions ['colcon_pkg']
[0.216s] Level 1:colcon.colcon_core.package_identification:_identify(src) by extension 'colcon_pkg'
[0.217s] Level 1:colcon.colcon_core.package_identification:_identify(src) by extensions ['colcon_meta']
[0.217s] Level 1:colcon.colcon_core.package_identification:_identify(src) by extension 'colcon_meta'
[0.217s] Level 1:colcon.colcon_core.package_identification:_identify(src) by extensions ['ros']
[0.217s] Level 1:colcon.colcon_core.package_identification:_identify(src) by extension 'ros'
[0.217s] Level 1:colcon.colcon_core.package_identification:_identify(src) by extensions ['cmake', 'python']
[0.217s] Level 1:colcon.colcon_core.package_identification:_identify(src) by extension 'cmake'
[0.217s] Level 1:colcon.colcon_core.package_identification:_identify(src) by extension 'python'
[0.217s] Level 1:colcon.colcon_core.package_identification:_identify(src) by extensions ['python_setup_py']
[0.217s] Level 1:colcon.colcon_core.package_identification:_identify(src) by extension 'python_setup_py'
[0.217s] Level 1:colcon.colcon_core.package_identification:_identify(src/so101_bringup) by extensions ['ignore', 'ignore_ament_install']
[0.217s] Level 1:colcon.colcon_core.package_identification:_identify(src/so101_bringup) by extension 'ignore'
[0.217s] Level 1:colcon.colcon_core.package_identification:_identify(src/so101_bringup) by extension 'ignore_ament_install'
[0.217s] Level 1:colcon.colcon_core.package_identification:_identify(src/so101_bringup) by extensions ['colcon_pkg']
[0.217s] Level 1:colcon.colcon_core.package_identification:_identify(src/so101_bringup) by extension 'colcon_pkg'
[0.217s] Level 1:colcon.colcon_core.package_identification:_identify(src/so101_bringup) by extensions ['colcon_meta']
[0.217s] Level 1:colcon.colcon_core.package_identification:_identify(src/so101_bringup) by extension 'colcon_meta'
[0.217s] Level 1:colcon.colcon_core.package_identification:_identify(src/so101_bringup) by extensions ['ros']
[0.217s] Level 1:colcon.colcon_core.package_identification:_identify(src/so101_bringup) by extension 'ros'
[0.219s] DEBUG:colcon.colcon_core.package_identification:Package 'src/so101_bringup' with type 'ros.ament_cmake' and name 'so101_bringup'
[0.219s] Level 1:colcon.colcon_core.package_identification:_identify(src/so101_description) by extensions ['ignore', 'ignore_ament_install']
[0.219s] Level 1:colcon.colcon_core.package_identification:_identify(src/so101_description) by extension 'ignore'
[0.219s] Level 1:colcon.colcon_core.package_identification:_identify(src/so101_description) by extension 'ignore_ament_install'
[0.219s] Level 1:colcon.colcon_core.package_identification:_identify(src/so101_description) by extensions ['colcon_pkg']
[0.219s] Level 1:colcon.colcon_core.package_identification:_identify(src/so101_description) by extension 'colcon_pkg'
[0.219s] Level 1:colcon.colcon_core.package_identification:_identify(src/so101_description) by extensions ['colcon_meta']
[0.219s] Level 1:colcon.colcon_core.package_identification:_identify(src/so101_description) by extension 'colcon_meta'
[0.219s] Level 1:colcon.colcon_core.package_identification:_identify(src/so101_description) by extensions ['ros']
[0.219s] Level 1:colcon.colcon_core.package_identification:_identify(src/so101_description) by extension 'ros'
[0.220s] DEBUG:colcon.colcon_core.package_identification:Package 'src/so101_description' with type 'ros.ament_cmake' and name 'so101_description'
[0.220s] Level 1:colcon.colcon_core.package_identification:_identify(src/so101_kinematics) by extensions ['ignore', 'ignore_ament_install']
[0.220s] Level 1:colcon.colcon_core.package_identification:_identify(src/so101_kinematics) by extension 'ignore'
[0.220s] Level 1:colcon.colcon_core.package_identification:_identify(src/so101_kinematics) by extension 'ignore_ament_install'
[0.220s] Level 1:colcon.colcon_core.package_identification:_identify(src/so101_kinematics) by extensions ['colcon_pkg']
[0.220s] Level 1:colcon.colcon_core.package_identification:_identify(src/so101_kinematics) by extension 'colcon_pkg'
[0.220s] Level 1:colcon.colcon_core.package_identification:_identify(src/so101_kinematics) by extensions ['colcon_meta']
[0.220s] Level 1:colcon.colcon_core.package_identification:_identify(src/so101_kinematics) by extension 'colcon_meta'
[0.220s] Level 1:colcon.colcon_core.package_identification:_identify(src/so101_kinematics) by extensions ['ros']
[0.220s] Level 1:colcon.colcon_core.package_identification:_identify(src/so101_kinematics) by extension 'ros'
[0.220s] DEBUG:colcon.colcon_core.package_identification:Package 'src/so101_kinematics' with type 'ros.ament_cmake' and name 'so101_kinematics'
[0.220s] Level 1:colcon.colcon_core.package_identification:_identify(src/so101_msgs) by extensions ['ignore', 'ignore_ament_install']
[0.220s] Level 1:colcon.colcon_core.package_identification:_identify(src/so101_msgs) by extension 'ignore'
[0.220s] Level 1:colcon.colcon_core.package_identification:_identify(src/so101_msgs) by extension 'ignore_ament_install'
[0.220s] Level 1:colcon.colcon_core.package_identification:_identify(src/so101_msgs) by extensions ['colcon_pkg']
[0.221s] Level 1:colcon.colcon_core.package_identification:_identify(src/so101_msgs) by extension 'colcon_pkg'
[0.221s] Level 1:colcon.colcon_core.package_identification:_identify(src/so101_msgs) by extensions ['colcon_meta']
[0.221s] Level 1:colcon.colcon_core.package_identification:_identify(src/so101_msgs) by extension 'colcon_meta'
[0.221s] Level 1:colcon.colcon_core.package_identification:_identify(src/so101_msgs) by extensions ['ros']
[0.221s] Level 1:colcon.colcon_core.package_identification:_identify(src/so101_msgs) by extension 'ros'
[0.221s] DEBUG:colcon.colcon_core.package_identification:Package 'src/so101_msgs' with type 'ros.ament_cmake' and name 'so101_msgs'
[0.221s] Level 1:colcon.colcon_core.package_discovery:discover_packages(recursive) using defaults
[0.221s] Level 1:colcon.colcon_core.package_discovery:discover_packages(ignore) discover
[0.221s] Level 1:colcon.colcon_core.package_discovery:discover_packages(ignore) using defaults
[0.221s] Level 1:colcon.colcon_core.package_discovery:discover_packages(path) discover
[0.221s] Level 1:colcon.colcon_core.package_discovery:discover_packages(path) using defaults
[0.241s] Level 1:colcon.colcon_core.package_discovery:discover_packages(prefix_path) check parameters
[0.241s] Level 1:colcon.colcon_core.package_discovery:discover_packages(prefix_path) discover
[0.243s] DEBUG:colcon.colcon_installed_package_information.package_discovery:Found 445 installed packages in /opt/ros/humble
[0.245s] Level 1:colcon.colcon_core.package_discovery:discover_packages(prefix_path) using defaults
[0.281s] Level 5:colcon.colcon_core.verb:set package 'so101_description' build argument 'cmake_args' from command line to 'None'
[0.282s] Level 5:colcon.colcon_core.verb:set package 'so101_description' build argument 'cmake_target' from command line to 'None'
[0.282s] Level 5:colcon.colcon_core.verb:set package 'so101_description' build argument 'cmake_target_skip_unavailable' from command line to 'False'
[0.282s] Level 5:colcon.colcon_core.verb:set package 'so101_description' build argument 'cmake_clean_cache' from command line to 'False'
[0.282s] Level 5:colcon.colcon_core.verb:set package 'so101_description' build argument 'cmake_clean_first' from command line to 'False'
[0.282s] Level 5:colcon.colcon_core.verb:set package 'so101_description' build argument 'cmake_force_configure' from command line to 'False'
[0.282s] Level 5:colcon.colcon_core.verb:set package 'so101_description' build argument 'ament_cmake_args' from command line to 'None'
[0.282s] Level 5:colcon.colcon_core.verb:set package 'so101_description' build argument 'catkin_cmake_args' from command line to 'None'
[0.282s] Level 5:colcon.colcon_core.verb:set package 'so101_description' build argument 'catkin_skip_building_tests' from command line to 'False'
[0.282s] DEBUG:colcon.colcon_core.verb:Building package 'so101_description' with the following arguments: {'ament_cmake_args': None, 'build_base': '/home/marsuser/so101_ws/build/so101_description', 'catkin_cmake_args': None, 'catkin_skip_building_tests': False, 'cmake_args': None, 'cmake_clean_cache': False, 'cmake_clean_first': False, 'cmake_force_configure': False, 'cmake_target': None, 'cmake_target_skip_unavailable': False, 'install_base': '/home/marsuser/so101_ws/install/so101_description', 'merge_install': False, 'path': '/home/marsuser/so101_ws/src/so101_description', 'symlink_install': True, 'test_result_base': None}
[0.282s] Level 5:colcon.colcon_core.verb:set package 'so101_kinematics' build argument 'cmake_args' from command line to 'None'
[0.282s] Level 5:colcon.colcon_core.verb:set package 'so101_kinematics' build argument 'cmake_target' from command line to 'None'
[0.282s] Level 5:colcon.colcon_core.verb:set package 'so101_kinematics' build argument 'cmake_target_skip_unavailable' from command line to 'False'
[0.282s] Level 5:colcon.colcon_core.verb:set package 'so101_kinematics' build argument 'cmake_clean_cache' from command line to 'False'
[0.282s] Level 5:colcon.colcon_core.verb:set package 'so101_kinematics' build argument 'cmake_clean_first' from command line to 'False'
[0.282s] Level 5:colcon.colcon_core.verb:set package 'so101_kinematics' build argument 'cmake_force_configure' from command line to 'False'
[0.282s] Level 5:colcon.colcon_core.verb:set package 'so101_kinematics' build argument 'ament_cmake_args' from command line to 'None'
[0.282s] Level 5:colcon.colcon_core.verb:set package 'so101_kinematics' build argument 'catkin_cmake_args' from command line to 'None'
[0.282s] Level 5:colcon.colcon_core.verb:set package 'so101_kinematics' build argument 'catkin_skip_building_tests' from command line to 'False'
[0.282s] DEBUG:colcon.colcon_core.verb:Building package 'so101_kinematics' with the following arguments: {'ament_cmake_args': None, 'build_base': '/home/marsuser/so101_ws/build/so101_kinematics', 'catkin_cmake_args': None, 'catkin_skip_building_tests': False, 'cmake_args': None, 'cmake_clean_cache': False, 'cmake_clean_first': False, 'cmake_force_configure': False, 'cmake_target': None, 'cmake_target_skip_unavailable': False, 'install_base': '/home/marsuser/so101_ws/install/so101_kinematics', 'merge_install': False, 'path': '/home/marsuser/so101_ws/src/so101_kinematics', 'symlink_install': True, 'test_result_base': None}
[0.282s] Level 5:colcon.colcon_core.verb:set package 'so101_msgs' build argument 'cmake_args' from command line to 'None'
[0.282s] Level 5:colcon.colcon_core.verb:set package 'so101_msgs' build argument 'cmake_target' from command line to 'None'
[0.282s] Level 5:colcon.colcon_core.verb:set package 'so101_msgs' build argument 'cmake_target_skip_unavailable' from command line to 'False'
[0.282s] Level 5:colcon.colcon_core.verb:set package 'so101_msgs' build argument 'cmake_clean_cache' from command line to 'False'
[0.282s] Level 5:colcon.colcon_core.verb:set package 'so101_msgs' build argument 'cmake_clean_first' from command line to 'False'
[0.282s] Level 5:colcon.colcon_core.verb:set package 'so101_msgs' build argument 'cmake_force_configure' from command line to 'False'
[0.282s] Level 5:colcon.colcon_core.verb:set package 'so101_msgs' build argument 'ament_cmake_args' from command line to 'None'
[0.283s] Level 5:colcon.colcon_core.verb:set package 'so101_msgs' build argument 'catkin_cmake_args' from command line to 'None'
[0.283s] Level 5:colcon.colcon_core.verb:set package 'so101_msgs' build argument 'catkin_skip_building_tests' from command line to 'False'
[0.283s] DEBUG:colcon.colcon_core.verb:Building package 'so101_msgs' with the following arguments: {'ament_cmake_args': None, 'build_base': '/home/marsuser/so101_ws/build/so101_msgs', 'catkin_cmake_args': None, 'catkin_skip_building_tests': False, 'cmake_args': None, 'cmake_clean_cache': False, 'cmake_clean_first': False, 'cmake_force_configure': False, 'cmake_target': None, 'cmake_target_skip_unavailable': False, 'install_base': '/home/marsuser/so101_ws/install/so101_msgs', 'merge_install': False, 'path': '/home/marsuser/so101_ws/src/so101_msgs', 'symlink_install': True, 'test_result_base': None}
[0.283s] Level 5:colcon.colcon_core.verb:set package 'so101_bringup' build argument 'cmake_args' from command line to 'None'
[0.283s] Level 5:colcon.colcon_core.verb:set package 'so101_bringup' build argument 'cmake_target' from command line to 'None'
[0.283s] Level 5:colcon.colcon_core.verb:set package 'so101_bringup' build argument 'cmake_target_skip_unavailable' from command line to 'False'
[0.283s] Level 5:colcon.colcon_core.verb:set package 'so101_bringup' build argument 'cmake_clean_cache' from command line to 'False'
[0.283s] Level 5:colcon.colcon_core.verb:set package 'so101_bringup' build argument 'cmake_clean_first' from command line to 'False'
[0.283s] Level 5:colcon.colcon_core.verb:set package 'so101_bringup' build argument 'cmake_force_configure' from command line to 'False'
[0.283s] Level 5:colcon.colcon_core.verb:set package 'so101_bringup' build argument 'ament_cmake_args' from command line to 'None'
[0.283s] Level 5:colcon.colcon_core.verb:set package 'so101_bringup' build argument 'catkin_cmake_args' from command line to 'None'
[0.283s] Level 5:colcon.colcon_core.verb:set package 'so101_bringup' build argument 'catkin_skip_building_tests' from command line to 'False'
[0.283s] DEBUG:colcon.colcon_core.verb:Building package 'so101_bringup' with the following arguments: {'ament_cmake_args': None, 'build_base': '/home/marsuser/so101_ws/build/so101_bringup', 'catkin_cmake_args': None, 'catkin_skip_building_tests': False, 'cmake_args': None, 'cmake_clean_cache': False, 'cmake_clean_first': False, 'cmake_force_configure': False, 'cmake_target': None, 'cmake_target_skip_unavailable': False, 'install_base': '/home/marsuser/so101_ws/install/so101_bringup', 'merge_install': False, 'path': '/home/marsuser/so101_ws/src/so101_bringup', 'symlink_install': True, 'test_result_base': None}
[0.283s] INFO:colcon.colcon_core.executor:Executing jobs using 'parallel' executor
[0.284s] DEBUG:colcon.colcon_parallel_executor.executor.parallel:run_until_complete
[0.284s] INFO:colcon.colcon_ros.task.ament_cmake.build:Building ROS package in '/home/marsuser/so101_ws/src/so101_description' with build type 'ament_cmake'
[0.284s] INFO:colcon.colcon_cmake.task.cmake.build:Building CMake package in '/home/marsuser/so101_ws/src/so101_description'
[0.285s] INFO:colcon.colcon_core.plugin_system:Skipping extension 'colcon_core.shell.bat': Not used on non-Windows systems
[0.286s] INFO:colcon.colcon_core.shell:Skip shell extension 'powershell' for command environment: Not usable outside of PowerShell
[0.286s] DEBUG:colcon.colcon_core.shell:Skip shell extension 'dsv' for command environment
[0.289s] INFO:colcon.colcon_ros.task.ament_cmake.build:Building ROS package in '/home/marsuser/so101_ws/src/so101_kinematics' with build type 'ament_cmake'
[0.289s] INFO:colcon.colcon_cmake.task.cmake.build:Building CMake package in '/home/marsuser/so101_ws/src/so101_kinematics'
[0.289s] INFO:colcon.colcon_core.shell:Skip shell extension 'powershell' for command environment: Not usable outside of PowerShell
[0.289s] DEBUG:colcon.colcon_core.shell:Skip shell extension 'dsv' for command environment
[0.292s] INFO:colcon.colcon_ros.task.ament_cmake.build:Building ROS package in '/home/marsuser/so101_ws/src/so101_msgs' with build type 'ament_cmake'
[0.292s] INFO:colcon.colcon_cmake.task.cmake.build:Building CMake package in '/home/marsuser/so101_ws/src/so101_msgs'
[0.292s] INFO:colcon.colcon_core.shell:Skip shell extension 'powershell' for command environment: Not usable outside of PowerShell
[0.292s] DEBUG:colcon.colcon_core.shell:Skip shell extension 'dsv' for command environment
[0.298s] DEBUG:colcon.colcon_core.event_handler.log_command:Invoking command in '/home/marsuser/so101_ws/build/so101_description': CMAKE_PREFIX_PATH=${CMAKE_PREFIX_PATH}:/opt/ros/humble CONDA_PROMPT_MODIFIER=(lerobot) /home/marsuser/miniforge3/envs/lerobot/bin/cmake --build /home/marsuser/so101_ws/build/so101_description -- -j32 -l32
[0.300s] DEBUG:colcon.colcon_core.event_handler.log_command:Invoking command in '/home/marsuser/so101_ws/build/so101_kinematics': CMAKE_PREFIX_PATH=${CMAKE_PREFIX_PATH}:/opt/ros/humble CONDA_PROMPT_MODIFIER=(lerobot) /home/marsuser/miniforge3/envs/lerobot/bin/cmake --build /home/marsuser/so101_ws/build/so101_kinematics -- -j32 -l32
[0.302s] DEBUG:colcon.colcon_core.event_handler.log_command:Invoking command in '/home/marsuser/so101_ws/build/so101_msgs': CMAKE_PREFIX_PATH=${CMAKE_PREFIX_PATH}:/opt/ros/humble CONDA_PROMPT_MODIFIER=(lerobot) /home/marsuser/miniforge3/envs/lerobot/bin/cmake --build /home/marsuser/so101_ws/build/so101_msgs -- -j32 -l32
[0.476s] DEBUG:colcon.colcon_core.event_handler.log_command:Invoked command in '/home/marsuser/so101_ws/build/so101_description' returned '0': CMAKE_PREFIX_PATH=${CMAKE_PREFIX_PATH}:/opt/ros/humble CONDA_PROMPT_MODIFIER=(lerobot) /home/marsuser/miniforge3/envs/lerobot/bin/cmake --build /home/marsuser/so101_ws/build/so101_description -- -j32 -l32
[0.597s] DEBUG:colcon.colcon_core.event_handler.log_command:Invoking command in '/home/marsuser/so101_ws/build/so101_description': CMAKE_PREFIX_PATH=${CMAKE_PREFIX_PATH}:/opt/ros/humble CONDA_PROMPT_MODIFIER=(lerobot) /home/marsuser/miniforge3/envs/lerobot/bin/cmake --install /home/marsuser/so101_ws/build/so101_description
[0.598s] DEBUG:colcon.colcon_core.event_handler.log_command:Invoked command in '/home/marsuser/so101_ws/build/so101_kinematics' returned '0': CMAKE_PREFIX_PATH=${CMAKE_PREFIX_PATH}:/opt/ros/humble CONDA_PROMPT_MODIFIER=(lerobot) /home/marsuser/miniforge3/envs/lerobot/bin/cmake --build /home/marsuser/so101_ws/build/so101_kinematics -- -j32 -l32
[0.600s] DEBUG:colcon.colcon_core.event_handler.log_command:Invoking command in '/home/marsuser/so101_ws/build/so101_kinematics': CMAKE_PREFIX_PATH=${CMAKE_PREFIX_PATH}:/opt/ros/humble CONDA_PROMPT_MODIFIER=(lerobot) /home/marsuser/miniforge3/envs/lerobot/bin/cmake --install /home/marsuser/so101_ws/build/so101_kinematics
[0.712s] Level 1:colcon.colcon_core.environment:create_environment_scripts_only(so101_kinematics)
[0.713s] DEBUG:colcon.colcon_core.event_handler.log_command:Invoked command in '/home/marsuser/so101_ws/build/so101_msgs' returned '0': CMAKE_PREFIX_PATH=${CMAKE_PREFIX_PATH}:/opt/ros/humble CONDA_PROMPT_MODIFIER=(lerobot) /home/marsuser/miniforge3/envs/lerobot/bin/cmake --build /home/marsuser/so101_ws/build/so101_msgs -- -j32 -l32
[0.713s] DEBUG:colcon.colcon_core.event_handler.log_command:Invoking command in '/home/marsuser/so101_ws/build/so101_msgs': CMAKE_PREFIX_PATH=${CMAKE_PREFIX_PATH}:/opt/ros/humble CONDA_PROMPT_MODIFIER=(lerobot) /home/marsuser/miniforge3/envs/lerobot/bin/cmake --install /home/marsuser/so101_ws/build/so101_msgs
[0.714s] DEBUG:colcon.colcon_core.event_handler.log_command:Invoked command in '/home/marsuser/so101_ws/build/so101_kinematics' returned '0': CMAKE_PREFIX_PATH=${CMAKE_PREFIX_PATH}:/opt/ros/humble CONDA_PROMPT_MODIFIER=(lerobot) /home/marsuser/miniforge3/envs/lerobot/bin/cmake --install /home/marsuser/so101_ws/build/so101_kinematics
[0.716s] Level 1:colcon.colcon_core.environment:checking '/home/marsuser/so101_ws/install/so101_kinematics' for CMake module files
[0.716s] Level 1:colcon.colcon_core.environment:checking '/home/marsuser/so101_ws/install/so101_kinematics' for CMake config files
[0.716s] Level 1:colcon.colcon_core.shell:create_environment_hook('so101_kinematics', 'cmake_prefix_path')
[0.717s] INFO:colcon.colcon_core.shell:Creating environment hook '/home/marsuser/so101_ws/install/so101_kinematics/share/so101_kinematics/hook/cmake_prefix_path.ps1'
[0.717s] INFO:colcon.colcon_core.shell:Creating environment descriptor '/home/marsuser/so101_ws/install/so101_kinematics/share/so101_kinematics/hook/cmake_prefix_path.dsv'
[0.718s] INFO:colcon.colcon_core.shell:Creating environment hook '/home/marsuser/so101_ws/install/so101_kinematics/share/so101_kinematics/hook/cmake_prefix_path.sh'
[0.718s] Level 1:colcon.colcon_core.environment:checking '/home/marsuser/so101_ws/install/so101_kinematics/lib'
[0.718s] Level 1:colcon.colcon_core.shell:create_environment_hook('so101_kinematics', 'ld_library_path_lib')
[0.719s] INFO:colcon.colcon_core.shell:Creating environment hook '/home/marsuser/so101_ws/install/so101_kinematics/share/so101_kinematics/hook/ld_library_path_lib.ps1'
[0.719s] INFO:colcon.colcon_core.shell:Creating environment descriptor '/home/marsuser/so101_ws/install/so101_kinematics/share/so101_kinematics/hook/ld_library_path_lib.dsv'
[0.719s] INFO:colcon.colcon_core.shell:Creating environment hook '/home/marsuser/so101_ws/install/so101_kinematics/share/so101_kinematics/hook/ld_library_path_lib.sh'
[0.720s] Level 1:colcon.colcon_core.environment:checking '/home/marsuser/so101_ws/install/so101_kinematics/bin'
[0.720s] Level 1:colcon.colcon_core.environment:checking '/home/marsuser/so101_ws/install/so101_kinematics/lib/pkgconfig/so101_kinematics.pc'
[0.720s] Level 1:colcon.colcon_core.environment:checking '/home/marsuser/so101_ws/install/so101_kinematics/lib/python3.10/site-packages'
[0.720s] Level 1:colcon.colcon_core.environment:checking '/home/marsuser/so101_ws/install/so101_kinematics/bin'
[0.720s] INFO:colcon.colcon_core.shell:Creating package script '/home/marsuser/so101_ws/install/so101_kinematics/share/so101_kinematics/package.ps1'
[0.721s] INFO:colcon.colcon_core.shell:Creating package descriptor '/home/marsuser/so101_ws/install/so101_kinematics/share/so101_kinematics/package.dsv'
[0.722s] INFO:colcon.colcon_core.shell:Creating package script '/home/marsuser/so101_ws/install/so101_kinematics/share/so101_kinematics/package.sh'
[0.722s] INFO:colcon.colcon_core.shell:Creating package script '/home/marsuser/so101_ws/install/so101_kinematics/share/so101_kinematics/package.bash'
[0.723s] INFO:colcon.colcon_core.shell:Creating package script '/home/marsuser/so101_ws/install/so101_kinematics/share/so101_kinematics/package.zsh'
[0.723s] Level 1:colcon.colcon_core.environment:create_file_with_runtime_dependencies(/home/marsuser/so101_ws/install/so101_kinematics/share/colcon-core/packages/so101_kinematics)
[0.724s] Level 1:colcon.colcon_core.environment:create_environment_scripts_only(so101_kinematics)
[0.724s] Level 1:colcon.colcon_core.environment:checking '/home/marsuser/so101_ws/install/so101_kinematics' for CMake module files
[0.724s] Level 1:colcon.colcon_core.environment:checking '/home/marsuser/so101_ws/install/so101_kinematics' for CMake config files
[0.725s] Level 1:colcon.colcon_core.shell:create_environment_hook('so101_kinematics', 'cmake_prefix_path')
[0.725s] INFO:colcon.colcon_core.shell:Creating environment hook '/home/marsuser/so101_ws/install/so101_kinematics/share/so101_kinematics/hook/cmake_prefix_path.ps1'
[0.725s] INFO:colcon.colcon_core.shell:Creating environment descriptor '/home/marsuser/so101_ws/install/so101_kinematics/share/so101_kinematics/hook/cmake_prefix_path.dsv'
[0.726s] INFO:colcon.colcon_core.shell:Creating environment hook '/home/marsuser/so101_ws/install/so101_kinematics/share/so101_kinematics/hook/cmake_prefix_path.sh'
[0.726s] Level 1:colcon.colcon_core.environment:checking '/home/marsuser/so101_ws/install/so101_kinematics/lib'
[0.726s] Level 1:colcon.colcon_core.shell:create_environment_hook('so101_kinematics', 'ld_library_path_lib')
[0.726s] INFO:colcon.colcon_core.shell:Creating environment hook '/home/marsuser/so101_ws/install/so101_kinematics/share/so101_kinematics/hook/ld_library_path_lib.ps1'
[0.726s] INFO:colcon.colcon_core.shell:Creating environment descriptor '/home/marsuser/so101_ws/install/so101_kinematics/share/so101_kinematics/hook/ld_library_path_lib.dsv'
[0.727s] INFO:colcon.colcon_core.shell:Creating environment hook '/home/marsuser/so101_ws/install/so101_kinematics/share/so101_kinematics/hook/ld_library_path_lib.sh'
[0.727s] Level 1:colcon.colcon_core.environment:checking '/home/marsuser/so101_ws/install/so101_kinematics/bin'
[0.727s] Level 1:colcon.colcon_core.environment:checking '/home/marsuser/so101_ws/install/so101_kinematics/lib/pkgconfig/so101_kinematics.pc'
[0.727s] Level 1:colcon.colcon_core.environment:checking '/home/marsuser/so101_ws/install/so101_kinematics/lib/python3.10/site-packages'
[0.728s] Level 1:colcon.colcon_core.environment:checking '/home/marsuser/so101_ws/install/so101_kinematics/bin'
[0.728s] INFO:colcon.colcon_core.shell:Creating package script '/home/marsuser/so101_ws/install/so101_kinematics/share/so101_kinematics/package.ps1'
[0.728s] INFO:colcon.colcon_core.shell:Creating package descriptor '/home/marsuser/so101_ws/install/so101_kinematics/share/so101_kinematics/package.dsv'
[0.729s] INFO:colcon.colcon_core.shell:Creating package script '/home/marsuser/so101_ws/install/so101_kinematics/share/so101_kinematics/package.sh'
[0.729s] INFO:colcon.colcon_core.shell:Creating package script '/home/marsuser/so101_ws/install/so101_kinematics/share/so101_kinematics/package.bash'
[0.730s] INFO:colcon.colcon_core.shell:Creating package script '/home/marsuser/so101_ws/install/so101_kinematics/share/so101_kinematics/package.zsh'
[0.730s] Level 1:colcon.colcon_core.environment:create_file_with_runtime_dependencies(/home/marsuser/so101_ws/install/so101_kinematics/share/colcon-core/packages/so101_kinematics)
[0.730s] Level 1:colcon.colcon_core.environment:create_environment_scripts_only(so101_description)
[0.730s] Level 1:colcon.colcon_core.environment:checking '/home/marsuser/so101_ws/install/so101_description' for CMake module files
[0.732s] DEBUG:colcon.colcon_core.event_handler.log_command:Invoked command in '/home/marsuser/so101_ws/build/so101_description' returned '0': CMAKE_PREFIX_PATH=${CMAKE_PREFIX_PATH}:/opt/ros/humble CONDA_PROMPT_MODIFIER=(lerobot) /home/marsuser/miniforge3/envs/lerobot/bin/cmake --install /home/marsuser/so101_ws/build/so101_description
[0.732s] Level 1:colcon.colcon_core.environment:checking '/home/marsuser/so101_ws/install/so101_description' for CMake config files
[0.733s] Level 1:colcon.colcon_core.shell:create_environment_hook('so101_description', 'cmake_prefix_path')
[0.733s] INFO:colcon.colcon_core.shell:Creating environment hook '/home/marsuser/so101_ws/install/so101_description/share/so101_description/hook/cmake_prefix_path.ps1'
[0.733s] INFO:colcon.colcon_core.shell:Creating environment descriptor '/home/marsuser/so101_ws/install/so101_description/share/so101_description/hook/cmake_prefix_path.dsv'
[0.733s] INFO:colcon.colcon_core.shell:Creating environment hook '/home/marsuser/so101_ws/install/so101_description/share/so101_description/hook/cmake_prefix_path.sh'
[0.734s] Level 1:colcon.colcon_core.environment:checking '/home/marsuser/so101_ws/install/so101_description/bin'
[0.734s] Level 1:colcon.colcon_core.environment:checking '/home/marsuser/so101_ws/install/so101_description/lib/pkgconfig/so101_description.pc'
[0.734s] Level 1:colcon.colcon_core.environment:checking '/home/marsuser/so101_ws/install/so101_description/lib/python3.10/site-packages'
[0.734s] Level 1:colcon.colcon_core.environment:checking '/home/marsuser/so101_ws/install/so101_description/bin'
[0.735s] INFO:colcon.colcon_core.shell:Creating package script '/home/marsuser/so101_ws/install/so101_description/share/so101_description/package.ps1'
[0.735s] INFO:colcon.colcon_core.shell:Creating package descriptor '/home/marsuser/so101_ws/install/so101_description/share/so101_description/package.dsv'
[0.735s] INFO:colcon.colcon_core.shell:Creating package script '/home/marsuser/so101_ws/install/so101_description/share/so101_description/package.sh'
[0.736s] INFO:colcon.colcon_core.shell:Creating package script '/home/marsuser/so101_ws/install/so101_description/share/so101_description/package.bash'
[0.736s] INFO:colcon.colcon_core.shell:Creating package script '/home/marsuser/so101_ws/install/so101_description/share/so101_description/package.zsh'
[0.736s] Level 1:colcon.colcon_core.environment:create_file_with_runtime_dependencies(/home/marsuser/so101_ws/install/so101_description/share/colcon-core/packages/so101_description)
[0.737s] Level 1:colcon.colcon_core.environment:create_environment_scripts_only(so101_description)
[0.737s] Level 1:colcon.colcon_core.environment:checking '/home/marsuser/so101_ws/install/so101_description' for CMake module files
[0.737s] Level 1:colcon.colcon_core.environment:checking '/home/marsuser/so101_ws/install/so101_description' for CMake config files
[0.738s] Level 1:colcon.colcon_core.shell:create_environment_hook('so101_description', 'cmake_prefix_path')
[0.738s] INFO:colcon.colcon_core.shell:Creating environment hook '/home/marsuser/so101_ws/install/so101_description/share/so101_description/hook/cmake_prefix_path.ps1'
[0.738s] INFO:colcon.colcon_core.shell:Creating environment descriptor '/home/marsuser/so101_ws/install/so101_description/share/so101_description/hook/cmake_prefix_path.dsv'
[0.739s] INFO:colcon.colcon_core.shell:Creating environment hook '/home/marsuser/so101_ws/install/so101_description/share/so101_description/hook/cmake_prefix_path.sh'
[0.739s] Level 1:colcon.colcon_core.environment:checking '/home/marsuser/so101_ws/install/so101_description/bin'
[0.739s] Level 1:colcon.colcon_core.environment:checking '/home/marsuser/so101_ws/install/so101_description/lib/pkgconfig/so101_description.pc'
[0.739s] Level 1:colcon.colcon_core.environment:checking '/home/marsuser/so101_ws/install/so101_description/lib/python3.10/site-packages'
[0.739s] Level 1:colcon.colcon_core.environment:checking '/home/marsuser/so101_ws/install/so101_description/bin'
[0.740s] INFO:colcon.colcon_core.shell:Creating package script '/home/marsuser/so101_ws/install/so101_description/share/so101_description/package.ps1'
[0.740s] INFO:colcon.colcon_core.shell:Creating package descriptor '/home/marsuser/so101_ws/install/so101_description/share/so101_description/package.dsv'
[0.740s] INFO:colcon.colcon_core.shell:Creating package script '/home/marsuser/so101_ws/install/so101_description/share/so101_description/package.sh'
[0.741s] INFO:colcon.colcon_core.shell:Creating package script '/home/marsuser/so101_ws/install/so101_description/share/so101_description/package.bash'
[0.741s] INFO:colcon.colcon_core.shell:Creating package script '/home/marsuser/so101_ws/install/so101_description/share/so101_description/package.zsh'
[0.741s] Level 1:colcon.colcon_core.environment:create_file_with_runtime_dependencies(/home/marsuser/so101_ws/install/so101_description/share/colcon-core/packages/so101_description)
[1.621s] Level 1:colcon.colcon_core.environment:create_environment_scripts_only(so101_msgs)
[1.621s] Level 1:colcon.colcon_core.environment:checking '/home/marsuser/so101_ws/install/so101_msgs' for CMake module files
[1.621s] DEBUG:colcon.colcon_core.event_handler.log_command:Invoked command in '/home/marsuser/so101_ws/build/so101_msgs' returned '0': CMAKE_PREFIX_PATH=${CMAKE_PREFIX_PATH}:/opt/ros/humble CONDA_PROMPT_MODIFIER=(lerobot) /home/marsuser/miniforge3/envs/lerobot/bin/cmake --install /home/marsuser/so101_ws/build/so101_msgs
[1.622s] Level 1:colcon.colcon_core.environment:checking '/home/marsuser/so101_ws/install/so101_msgs' for CMake config files
[1.623s] Level 1:colcon.colcon_core.shell:create_environment_hook('so101_msgs', 'cmake_prefix_path')
[1.623s] INFO:colcon.colcon_core.shell:Creating environment hook '/home/marsuser/so101_ws/install/so101_msgs/share/so101_msgs/hook/cmake_prefix_path.ps1'
[1.623s] INFO:colcon.colcon_core.shell:Creating environment descriptor '/home/marsuser/so101_ws/install/so101_msgs/share/so101_msgs/hook/cmake_prefix_path.dsv'
[1.624s] INFO:colcon.colcon_core.shell:Creating environment hook '/home/marsuser/so101_ws/install/so101_msgs/share/so101_msgs/hook/cmake_prefix_path.sh'
[1.624s] Level 1:colcon.colcon_core.environment:checking '/home/marsuser/so101_ws/install/so101_msgs/lib'
[1.624s] Level 1:colcon.colcon_core.shell:create_environment_hook('so101_msgs', 'ld_library_path_lib')
[1.624s] INFO:colcon.colcon_core.shell:Creating environment hook '/home/marsuser/so101_ws/install/so101_msgs/share/so101_msgs/hook/ld_library_path_lib.ps1'
[1.625s] INFO:colcon.colcon_core.shell:Creating environment descriptor '/home/marsuser/so101_ws/install/so101_msgs/share/so101_msgs/hook/ld_library_path_lib.dsv'
[1.625s] INFO:colcon.colcon_core.shell:Creating environment hook '/home/marsuser/so101_ws/install/so101_msgs/share/so101_msgs/hook/ld_library_path_lib.sh'
[1.626s] Level 1:colcon.colcon_core.environment:checking '/home/marsuser/so101_ws/install/so101_msgs/bin'
[1.626s] Level 1:colcon.colcon_core.environment:checking '/home/marsuser/so101_ws/install/so101_msgs/lib/pkgconfig/so101_msgs.pc'
[1.626s] Level 1:colcon.colcon_core.environment:checking '/home/marsuser/so101_ws/install/so101_msgs/lib/python3.10/site-packages'
[1.626s] Level 1:colcon.colcon_core.environment:checking '/home/marsuser/so101_ws/install/so101_msgs/bin'
[1.626s] INFO:colcon.colcon_core.shell:Creating package script '/home/marsuser/so101_ws/install/so101_msgs/share/so101_msgs/package.ps1'
[1.627s] INFO:colcon.colcon_core.shell:Creating package descriptor '/home/marsuser/so101_ws/install/so101_msgs/share/so101_msgs/package.dsv'
[1.627s] INFO:colcon.colcon_core.shell:Creating package script '/home/marsuser/so101_ws/install/so101_msgs/share/so101_msgs/package.sh'
[1.628s] INFO:colcon.colcon_core.shell:Creating package script '/home/marsuser/so101_ws/install/so101_msgs/share/so101_msgs/package.bash'
[1.628s] INFO:colcon.colcon_core.shell:Creating package script '/home/marsuser/so101_ws/install/so101_msgs/share/so101_msgs/package.zsh'
[1.628s] Level 1:colcon.colcon_core.environment:create_file_with_runtime_dependencies(/home/marsuser/so101_ws/install/so101_msgs/share/colcon-core/packages/so101_msgs)
[1.629s] Level 1:colcon.colcon_core.environment:create_environment_scripts_only(so101_msgs)
[1.629s] Level 1:colcon.colcon_core.environment:checking '/home/marsuser/so101_ws/install/so101_msgs' for CMake module files
[1.630s] Level 1:colcon.colcon_core.environment:checking '/home/marsuser/so101_ws/install/so101_msgs' for CMake config files
[1.631s] Level 1:colcon.colcon_core.shell:create_environment_hook('so101_msgs', 'cmake_prefix_path')
[1.631s] INFO:colcon.colcon_core.shell:Creating environment hook '/home/marsuser/so101_ws/install/so101_msgs/share/so101_msgs/hook/cmake_prefix_path.ps1'
[1.631s] INFO:colcon.colcon_core.shell:Creating environment descriptor '/home/marsuser/so101_ws/install/so101_msgs/share/so101_msgs/hook/cmake_prefix_path.dsv'
[1.631s] INFO:colcon.colcon_core.shell:Creating environment hook '/home/marsuser/so101_ws/install/so101_msgs/share/so101_msgs/hook/cmake_prefix_path.sh'
[1.632s] Level 1:colcon.colcon_core.environment:checking '/home/marsuser/so101_ws/install/so101_msgs/lib'
[1.632s] Level 1:colcon.colcon_core.shell:create_environment_hook('so101_msgs', 'ld_library_path_lib')
[1.632s] INFO:colcon.colcon_core.shell:Creating environment hook '/home/marsuser/so101_ws/install/so101_msgs/share/so101_msgs/hook/ld_library_path_lib.ps1'
[1.633s] INFO:colcon.colcon_core.shell:Creating environment descriptor '/home/marsuser/so101_ws/install/so101_msgs/share/so101_msgs/hook/ld_library_path_lib.dsv'
[1.633s] INFO:colcon.colcon_core.shell:Creating environment hook '/home/marsuser/so101_ws/install/so101_msgs/share/so101_msgs/hook/ld_library_path_lib.sh'
[1.633s] Level 1:colcon.colcon_core.environment:checking '/home/marsuser/so101_ws/install/so101_msgs/bin'
[1.634s] Level 1:colcon.colcon_core.environment:checking '/home/marsuser/so101_ws/install/so101_msgs/lib/pkgconfig/so101_msgs.pc'
[1.634s] Level 1:colcon.colcon_core.environment:checking '/home/marsuser/so101_ws/install/so101_msgs/lib/python3.10/site-packages'
[1.634s] Level 1:colcon.colcon_core.environment:checking '/home/marsuser/so101_ws/install/so101_msgs/bin'
[1.634s] INFO:colcon.colcon_core.shell:Creating package script '/home/marsuser/so101_ws/install/so101_msgs/share/so101_msgs/package.ps1'
[1.635s] INFO:colcon.colcon_core.shell:Creating package descriptor '/home/marsuser/so101_ws/install/so101_msgs/share/so101_msgs/package.dsv'
[1.635s] INFO:colcon.colcon_core.shell:Creating package script '/home/marsuser/so101_ws/install/so101_msgs/share/so101_msgs/package.sh'
[1.636s] INFO:colcon.colcon_core.shell:Creating package script '/home/marsuser/so101_ws/install/so101_msgs/share/so101_msgs/package.bash'
[1.636s] INFO:colcon.colcon_core.shell:Creating package script '/home/marsuser/so101_ws/install/so101_msgs/share/so101_msgs/package.zsh'
[1.637s] Level 1:colcon.colcon_core.environment:create_file_with_runtime_dependencies(/home/marsuser/so101_ws/install/so101_msgs/share/colcon-core/packages/so101_msgs)
[1.637s] INFO:colcon.colcon_ros.task.ament_cmake.build:Building ROS package in '/home/marsuser/so101_ws/src/so101_bringup' with build type 'ament_cmake'
[1.637s] INFO:colcon.colcon_cmake.task.cmake.build:Building CMake package in '/home/marsuser/so101_ws/src/so101_bringup'
[1.638s] INFO:colcon.colcon_core.shell:Skip shell extension 'powershell' for command environment: Not usable outside of PowerShell
[1.638s] DEBUG:colcon.colcon_core.shell:Skip shell extension 'dsv' for command environment
[1.650s] DEBUG:colcon.colcon_core.event_handler.log_command:Invoking command in '/home/marsuser/so101_ws/build/so101_bringup': AMENT_PREFIX_PATH=/home/marsuser/so101_ws/install/so101_msgs:/home/marsuser/so101_ws/install/so101_kinematics:/home/marsuser/so101_ws/install/so101_description:${AMENT_PREFIX_PATH} CMAKE_PREFIX_PATH=/home/marsuser/so101_ws/install/so101_msgs:/home/marsuser/so101_ws/install/so101_kinematics:/home/marsuser/so101_ws/install/so101_description:/opt/openrobots:/opt/openrobots:/opt/ros/humble CONDA_PROMPT_MODIFIER=(lerobot) LD_LIBRARY_PATH=/home/marsuser/so101_ws/install/so101_msgs/lib:/home/marsuser/so101_ws/install/so101_kinematics/lib:/usr/local/cuda/lib64:/opt/openrobots/lib:/opt/ros/humble/opt/rviz_ogre_vendor/lib:/opt/ros/humble/lib/x86_64-linux-gnu:/opt/ros/humble/lib:/usr/local/cuda/lib64:/opt/openrobots/lib PYTHONPATH=/home/marsuser/so101_ws/install/so101_msgs/local/lib/python3.10/dist-packages:${PYTHONPATH} /home/marsuser/miniforge3/envs/lerobot/bin/cmake /home/marsuser/so101_ws/src/so101_bringup -DAMENT_CMAKE_SYMLINK_INSTALL=1 -DCMAKE_INSTALL_PREFIX=/home/marsuser/so101_ws/install/so101_bringup
[2.810s] DEBUG:colcon.colcon_core.event_handler.log_command:Invoked command in '/home/marsuser/so101_ws/build/so101_bringup' returned '0': AMENT_PREFIX_PATH=/home/marsuser/so101_ws/install/so101_msgs:/home/marsuser/so101_ws/install/so101_kinematics:/home/marsuser/so101_ws/install/so101_description:${AMENT_PREFIX_PATH} CMAKE_PREFIX_PATH=/home/marsuser/so101_ws/install/so101_msgs:/home/marsuser/so101_ws/install/so101_kinematics:/home/marsuser/so101_ws/install/so101_description:/opt/openrobots:/opt/openrobots:/opt/ros/humble CONDA_PROMPT_MODIFIER=(lerobot) LD_LIBRARY_PATH=/home/marsuser/so101_ws/install/so101_msgs/lib:/home/marsuser/so101_ws/install/so101_kinematics/lib:/usr/local/cuda/lib64:/opt/openrobots/lib:/opt/ros/humble/opt/rviz_ogre_vendor/lib:/opt/ros/humble/lib/x86_64-linux-gnu:/opt/ros/humble/lib:/usr/local/cuda/lib64:/opt/openrobots/lib PYTHONPATH=/home/marsuser/so101_ws/install/so101_msgs/local/lib/python3.10/dist-packages:${PYTHONPATH} /home/marsuser/miniforge3/envs/lerobot/bin/cmake /home/marsuser/so101_ws/src/so101_bringup -DAMENT_CMAKE_SYMLINK_INSTALL=1 -DCMAKE_INSTALL_PREFIX=/home/marsuser/so101_ws/install/so101_bringup
[2.812s] DEBUG:colcon.colcon_core.event_handler.log_command:Invoking command in '/home/marsuser/so101_ws/build/so101_bringup': AMENT_PREFIX_PATH=/home/marsuser/so101_ws/install/so101_msgs:/home/marsuser/so101_ws/install/so101_kinematics:/home/marsuser/so101_ws/install/so101_description:${AMENT_PREFIX_PATH} CMAKE_PREFIX_PATH=/home/marsuser/so101_ws/install/so101_msgs:/home/marsuser/so101_ws/install/so101_kinematics:/home/marsuser/so101_ws/install/so101_description:/opt/openrobots:/opt/openrobots:/opt/ros/humble CONDA_PROMPT_MODIFIER=(lerobot) LD_LIBRARY_PATH=/home/marsuser/so101_ws/install/so101_msgs/lib:/home/marsuser/so101_ws/install/so101_kinematics/lib:/usr/local/cuda/lib64:/opt/openrobots/lib:/opt/ros/humble/opt/rviz_ogre_vendor/lib:/opt/ros/humble/lib/x86_64-linux-gnu:/opt/ros/humble/lib:/usr/local/cuda/lib64:/opt/openrobots/lib PYTHONPATH=/home/marsuser/so101_ws/install/so101_msgs/local/lib/python3.10/dist-packages:${PYTHONPATH} /home/marsuser/miniforge3/envs/lerobot/bin/cmake --build /home/marsuser/so101_ws/build/so101_bringup -- -j32 -l32
[22.693s] DEBUG:colcon.colcon_core.event_handler.log_command:Invoked command in '/home/marsuser/so101_ws/build/so101_bringup' returned '0': AMENT_PREFIX_PATH=/home/marsuser/so101_ws/install/so101_msgs:/home/marsuser/so101_ws/install/so101_kinematics:/home/marsuser/so101_ws/install/so101_description:${AMENT_PREFIX_PATH} CMAKE_PREFIX_PATH=/home/marsuser/so101_ws/install/so101_msgs:/home/marsuser/so101_ws/install/so101_kinematics:/home/marsuser/so101_ws/install/so101_description:/opt/openrobots:/opt/openrobots:/opt/ros/humble CONDA_PROMPT_MODIFIER=(lerobot) LD_LIBRARY_PATH=/home/marsuser/so101_ws/install/so101_msgs/lib:/home/marsuser/so101_ws/install/so101_kinematics/lib:/usr/local/cuda/lib64:/opt/openrobots/lib:/opt/ros/humble/opt/rviz_ogre_vendor/lib:/opt/ros/humble/lib/x86_64-linux-gnu:/opt/ros/humble/lib:/usr/local/cuda/lib64:/opt/openrobots/lib PYTHONPATH=/home/marsuser/so101_ws/install/so101_msgs/local/lib/python3.10/dist-packages:${PYTHONPATH} /home/marsuser/miniforge3/envs/lerobot/bin/cmake --build /home/marsuser/so101_ws/build/so101_bringup -- -j32 -l32
[22.695s] DEBUG:colcon.colcon_core.event_handler.log_command:Invoking command in '/home/marsuser/so101_ws/build/so101_bringup': AMENT_PREFIX_PATH=/home/marsuser/so101_ws/install/so101_msgs:/home/marsuser/so101_ws/install/so101_kinematics:/home/marsuser/so101_ws/install/so101_description:${AMENT_PREFIX_PATH} CMAKE_PREFIX_PATH=/home/marsuser/so101_ws/install/so101_msgs:/home/marsuser/so101_ws/install/so101_kinematics:/home/marsuser/so101_ws/install/so101_description:/opt/openrobots:/opt/openrobots:/opt/ros/humble CONDA_PROMPT_MODIFIER=(lerobot) LD_LIBRARY_PATH=/home/marsuser/so101_ws/install/so101_msgs/lib:/home/marsuser/so101_ws/install/so101_kinematics/lib:/usr/local/cuda/lib64:/opt/openrobots/lib:/opt/ros/humble/opt/rviz_ogre_vendor/lib:/opt/ros/humble/lib/x86_64-linux-gnu:/opt/ros/humble/lib:/usr/local/cuda/lib64:/opt/openrobots/lib PYTHONPATH=/home/marsuser/so101_ws/install/so101_msgs/local/lib/python3.10/dist-packages:${PYTHONPATH} /home/marsuser/miniforge3/envs/lerobot/bin/cmake --install /home/marsuser/so101_ws/build/so101_bringup
[22.852s] Level 1:colcon.colcon_core.environment:create_environment_scripts_only(so101_bringup)
[22.852s] Level 1:colcon.colcon_core.environment:checking '/home/marsuser/so101_ws/install/so101_bringup' for CMake module files
[22.853s] DEBUG:colcon.colcon_core.event_handler.log_command:Invoked command in '/home/marsuser/so101_ws/build/so101_bringup' returned '0': AMENT_PREFIX_PATH=/home/marsuser/so101_ws/install/so101_msgs:/home/marsuser/so101_ws/install/so101_kinematics:/home/marsuser/so101_ws/install/so101_description:${AMENT_PREFIX_PATH} CMAKE_PREFIX_PATH=/home/marsuser/so101_ws/install/so101_msgs:/home/marsuser/so101_ws/install/so101_kinematics:/home/marsuser/so101_ws/install/so101_description:/opt/openrobots:/opt/openrobots:/opt/ros/humble CONDA_PROMPT_MODIFIER=(lerobot) LD_LIBRARY_PATH=/home/marsuser/so101_ws/install/so101_msgs/lib:/home/marsuser/so101_ws/install/so101_kinematics/lib:/usr/local/cuda/lib64:/opt/openrobots/lib:/opt/ros/humble/opt/rviz_ogre_vendor/lib:/opt/ros/humble/lib/x86_64-linux-gnu:/opt/ros/humble/lib:/usr/local/cuda/lib64:/opt/openrobots/lib PYTHONPATH=/home/marsuser/so101_ws/install/so101_msgs/local/lib/python3.10/dist-packages:${PYTHONPATH} /home/marsuser/miniforge3/envs/lerobot/bin/cmake --install /home/marsuser/so101_ws/build/so101_bringup
[22.853s] Level 1:colcon.colcon_core.environment:checking '/home/marsuser/so101_ws/install/so101_bringup' for CMake config files
[22.854s] Level 1:colcon.colcon_core.shell:create_environment_hook('so101_bringup', 'cmake_prefix_path')
[22.854s] INFO:colcon.colcon_core.shell:Creating environment hook '/home/marsuser/so101_ws/install/so101_bringup/share/so101_bringup/hook/cmake_prefix_path.ps1'
[22.854s] INFO:colcon.colcon_core.shell:Creating environment descriptor '/home/marsuser/so101_ws/install/so101_bringup/share/so101_bringup/hook/cmake_prefix_path.dsv'
[22.855s] INFO:colcon.colcon_core.shell:Creating environment hook '/home/marsuser/so101_ws/install/so101_bringup/share/so101_bringup/hook/cmake_prefix_path.sh'
[22.855s] Level 1:colcon.colcon_core.environment:checking '/home/marsuser/so101_ws/install/so101_bringup/lib'
[22.855s] Level 1:colcon.colcon_core.environment:checking '/home/marsuser/so101_ws/install/so101_bringup/bin'
[22.855s] Level 1:colcon.colcon_core.environment:checking '/home/marsuser/so101_ws/install/so101_bringup/lib/pkgconfig/so101_bringup.pc'
[22.855s] Level 1:colcon.colcon_core.environment:checking '/home/marsuser/so101_ws/install/so101_bringup/lib/python3.10/site-packages'
[22.855s] Level 1:colcon.colcon_core.environment:checking '/home/marsuser/so101_ws/install/so101_bringup/bin'
[22.856s] INFO:colcon.colcon_core.shell:Creating package script '/home/marsuser/so101_ws/install/so101_bringup/share/so101_bringup/package.ps1'
[22.856s] INFO:colcon.colcon_core.shell:Creating package descriptor '/home/marsuser/so101_ws/install/so101_bringup/share/so101_bringup/package.dsv'
[22.856s] INFO:colcon.colcon_core.shell:Creating package script '/home/marsuser/so101_ws/install/so101_bringup/share/so101_bringup/package.sh'
[22.857s] INFO:colcon.colcon_core.shell:Creating package script '/home/marsuser/so101_ws/install/so101_bringup/share/so101_bringup/package.bash'
[22.857s] INFO:colcon.colcon_core.shell:Creating package script '/home/marsuser/so101_ws/install/so101_bringup/share/so101_bringup/package.zsh'
[22.857s] Level 1:colcon.colcon_core.environment:create_file_with_runtime_dependencies(/home/marsuser/so101_ws/install/so101_bringup/share/colcon-core/packages/so101_bringup)
[22.858s] Level 1:colcon.colcon_core.environment:create_environment_scripts_only(so101_bringup)
[22.858s] Level 1:colcon.colcon_core.environment:checking '/home/marsuser/so101_ws/install/so101_bringup' for CMake module files
[22.858s] Level 1:colcon.colcon_core.environment:checking '/home/marsuser/so101_ws/install/so101_bringup' for CMake config files
[22.858s] Level 1:colcon.colcon_core.shell:create_environment_hook('so101_bringup', 'cmake_prefix_path')
[22.859s] INFO:colcon.colcon_core.shell:Creating environment hook '/home/marsuser/so101_ws/install/so101_bringup/share/so101_bringup/hook/cmake_prefix_path.ps1'
[22.859s] INFO:colcon.colcon_core.shell:Creating environment descriptor '/home/marsuser/so101_ws/install/so101_bringup/share/so101_bringup/hook/cmake_prefix_path.dsv'
[22.859s] INFO:colcon.colcon_core.shell:Creating environment hook '/home/marsuser/so101_ws/install/so101_bringup/share/so101_bringup/hook/cmake_prefix_path.sh'
[22.859s] Level 1:colcon.colcon_core.environment:checking '/home/marsuser/so101_ws/install/so101_bringup/lib'
[22.859s] Level 1:colcon.colcon_core.environment:checking '/home/marsuser/so101_ws/install/so101_bringup/bin'
[22.859s] Level 1:colcon.colcon_core.environment:checking '/home/marsuser/so101_ws/install/so101_bringup/lib/pkgconfig/so101_bringup.pc'
[22.860s] Level 1:colcon.colcon_core.environment:checking '/home/marsuser/so101_ws/install/so101_bringup/lib/python3.10/site-packages'
[22.860s] Level 1:colcon.colcon_core.environment:checking '/home/marsuser/so101_ws/install/so101_bringup/bin'
[22.860s] INFO:colcon.colcon_core.shell:Creating package script '/home/marsuser/so101_ws/install/so101_bringup/share/so101_bringup/package.ps1'
[22.860s] INFO:colcon.colcon_core.shell:Creating package descriptor '/home/marsuser/so101_ws/install/so101_bringup/share/so101_bringup/package.dsv'
[22.861s] INFO:colcon.colcon_core.shell:Creating package script '/home/marsuser/so101_ws/install/so101_bringup/share/so101_bringup/package.sh'
[22.861s] INFO:colcon.colcon_core.shell:Creating package script '/home/marsuser/so101_ws/install/so101_bringup/share/so101_bringup/package.bash'
[22.861s] INFO:colcon.colcon_core.shell:Creating package script '/home/marsuser/so101_ws/install/so101_bringup/share/so101_bringup/package.zsh'
[22.862s] Level 1:colcon.colcon_core.environment:create_file_with_runtime_dependencies(/home/marsuser/so101_ws/install/so101_bringup/share/colcon-core/packages/so101_bringup)
[22.862s] DEBUG:colcon.colcon_parallel_executor.executor.parallel:closing loop
[22.862s] DEBUG:colcon.colcon_parallel_executor.executor.parallel:loop closed
[22.862s] DEBUG:colcon.colcon_parallel_executor.executor.parallel:run_until_complete finished with '0'
[22.862s] DEBUG:colcon.colcon_core.event_reactor:joining thread
[22.867s] INFO:colcon.colcon_core.plugin_system:Skipping extension 'colcon_notification.desktop_notification.terminal_notifier': Not used on non-Darwin systems
[22.867s] INFO:colcon.colcon_core.plugin_system:Skipping extension 'colcon_notification.desktop_notification.win32': Not used on non-Windows systems
[22.867s] INFO:colcon.colcon_notification.desktop_notification:Sending desktop notification using 'notify2'
[22.876s] DEBUG:colcon.colcon_core.event_reactor:joined thread
[22.876s] INFO:colcon.colcon_core.shell:Creating prefix script '/home/marsuser/so101_ws/install/local_setup.ps1'
[22.877s] INFO:colcon.colcon_core.shell:Creating prefix util module '/home/marsuser/so101_ws/install/_local_setup_util_ps1.py'
[22.878s] INFO:colcon.colcon_core.shell:Creating prefix chain script '/home/marsuser/so101_ws/install/setup.ps1'
[22.879s] INFO:colcon.colcon_core.shell:Creating prefix script '/home/marsuser/so101_ws/install/local_setup.sh'
[22.879s] INFO:colcon.colcon_core.shell:Creating prefix util module '/home/marsuser/so101_ws/install/_local_setup_util_sh.py'
[22.879s] INFO:colcon.colcon_core.shell:Creating prefix chain script '/home/marsuser/so101_ws/install/setup.sh'
[22.880s] INFO:colcon.colcon_core.shell:Creating prefix script '/home/marsuser/so101_ws/install/local_setup.bash'
[22.880s] INFO:colcon.colcon_core.shell:Creating prefix chain script '/home/marsuser/so101_ws/install/setup.bash'
[22.881s] INFO:colcon.colcon_core.shell:Creating prefix script '/home/marsuser/so101_ws/install/local_setup.zsh'
[22.881s] INFO:colcon.colcon_core.shell:Creating prefix chain script '/home/marsuser/so101_ws/install/setup.zsh'
