running egg_info
creating ../../build/so101_input_keyboard/so101_input_keyboard.egg-info
writing ../../build/so101_input_keyboard/so101_input_keyboard.egg-info/PKG-INFO
writing dependency_links to ../../build/so101_input_keyboard/so101_input_keyboard.egg-info/dependency_links.txt
writing entry points to ../../build/so101_input_keyboard/so101_input_keyboard.egg-info/entry_points.txt
writing requirements to ../../build/so101_input_keyboard/so101_input_keyboard.egg-info/requires.txt
writing top-level names to ../../build/so101_input_keyboard/so101_input_keyboard.egg-info/top_level.txt
writing manifest file '../../build/so101_input_keyboard/so101_input_keyboard.egg-info/SOURCES.txt'
reading manifest file '../../build/so101_input_keyboard/so101_input_keyboard.egg-info/SOURCES.txt'
writing manifest file '../../build/so101_input_keyboard/so101_input_keyboard.egg-info/SOURCES.txt'
running build
running build_py
creating /home/marsuser/so101_ws/build/so101_input_keyboard/build
creating /home/marsuser/so101_ws/build/so101_input_keyboard/build/lib
creating /home/marsuser/so101_ws/build/so101_input_keyboard/build/lib/so101_input_keyboard
copying so101_input_keyboard/keyboard_servo.py -> /home/marsuser/so101_ws/build/so101_input_keyboard/build/lib/so101_input_keyboard
copying so101_input_keyboard/__init__.py -> /home/marsuser/so101_ws/build/so101_input_keyboard/build/lib/so101_input_keyboard
running install
running install_lib
creating /home/marsuser/so101_ws/install/so101_input_keyboard/lib/python3.10/site-packages/so101_input_keyboard
copying /home/marsuser/so101_ws/build/so101_input_keyboard/build/lib/so101_input_keyboard/keyboard_servo.py -> /home/marsuser/so101_ws/install/so101_input_keyboard/lib/python3.10/site-packages/so101_input_keyboard
copying /home/marsuser/so101_ws/build/so101_input_keyboard/build/lib/so101_input_keyboard/__init__.py -> /home/marsuser/so101_ws/install/so101_input_keyboard/lib/python3.10/site-packages/so101_input_keyboard
byte-compiling /home/marsuser/so101_ws/install/so101_input_keyboard/lib/python3.10/site-packages/so101_input_keyboard/keyboard_servo.py to keyboard_servo.cpython-310.pyc
byte-compiling /home/marsuser/so101_ws/install/so101_input_keyboard/lib/python3.10/site-packages/so101_input_keyboard/__init__.py to __init__.cpython-310.pyc
running install_data
creating /home/marsuser/so101_ws/install/so101_input_keyboard/share/ament_index
creating /home/marsuser/so101_ws/install/so101_input_keyboard/share/ament_index/resource_index
creating /home/marsuser/so101_ws/install/so101_input_keyboard/share/ament_index/resource_index/packages
copying resource/so101_input_keyboard -> /home/marsuser/so101_ws/install/so101_input_keyboard/share/ament_index/resource_index/packages
copying package.xml -> /home/marsuser/so101_ws/install/so101_input_keyboard/share/so101_input_keyboard
running install_egg_info
Copying ../../build/so101_input_keyboard/so101_input_keyboard.egg-info to /home/marsuser/so101_ws/install/so101_input_keyboard/lib/python3.10/site-packages/so101_input_keyboard-0.1.0-py3.10.egg-info
running install_scripts
Installing keyboard_servo script to /home/marsuser/so101_ws/install/so101_input_keyboard/lib/so101_input_keyboard
writing list of installed files to '/home/marsuser/so101_ws/build/so101_input_keyboard/install.log'
