[0.485s] Invoking command in '/home/marsuser/so101_ws/src/so101_input_keyboard': AMENT_PREFIX_PATH=/home/marsuser/so101_ws/install/so101_msgs:${AMENT_PREFIX_PATH} CMAKE_PREFIX_PATH=/home/marsuser/so101_ws/install/so101_msgs:/opt/openrobots LD_LIBRARY_PATH=/home/marsuser/so101_ws/install/so101_msgs/lib:/opt/ros/humble/opt/rviz_ogre_vendor/lib:/opt/ros/humble/lib/x86_64-linux-gnu:/opt/ros/humble/lib:/usr/local/cuda/lib64:/opt/openrobots/lib PYTHONPATH=/home/marsuser/so101_ws/build/so101_input_keyboard/prefix_override:/usr/lib/python3/dist-packages/colcon_core/task/python/colcon_distutils_commands:/home/marsuser/so101_ws/install/so101_input_keyboard/lib/python3.10/site-packages:/home/marsuser/so101_ws/install/so101_msgs/local/lib/python3.10/dist-packages:${PYTHONPATH} /usr/bin/python3 -W ignore:setup.py install is deprecated -W ignore:easy_install command is deprecated setup.py egg_info --egg-base ../../build/so101_input_keyboard build --build-base /home/marsuser/so101_ws/build/so101_input_keyboard/build install --record /home/marsuser/so101_ws/build/so101_input_keyboard/install.log --single-version-externally-managed install_data
[0.654s] running egg_info
[0.654s] creating ../../build/so101_input_keyboard/so101_input_keyboard.egg-info
[0.654s] writing ../../build/so101_input_keyboard/so101_input_keyboard.egg-info/PKG-INFO
[0.654s] writing dependency_links to ../../build/so101_input_keyboard/so101_input_keyboard.egg-info/dependency_links.txt
[0.654s] writing entry points to ../../build/so101_input_keyboard/so101_input_keyboard.egg-info/entry_points.txt
[0.655s] writing requirements to ../../build/so101_input_keyboard/so101_input_keyboard.egg-info/requires.txt
[0.655s] writing top-level names to ../../build/so101_input_keyboard/so101_input_keyboard.egg-info/top_level.txt
[0.655s] writing manifest file '../../build/so101_input_keyboard/so101_input_keyboard.egg-info/SOURCES.txt'
[0.656s] reading manifest file '../../build/so101_input_keyboard/so101_input_keyboard.egg-info/SOURCES.txt'
[0.656s] writing manifest file '../../build/so101_input_keyboard/so101_input_keyboard.egg-info/SOURCES.txt'
[0.656s] running build
[0.656s] running build_py
[0.656s] creating /home/marsuser/so101_ws/build/so101_input_keyboard/build
[0.657s] creating /home/marsuser/so101_ws/build/so101_input_keyboard/build/lib
[0.657s] creating /home/marsuser/so101_ws/build/so101_input_keyboard/build/lib/so101_input_keyboard
[0.657s] copying so101_input_keyboard/keyboard_servo.py -> /home/marsuser/so101_ws/build/so101_input_keyboard/build/lib/so101_input_keyboard
[0.657s] copying so101_input_keyboard/__init__.py -> /home/marsuser/so101_ws/build/so101_input_keyboard/build/lib/so101_input_keyboard
[0.657s] running install
[0.657s] running install_lib
[0.657s] creating /home/marsuser/so101_ws/install/so101_input_keyboard/lib/python3.10/site-packages/so101_input_keyboard
[0.658s] copying /home/marsuser/so101_ws/build/so101_input_keyboard/build/lib/so101_input_keyboard/keyboard_servo.py -> /home/marsuser/so101_ws/install/so101_input_keyboard/lib/python3.10/site-packages/so101_input_keyboard
[0.658s] copying /home/marsuser/so101_ws/build/so101_input_keyboard/build/lib/so101_input_keyboard/__init__.py -> /home/marsuser/so101_ws/install/so101_input_keyboard/lib/python3.10/site-packages/so101_input_keyboard
[0.658s] byte-compiling /home/marsuser/so101_ws/install/so101_input_keyboard/lib/python3.10/site-packages/so101_input_keyboard/keyboard_servo.py to keyboard_servo.cpython-310.pyc
[0.659s] byte-compiling /home/marsuser/so101_ws/install/so101_input_keyboard/lib/python3.10/site-packages/so101_input_keyboard/__init__.py to __init__.cpython-310.pyc
[0.659s] running install_data
[0.659s] creating /home/marsuser/so101_ws/install/so101_input_keyboard/share/ament_index
[0.659s] creating /home/marsuser/so101_ws/install/so101_input_keyboard/share/ament_index/resource_index
[0.659s] creating /home/marsuser/so101_ws/install/so101_input_keyboard/share/ament_index/resource_index/packages
[0.659s] copying resource/so101_input_keyboard -> /home/marsuser/so101_ws/install/so101_input_keyboard/share/ament_index/resource_index/packages
[0.659s] copying package.xml -> /home/marsuser/so101_ws/install/so101_input_keyboard/share/so101_input_keyboard
[0.659s] running install_egg_info
[0.660s] Copying ../../build/so101_input_keyboard/so101_input_keyboard.egg-info to /home/marsuser/so101_ws/install/so101_input_keyboard/lib/python3.10/site-packages/so101_input_keyboard-0.1.0-py3.10.egg-info
[0.661s] running install_scripts
[0.676s] Installing keyboard_servo script to /home/marsuser/so101_ws/install/so101_input_keyboard/lib/so101_input_keyboard
[0.676s] writing list of installed files to '/home/marsuser/so101_ws/build/so101_input_keyboard/install.log'
[0.697s] Invoked command in '/home/marsuser/so101_ws/src/so101_input_keyboard' returned '0': AMENT_PREFIX_PATH=/home/marsuser/so101_ws/install/so101_msgs:${AMENT_PREFIX_PATH} CMAKE_PREFIX_PATH=/home/marsuser/so101_ws/install/so101_msgs:/opt/openrobots LD_LIBRARY_PATH=/home/marsuser/so101_ws/install/so101_msgs/lib:/opt/ros/humble/opt/rviz_ogre_vendor/lib:/opt/ros/humble/lib/x86_64-linux-gnu:/opt/ros/humble/lib:/usr/local/cuda/lib64:/opt/openrobots/lib PYTHONPATH=/home/marsuser/so101_ws/build/so101_input_keyboard/prefix_override:/usr/lib/python3/dist-packages/colcon_core/task/python/colcon_distutils_commands:/home/marsuser/so101_ws/install/so101_input_keyboard/lib/python3.10/site-packages:/home/marsuser/so101_ws/install/so101_msgs/local/lib/python3.10/dist-packages:${PYTHONPATH} /usr/bin/python3 -W ignore:setup.py install is deprecated -W ignore:easy_install command is deprecated setup.py egg_info --egg-base ../../build/so101_input_keyboard build --build-base /home/marsuser/so101_ws/build/so101_input_keyboard/build install --record /home/marsuser/so101_ws/build/so101_input_keyboard/install.log --single-version-externally-managed install_data
