[0.011s] Invoking command in '/home/marsuser/so101_ws/build/so101_kinematics': CMAKE_PREFIX_PATH=${CMAKE_PREFIX_PATH}:/opt/ros/humble /usr/bin/cmake /home/marsuser/so101_ws/src/so101_kinematics -DAMENT_CMAKE_SYMLINK_INSTALL=1 -DCMAKE_INSTALL_PREFIX=/home/marsuser/so101_ws/install/so101_kinematics
[0.023s] -- Found ament_cmake: 1.3.14 (/opt/ros/humble/share/ament_cmake/cmake)
[0.108s] -- Override CMake install command with custom implementation using symlinks instead of copying resources
[0.122s] -- Found Boost: /usr/include (found version "1.74.0") found components: filesystem serialization 
[0.123s] -- coal FOUND. coal at /opt/openrobots/lib/libcoal.so
[0.128s] -- Found Boost: /usr/include (found version "1.74.0") found components: serialization filesystem 
[0.372s] -- Default C++ standard: 201703
[0.372s] -- C++ standard sufficient: Minimal required 17, currently defined: 17
[0.373s] -- C++ standard sufficient: Minimal required 17, currently defined: 17
[0.375s] -- Found ament_lint_auto: 0.12.15 (/opt/ros/humble/share/ament_lint_auto/cmake)
[0.424s] -- Configuring done
[0.431s] -- Generating done
[0.434s] -- Build files have been written to: /home/marsuser/so101_ws/build/so101_kinematics
[0.437s] Invoked command in '/home/marsuser/so101_ws/build/so101_kinematics' returned '0': CMAKE_PREFIX_PATH=${CMAKE_PREFIX_PATH}:/opt/ros/humble /usr/bin/cmake /home/marsuser/so101_ws/src/so101_kinematics -DAMENT_CMAKE_SYMLINK_INSTALL=1 -DCMAKE_INSTALL_PREFIX=/home/marsuser/so101_ws/install/so101_kinematics
[0.439s] Invoking command in '/home/marsuser/so101_ws/build/so101_kinematics': CMAKE_PREFIX_PATH=${CMAKE_PREFIX_PATH}:/opt/ros/humble /usr/bin/cmake --build /home/marsuser/so101_ws/build/so101_kinematics -- -j32 -l32
[0.475s] [35m[1mConsolidate compiler generated dependencies of target so101_kinematics[0m
[0.506s] [ 50%] Built target so101_kinematics
[0.516s] [35m[1mConsolidate compiler generated dependencies of target test_kinematics_node[0m
[0.546s] [ 75%] [32m[1mLinking CXX executable test_kinematics_node[0m
[0.674s] [100%] Built target test_kinematics_node
[0.685s] Invoked command in '/home/marsuser/so101_ws/build/so101_kinematics' returned '0': CMAKE_PREFIX_PATH=${CMAKE_PREFIX_PATH}:/opt/ros/humble /usr/bin/cmake --build /home/marsuser/so101_ws/build/so101_kinematics -- -j32 -l32
[0.686s] Invoking command in '/home/marsuser/so101_ws/build/so101_kinematics': CMAKE_PREFIX_PATH=${CMAKE_PREFIX_PATH}:/opt/ros/humble /usr/bin/cmake --install /home/marsuser/so101_ws/build/so101_kinematics
[0.693s] -- Install configuration: ""
[0.693s] -- Execute custom install script
[0.693s] -- Symlinking: /home/marsuser/so101_ws/install/so101_kinematics/include/so101_kinematics/so101_kinematics.hpp
[0.700s] -- Symlinking: /home/marsuser/so101_ws/install/so101_kinematics/lib/so101_kinematics/test_kinematics_node
[0.709s] -- Symlinking: /home/marsuser/so101_ws/install/so101_kinematics/share/so101_kinematics/environment/library_path.sh
[0.716s] -- Symlinking: /home/marsuser/so101_ws/install/so101_kinematics/share/so101_kinematics/environment/library_path.dsv
[0.723s] -- Symlinking: /home/marsuser/so101_ws/install/so101_kinematics/share/ament_index/resource_index/package_run_dependencies/so101_kinematics
[0.729s] -- Symlinking: /home/marsuser/so101_ws/install/so101_kinematics/share/ament_index/resource_index/parent_prefix_path/so101_kinematics
[0.737s] -- Symlinking: /home/marsuser/so101_ws/install/so101_kinematics/share/so101_kinematics/environment/ament_prefix_path.sh
[0.744s] -- Symlinking: /home/marsuser/so101_ws/install/so101_kinematics/share/so101_kinematics/environment/ament_prefix_path.dsv
[0.753s] -- Symlinking: /home/marsuser/so101_ws/install/so101_kinematics/share/so101_kinematics/environment/path.sh
[0.760s] -- Symlinking: /home/marsuser/so101_ws/install/so101_kinematics/share/so101_kinematics/environment/path.dsv
[0.767s] -- Symlinking: /home/marsuser/so101_ws/install/so101_kinematics/share/so101_kinematics/local_setup.bash
[0.773s] -- Symlinking: /home/marsuser/so101_ws/install/so101_kinematics/share/so101_kinematics/local_setup.sh
[0.780s] -- Symlinking: /home/marsuser/so101_ws/install/so101_kinematics/share/so101_kinematics/local_setup.zsh
[0.787s] -- Symlinking: /home/marsuser/so101_ws/install/so101_kinematics/share/so101_kinematics/local_setup.dsv
[0.794s] -- Symlinking: /home/marsuser/so101_ws/install/so101_kinematics/share/so101_kinematics/package.dsv
[0.800s] -- Symlinking: /home/marsuser/so101_ws/install/so101_kinematics/share/ament_index/resource_index/packages/so101_kinematics
[0.807s] -- Symlinking: /home/marsuser/so101_ws/install/so101_kinematics/share/so101_kinematics/cmake/ament_cmake_export_targets-extras.cmake
[0.813s] -- Symlinking: /home/marsuser/so101_ws/install/so101_kinematics/share/so101_kinematics/cmake/ament_cmake_export_dependencies-extras.cmake
[0.820s] -- Symlinking: /home/marsuser/so101_ws/install/so101_kinematics/share/so101_kinematics/cmake/ament_cmake_export_include_directories-extras.cmake
[0.828s] -- Symlinking: /home/marsuser/so101_ws/install/so101_kinematics/share/so101_kinematics/cmake/so101_kinematicsConfig.cmake
[0.836s] -- Symlinking: /home/marsuser/so101_ws/install/so101_kinematics/share/so101_kinematics/cmake/so101_kinematicsConfig-version.cmake
[0.843s] -- Symlinking: /home/marsuser/so101_ws/install/so101_kinematics/share/so101_kinematics/package.xml
[0.851s] -- Up-to-date: /home/marsuser/so101_ws/install/so101_kinematics/lib/libso101_kinematics.so
[0.851s] -- Up-to-date: /home/marsuser/so101_ws/install/so101_kinematics/share/so101_kinematics/cmake/export_so101_kinematicsExport.cmake
[0.851s] -- Up-to-date: /home/marsuser/so101_ws/install/so101_kinematics/share/so101_kinematics/cmake/export_so101_kinematicsExport-noconfig.cmake
[0.854s] Invoked command in '/home/marsuser/so101_ws/build/so101_kinematics' returned '0': CMAKE_PREFIX_PATH=${CMAKE_PREFIX_PATH}:/opt/ros/humble /usr/bin/cmake --install /home/marsuser/so101_ws/build/so101_kinematics
