[0.013s] Invoking command in '/home/marsuser/so101_ws/build/so101_kinematics': CMAKE_PREFIX_PATH=${CMAKE_PREFIX_PATH}:/opt/ros/humble CONDA_PROMPT_MODIFIER=(lerobot) /home/marsuser/miniforge3/envs/lerobot/bin/cmake --build /home/marsuser/so101_ws/build/so101_kinematics -- -j32 -l32
[0.160s] [ 50%] Built target so101_kinematics
[0.192s] [100%] Built target test_kinematics_node
[0.244s] Invoked command in '/home/marsuser/so101_ws/build/so101_kinematics' returned '0': CMAKE_PREFIX_PATH=${CMAKE_PREFIX_PATH}:/opt/ros/humble CONDA_PROMPT_MODIFIER=(lerobot) /home/marsuser/miniforge3/envs/lerobot/bin/cmake --build /home/marsuser/so101_ws/build/so101_kinematics -- -j32 -l32
[0.245s] Invoking command in '/home/marsuser/so101_ws/build/so101_kinematics': CMAKE_PREFIX_PATH=${CMAKE_PREFIX_PATH}:/opt/ros/humble CONDA_PROMPT_MODIFIER=(lerobot) /home/marsuser/miniforge3/envs/lerobot/bin/cmake --install /home/marsuser/so101_ws/build/so101_kinematics
[0.344s] -- Install configuration: ""
[0.345s] -- Execute custom install script
[0.345s] -- Up-to-date symlink: /home/marsuser/so101_ws/install/so101_kinematics/include/so101_kinematics/so101_kinematics.hpp
[0.345s] -- Up-to-date symlink: /home/marsuser/so101_ws/install/so101_kinematics/lib/so101_kinematics/test_kinematics_node
[0.345s] -- Up-to-date symlink: /home/marsuser/so101_ws/install/so101_kinematics/share/so101_kinematics/environment/library_path.sh
[0.345s] -- Up-to-date symlink: /home/marsuser/so101_ws/install/so101_kinematics/share/so101_kinematics/environment/library_path.dsv
[0.346s] -- Up-to-date symlink: /home/marsuser/so101_ws/install/so101_kinematics/share/ament_index/resource_index/package_run_dependencies/so101_kinematics
[0.346s] -- Up-to-date symlink: /home/marsuser/so101_ws/install/so101_kinematics/share/ament_index/resource_index/parent_prefix_path/so101_kinematics
[0.346s] -- Up-to-date symlink: /home/marsuser/so101_ws/install/so101_kinematics/share/so101_kinematics/environment/ament_prefix_path.sh
[0.346s] -- Up-to-date symlink: /home/marsuser/so101_ws/install/so101_kinematics/share/so101_kinematics/environment/ament_prefix_path.dsv
[0.346s] -- Up-to-date symlink: /home/marsuser/so101_ws/install/so101_kinematics/share/so101_kinematics/environment/path.sh
[0.346s] -- Up-to-date symlink: /home/marsuser/so101_ws/install/so101_kinematics/share/so101_kinematics/environment/path.dsv
[0.346s] -- Up-to-date symlink: /home/marsuser/so101_ws/install/so101_kinematics/share/so101_kinematics/local_setup.bash
[0.346s] -- Up-to-date symlink: /home/marsuser/so101_ws/install/so101_kinematics/share/so101_kinematics/local_setup.sh
[0.347s] -- Up-to-date symlink: /home/marsuser/so101_ws/install/so101_kinematics/share/so101_kinematics/local_setup.zsh
[0.347s] -- Up-to-date symlink: /home/marsuser/so101_ws/install/so101_kinematics/share/so101_kinematics/local_setup.dsv
[0.347s] -- Symlinking: /home/marsuser/so101_ws/install/so101_kinematics/share/so101_kinematics/package.dsv
[0.353s] -- Up-to-date symlink: /home/marsuser/so101_ws/install/so101_kinematics/share/ament_index/resource_index/packages/so101_kinematics
[0.354s] -- Up-to-date symlink: /home/marsuser/so101_ws/install/so101_kinematics/share/so101_kinematics/cmake/ament_cmake_export_targets-extras.cmake
[0.354s] -- Up-to-date symlink: /home/marsuser/so101_ws/install/so101_kinematics/share/so101_kinematics/cmake/ament_cmake_export_dependencies-extras.cmake
[0.354s] -- Up-to-date symlink: /home/marsuser/so101_ws/install/so101_kinematics/share/so101_kinematics/cmake/ament_cmake_export_include_directories-extras.cmake
[0.354s] -- Up-to-date symlink: /home/marsuser/so101_ws/install/so101_kinematics/share/so101_kinematics/cmake/so101_kinematicsConfig.cmake
[0.354s] -- Up-to-date symlink: /home/marsuser/so101_ws/install/so101_kinematics/share/so101_kinematics/cmake/so101_kinematicsConfig-version.cmake
[0.354s] -- Up-to-date symlink: /home/marsuser/so101_ws/install/so101_kinematics/share/so101_kinematics/package.xml
[0.354s] -- Up-to-date: /home/marsuser/so101_ws/install/so101_kinematics/lib/libso101_kinematics.so
[0.354s] -- Up-to-date: /home/marsuser/so101_ws/install/so101_kinematics/share/so101_kinematics/cmake/export_so101_kinematicsExport.cmake
[0.355s] -- Up-to-date: /home/marsuser/so101_ws/install/so101_kinematics/share/so101_kinematics/cmake/export_so101_kinematicsExport-noconfig.cmake
[0.372s] Invoked command in '/home/marsuser/so101_ws/build/so101_kinematics' returned '0': CMAKE_PREFIX_PATH=${CMAKE_PREFIX_PATH}:/opt/ros/humble CONDA_PROMPT_MODIFIER=(lerobot) /home/marsuser/miniforge3/envs/lerobot/bin/cmake --install /home/marsuser/so101_ws/build/so101_kinematics
