[0mCMake Deprecation Warning at CMakeLists.txt:1 (cmake_minimum_required):
  Compatibility with CMake < 3.10 will be removed from a future version of
  CMake.

  Update the VERSION argument <min> value.  Or, use the <min>...<max> syntax
  to tell CMake that the project requires at least <min> but has been updated
  to work with policies introduced by <max> or earlier.

[0m
-- The C compiler identification is GNU 11.4.0
-- The CXX compiler identification is GNU 11.4.0
-- Detecting C compiler ABI info
-- Detecting C compiler ABI info - done
-- Check for working C compiler: /usr/bin/cc - skipped
-- Detecting C compile features
-- Detecting C compile features - done
-- Detecting CXX compiler ABI info
-- Detecting CXX compiler ABI info - done
-- Check for working CXX compiler: /usr/bin/c++ - skipped
-- Detecting CXX compile features
-- Detecting CXX compile features - done
-- Found ament_cmake: 1.3.14 (/opt/ros/humble/share/ament_cmake/cmake)
-- Found Python3: /usr/bin/python3 (found version "3.10.12") found components: Interpreter
-- Override CMake install command with custom implementation using symlinks instead of copying resources
-- Found rclcpp: 16.0.19 (/opt/ros/humble/share/rclcpp/cmake)
-- Found rosidl_generator_c: 3.1.8 (/opt/ros/humble/share/rosidl_generator_c/cmake)
-- Found rosidl_adapter: 3.1.8 (/opt/ros/humble/share/rosidl_adapter/cmake)
-- Found rosidl_generator_cpp: 3.1.8 (/opt/ros/humble/share/rosidl_generator_cpp/cmake)
-- Using all available rosidl_typesupport_c: rosidl_typesupport_fastrtps_c;rosidl_typesupport_introspection_c
-- Using all available rosidl_typesupport_cpp: rosidl_typesupport_fastrtps_cpp;rosidl_typesupport_introspection_cpp
-- Found rmw_implementation_cmake: 6.1.2 (/opt/ros/humble/share/rmw_implementation_cmake/cmake)
-- Found rmw_fastrtps_cpp: 6.2.10 (/opt/ros/humble/share/rmw_fastrtps_cpp/cmake)
-- Found OpenSSL: /usr/lib/x86_64-linux-gnu/libcrypto.so (found version "3.0.2")
-- Using RMW implementation 'rmw_fastrtps_cpp' as default
-- Found sensor_msgs: 4.9.1 (/opt/ros/humble/share/sensor_msgs/cmake)
-- Found so101_msgs: 0.0.1 (/home/marsuser/so101_ws/install/so101_msgs/share/so101_msgs/cmake)
-- Found so101_kinematics: 0.0.1 (/home/marsuser/so101_ws/install/so101_kinematics/share/so101_kinematics/cmake)
[33mCMake Warning (dev) at /home/marsuser/miniforge3/envs/lerobot/lib/python3.12/site-packages/cmake/data/share/cmake-4.1/Modules/CMakeFindDependencyMacro.cmake:78 (find_package):
  Policy CMP0167 is not set: The FindBoost module is removed.  Run "cmake
  --help-policy CMP0167" for policy details.  Use the cmake_policy command to
  set the policy and suppress this warning.

Call Stack (most recent call first):
  /opt/openrobots/lib/cmake/pinocchio/pinocchioConfig.cmake:185 (find_dependency)
  CMakeLists.txt:15 (find_package)
This warning is for project developers.  Use -Wno-dev to suppress it.
[0m
-- Found Boost: /usr/include (found version "1.74.0") found components: filesystem serialization
-- coal FOUND. coal at /opt/openrobots/lib/libcoal.so
[33mCMake Warning (dev) at /home/marsuser/miniforge3/envs/lerobot/lib/python3.12/site-packages/cmake/data/share/cmake-4.1/Modules/CMakeFindDependencyMacro.cmake:78 (find_package):
  Policy CMP0167 is not set: The FindBoost module is removed.  Run "cmake
  --help-policy CMP0167" for policy details.  Use the cmake_policy command to
  set the policy and suppress this warning.

Call Stack (most recent call first):
  /opt/openrobots/lib/cmake/coal/coalConfig.cmake:179 (find_dependency)
  /home/marsuser/miniforge3/envs/lerobot/lib/python3.12/site-packages/cmake/data/share/cmake-4.1/Modules/CMakeFindDependencyMacro.cmake:78 (find_package)
  /opt/openrobots/lib/cmake/pinocchio/pinocchioConfig.cmake:186 (find_dependency)
  CMakeLists.txt:15 (find_package)
This warning is for project developers.  Use -Wno-dev to suppress it.
[0m
-- Found Boost: /usr/include (found version "1.74.0") found components: serialization filesystem
-- Default C++ standard: 201703
-- C++ standard sufficient: Minimal required 17, currently defined: 17
-- C++ standard sufficient: Minimal required 17, currently defined: 17
-- Configuring done (1.0s)
-- Generating done (0.0s)
-- Build files have been written to: /home/marsuser/so101_ws/build/so101_bringup
[ 16%] [32mBuilding CXX object CMakeFiles/tcp_bridge_node.dir/src/tcp_bridge_node.cpp.o[0m
[ 50%] [32mBuilding CXX object CMakeFiles/safety_gate_node.dir/src/safety_gate_node.cpp.o[0m
[ 50%] [32mBuilding CXX object CMakeFiles/cartesian_controller_node.dir/src/cartesian_controller_node.cpp.o[0m
[ 66%] [1m[32mLinking CXX executable tcp_bridge_node[0m
[ 66%] Built target tcp_bridge_node
[ 83%] [1m[32mLinking CXX executable safety_gate_node[0m
[ 83%] Built target safety_gate_node
[100%] [1m[32mLinking CXX executable cartesian_controller_node[0m
[100%] Built target cartesian_controller_node
-- Install configuration: ""
-- Execute custom install script
-- Symlinking: /home/marsuser/so101_ws/install/so101_bringup/share/so101_bringup/launch/so101_stack.launch.py
-- Symlinking: /home/marsuser/so101_ws/install/so101_bringup/share/so101_bringup/config/robot_params.yaml
-- Symlinking: /home/marsuser/so101_ws/install/so101_bringup/lib/so101_bringup/cartesian_controller_node
-- Symlinking: /home/marsuser/so101_ws/install/so101_bringup/lib/so101_bringup/safety_gate_node
-- Symlinking: /home/marsuser/so101_ws/install/so101_bringup/lib/so101_bringup/tcp_bridge_node
-- Symlinking: /home/marsuser/so101_ws/install/so101_bringup/share/ament_index/resource_index/package_run_dependencies/so101_bringup
-- Symlinking: /home/marsuser/so101_ws/install/so101_bringup/share/ament_index/resource_index/parent_prefix_path/so101_bringup
-- Symlinking: /home/marsuser/so101_ws/install/so101_bringup/share/so101_bringup/environment/ament_prefix_path.sh
-- Symlinking: /home/marsuser/so101_ws/install/so101_bringup/share/so101_bringup/environment/ament_prefix_path.dsv
-- Symlinking: /home/marsuser/so101_ws/install/so101_bringup/share/so101_bringup/environment/path.sh
-- Symlinking: /home/marsuser/so101_ws/install/so101_bringup/share/so101_bringup/environment/path.dsv
-- Symlinking: /home/marsuser/so101_ws/install/so101_bringup/share/so101_bringup/local_setup.bash
-- Symlinking: /home/marsuser/so101_ws/install/so101_bringup/share/so101_bringup/local_setup.sh
-- Symlinking: /home/marsuser/so101_ws/install/so101_bringup/share/so101_bringup/local_setup.zsh
-- Symlinking: /home/marsuser/so101_ws/install/so101_bringup/share/so101_bringup/local_setup.dsv
-- Symlinking: /home/marsuser/so101_ws/install/so101_bringup/share/so101_bringup/package.dsv
-- Symlinking: /home/marsuser/so101_ws/install/so101_bringup/share/ament_index/resource_index/packages/so101_bringup
-- Symlinking: /home/marsuser/so101_ws/install/so101_bringup/share/so101_bringup/cmake/so101_bringupConfig.cmake
-- Symlinking: /home/marsuser/so101_ws/install/so101_bringup/share/so101_bringup/cmake/so101_bringupConfig-version.cmake
-- Symlinking: /home/marsuser/so101_ws/install/so101_bringup/share/so101_bringup/package.xml
