[0.012s] Invoking command in '/home/marsuser/so101_ws/build/so101_bringup': AMENT_PREFIX_PATH=/home/marsuser/so101_ws/install/so101_msgs:/home/marsuser/so101_ws/install/so101_kinematics:/home/marsuser/so101_ws/install/so101_description:${AMENT_PREFIX_PATH} CMAKE_PREFIX_PATH=/home/marsuser/so101_ws/install/so101_msgs:/home/marsuser/so101_ws/install/so101_kinematics:/home/marsuser/so101_ws/install/so101_description:/opt/openrobots:/opt/openrobots:/opt/ros/humble CONDA_PROMPT_MODIFIER=(lerobot) LD_LIBRARY_PATH=/home/marsuser/so101_ws/install/so101_msgs/lib:/home/marsuser/so101_ws/install/so101_kinematics/lib:/usr/local/cuda/lib64:/opt/openrobots/lib:/opt/ros/humble/opt/rviz_ogre_vendor/lib:/opt/ros/humble/lib/x86_64-linux-gnu:/opt/ros/humble/lib:/usr/local/cuda/lib64:/opt/openrobots/lib PYTHONPATH=/home/marsuser/so101_ws/install/so101_msgs/local/lib/python3.10/dist-packages:${PYTHONPATH} /home/marsuser/miniforge3/envs/lerobot/bin/cmake /home/marsuser/so101_ws/src/so101_bringup -DAMENT_CMAKE_SYMLINK_INSTALL=1 -DCMAKE_INSTALL_PREFIX=/home/marsuser/so101_ws/install/so101_bringup
[0.116s] [0mCMake Deprecation Warning at CMakeLists.txt:1 (cmake_minimum_required):
[0.116s]   Compatibility with CMake < 3.10 will be removed from a future version of
[0.116s]   CMake.
[0.116s] 
[0.117s]   Update the VERSION argument <min> value.  Or, use the <min>...<max> syntax
[0.117s]   to tell CMake that the project requires at least <min> but has been updated
[0.117s]   to work with policies introduced by <max> or earlier.
[0.117s] 
[0.117s] [0m
[0.156s] -- The C compiler identification is GNU 11.4.0
[0.208s] -- The CXX compiler identification is GNU 11.4.0
[0.217s] -- Detecting C compiler ABI info
[0.265s] -- Detecting C compiler ABI info - done
[0.278s] -- Check for working C compiler: /usr/bin/cc - skipped
[0.278s] -- Detecting C compile features
[0.279s] -- Detecting C compile features - done
[0.292s] -- Detecting CXX compiler ABI info
[0.349s] -- Detecting CXX compiler ABI info - done
[0.361s] -- Check for working CXX compiler: /usr/bin/c++ - skipped
[0.362s] -- Detecting CXX compile features
[0.362s] -- Detecting CXX compile features - done
[0.369s] -- Found ament_cmake: 1.3.14 (/opt/ros/humble/share/ament_cmake/cmake)
[0.466s] -- Found Python3: /usr/bin/python3 (found version "3.10.12") found components: Interpreter
[0.511s] -- Override CMake install command with custom implementation using symlinks instead of copying resources
[0.519s] -- Found rclcpp: 16.0.19 (/opt/ros/humble/share/rclcpp/cmake)
[0.553s] -- Found rosidl_generator_c: 3.1.8 (/opt/ros/humble/share/rosidl_generator_c/cmake)
[0.555s] -- Found rosidl_adapter: 3.1.8 (/opt/ros/humble/share/rosidl_adapter/cmake)
[0.560s] -- Found rosidl_generator_cpp: 3.1.8 (/opt/ros/humble/share/rosidl_generator_cpp/cmake)
[0.570s] -- Using all available rosidl_typesupport_c: rosidl_typesupport_fastrtps_c;rosidl_typesupport_introspection_c
[0.582s] -- Using all available rosidl_typesupport_cpp: rosidl_typesupport_fastrtps_cpp;rosidl_typesupport_introspection_cpp
[0.613s] -- Found rmw_implementation_cmake: 6.1.2 (/opt/ros/humble/share/rmw_implementation_cmake/cmake)
[0.614s] -- Found rmw_fastrtps_cpp: 6.2.10 (/opt/ros/humble/share/rmw_fastrtps_cpp/cmake)
[0.662s] -- Found OpenSSL: /usr/lib/x86_64-linux-gnu/libcrypto.so (found version "3.0.2")
[0.737s] -- Using RMW implementation 'rmw_fastrtps_cpp' as default
[0.788s] -- Found sensor_msgs: 4.9.1 (/opt/ros/humble/share/sensor_msgs/cmake)
[0.820s] -- Found so101_msgs: 0.0.1 (/home/marsuser/so101_ws/install/so101_msgs/share/so101_msgs/cmake)
[0.837s] -- Found so101_kinematics: 0.0.1 (/home/marsuser/so101_ws/install/so101_kinematics/share/so101_kinematics/cmake)
[0.842s] [33mCMake Warning (dev) at /home/marsuser/miniforge3/envs/lerobot/lib/python3.12/site-packages/cmake/data/share/cmake-4.1/Modules/CMakeFindDependencyMacro.cmake:78 (find_package):
[0.842s]   Policy CMP0167 is not set: The FindBoost module is removed.  Run "cmake
[0.842s]   --help-policy CMP0167" for policy details.  Use the cmake_policy command to
[0.842s]   set the policy and suppress this warning.
[0.843s] 
[0.843s] Call Stack (most recent call first):
[0.843s]   /opt/openrobots/lib/cmake/pinocchio/pinocchioConfig.cmake:185 (find_dependency)
[0.843s]   CMakeLists.txt:15 (find_package)
[0.843s] This warning is for project developers.  Use -Wno-dev to suppress it.
[0.843s] [0m
[0.847s] -- Found Boost: /usr/include (found version "1.74.0") found components: filesystem serialization
[0.848s] -- coal FOUND. coal at /opt/openrobots/lib/libcoal.so
[0.848s] [33mCMake Warning (dev) at /home/marsuser/miniforge3/envs/lerobot/lib/python3.12/site-packages/cmake/data/share/cmake-4.1/Modules/CMakeFindDependencyMacro.cmake:78 (find_package):
[0.848s]   Policy CMP0167 is not set: The FindBoost module is removed.  Run "cmake
[0.848s]   --help-policy CMP0167" for policy details.  Use the cmake_policy command to
[0.848s]   set the policy and suppress this warning.
[0.848s] 
[0.849s] Call Stack (most recent call first):
[0.849s]   /opt/openrobots/lib/cmake/coal/coalConfig.cmake:179 (find_dependency)
[0.849s]   /home/marsuser/miniforge3/envs/lerobot/lib/python3.12/site-packages/cmake/data/share/cmake-4.1/Modules/CMakeFindDependencyMacro.cmake:78 (find_package)
[0.849s]   /opt/openrobots/lib/cmake/pinocchio/pinocchioConfig.cmake:186 (find_dependency)
[0.849s]   CMakeLists.txt:15 (find_package)
[0.849s] This warning is for project developers.  Use -Wno-dev to suppress it.
[0.849s] [0m
[0.852s] -- Found Boost: /usr/include (found version "1.74.0") found components: serialization filesystem
[1.074s] -- Default C++ standard: 201703
[1.074s] -- C++ standard sufficient: Minimal required 17, currently defined: 17
[1.075s] -- C++ standard sufficient: Minimal required 17, currently defined: 17
[1.129s] -- Configuring done (1.0s)
[1.157s] -- Generating done (0.0s)
[1.160s] -- Build files have been written to: /home/marsuser/so101_ws/build/so101_bringup
[1.172s] Invoked command in '/home/marsuser/so101_ws/build/so101_bringup' returned '0': AMENT_PREFIX_PATH=/home/marsuser/so101_ws/install/so101_msgs:/home/marsuser/so101_ws/install/so101_kinematics:/home/marsuser/so101_ws/install/so101_description:${AMENT_PREFIX_PATH} CMAKE_PREFIX_PATH=/home/marsuser/so101_ws/install/so101_msgs:/home/marsuser/so101_ws/install/so101_kinematics:/home/marsuser/so101_ws/install/so101_description:/opt/openrobots:/opt/openrobots:/opt/ros/humble CONDA_PROMPT_MODIFIER=(lerobot) LD_LIBRARY_PATH=/home/marsuser/so101_ws/install/so101_msgs/lib:/home/marsuser/so101_ws/install/so101_kinematics/lib:/usr/local/cuda/lib64:/opt/openrobots/lib:/opt/ros/humble/opt/rviz_ogre_vendor/lib:/opt/ros/humble/lib/x86_64-linux-gnu:/opt/ros/humble/lib:/usr/local/cuda/lib64:/opt/openrobots/lib PYTHONPATH=/home/marsuser/so101_ws/install/so101_msgs/local/lib/python3.10/dist-packages:${PYTHONPATH} /home/marsuser/miniforge3/envs/lerobot/bin/cmake /home/marsuser/so101_ws/src/so101_bringup -DAMENT_CMAKE_SYMLINK_INSTALL=1 -DCMAKE_INSTALL_PREFIX=/home/marsuser/so101_ws/install/so101_bringup
[1.173s] Invoking command in '/home/marsuser/so101_ws/build/so101_bringup': AMENT_PREFIX_PATH=/home/marsuser/so101_ws/install/so101_msgs:/home/marsuser/so101_ws/install/so101_kinematics:/home/marsuser/so101_ws/install/so101_description:${AMENT_PREFIX_PATH} CMAKE_PREFIX_PATH=/home/marsuser/so101_ws/install/so101_msgs:/home/marsuser/so101_ws/install/so101_kinematics:/home/marsuser/so101_ws/install/so101_description:/opt/openrobots:/opt/openrobots:/opt/ros/humble CONDA_PROMPT_MODIFIER=(lerobot) LD_LIBRARY_PATH=/home/marsuser/so101_ws/install/so101_msgs/lib:/home/marsuser/so101_ws/install/so101_kinematics/lib:/usr/local/cuda/lib64:/opt/openrobots/lib:/opt/ros/humble/opt/rviz_ogre_vendor/lib:/opt/ros/humble/lib/x86_64-linux-gnu:/opt/ros/humble/lib:/usr/local/cuda/lib64:/opt/openrobots/lib PYTHONPATH=/home/marsuser/so101_ws/install/so101_msgs/local/lib/python3.10/dist-packages:${PYTHONPATH} /home/marsuser/miniforge3/envs/lerobot/bin/cmake --build /home/marsuser/so101_ws/build/so101_bringup -- -j32 -l32
[1.304s] [ 16%] [32mBuilding CXX object CMakeFiles/tcp_bridge_node.dir/src/tcp_bridge_node.cpp.o[0m
[1.328s] [ 50%] [32mBuilding CXX object CMakeFiles/safety_gate_node.dir/src/safety_gate_node.cpp.o[0m
[1.329s] [ 50%] [32mBuilding CXX object CMakeFiles/cartesian_controller_node.dir/src/cartesian_controller_node.cpp.o[0m
[7.880s] [ 66%] [1m[32mLinking CXX executable tcp_bridge_node[0m
[8.143s] [ 66%] Built target tcp_bridge_node
[15.903s] [ 83%] [1m[32mLinking CXX executable safety_gate_node[0m
[16.372s] [ 83%] Built target safety_gate_node
[20.359s] [100%] [1m[32mLinking CXX executable cartesian_controller_node[0m
[21.044s] [100%] Built target cartesian_controller_node
[21.054s] Invoked command in '/home/marsuser/so101_ws/build/so101_bringup' returned '0': AMENT_PREFIX_PATH=/home/marsuser/so101_ws/install/so101_msgs:/home/marsuser/so101_ws/install/so101_kinematics:/home/marsuser/so101_ws/install/so101_description:${AMENT_PREFIX_PATH} CMAKE_PREFIX_PATH=/home/marsuser/so101_ws/install/so101_msgs:/home/marsuser/so101_ws/install/so101_kinematics:/home/marsuser/so101_ws/install/so101_description:/opt/openrobots:/opt/openrobots:/opt/ros/humble CONDA_PROMPT_MODIFIER=(lerobot) LD_LIBRARY_PATH=/home/marsuser/so101_ws/install/so101_msgs/lib:/home/marsuser/so101_ws/install/so101_kinematics/lib:/usr/local/cuda/lib64:/opt/openrobots/lib:/opt/ros/humble/opt/rviz_ogre_vendor/lib:/opt/ros/humble/lib/x86_64-linux-gnu:/opt/ros/humble/lib:/usr/local/cuda/lib64:/opt/openrobots/lib PYTHONPATH=/home/marsuser/so101_ws/install/so101_msgs/local/lib/python3.10/dist-packages:${PYTHONPATH} /home/marsuser/miniforge3/envs/lerobot/bin/cmake --build /home/marsuser/so101_ws/build/so101_bringup -- -j32 -l32
[21.056s] Invoking command in '/home/marsuser/so101_ws/build/so101_bringup': AMENT_PREFIX_PATH=/home/marsuser/so101_ws/install/so101_msgs:/home/marsuser/so101_ws/install/so101_kinematics:/home/marsuser/so101_ws/install/so101_description:${AMENT_PREFIX_PATH} CMAKE_PREFIX_PATH=/home/marsuser/so101_ws/install/so101_msgs:/home/marsuser/so101_ws/install/so101_kinematics:/home/marsuser/so101_ws/install/so101_description:/opt/openrobots:/opt/openrobots:/opt/ros/humble CONDA_PROMPT_MODIFIER=(lerobot) LD_LIBRARY_PATH=/home/marsuser/so101_ws/install/so101_msgs/lib:/home/marsuser/so101_ws/install/so101_kinematics/lib:/usr/local/cuda/lib64:/opt/openrobots/lib:/opt/ros/humble/opt/rviz_ogre_vendor/lib:/opt/ros/humble/lib/x86_64-linux-gnu:/opt/ros/humble/lib:/usr/local/cuda/lib64:/opt/openrobots/lib PYTHONPATH=/home/marsuser/so101_ws/install/so101_msgs/local/lib/python3.10/dist-packages:${PYTHONPATH} /home/marsuser/miniforge3/envs/lerobot/bin/cmake --install /home/marsuser/so101_ws/build/so101_bringup
[21.155s] -- Install configuration: ""
[21.155s] -- Execute custom install script
[21.155s] -- Symlinking: /home/marsuser/so101_ws/install/so101_bringup/share/so101_bringup/launch/so101_stack.launch.py
[21.158s] -- Symlinking: /home/marsuser/so101_ws/install/so101_bringup/share/so101_bringup/config/robot_params.yaml
[21.161s] -- Symlinking: /home/marsuser/so101_ws/install/so101_bringup/lib/so101_bringup/cartesian_controller_node
[21.165s] -- Symlinking: /home/marsuser/so101_ws/install/so101_bringup/lib/so101_bringup/safety_gate_node
[21.169s] -- Symlinking: /home/marsuser/so101_ws/install/so101_bringup/lib/so101_bringup/tcp_bridge_node
[21.172s] -- Symlinking: /home/marsuser/so101_ws/install/so101_bringup/share/ament_index/resource_index/package_run_dependencies/so101_bringup
[21.175s] -- Symlinking: /home/marsuser/so101_ws/install/so101_bringup/share/ament_index/resource_index/parent_prefix_path/so101_bringup
[21.178s] -- Symlinking: /home/marsuser/so101_ws/install/so101_bringup/share/so101_bringup/environment/ament_prefix_path.sh
[21.180s] -- Symlinking: /home/marsuser/so101_ws/install/so101_bringup/share/so101_bringup/environment/ament_prefix_path.dsv
[21.183s] -- Symlinking: /home/marsuser/so101_ws/install/so101_bringup/share/so101_bringup/environment/path.sh
[21.185s] -- Symlinking: /home/marsuser/so101_ws/install/so101_bringup/share/so101_bringup/environment/path.dsv
[21.188s] -- Symlinking: /home/marsuser/so101_ws/install/so101_bringup/share/so101_bringup/local_setup.bash
[21.191s] -- Symlinking: /home/marsuser/so101_ws/install/so101_bringup/share/so101_bringup/local_setup.sh
[21.193s] -- Symlinking: /home/marsuser/so101_ws/install/so101_bringup/share/so101_bringup/local_setup.zsh
[21.196s] -- Symlinking: /home/marsuser/so101_ws/install/so101_bringup/share/so101_bringup/local_setup.dsv
[21.198s] -- Symlinking: /home/marsuser/so101_ws/install/so101_bringup/share/so101_bringup/package.dsv
[21.201s] -- Symlinking: /home/marsuser/so101_ws/install/so101_bringup/share/ament_index/resource_index/packages/so101_bringup
[21.204s] -- Symlinking: /home/marsuser/so101_ws/install/so101_bringup/share/so101_bringup/cmake/so101_bringupConfig.cmake
[21.206s] -- Symlinking: /home/marsuser/so101_ws/install/so101_bringup/share/so101_bringup/cmake/so101_bringupConfig-version.cmake
[21.209s] -- Symlinking: /home/marsuser/so101_ws/install/so101_bringup/share/so101_bringup/package.xml
[21.214s] Invoked command in '/home/marsuser/so101_ws/build/so101_bringup' returned '0': AMENT_PREFIX_PATH=/home/marsuser/so101_ws/install/so101_msgs:/home/marsuser/so101_ws/install/so101_kinematics:/home/marsuser/so101_ws/install/so101_description:${AMENT_PREFIX_PATH} CMAKE_PREFIX_PATH=/home/marsuser/so101_ws/install/so101_msgs:/home/marsuser/so101_ws/install/so101_kinematics:/home/marsuser/so101_ws/install/so101_description:/opt/openrobots:/opt/openrobots:/opt/ros/humble CONDA_PROMPT_MODIFIER=(lerobot) LD_LIBRARY_PATH=/home/marsuser/so101_ws/install/so101_msgs/lib:/home/marsuser/so101_ws/install/so101_kinematics/lib:/usr/local/cuda/lib64:/opt/openrobots/lib:/opt/ros/humble/opt/rviz_ogre_vendor/lib:/opt/ros/humble/lib/x86_64-linux-gnu:/opt/ros/humble/lib:/usr/local/cuda/lib64:/opt/openrobots/lib PYTHONPATH=/home/marsuser/so101_ws/install/so101_msgs/local/lib/python3.10/dist-packages:${PYTHONPATH} /home/marsuser/miniforge3/envs/lerobot/bin/cmake --install /home/marsuser/so101_ws/build/so101_bringup
