[0.012s] Invoking command in '/home/marsuser/so101_ws/build/so101_msgs': CMAKE_PREFIX_PATH=${CMAKE_PREFIX_PATH}:/opt/ros/humble /usr/bin/cmake /home/marsuser/so101_ws/src/so101_msgs -DCMAKE_INSTALL_PREFIX=/home/marsuser/so101_ws/install/so101_msgs
[0.055s] -- The C compiler identification is GNU 11.4.0
[0.096s] -- The CXX compiler identification is GNU 11.4.0
[0.102s] -- Detecting C compiler ABI info
[0.161s] -- Detecting C compiler ABI info - done
[0.166s] -- Check for working C compiler: /usr/bin/cc - skipped
[0.166s] -- Detecting C compile features
[0.166s] -- Detecting C compile features - done
[0.168s] -- Detecting CXX compiler ABI info
[0.231s] -- Detecting CXX compiler ABI info - done
[0.237s] -- Check for working CXX compiler: /usr/bin/c++ - skipped
[0.237s] -- Detecting CXX compile features
[0.237s] -- Detecting CXX compile features - done
[0.240s] -- Found ament_cmake: 1.3.14 (/opt/ros/humble/share/ament_cmake/cmake)
[0.349s] -- Found Python3: /usr/bin/python3 (found version "3.10.12") found components: Interpreter 
[0.422s] -- Found rosidl_default_generators: 1.2.1 (/opt/ros/humble/share/rosidl_default_generators/cmake)
[0.425s] -- Using all available rosidl_typesupport_c: rosidl_typesupport_fastrtps_c;rosidl_typesupport_introspection_c
[0.431s] -- Found rosidl_adapter: 3.1.8 (/opt/ros/humble/share/rosidl_adapter/cmake)
[0.465s] -- Using all available rosidl_typesupport_cpp: rosidl_typesupport_fastrtps_cpp;rosidl_typesupport_introspection_cpp
[0.499s] -- Found std_msgs: 4.9.1 (/opt/ros/humble/share/std_msgs/cmake)
[0.518s] -- Found geometry_msgs: 4.9.1 (/opt/ros/humble/share/geometry_msgs/cmake)
[0.737s] -- Found ament_cmake_ros: 0.10.0 (/opt/ros/humble/share/ament_cmake_ros/cmake)
[0.910s] -- Using all available rosidl_typesupport_c: rosidl_typesupport_fastrtps_c;rosidl_typesupport_introspection_c
[1.131s] -- Using all available rosidl_typesupport_cpp: rosidl_typesupport_fastrtps_cpp;rosidl_typesupport_introspection_cpp
[1.146s] -- Found PythonInterp: /usr/bin/python3 (found suitable version "3.10.12", minimum required is "3.6") 
[1.148s] -- Found python_cmake_module: 0.10.0 (/opt/ros/humble/share/python_cmake_module/cmake)
[1.166s] -- Found PythonLibs: /usr/lib/x86_64-linux-gnu/libpython3.10.so (found suitable version "3.10.12", minimum required is "3.5") 
[1.166s] -- Using PYTHON_EXECUTABLE: /usr/bin/python3
[1.166s] -- Using PYTHON_INCLUDE_DIRS: /usr/include/python3.10
[1.166s] -- Using PYTHON_LIBRARIES: /usr/lib/x86_64-linux-gnu/libpython3.10.so
[1.181s] -- Found PythonExtra: .so  
[1.281s] -- Configuring done
[1.313s] -- Generating done
[1.321s] -- Build files have been written to: /home/marsuser/so101_ws/build/so101_msgs
[1.328s] Invoked command in '/home/marsuser/so101_ws/build/so101_msgs' returned '0': CMAKE_PREFIX_PATH=${CMAKE_PREFIX_PATH}:/opt/ros/humble /usr/bin/cmake /home/marsuser/so101_ws/src/so101_msgs -DCMAKE_INSTALL_PREFIX=/home/marsuser/so101_ws/install/so101_msgs
[1.329s] Invoking command in '/home/marsuser/so101_ws/build/so101_msgs': CMAKE_PREFIX_PATH=${CMAKE_PREFIX_PATH}:/opt/ros/humble /usr/bin/cmake --build /home/marsuser/so101_ws/build/so101_msgs -- -j32 -l32
[1.364s] [  1%] [34m[1mGenerating C code for ROS interfaces[0m
[1.373s] [  3%] [34m[1mGenerating C++ code for ROS interfaces[0m
[1.373s] [  5%] [34m[1mGenerating Rust code for ROS interfaces[0m
[1.380s] [  5%] Built target ament_cmake_python_copy_so101_msgs
[1.551s] running egg_info
[1.551s] creating so101_msgs.egg-info
[1.552s] writing so101_msgs.egg-info/PKG-INFO
[1.552s] writing dependency_links to so101_msgs.egg-info/dependency_links.txt
[1.552s] writing top-level names to so101_msgs.egg-info/top_level.txt
[1.552s] writing manifest file 'so101_msgs.egg-info/SOURCES.txt'
[1.553s] reading manifest file 'so101_msgs.egg-info/SOURCES.txt'
[1.553s] writing manifest file 'so101_msgs.egg-info/SOURCES.txt'
[1.575s] [  5%] Built target ament_cmake_python_build_so101_msgs_egg
[1.632s] [  5%] Built target so101_msgs__rs
[1.717s] [  8%] [32mBuilding C object CMakeFiles/so101_msgs__rosidl_generator_c.dir/rosidl_generator_c/so101_msgs/msg/detail/joint_velocity_command__functions.c.o[0m
[1.717s] [  8%] [32mBuilding C object CMakeFiles/so101_msgs__rosidl_generator_c.dir/rosidl_generator_c/so101_msgs/msg/detail/cartesian_command__functions.c.o[0m
[1.717s] [ 10%] [32mBuilding C object CMakeFiles/so101_msgs__rosidl_generator_c.dir/rosidl_generator_c/so101_msgs/msg/detail/joint_command__functions.c.o[0m
[1.718s] [ 12%] [32mBuilding C object CMakeFiles/so101_msgs__rosidl_generator_c.dir/rosidl_generator_c/so101_msgs/msg/detail/controller_status__functions.c.o[0m
[1.744s] [ 12%] Built target so101_msgs__cpp
[1.754s] [ 14%] [34m[1mGenerating C++ type support for eProsima Fast-RTPS[0m
[1.754s] [ 16%] [34m[1mGenerating C++ introspection for ROS interfaces[0m
[1.754s] [ 17%] [34m[1mGenerating C++ type support dispatch for ROS interfaces[0m
[1.763s] [ 19%] [32m[1mLinking C shared library libso101_msgs__rosidl_generator_c.so[0m
[1.792s] [ 19%] Built target so101_msgs__rosidl_generator_c
[1.801s] [ 23%] [34m[1mGenerating C introspection for ROS interfaces[0m
[1.801s] [ 23%] [34m[1mGenerating C type support dispatch for ROS interfaces[0m
[1.802s] [ 25%] [34m[1mGenerating C type support for eProsima Fast-RTPS[0m
[2.040s] [ 26%] [32mBuilding CXX object CMakeFiles/so101_msgs__rosidl_typesupport_cpp.dir/rosidl_typesupport_cpp/so101_msgs/msg/cartesian_command__type_support.cpp.o[0m
[2.040s] [ 28%] [32mBuilding CXX object CMakeFiles/so101_msgs__rosidl_typesupport_cpp.dir/rosidl_typesupport_cpp/so101_msgs/msg/controller_status__type_support.cpp.o[0m
[2.041s] [ 32%] [32mBuilding CXX object CMakeFiles/so101_msgs__rosidl_typesupport_cpp.dir/rosidl_typesupport_cpp/so101_msgs/msg/joint_command__type_support.cpp.o[0m
[2.041s] [ 32%] [32mBuilding CXX object CMakeFiles/so101_msgs__rosidl_typesupport_cpp.dir/rosidl_typesupport_cpp/so101_msgs/msg/joint_velocity_command__type_support.cpp.o[0m
[2.068s] [ 33%] [32mBuilding CXX object CMakeFiles/so101_msgs__rosidl_typesupport_introspection_cpp.dir/rosidl_typesupport_introspection_cpp/so101_msgs/msg/detail/cartesian_command__type_support.cpp.o[0m
[2.069s] [ 35%] [32mBuilding CXX object CMakeFiles/so101_msgs__rosidl_typesupport_introspection_cpp.dir/rosidl_typesupport_introspection_cpp/so101_msgs/msg/detail/joint_velocity_command__type_support.cpp.o[0m
[2.070s] [ 39%] [32mBuilding CXX object CMakeFiles/so101_msgs__rosidl_typesupport_introspection_cpp.dir/rosidl_typesupport_introspection_cpp/so101_msgs/msg/detail/controller_status__type_support.cpp.o[0m
[2.070s] [ 39%] [32mBuilding CXX object CMakeFiles/so101_msgs__rosidl_typesupport_introspection_cpp.dir/rosidl_typesupport_introspection_cpp/so101_msgs/msg/detail/joint_command__type_support.cpp.o[0m
[2.085s] [ 42%] [32mBuilding CXX object CMakeFiles/so101_msgs__rosidl_typesupport_c.dir/rosidl_typesupport_c/so101_msgs/msg/joint_velocity_command__type_support.cpp.o[0m
[2.085s] [ 42%] [32mBuilding CXX object CMakeFiles/so101_msgs__rosidl_typesupport_c.dir/rosidl_typesupport_c/so101_msgs/msg/cartesian_command__type_support.cpp.o[0m
[2.086s] [ 44%] [32mBuilding CXX object CMakeFiles/so101_msgs__rosidl_typesupport_c.dir/rosidl_typesupport_c/so101_msgs/msg/joint_command__type_support.cpp.o[0m
[2.090s] [ 46%] [32mBuilding CXX object CMakeFiles/so101_msgs__rosidl_typesupport_c.dir/rosidl_typesupport_c/so101_msgs/msg/controller_status__type_support.cpp.o[0m
[2.098s] [ 48%] [32mBuilding CXX object CMakeFiles/so101_msgs__rosidl_typesupport_fastrtps_cpp.dir/rosidl_typesupport_fastrtps_cpp/so101_msgs/msg/detail/dds_fastrtps/joint_command__type_support.cpp.o[0m
[2.099s] [ 50%] [32mBuilding CXX object CMakeFiles/so101_msgs__rosidl_typesupport_fastrtps_cpp.dir/rosidl_typesupport_fastrtps_cpp/so101_msgs/msg/detail/dds_fastrtps/cartesian_command__type_support.cpp.o[0m
[2.099s] [ 51%] [32mBuilding CXX object CMakeFiles/so101_msgs__rosidl_typesupport_fastrtps_cpp.dir/rosidl_typesupport_fastrtps_cpp/so101_msgs/msg/detail/dds_fastrtps/joint_velocity_command__type_support.cpp.o[0m
[2.100s] [ 53%] [32mBuilding CXX object CMakeFiles/so101_msgs__rosidl_typesupport_fastrtps_cpp.dir/rosidl_typesupport_fastrtps_cpp/so101_msgs/msg/detail/dds_fastrtps/controller_status__type_support.cpp.o[0m
[2.132s] [ 55%] [32m[1mLinking CXX shared library libso101_msgs__rosidl_typesupport_c.so[0m
[2.169s] [ 62%] [32mBuilding C object CMakeFiles/so101_msgs__rosidl_typesupport_introspection_c.dir/rosidl_typesupport_introspection_c/so101_msgs/msg/detail/joint_velocity_command__type_support.c.o[0m
[2.170s] [ 62%] [32mBuilding C object CMakeFiles/so101_msgs__rosidl_typesupport_introspection_c.dir/rosidl_typesupport_introspection_c/so101_msgs/msg/detail/controller_status__type_support.c.o[0m
[2.170s] [ 62%] [32mBuilding C object CMakeFiles/so101_msgs__rosidl_typesupport_introspection_c.dir/rosidl_typesupport_introspection_c/so101_msgs/msg/detail/joint_command__type_support.c.o[0m
[2.171s] [ 62%] [32mBuilding C object CMakeFiles/so101_msgs__rosidl_typesupport_introspection_c.dir/rosidl_typesupport_introspection_c/so101_msgs/msg/detail/cartesian_command__type_support.c.o[0m
[2.193s] [ 62%] Built target so101_msgs__rosidl_typesupport_c
[2.206s] [ 69%] [32mBuilding CXX object CMakeFiles/so101_msgs__rosidl_typesupport_fastrtps_c.dir/rosidl_typesupport_fastrtps_c/so101_msgs/msg/detail/controller_status__type_support_c.cpp.o[0m
[2.207s] [ 69%] [32mBuilding CXX object CMakeFiles/so101_msgs__rosidl_typesupport_fastrtps_c.dir/rosidl_typesupport_fastrtps_c/so101_msgs/msg/detail/joint_command__type_support_c.cpp.o[0m
[2.207s] [ 69%] [32mBuilding CXX object CMakeFiles/so101_msgs__rosidl_typesupport_fastrtps_c.dir/rosidl_typesupport_fastrtps_c/so101_msgs/msg/detail/joint_velocity_command__type_support_c.cpp.o[0m
[2.207s] [ 69%] [32mBuilding CXX object CMakeFiles/so101_msgs__rosidl_typesupport_fastrtps_c.dir/rosidl_typesupport_fastrtps_c/so101_msgs/msg/detail/cartesian_command__type_support_c.cpp.o[0m
[2.237s] [ 71%] [32m[1mLinking C shared library libso101_msgs__rosidl_typesupport_introspection_c.so[0m
[2.292s] [ 71%] Built target so101_msgs__rosidl_typesupport_introspection_c
[2.349s] [ 73%] [32m[1mLinking CXX shared library libso101_msgs__rosidl_typesupport_cpp.so[0m
[2.395s] [ 73%] Built target so101_msgs__rosidl_typesupport_cpp
[2.579s] [ 76%] [32m[1mLinking CXX shared library libso101_msgs__rosidl_typesupport_fastrtps_cpp.so[0m
[2.580s] [ 76%] [32m[1mLinking CXX shared library libso101_msgs__rosidl_typesupport_fastrtps_c.so[0m
[2.581s] [ 78%] [32m[1mLinking CXX shared library libso101_msgs__rosidl_typesupport_introspection_cpp.so[0m
[2.640s] [ 78%] Built target so101_msgs__rosidl_typesupport_fastrtps_c
[2.640s] [ 78%] Built target so101_msgs__rosidl_typesupport_introspection_cpp
[2.642s] [ 78%] Built target so101_msgs__rosidl_typesupport_fastrtps_cpp
[2.657s] [ 78%] Built target so101_msgs
[2.673s] [ 80%] [34m[1mGenerating Python code for ROS interfaces[0m
[3.177s] [ 80%] Built target so101_msgs__py
[3.193s] [ 82%] [32mBuilding C object CMakeFiles/so101_msgs__rosidl_generator_py.dir/rosidl_generator_py/so101_msgs/msg/_joint_velocity_command_s.c.o[0m
[3.194s] [ 83%] [32mBuilding C object CMakeFiles/so101_msgs__rosidl_generator_py.dir/rosidl_generator_py/so101_msgs/msg/_controller_status_s.c.o[0m
[3.196s] [ 87%] [32mBuilding C object CMakeFiles/so101_msgs__rosidl_generator_py.dir/rosidl_generator_py/so101_msgs/msg/_cartesian_command_s.c.o[0m
[3.196s] [ 87%] [32mBuilding C object CMakeFiles/so101_msgs__rosidl_generator_py.dir/rosidl_generator_py/so101_msgs/msg/_joint_command_s.c.o[0m
[3.276s] [ 89%] [32m[1mLinking C shared library rosidl_generator_py/so101_msgs/libso101_msgs__rosidl_generator_py.so[0m
[3.310s] [ 89%] Built target so101_msgs__rosidl_generator_py
[3.328s] [ 91%] [32mBuilding C object CMakeFiles/so101_msgs__rosidl_typesupport_c__pyext.dir/rosidl_generator_py/so101_msgs/_so101_msgs_s.ep.rosidl_typesupport_c.c.o[0m
[3.330s] [ 94%] [32mBuilding C object CMakeFiles/so101_msgs__rosidl_typesupport_introspection_c__pyext.dir/rosidl_generator_py/so101_msgs/_so101_msgs_s.ep.rosidl_typesupport_introspection_c.c.o[0m
[3.330s] [ 94%] [32mBuilding C object CMakeFiles/so101_msgs__rosidl_typesupport_fastrtps_c__pyext.dir/rosidl_generator_py/so101_msgs/_so101_msgs_s.ep.rosidl_typesupport_fastrtps_c.c.o[0m
[3.407s] [ 98%] [32m[1mLinking C shared library rosidl_generator_py/so101_msgs/so101_msgs_s__rosidl_typesupport_c.cpython-310-x86_64-linux-gnu.so[0m
[3.407s] [ 98%] [32m[1mLinking C shared library rosidl_generator_py/so101_msgs/so101_msgs_s__rosidl_typesupport_introspection_c.cpython-310-x86_64-linux-gnu.so[0m
[3.412s] [100%] [32m[1mLinking C shared library rosidl_generator_py/so101_msgs/so101_msgs_s__rosidl_typesupport_fastrtps_c.cpython-310-x86_64-linux-gnu.so[0m
[3.440s] [100%] Built target so101_msgs__rosidl_typesupport_c__pyext
[3.441s] [100%] Built target so101_msgs__rosidl_typesupport_introspection_c__pyext
[3.445s] [100%] Built target so101_msgs__rosidl_typesupport_fastrtps_c__pyext
[3.455s] Invoked command in '/home/marsuser/so101_ws/build/so101_msgs' returned '0': CMAKE_PREFIX_PATH=${CMAKE_PREFIX_PATH}:/opt/ros/humble /usr/bin/cmake --build /home/marsuser/so101_ws/build/so101_msgs -- -j32 -l32
[3.456s] Invoking command in '/home/marsuser/so101_ws/build/so101_msgs': CMAKE_PREFIX_PATH=${CMAKE_PREFIX_PATH}:/opt/ros/humble /usr/bin/cmake --install /home/marsuser/so101_ws/build/so101_msgs
[3.462s] -- Install configuration: ""
[3.462s] -- Installing: /home/marsuser/so101_ws/install/so101_msgs/share/ament_index/resource_index/rosidl_interfaces/so101_msgs
[3.462s] -- Installing: /home/marsuser/so101_ws/install/so101_msgs/include/so101_msgs/so101_msgs
[3.462s] -- Installing: /home/marsuser/so101_ws/install/so101_msgs/include/so101_msgs/so101_msgs/msg
[3.462s] -- Installing: /home/marsuser/so101_ws/install/so101_msgs/include/so101_msgs/so101_msgs/msg/detail
[3.462s] -- Installing: /home/marsuser/so101_ws/install/so101_msgs/include/so101_msgs/so101_msgs/msg/detail/cartesian_command__struct.h
[3.462s] -- Installing: /home/marsuser/so101_ws/install/so101_msgs/include/so101_msgs/so101_msgs/msg/detail/controller_status__type_support.h
[3.462s] -- Installing: /home/marsuser/so101_ws/install/so101_msgs/include/so101_msgs/so101_msgs/msg/detail/joint_velocity_command__functions.h
[3.463s] -- Installing: /home/marsuser/so101_ws/install/so101_msgs/include/so101_msgs/so101_msgs/msg/detail/controller_status__struct.h
[3.463s] -- Installing: /home/marsuser/so101_ws/install/so101_msgs/include/so101_msgs/so101_msgs/msg/detail/joint_command__struct.h
[3.463s] -- Installing: /home/marsuser/so101_ws/install/so101_msgs/include/so101_msgs/so101_msgs/msg/detail/cartesian_command__functions.h
[3.463s] -- Installing: /home/marsuser/so101_ws/install/so101_msgs/include/so101_msgs/so101_msgs/msg/detail/joint_command__type_support.h
[3.463s] -- Installing: /home/marsuser/so101_ws/install/so101_msgs/include/so101_msgs/so101_msgs/msg/detail/joint_velocity_command__functions.c
[3.463s] -- Installing: /home/marsuser/so101_ws/install/so101_msgs/include/so101_msgs/so101_msgs/msg/detail/controller_status__functions.c
[3.463s] -- Installing: /home/marsuser/so101_ws/install/so101_msgs/include/so101_msgs/so101_msgs/msg/detail/controller_status__functions.h
[3.463s] -- Installing: /home/marsuser/so101_ws/install/so101_msgs/include/so101_msgs/so101_msgs/msg/detail/cartesian_command__functions.c
[3.464s] -- Installing: /home/marsuser/so101_ws/install/so101_msgs/include/so101_msgs/so101_msgs/msg/detail/joint_velocity_command__struct.h
[3.464s] -- Installing: /home/marsuser/so101_ws/install/so101_msgs/include/so101_msgs/so101_msgs/msg/detail/joint_velocity_command__type_support.h
[3.464s] -- Installing: /home/marsuser/so101_ws/install/so101_msgs/include/so101_msgs/so101_msgs/msg/detail/cartesian_command__type_support.h
[3.464s] -- Installing: /home/marsuser/so101_ws/install/so101_msgs/include/so101_msgs/so101_msgs/msg/detail/joint_command__functions.h
[3.464s] -- Installing: /home/marsuser/so101_ws/install/so101_msgs/include/so101_msgs/so101_msgs/msg/detail/joint_command__functions.c
[3.464s] -- Installing: /home/marsuser/so101_ws/install/so101_msgs/include/so101_msgs/so101_msgs/msg/joint_command.h
[3.464s] -- Installing: /home/marsuser/so101_ws/install/so101_msgs/include/so101_msgs/so101_msgs/msg/cartesian_command.h
[3.464s] -- Installing: /home/marsuser/so101_ws/install/so101_msgs/include/so101_msgs/so101_msgs/msg/joint_velocity_command.h
[3.464s] -- Installing: /home/marsuser/so101_ws/install/so101_msgs/include/so101_msgs/so101_msgs/msg/rosidl_generator_c__visibility_control.h
[3.465s] -- Installing: /home/marsuser/so101_ws/install/so101_msgs/include/so101_msgs/so101_msgs/msg/controller_status.h
[3.465s] -- Installing: /home/marsuser/so101_ws/install/so101_msgs/share/so101_msgs/environment/library_path.sh
[3.465s] -- Installing: /home/marsuser/so101_ws/install/so101_msgs/share/so101_msgs/environment/library_path.dsv
[3.465s] -- Installing: /home/marsuser/so101_ws/install/so101_msgs/lib/libso101_msgs__rosidl_generator_c.so
[3.465s] -- Set runtime path of "/home/marsuser/so101_ws/install/so101_msgs/lib/libso101_msgs__rosidl_generator_c.so" to ""
[3.466s] -- Up-to-date: /home/marsuser/so101_ws/install/so101_msgs/include/so101_msgs/so101_msgs
[3.466s] -- Up-to-date: /home/marsuser/so101_ws/install/so101_msgs/include/so101_msgs/so101_msgs/msg
[3.466s] -- Up-to-date: /home/marsuser/so101_ws/install/so101_msgs/include/so101_msgs/so101_msgs/msg/detail
[3.466s] -- Installing: /home/marsuser/so101_ws/install/so101_msgs/include/so101_msgs/so101_msgs/msg/detail/joint_command__rosidl_typesupport_fastrtps_c.h
[3.466s] -- Installing: /home/marsuser/so101_ws/install/so101_msgs/include/so101_msgs/so101_msgs/msg/detail/joint_velocity_command__rosidl_typesupport_fastrtps_c.h
[3.466s] -- Installing: /home/marsuser/so101_ws/install/so101_msgs/include/so101_msgs/so101_msgs/msg/detail/controller_status__rosidl_typesupport_fastrtps_c.h
[3.466s] -- Installing: /home/marsuser/so101_ws/install/so101_msgs/include/so101_msgs/so101_msgs/msg/detail/cartesian_command__rosidl_typesupport_fastrtps_c.h
[3.466s] -- Installing: /home/marsuser/so101_ws/install/so101_msgs/include/so101_msgs/so101_msgs/msg/rosidl_typesupport_fastrtps_c__visibility_control.h
[3.466s] -- Installing: /home/marsuser/so101_ws/install/so101_msgs/lib/libso101_msgs__rosidl_typesupport_fastrtps_c.so
[3.466s] -- Set runtime path of "/home/marsuser/so101_ws/install/so101_msgs/lib/libso101_msgs__rosidl_typesupport_fastrtps_c.so" to ""
[3.467s] -- Up-to-date: /home/marsuser/so101_ws/install/so101_msgs/include/so101_msgs/so101_msgs
[3.467s] -- Up-to-date: /home/marsuser/so101_ws/install/so101_msgs/include/so101_msgs/so101_msgs/msg
[3.467s] -- Up-to-date: /home/marsuser/so101_ws/install/so101_msgs/include/so101_msgs/so101_msgs/msg/detail
[3.467s] -- Installing: /home/marsuser/so101_ws/install/so101_msgs/include/so101_msgs/so101_msgs/msg/detail/cartesian_command__rosidl_typesupport_introspection_c.h
[3.467s] -- Installing: /home/marsuser/so101_ws/install/so101_msgs/include/so101_msgs/so101_msgs/msg/detail/joint_velocity_command__type_support.c
[3.467s] -- Installing: /home/marsuser/so101_ws/install/so101_msgs/include/so101_msgs/so101_msgs/msg/detail/joint_command__type_support.c
[3.467s] -- Installing: /home/marsuser/so101_ws/install/so101_msgs/include/so101_msgs/so101_msgs/msg/detail/controller_status__rosidl_typesupport_introspection_c.h
[3.467s] -- Installing: /home/marsuser/so101_ws/install/so101_msgs/include/so101_msgs/so101_msgs/msg/detail/cartesian_command__type_support.c
[3.467s] -- Installing: /home/marsuser/so101_ws/install/so101_msgs/include/so101_msgs/so101_msgs/msg/detail/joint_velocity_command__rosidl_typesupport_introspection_c.h
[3.467s] -- Installing: /home/marsuser/so101_ws/install/so101_msgs/include/so101_msgs/so101_msgs/msg/detail/joint_command__rosidl_typesupport_introspection_c.h
[3.467s] -- Installing: /home/marsuser/so101_ws/install/so101_msgs/include/so101_msgs/so101_msgs/msg/detail/controller_status__type_support.c
[3.467s] -- Installing: /home/marsuser/so101_ws/install/so101_msgs/include/so101_msgs/so101_msgs/msg/rosidl_typesupport_introspection_c__visibility_control.h
[3.468s] -- Installing: /home/marsuser/so101_ws/install/so101_msgs/lib/libso101_msgs__rosidl_typesupport_introspection_c.so
[3.468s] -- Set runtime path of "/home/marsuser/so101_ws/install/so101_msgs/lib/libso101_msgs__rosidl_typesupport_introspection_c.so" to ""
[3.468s] -- Installing: /home/marsuser/so101_ws/install/so101_msgs/lib/libso101_msgs__rosidl_typesupport_c.so
[3.468s] -- Set runtime path of "/home/marsuser/so101_ws/install/so101_msgs/lib/libso101_msgs__rosidl_typesupport_c.so" to ""
[3.468s] -- Up-to-date: /home/marsuser/so101_ws/install/so101_msgs/include/so101_msgs/so101_msgs
[3.468s] -- Up-to-date: /home/marsuser/so101_ws/install/so101_msgs/include/so101_msgs/so101_msgs/msg
[3.468s] -- Installing: /home/marsuser/so101_ws/install/so101_msgs/include/so101_msgs/so101_msgs/msg/joint_velocity_command.hpp
[3.469s] -- Up-to-date: /home/marsuser/so101_ws/install/so101_msgs/include/so101_msgs/so101_msgs/msg/detail
[3.469s] -- Installing: /home/marsuser/so101_ws/install/so101_msgs/include/so101_msgs/so101_msgs/msg/detail/joint_command__type_support.hpp
[3.469s] -- Installing: /home/marsuser/so101_ws/install/so101_msgs/include/so101_msgs/so101_msgs/msg/detail/cartesian_command__struct.hpp
[3.469s] -- Installing: /home/marsuser/so101_ws/install/so101_msgs/include/so101_msgs/so101_msgs/msg/detail/controller_status__type_support.hpp
[3.469s] -- Installing: /home/marsuser/so101_ws/install/so101_msgs/include/so101_msgs/so101_msgs/msg/detail/joint_velocity_command__type_support.hpp
[3.469s] -- Installing: /home/marsuser/so101_ws/install/so101_msgs/include/so101_msgs/so101_msgs/msg/detail/joint_command__builder.hpp
[3.469s] -- Installing: /home/marsuser/so101_ws/install/so101_msgs/include/so101_msgs/so101_msgs/msg/detail/cartesian_command__builder.hpp
[3.469s] -- Installing: /home/marsuser/so101_ws/install/so101_msgs/include/so101_msgs/so101_msgs/msg/detail/controller_status__struct.hpp
[3.469s] -- Installing: /home/marsuser/so101_ws/install/so101_msgs/include/so101_msgs/so101_msgs/msg/detail/joint_velocity_command__struct.hpp
[3.469s] -- Installing: /home/marsuser/so101_ws/install/so101_msgs/include/so101_msgs/so101_msgs/msg/detail/cartesian_command__type_support.hpp
[3.469s] -- Installing: /home/marsuser/so101_ws/install/so101_msgs/include/so101_msgs/so101_msgs/msg/detail/joint_velocity_command__traits.hpp
[3.470s] -- Installing: /home/marsuser/so101_ws/install/so101_msgs/include/so101_msgs/so101_msgs/msg/detail/joint_command__traits.hpp
[3.470s] -- Installing: /home/marsuser/so101_ws/install/so101_msgs/include/so101_msgs/so101_msgs/msg/detail/controller_status__builder.hpp
[3.470s] -- Installing: /home/marsuser/so101_ws/install/so101_msgs/include/so101_msgs/so101_msgs/msg/detail/joint_command__struct.hpp
[3.470s] -- Installing: /home/marsuser/so101_ws/install/so101_msgs/include/so101_msgs/so101_msgs/msg/detail/joint_velocity_command__builder.hpp
[3.470s] -- Installing: /home/marsuser/so101_ws/install/so101_msgs/include/so101_msgs/so101_msgs/msg/detail/cartesian_command__traits.hpp
[3.470s] -- Installing: /home/marsuser/so101_ws/install/so101_msgs/include/so101_msgs/so101_msgs/msg/detail/controller_status__traits.hpp
[3.470s] -- Installing: /home/marsuser/so101_ws/install/so101_msgs/include/so101_msgs/so101_msgs/msg/joint_command.hpp
[3.470s] -- Installing: /home/marsuser/so101_ws/install/so101_msgs/include/so101_msgs/so101_msgs/msg/controller_status.hpp
[3.470s] -- Installing: /home/marsuser/so101_ws/install/so101_msgs/include/so101_msgs/so101_msgs/msg/cartesian_command.hpp
[3.471s] -- Installing: /home/marsuser/so101_ws/install/so101_msgs/include/so101_msgs/so101_msgs/msg/rosidl_generator_cpp__visibility_control.hpp
[3.471s] -- Up-to-date: /home/marsuser/so101_ws/install/so101_msgs/include/so101_msgs/so101_msgs
[3.471s] -- Up-to-date: /home/marsuser/so101_ws/install/so101_msgs/include/so101_msgs/so101_msgs/msg
[3.471s] -- Up-to-date: /home/marsuser/so101_ws/install/so101_msgs/include/so101_msgs/so101_msgs/msg/detail
[3.471s] -- Installing: /home/marsuser/so101_ws/install/so101_msgs/include/so101_msgs/so101_msgs/msg/detail/controller_status__rosidl_typesupport_fastrtps_cpp.hpp
[3.471s] -- Installing: /home/marsuser/so101_ws/install/so101_msgs/include/so101_msgs/so101_msgs/msg/detail/joint_command__rosidl_typesupport_fastrtps_cpp.hpp
[3.471s] -- Installing: /home/marsuser/so101_ws/install/so101_msgs/include/so101_msgs/so101_msgs/msg/detail/joint_velocity_command__rosidl_typesupport_fastrtps_cpp.hpp
[3.471s] -- Installing: /home/marsuser/so101_ws/install/so101_msgs/include/so101_msgs/so101_msgs/msg/detail/dds_fastrtps
[3.471s] -- Installing: /home/marsuser/so101_ws/install/so101_msgs/include/so101_msgs/so101_msgs/msg/detail/cartesian_command__rosidl_typesupport_fastrtps_cpp.hpp
[3.471s] -- Installing: /home/marsuser/so101_ws/install/so101_msgs/include/so101_msgs/so101_msgs/msg/rosidl_typesupport_fastrtps_cpp__visibility_control.h
[3.471s] -- Installing: /home/marsuser/so101_ws/install/so101_msgs/lib/libso101_msgs__rosidl_typesupport_fastrtps_cpp.so
[3.472s] -- Set runtime path of "/home/marsuser/so101_ws/install/so101_msgs/lib/libso101_msgs__rosidl_typesupport_fastrtps_cpp.so" to ""
[3.472s] -- Up-to-date: /home/marsuser/so101_ws/install/so101_msgs/include/so101_msgs/so101_msgs
[3.472s] -- Up-to-date: /home/marsuser/so101_ws/install/so101_msgs/include/so101_msgs/so101_msgs/msg
[3.472s] -- Up-to-date: /home/marsuser/so101_ws/install/so101_msgs/include/so101_msgs/so101_msgs/msg/detail
[3.472s] -- Installing: /home/marsuser/so101_ws/install/so101_msgs/include/so101_msgs/so101_msgs/msg/detail/joint_command__type_support.cpp
[3.472s] -- Installing: /home/marsuser/so101_ws/install/so101_msgs/include/so101_msgs/so101_msgs/msg/detail/cartesian_command__type_support.cpp
[3.472s] -- Installing: /home/marsuser/so101_ws/install/so101_msgs/include/so101_msgs/so101_msgs/msg/detail/joint_velocity_command__type_support.cpp
[3.472s] -- Installing: /home/marsuser/so101_ws/install/so101_msgs/include/so101_msgs/so101_msgs/msg/detail/controller_status__rosidl_typesupport_introspection_cpp.hpp
[3.472s] -- Installing: /home/marsuser/so101_ws/install/so101_msgs/include/so101_msgs/so101_msgs/msg/detail/joint_velocity_command__rosidl_typesupport_introspection_cpp.hpp
[3.473s] -- Installing: /home/marsuser/so101_ws/install/so101_msgs/include/so101_msgs/so101_msgs/msg/detail/controller_status__type_support.cpp
[3.473s] -- Installing: /home/marsuser/so101_ws/install/so101_msgs/include/so101_msgs/so101_msgs/msg/detail/cartesian_command__rosidl_typesupport_introspection_cpp.hpp
[3.473s] -- Installing: /home/marsuser/so101_ws/install/so101_msgs/include/so101_msgs/so101_msgs/msg/detail/joint_command__rosidl_typesupport_introspection_cpp.hpp
[3.473s] -- Installing: /home/marsuser/so101_ws/install/so101_msgs/lib/libso101_msgs__rosidl_typesupport_introspection_cpp.so
[3.473s] -- Set runtime path of "/home/marsuser/so101_ws/install/so101_msgs/lib/libso101_msgs__rosidl_typesupport_introspection_cpp.so" to ""
[3.473s] -- Installing: /home/marsuser/so101_ws/install/so101_msgs/lib/libso101_msgs__rosidl_typesupport_cpp.so
[3.474s] -- Set runtime path of "/home/marsuser/so101_ws/install/so101_msgs/lib/libso101_msgs__rosidl_typesupport_cpp.so" to ""
[3.474s] -- Installing: /home/marsuser/so101_ws/install/so101_msgs/share/so101_msgs/environment/pythonpath.sh
[3.474s] -- Installing: /home/marsuser/so101_ws/install/so101_msgs/share/so101_msgs/environment/pythonpath.dsv
[3.474s] -- Installing: /home/marsuser/so101_ws/install/so101_msgs/local/lib/python3.10/dist-packages/so101_msgs-0.0.1-py3.10.egg-info
[3.474s] -- Installing: /home/marsuser/so101_ws/install/so101_msgs/local/lib/python3.10/dist-packages/so101_msgs-0.0.1-py3.10.egg-info/SOURCES.txt
[3.474s] -- Installing: /home/marsuser/so101_ws/install/so101_msgs/local/lib/python3.10/dist-packages/so101_msgs-0.0.1-py3.10.egg-info/PKG-INFO
[3.474s] -- Installing: /home/marsuser/so101_ws/install/so101_msgs/local/lib/python3.10/dist-packages/so101_msgs-0.0.1-py3.10.egg-info/dependency_links.txt
[3.474s] -- Installing: /home/marsuser/so101_ws/install/so101_msgs/local/lib/python3.10/dist-packages/so101_msgs-0.0.1-py3.10.egg-info/top_level.txt
[3.475s] -- Installing: /home/marsuser/so101_ws/install/so101_msgs/local/lib/python3.10/dist-packages/so101_msgs
[3.475s] -- Installing: /home/marsuser/so101_ws/install/so101_msgs/local/lib/python3.10/dist-packages/so101_msgs/_so101_msgs_s.ep.rosidl_typesupport_fastrtps_c.c
[3.475s] -- Installing: /home/marsuser/so101_ws/install/so101_msgs/local/lib/python3.10/dist-packages/so101_msgs/_so101_msgs_s.ep.rosidl_typesupport_c.c
[3.475s] -- Installing: /home/marsuser/so101_ws/install/so101_msgs/local/lib/python3.10/dist-packages/so101_msgs/so101_msgs_s__rosidl_typesupport_c.cpython-310-x86_64-linux-gnu.so
[3.475s] -- Installing: /home/marsuser/so101_ws/install/so101_msgs/local/lib/python3.10/dist-packages/so101_msgs/libso101_msgs__rosidl_generator_py.so
[3.475s] -- Installing: /home/marsuser/so101_ws/install/so101_msgs/local/lib/python3.10/dist-packages/so101_msgs/msg
[3.475s] -- Installing: /home/marsuser/so101_ws/install/so101_msgs/local/lib/python3.10/dist-packages/so101_msgs/msg/_joint_velocity_command_s.c
[3.476s] -- Installing: /home/marsuser/so101_ws/install/so101_msgs/local/lib/python3.10/dist-packages/so101_msgs/msg/_controller_status.py
[3.476s] -- Installing: /home/marsuser/so101_ws/install/so101_msgs/local/lib/python3.10/dist-packages/so101_msgs/msg/_joint_command.py
[3.476s] -- Installing: /home/marsuser/so101_ws/install/so101_msgs/local/lib/python3.10/dist-packages/so101_msgs/msg/_cartesian_command.py
[3.476s] -- Installing: /home/marsuser/so101_ws/install/so101_msgs/local/lib/python3.10/dist-packages/so101_msgs/msg/__init__.py
[3.476s] -- Installing: /home/marsuser/so101_ws/install/so101_msgs/local/lib/python3.10/dist-packages/so101_msgs/msg/_controller_status_s.c
[3.476s] -- Installing: /home/marsuser/so101_ws/install/so101_msgs/local/lib/python3.10/dist-packages/so101_msgs/msg/_joint_command_s.c
[3.476s] -- Installing: /home/marsuser/so101_ws/install/so101_msgs/local/lib/python3.10/dist-packages/so101_msgs/msg/_joint_velocity_command.py
[3.476s] -- Installing: /home/marsuser/so101_ws/install/so101_msgs/local/lib/python3.10/dist-packages/so101_msgs/msg/_cartesian_command_s.c
[3.477s] -- Installing: /home/marsuser/so101_ws/install/so101_msgs/local/lib/python3.10/dist-packages/so101_msgs/__init__.py
[3.477s] -- Installing: /home/marsuser/so101_ws/install/so101_msgs/local/lib/python3.10/dist-packages/so101_msgs/so101_msgs_s__rosidl_typesupport_fastrtps_c.cpython-310-x86_64-linux-gnu.so
[3.477s] -- Installing: /home/marsuser/so101_ws/install/so101_msgs/local/lib/python3.10/dist-packages/so101_msgs/so101_msgs_s__rosidl_typesupport_introspection_c.cpython-310-x86_64-linux-gnu.so
[3.477s] -- Installing: /home/marsuser/so101_ws/install/so101_msgs/local/lib/python3.10/dist-packages/so101_msgs/_so101_msgs_s.ep.rosidl_typesupport_introspection_c.c
[3.503s] Listing '/home/marsuser/so101_ws/install/so101_msgs/local/lib/python3.10/dist-packages/so101_msgs'...
[3.503s] Compiling '/home/marsuser/so101_ws/install/so101_msgs/local/lib/python3.10/dist-packages/so101_msgs/__init__.py'...
[3.503s] Listing '/home/marsuser/so101_ws/install/so101_msgs/local/lib/python3.10/dist-packages/so101_msgs/msg'...
[3.503s] Compiling '/home/marsuser/so101_ws/install/so101_msgs/local/lib/python3.10/dist-packages/so101_msgs/msg/__init__.py'...
[3.503s] Compiling '/home/marsuser/so101_ws/install/so101_msgs/local/lib/python3.10/dist-packages/so101_msgs/msg/_cartesian_command.py'...
[3.503s] Compiling '/home/marsuser/so101_ws/install/so101_msgs/local/lib/python3.10/dist-packages/so101_msgs/msg/_controller_status.py'...
[3.503s] Compiling '/home/marsuser/so101_ws/install/so101_msgs/local/lib/python3.10/dist-packages/so101_msgs/msg/_joint_command.py'...
[3.503s] Compiling '/home/marsuser/so101_ws/install/so101_msgs/local/lib/python3.10/dist-packages/so101_msgs/msg/_joint_velocity_command.py'...
[3.506s] -- Installing: /home/marsuser/so101_ws/install/so101_msgs/local/lib/python3.10/dist-packages/so101_msgs/so101_msgs_s__rosidl_typesupport_fastrtps_c.cpython-310-x86_64-linux-gnu.so
[3.506s] -- Set runtime path of "/home/marsuser/so101_ws/install/so101_msgs/local/lib/python3.10/dist-packages/so101_msgs/so101_msgs_s__rosidl_typesupport_fastrtps_c.cpython-310-x86_64-linux-gnu.so" to ""
[3.506s] -- Installing: /home/marsuser/so101_ws/install/so101_msgs/local/lib/python3.10/dist-packages/so101_msgs/so101_msgs_s__rosidl_typesupport_introspection_c.cpython-310-x86_64-linux-gnu.so
[3.507s] -- Set runtime path of "/home/marsuser/so101_ws/install/so101_msgs/local/lib/python3.10/dist-packages/so101_msgs/so101_msgs_s__rosidl_typesupport_introspection_c.cpython-310-x86_64-linux-gnu.so" to ""
[3.507s] -- Installing: /home/marsuser/so101_ws/install/so101_msgs/local/lib/python3.10/dist-packages/so101_msgs/so101_msgs_s__rosidl_typesupport_c.cpython-310-x86_64-linux-gnu.so
[3.507s] -- Set runtime path of "/home/marsuser/so101_ws/install/so101_msgs/local/lib/python3.10/dist-packages/so101_msgs/so101_msgs_s__rosidl_typesupport_c.cpython-310-x86_64-linux-gnu.so" to ""
[3.507s] -- Installing: /home/marsuser/so101_ws/install/so101_msgs/lib/libso101_msgs__rosidl_generator_py.so
[3.508s] -- Set runtime path of "/home/marsuser/so101_ws/install/so101_msgs/lib/libso101_msgs__rosidl_generator_py.so" to ""
[3.508s] -- Installing: /home/marsuser/so101_ws/install/so101_msgs/share/ament_index/resource_index/rust_packages/so101_msgs
[3.508s] -- Installing: /home/marsuser/so101_ws/install/so101_msgs/share/so101_msgs/rust
[3.508s] -- Installing: /home/marsuser/so101_ws/install/so101_msgs/share/so101_msgs/rust/Cargo.toml
[3.508s] -- Installing: /home/marsuser/so101_ws/install/so101_msgs/share/so101_msgs/rust/build.rs
[3.508s] -- Installing: /home/marsuser/so101_ws/install/so101_msgs/share/so101_msgs/rust/src
[3.508s] -- Installing: /home/marsuser/so101_ws/install/so101_msgs/share/so101_msgs/rust/src/msg
[3.508s] -- Installing: /home/marsuser/so101_ws/install/so101_msgs/share/so101_msgs/rust/src/msg/rmw.rs
[3.508s] -- Installing: /home/marsuser/so101_ws/install/so101_msgs/share/so101_msgs/rust/src/msg.rs
[3.508s] -- Installing: /home/marsuser/so101_ws/install/so101_msgs/share/so101_msgs/rust/src/lib.rs
[3.508s] -- Installing: /home/marsuser/so101_ws/install/so101_msgs/share/so101_msgs/msg/CartesianCommand.idl
[3.509s] -- Installing: /home/marsuser/so101_ws/install/so101_msgs/share/so101_msgs/msg/JointVelocityCommand.idl
[3.509s] -- Installing: /home/marsuser/so101_ws/install/so101_msgs/share/so101_msgs/msg/JointCommand.idl
[3.509s] -- Installing: /home/marsuser/so101_ws/install/so101_msgs/share/so101_msgs/msg/ControllerStatus.idl
[3.509s] -- Installing: /home/marsuser/so101_ws/install/so101_msgs/share/so101_msgs/msg/CartesianCommand.msg
[3.509s] -- Installing: /home/marsuser/so101_ws/install/so101_msgs/share/so101_msgs/msg/JointVelocityCommand.msg
[3.509s] -- Installing: /home/marsuser/so101_ws/install/so101_msgs/share/so101_msgs/msg/JointCommand.msg
[3.509s] -- Installing: /home/marsuser/so101_ws/install/so101_msgs/share/so101_msgs/msg/ControllerStatus.msg
[3.509s] -- Installing: /home/marsuser/so101_ws/install/so101_msgs/share/ament_index/resource_index/package_run_dependencies/so101_msgs
[3.510s] -- Installing: /home/marsuser/so101_ws/install/so101_msgs/share/ament_index/resource_index/parent_prefix_path/so101_msgs
[3.510s] -- Installing: /home/marsuser/so101_ws/install/so101_msgs/share/so101_msgs/environment/ament_prefix_path.sh
[3.510s] -- Installing: /home/marsuser/so101_ws/install/so101_msgs/share/so101_msgs/environment/ament_prefix_path.dsv
[3.510s] -- Installing: /home/marsuser/so101_ws/install/so101_msgs/share/so101_msgs/environment/path.sh
[3.510s] -- Installing: /home/marsuser/so101_ws/install/so101_msgs/share/so101_msgs/environment/path.dsv
[3.510s] -- Installing: /home/marsuser/so101_ws/install/so101_msgs/share/so101_msgs/local_setup.bash
[3.510s] -- Installing: /home/marsuser/so101_ws/install/so101_msgs/share/so101_msgs/local_setup.sh
[3.510s] -- Installing: /home/marsuser/so101_ws/install/so101_msgs/share/so101_msgs/local_setup.zsh
[3.510s] -- Installing: /home/marsuser/so101_ws/install/so101_msgs/share/so101_msgs/local_setup.dsv
[3.511s] -- Installing: /home/marsuser/so101_ws/install/so101_msgs/share/so101_msgs/package.dsv
[3.511s] -- Installing: /home/marsuser/so101_ws/install/so101_msgs/share/ament_index/resource_index/packages/so101_msgs
[3.511s] -- Installing: /home/marsuser/so101_ws/install/so101_msgs/share/so101_msgs/cmake/export_so101_msgs__rosidl_generator_cExport.cmake
[3.511s] -- Installing: /home/marsuser/so101_ws/install/so101_msgs/share/so101_msgs/cmake/export_so101_msgs__rosidl_generator_cExport-noconfig.cmake
[3.511s] -- Installing: /home/marsuser/so101_ws/install/so101_msgs/share/so101_msgs/cmake/export_so101_msgs__rosidl_typesupport_fastrtps_cExport.cmake
[3.511s] -- Installing: /home/marsuser/so101_ws/install/so101_msgs/share/so101_msgs/cmake/export_so101_msgs__rosidl_typesupport_fastrtps_cExport-noconfig.cmake
[3.511s] -- Installing: /home/marsuser/so101_ws/install/so101_msgs/share/so101_msgs/cmake/so101_msgs__rosidl_typesupport_introspection_cExport.cmake
[3.511s] -- Installing: /home/marsuser/so101_ws/install/so101_msgs/share/so101_msgs/cmake/so101_msgs__rosidl_typesupport_introspection_cExport-noconfig.cmake
[3.512s] -- Installing: /home/marsuser/so101_ws/install/so101_msgs/share/so101_msgs/cmake/so101_msgs__rosidl_typesupport_cExport.cmake
[3.512s] -- Installing: /home/marsuser/so101_ws/install/so101_msgs/share/so101_msgs/cmake/so101_msgs__rosidl_typesupport_cExport-noconfig.cmake
[3.512s] -- Installing: /home/marsuser/so101_ws/install/so101_msgs/share/so101_msgs/cmake/export_so101_msgs__rosidl_generator_cppExport.cmake
[3.512s] -- Installing: /home/marsuser/so101_ws/install/so101_msgs/share/so101_msgs/cmake/export_so101_msgs__rosidl_typesupport_fastrtps_cppExport.cmake
[3.512s] -- Installing: /home/marsuser/so101_ws/install/so101_msgs/share/so101_msgs/cmake/export_so101_msgs__rosidl_typesupport_fastrtps_cppExport-noconfig.cmake
[3.512s] -- Installing: /home/marsuser/so101_ws/install/so101_msgs/share/so101_msgs/cmake/so101_msgs__rosidl_typesupport_introspection_cppExport.cmake
[3.512s] -- Installing: /home/marsuser/so101_ws/install/so101_msgs/share/so101_msgs/cmake/so101_msgs__rosidl_typesupport_introspection_cppExport-noconfig.cmake
[3.512s] -- Installing: /home/marsuser/so101_ws/install/so101_msgs/share/so101_msgs/cmake/so101_msgs__rosidl_typesupport_cppExport.cmake
[3.513s] -- Installing: /home/marsuser/so101_ws/install/so101_msgs/share/so101_msgs/cmake/so101_msgs__rosidl_typesupport_cppExport-noconfig.cmake
[3.513s] -- Installing: /home/marsuser/so101_ws/install/so101_msgs/share/so101_msgs/cmake/export_so101_msgs__rosidl_generator_pyExport.cmake
[3.513s] -- Installing: /home/marsuser/so101_ws/install/so101_msgs/share/so101_msgs/cmake/export_so101_msgs__rosidl_generator_pyExport-noconfig.cmake
[3.513s] -- Installing: /home/marsuser/so101_ws/install/so101_msgs/share/so101_msgs/cmake/rosidl_cmake-extras.cmake
[3.513s] -- Installing: /home/marsuser/so101_ws/install/so101_msgs/share/so101_msgs/cmake/ament_cmake_export_dependencies-extras.cmake
[3.513s] -- Installing: /home/marsuser/so101_ws/install/so101_msgs/share/so101_msgs/cmake/ament_cmake_export_include_directories-extras.cmake
[3.513s] -- Installing: /home/marsuser/so101_ws/install/so101_msgs/share/so101_msgs/cmake/ament_cmake_export_libraries-extras.cmake
[3.513s] -- Installing: /home/marsuser/so101_ws/install/so101_msgs/share/so101_msgs/cmake/ament_cmake_export_targets-extras.cmake
[3.514s] -- Installing: /home/marsuser/so101_ws/install/so101_msgs/share/so101_msgs/cmake/rosidl_cmake_export_typesupport_targets-extras.cmake
[3.514s] -- Installing: /home/marsuser/so101_ws/install/so101_msgs/share/so101_msgs/cmake/rosidl_cmake_export_typesupport_libraries-extras.cmake
[3.514s] -- Installing: /home/marsuser/so101_ws/install/so101_msgs/share/so101_msgs/cmake/so101_msgsConfig.cmake
[3.514s] -- Installing: /home/marsuser/so101_ws/install/so101_msgs/share/so101_msgs/cmake/so101_msgsConfig-version.cmake
[3.514s] -- Installing: /home/marsuser/so101_ws/install/so101_msgs/share/so101_msgs/package.xml
[3.516s] Invoked command in '/home/marsuser/so101_ws/build/so101_msgs' returned '0': CMAKE_PREFIX_PATH=${CMAKE_PREFIX_PATH}:/opt/ros/humble /usr/bin/cmake --install /home/marsuser/so101_ws/build/so101_msgs
