-- The C compiler identification is GNU 11.4.0
-- The CXX compiler identification is GNU 11.4.0
-- Detecting C compiler ABI info
-- Detecting C compiler ABI info - done
-- Check for working C compiler: /usr/bin/cc - skipped
-- Detecting C compile features
-- Detecting C compile features - done
-- Detecting CXX compiler ABI info
-- Detecting CXX compiler ABI info - done
-- Check for working CXX compiler: /usr/bin/c++ - skipped
-- Detecting CXX compile features
-- Detecting CXX compile features - done
-- Found ament_cmake: 1.3.14 (/opt/ros/humble/share/ament_cmake/cmake)
-- Found Python3: /usr/bin/python3 (found version "3.10.12") found components: Interpreter 
-- Found Boost: /usr/include (found version "1.74.0") found components: filesystem serialization 
-- coal FOUND. coal at /opt/openrobots/lib/libcoal.so
-- Found Boost: /usr/include (found version "1.74.0") found components: serialization filesystem 
-- Default C++ standard: 201703
-- Minimal C++ standard upgraded to 11
-- C++ standard sufficient: Minimal required 11, currently defined: 17
-- Minimal C++ standard upgraded to 17
-- C++ standard sufficient: Minimal required 17, currently defined: 17
-- Found ament_lint_auto: 0.12.15 (/opt/ros/humble/share/ament_lint_auto/cmake)
-- Configuring done
-- Generating done
-- Build files have been written to: /home/marsuser/so101_ws/build/so101_kinematics
[ 25%] [32mBuilding CXX object CMakeFiles/so101_kinematics.dir/src/so101_kinematics.cpp.o[0m
[ 50%] [32m[1mLinking CXX shared library libso101_kinematics.so[0m
[ 50%] Built target so101_kinematics
[ 75%] [32mBuilding CXX object CMakeFiles/test_kinematics_node.dir/src/test_kinematics_node.cpp.o[0m
[100%] [32m[1mLinking CXX executable test_kinematics_node[0m
[100%] Built target test_kinematics_node
-- Install configuration: ""
-- Installing: /home/marsuser/so101_ws/install/so101_kinematics/include
-- Installing: /home/marsuser/so101_ws/install/so101_kinematics/include/so101_kinematics
-- Installing: /home/marsuser/so101_ws/install/so101_kinematics/include/so101_kinematics/so101_kinematics.hpp
-- Installing: /home/marsuser/so101_ws/install/so101_kinematics/lib/libso101_kinematics.so
-- Set runtime path of "/home/marsuser/so101_ws/install/so101_kinematics/lib/libso101_kinematics.so" to ""
-- Installing: /home/marsuser/so101_ws/install/so101_kinematics/lib/so101_kinematics/test_kinematics_node
-- Set runtime path of "/home/marsuser/so101_ws/install/so101_kinematics/lib/so101_kinematics/test_kinematics_node" to ""
-- Installing: /home/marsuser/so101_ws/install/so101_kinematics/share/so101_kinematics/environment/library_path.sh
-- Installing: /home/marsuser/so101_ws/install/so101_kinematics/share/so101_kinematics/environment/library_path.dsv
-- Installing: /home/marsuser/so101_ws/install/so101_kinematics/share/ament_index/resource_index/package_run_dependencies/so101_kinematics
-- Installing: /home/marsuser/so101_ws/install/so101_kinematics/share/ament_index/resource_index/parent_prefix_path/so101_kinematics
-- Installing: /home/marsuser/so101_ws/install/so101_kinematics/share/so101_kinematics/environment/ament_prefix_path.sh
-- Installing: /home/marsuser/so101_ws/install/so101_kinematics/share/so101_kinematics/environment/ament_prefix_path.dsv
-- Installing: /home/marsuser/so101_ws/install/so101_kinematics/share/so101_kinematics/environment/path.sh
-- Installing: /home/marsuser/so101_ws/install/so101_kinematics/share/so101_kinematics/environment/path.dsv
-- Installing: /home/marsuser/so101_ws/install/so101_kinematics/share/so101_kinematics/local_setup.bash
-- Installing: /home/marsuser/so101_ws/install/so101_kinematics/share/so101_kinematics/local_setup.sh
-- Installing: /home/marsuser/so101_ws/install/so101_kinematics/share/so101_kinematics/local_setup.zsh
-- Installing: /home/marsuser/so101_ws/install/so101_kinematics/share/so101_kinematics/local_setup.dsv
-- Installing: /home/marsuser/so101_ws/install/so101_kinematics/share/so101_kinematics/package.dsv
-- Installing: /home/marsuser/so101_ws/install/so101_kinematics/share/ament_index/resource_index/packages/so101_kinematics
-- Installing: /home/marsuser/so101_ws/install/so101_kinematics/share/so101_kinematics/cmake/export_so101_kinematicsExport.cmake
-- Installing: /home/marsuser/so101_ws/install/so101_kinematics/share/so101_kinematics/cmake/export_so101_kinematicsExport-noconfig.cmake
-- Installing: /home/marsuser/so101_ws/install/so101_kinematics/share/so101_kinematics/cmake/ament_cmake_export_targets-extras.cmake
-- Installing: /home/marsuser/so101_ws/install/so101_kinematics/share/so101_kinematics/cmake/ament_cmake_export_dependencies-extras.cmake
-- Installing: /home/marsuser/so101_ws/install/so101_kinematics/share/so101_kinematics/cmake/ament_cmake_export_include_directories-extras.cmake
-- Installing: /home/marsuser/so101_ws/install/so101_kinematics/share/so101_kinematics/cmake/so101_kinematicsConfig.cmake
-- Installing: /home/marsuser/so101_ws/install/so101_kinematics/share/so101_kinematics/cmake/so101_kinematicsConfig-version.cmake
-- Installing: /home/marsuser/so101_ws/install/so101_kinematics/share/so101_kinematics/package.xml
