[0.078s] DEBUG:colcon:Command line arguments: ['/usr/bin/colcon', 'build']
[0.078s] DEBUG:colcon:Parsed command line arguments: Namespace(log_base=None, log_level=None, verb_name='build', build_base='build', install_base='install', merge_install=False, symlink_install=False, test_result_base=None, continue_on_error=False, executor='parallel', parallel_workers=32, event_handlers=None, ignore_user_meta=False, metas=['./colcon.meta'], base_paths=['.'], packages_ignore=None, packages_ignore_regex=None, paths=None, packages_up_to=None, packages_up_to_regex=None, packages_above=None, packages_above_and_dependencies=None, packages_above_depth=None, packages_select_by_dep=None, packages_skip_by_dep=None, packages_skip_up_to=None, packages_select_build_failed=False, packages_skip_build_finished=False, packages_select_test_failures=False, packages_skip_test_passed=False, packages_select=None, packages_skip=None, packages_select_regex=None, packages_skip_regex=None, packages_start=None, packages_end=None, allow_overriding=[], cmake_args=None, cmake_target=None, cmake_target_skip_unavailable=False, cmake_clean_cache=False, cmake_clean_first=False, cmake_force_configure=False, ament_cmake_args=None, catkin_cmake_args=None, catkin_skip_building_tests=False, mixin_files=None, mixin=None, verb_parser=<colcon_mixin.mixin.mixin_argument.MixinArgumentDecorator object at 0x72537d772ce0>, verb_extension=<colcon_core.verb.build.BuildVerb object at 0x72537d772830>, main=<bound method BuildVerb.main of <colcon_core.verb.build.BuildVerb object at 0x72537d772830>>, mixin_verb=('build',))
[0.193s] Level 1:colcon.colcon_core.package_discovery:discover_packages(colcon_meta) check parameters
[0.193s] Level 1:colcon.colcon_core.package_discovery:discover_packages(recursive) check parameters
[0.193s] Level 1:colcon.colcon_core.package_discovery:discover_packages(ignore) check parameters
[0.193s] Level 1:colcon.colcon_core.package_discovery:discover_packages(path) check parameters
[0.193s] Level 1:colcon.colcon_core.package_discovery:discover_packages(colcon_meta) discover
[0.193s] Level 1:colcon.colcon_core.package_discovery:discover_packages(recursive) discover
[0.193s] INFO:colcon.colcon_core.package_discovery:Crawling recursively for packages in '/home/marsuser/so101_ws'
[0.193s] Level 1:colcon.colcon_core.package_identification:_identify(.) by extensions ['ignore', 'ignore_ament_install']
[0.193s] Level 1:colcon.colcon_core.package_identification:_identify(.) by extension 'ignore'
[0.193s] Level 1:colcon.colcon_core.package_identification:_identify(.) by extension 'ignore_ament_install'
[0.193s] Level 1:colcon.colcon_core.package_identification:_identify(.) by extensions ['colcon_pkg']
[0.193s] Level 1:colcon.colcon_core.package_identification:_identify(.) by extension 'colcon_pkg'
[0.193s] Level 1:colcon.colcon_core.package_identification:_identify(.) by extensions ['colcon_meta']
[0.193s] Level 1:colcon.colcon_core.package_identification:_identify(.) by extension 'colcon_meta'
[0.194s] Level 1:colcon.colcon_core.package_identification:_identify(.) by extensions ['ros']
[0.194s] Level 1:colcon.colcon_core.package_identification:_identify(.) by extension 'ros'
[0.200s] Level 1:colcon.colcon_core.package_identification:_identify(.) by extensions ['cmake', 'python']
[0.200s] Level 1:colcon.colcon_core.package_identification:_identify(.) by extension 'cmake'
[0.200s] Level 1:colcon.colcon_core.package_identification:_identify(.) by extension 'python'
[0.200s] Level 1:colcon.colcon_core.package_identification:_identify(.) by extensions ['python_setup_py']
[0.200s] Level 1:colcon.colcon_core.package_identification:_identify(.) by extension 'python_setup_py'
[0.200s] Level 1:colcon.colcon_core.package_identification:_identify(build) by extensions ['ignore', 'ignore_ament_install']
[0.200s] Level 1:colcon.colcon_core.package_identification:_identify(build) by extension 'ignore'
[0.200s] Level 1:colcon.colcon_core.package_identification:_identify(build) ignored
[0.200s] Level 1:colcon.colcon_core.package_identification:_identify(examples) by extensions ['ignore', 'ignore_ament_install']
[0.200s] Level 1:colcon.colcon_core.package_identification:_identify(examples) by extension 'ignore'
[0.200s] Level 1:colcon.colcon_core.package_identification:_identify(examples) by extension 'ignore_ament_install'
[0.201s] Level 1:colcon.colcon_core.package_identification:_identify(examples) by extensions ['colcon_pkg']
[0.201s] Level 1:colcon.colcon_core.package_identification:_identify(examples) by extension 'colcon_pkg'
[0.201s] Level 1:colcon.colcon_core.package_identification:_identify(examples) by extensions ['colcon_meta']
[0.201s] Level 1:colcon.colcon_core.package_identification:_identify(examples) by extension 'colcon_meta'
[0.201s] Level 1:colcon.colcon_core.package_identification:_identify(examples) by extensions ['ros']
[0.201s] Level 1:colcon.colcon_core.package_identification:_identify(examples) by extension 'ros'
[0.201s] Level 1:colcon.colcon_core.package_identification:_identify(examples) by extensions ['cmake', 'python']
[0.201s] Level 1:colcon.colcon_core.package_identification:_identify(examples) by extension 'cmake'
[0.201s] Level 1:colcon.colcon_core.package_identification:_identify(examples) by extension 'python'
[0.201s] Level 1:colcon.colcon_core.package_identification:_identify(examples) by extensions ['python_setup_py']
[0.201s] Level 1:colcon.colcon_core.package_identification:_identify(examples) by extension 'python_setup_py'
[0.201s] Level 1:colcon.colcon_core.package_identification:_identify(examples/lerobot) by extensions ['ignore', 'ignore_ament_install']
[0.201s] Level 1:colcon.colcon_core.package_identification:_identify(examples/lerobot) by extension 'ignore'
[0.201s] Level 1:colcon.colcon_core.package_identification:_identify(examples/lerobot) by extension 'ignore_ament_install'
[0.201s] Level 1:colcon.colcon_core.package_identification:_identify(examples/lerobot) by extensions ['colcon_pkg']
[0.201s] Level 1:colcon.colcon_core.package_identification:_identify(examples/lerobot) by extension 'colcon_pkg'
[0.201s] Level 1:colcon.colcon_core.package_identification:_identify(examples/lerobot) by extensions ['colcon_meta']
[0.201s] Level 1:colcon.colcon_core.package_identification:_identify(examples/lerobot) by extension 'colcon_meta'
[0.201s] Level 1:colcon.colcon_core.package_identification:_identify(examples/lerobot) by extensions ['ros']
[0.201s] Level 1:colcon.colcon_core.package_identification:_identify(examples/lerobot) by extension 'ros'
[0.201s] Level 1:colcon.colcon_core.package_identification:_identify(examples/lerobot) by extensions ['cmake', 'python']
[0.201s] Level 1:colcon.colcon_core.package_identification:_identify(examples/lerobot) by extension 'cmake'
[0.201s] Level 1:colcon.colcon_core.package_identification:_identify(examples/lerobot) by extension 'python'
[0.201s] Level 1:colcon.colcon_core.package_identification:_identify(examples/lerobot) by extensions ['python_setup_py']
[0.201s] Level 1:colcon.colcon_core.package_identification:_identify(examples/lerobot) by extension 'python_setup_py'
[0.201s] Level 1:colcon.colcon_core.package_identification:_identify(install) by extensions ['ignore', 'ignore_ament_install']
[0.201s] Level 1:colcon.colcon_core.package_identification:_identify(install) by extension 'ignore'
[0.201s] Level 1:colcon.colcon_core.package_identification:_identify(install) ignored
[0.201s] Level 1:colcon.colcon_core.package_identification:_identify(log) by extensions ['ignore', 'ignore_ament_install']
[0.201s] Level 1:colcon.colcon_core.package_identification:_identify(log) by extension 'ignore'
[0.201s] Level 1:colcon.colcon_core.package_identification:_identify(log) ignored
[0.202s] Level 1:colcon.colcon_core.package_identification:_identify(src) by extensions ['ignore', 'ignore_ament_install']
[0.202s] Level 1:colcon.colcon_core.package_identification:_identify(src) by extension 'ignore'
[0.202s] Level 1:colcon.colcon_core.package_identification:_identify(src) by extension 'ignore_ament_install'
[0.202s] Level 1:colcon.colcon_core.package_identification:_identify(src) by extensions ['colcon_pkg']
[0.202s] Level 1:colcon.colcon_core.package_identification:_identify(src) by extension 'colcon_pkg'
[0.202s] Level 1:colcon.colcon_core.package_identification:_identify(src) by extensions ['colcon_meta']
[0.202s] Level 1:colcon.colcon_core.package_identification:_identify(src) by extension 'colcon_meta'
[0.202s] Level 1:colcon.colcon_core.package_identification:_identify(src) by extensions ['ros']
[0.202s] Level 1:colcon.colcon_core.package_identification:_identify(src) by extension 'ros'
[0.202s] Level 1:colcon.colcon_core.package_identification:_identify(src) by extensions ['cmake', 'python']
[0.202s] Level 1:colcon.colcon_core.package_identification:_identify(src) by extension 'cmake'
[0.202s] Level 1:colcon.colcon_core.package_identification:_identify(src) by extension 'python'
[0.202s] Level 1:colcon.colcon_core.package_identification:_identify(src) by extensions ['python_setup_py']
[0.202s] Level 1:colcon.colcon_core.package_identification:_identify(src) by extension 'python_setup_py'
[0.202s] Level 1:colcon.colcon_core.package_identification:_identify(src/so101_bringup) by extensions ['ignore', 'ignore_ament_install']
[0.202s] Level 1:colcon.colcon_core.package_identification:_identify(src/so101_bringup) by extension 'ignore'
[0.202s] Level 1:colcon.colcon_core.package_identification:_identify(src/so101_bringup) by extension 'ignore_ament_install'
[0.202s] Level 1:colcon.colcon_core.package_identification:_identify(src/so101_bringup) by extensions ['colcon_pkg']
[0.202s] Level 1:colcon.colcon_core.package_identification:_identify(src/so101_bringup) by extension 'colcon_pkg'
[0.202s] Level 1:colcon.colcon_core.package_identification:_identify(src/so101_bringup) by extensions ['colcon_meta']
[0.202s] Level 1:colcon.colcon_core.package_identification:_identify(src/so101_bringup) by extension 'colcon_meta'
[0.202s] Level 1:colcon.colcon_core.package_identification:_identify(src/so101_bringup) by extensions ['ros']
[0.202s] Level 1:colcon.colcon_core.package_identification:_identify(src/so101_bringup) by extension 'ros'
[0.204s] DEBUG:colcon.colcon_core.package_identification:Package 'src/so101_bringup' with type 'ros.ament_cmake' and name 'so101_bringup'
[0.204s] Level 1:colcon.colcon_core.package_identification:_identify(src/so101_description) by extensions ['ignore', 'ignore_ament_install']
[0.204s] Level 1:colcon.colcon_core.package_identification:_identify(src/so101_description) by extension 'ignore'
[0.204s] Level 1:colcon.colcon_core.package_identification:_identify(src/so101_description) by extension 'ignore_ament_install'
[0.204s] Level 1:colcon.colcon_core.package_identification:_identify(src/so101_description) by extensions ['colcon_pkg']
[0.204s] Level 1:colcon.colcon_core.package_identification:_identify(src/so101_description) by extension 'colcon_pkg'
[0.204s] Level 1:colcon.colcon_core.package_identification:_identify(src/so101_description) by extensions ['colcon_meta']
[0.204s] Level 1:colcon.colcon_core.package_identification:_identify(src/so101_description) by extension 'colcon_meta'
[0.204s] Level 1:colcon.colcon_core.package_identification:_identify(src/so101_description) by extensions ['ros']
[0.204s] Level 1:colcon.colcon_core.package_identification:_identify(src/so101_description) by extension 'ros'
[0.204s] DEBUG:colcon.colcon_core.package_identification:Package 'src/so101_description' with type 'ros.ament_cmake' and name 'so101_description'
[0.204s] Level 1:colcon.colcon_core.package_identification:_identify(src/so101_kinematics) by extensions ['ignore', 'ignore_ament_install']
[0.205s] Level 1:colcon.colcon_core.package_identification:_identify(src/so101_kinematics) by extension 'ignore'
[0.205s] Level 1:colcon.colcon_core.package_identification:_identify(src/so101_kinematics) by extension 'ignore_ament_install'
[0.205s] Level 1:colcon.colcon_core.package_identification:_identify(src/so101_kinematics) by extensions ['colcon_pkg']
[0.205s] Level 1:colcon.colcon_core.package_identification:_identify(src/so101_kinematics) by extension 'colcon_pkg'
[0.205s] Level 1:colcon.colcon_core.package_identification:_identify(src/so101_kinematics) by extensions ['colcon_meta']
[0.205s] Level 1:colcon.colcon_core.package_identification:_identify(src/so101_kinematics) by extension 'colcon_meta'
[0.205s] Level 1:colcon.colcon_core.package_identification:_identify(src/so101_kinematics) by extensions ['ros']
[0.205s] Level 1:colcon.colcon_core.package_identification:_identify(src/so101_kinematics) by extension 'ros'
[0.205s] DEBUG:colcon.colcon_core.package_identification:Package 'src/so101_kinematics' with type 'ros.ament_cmake' and name 'so101_kinematics'
[0.205s] Level 1:colcon.colcon_core.package_identification:_identify(src/so101_msgs) by extensions ['ignore', 'ignore_ament_install']
[0.205s] Level 1:colcon.colcon_core.package_identification:_identify(src/so101_msgs) by extension 'ignore'
[0.205s] Level 1:colcon.colcon_core.package_identification:_identify(src/so101_msgs) by extension 'ignore_ament_install'
[0.205s] Level 1:colcon.colcon_core.package_identification:_identify(src/so101_msgs) by extensions ['colcon_pkg']
[0.205s] Level 1:colcon.colcon_core.package_identification:_identify(src/so101_msgs) by extension 'colcon_pkg'
[0.205s] Level 1:colcon.colcon_core.package_identification:_identify(src/so101_msgs) by extensions ['colcon_meta']
[0.205s] Level 1:colcon.colcon_core.package_identification:_identify(src/so101_msgs) by extension 'colcon_meta'
[0.205s] Level 1:colcon.colcon_core.package_identification:_identify(src/so101_msgs) by extensions ['ros']
[0.205s] Level 1:colcon.colcon_core.package_identification:_identify(src/so101_msgs) by extension 'ros'
[0.206s] DEBUG:colcon.colcon_core.package_identification:Package 'src/so101_msgs' with type 'ros.ament_cmake' and name 'so101_msgs'
[0.206s] Level 1:colcon.colcon_core.package_discovery:discover_packages(recursive) using defaults
[0.206s] Level 1:colcon.colcon_core.package_discovery:discover_packages(ignore) discover
[0.206s] Level 1:colcon.colcon_core.package_discovery:discover_packages(ignore) using defaults
[0.206s] Level 1:colcon.colcon_core.package_discovery:discover_packages(path) discover
[0.206s] Level 1:colcon.colcon_core.package_discovery:discover_packages(path) using defaults
[0.224s] Level 1:colcon.colcon_core.package_discovery:discover_packages(prefix_path) check parameters
[0.224s] Level 1:colcon.colcon_core.package_discovery:discover_packages(prefix_path) discover
[0.226s] DEBUG:colcon.colcon_installed_package_information.package_discovery:Found 445 installed packages in /opt/ros/humble
[0.227s] Level 1:colcon.colcon_core.package_discovery:discover_packages(prefix_path) using defaults
[0.261s] Level 5:colcon.colcon_core.verb:set package 'so101_description' build argument 'cmake_args' from command line to 'None'
[0.261s] Level 5:colcon.colcon_core.verb:set package 'so101_description' build argument 'cmake_target' from command line to 'None'
[0.261s] Level 5:colcon.colcon_core.verb:set package 'so101_description' build argument 'cmake_target_skip_unavailable' from command line to 'False'
[0.261s] Level 5:colcon.colcon_core.verb:set package 'so101_description' build argument 'cmake_clean_cache' from command line to 'False'
[0.261s] Level 5:colcon.colcon_core.verb:set package 'so101_description' build argument 'cmake_clean_first' from command line to 'False'
[0.261s] Level 5:colcon.colcon_core.verb:set package 'so101_description' build argument 'cmake_force_configure' from command line to 'False'
[0.261s] Level 5:colcon.colcon_core.verb:set package 'so101_description' build argument 'ament_cmake_args' from command line to 'None'
[0.261s] Level 5:colcon.colcon_core.verb:set package 'so101_description' build argument 'catkin_cmake_args' from command line to 'None'
[0.261s] Level 5:colcon.colcon_core.verb:set package 'so101_description' build argument 'catkin_skip_building_tests' from command line to 'False'
[0.261s] DEBUG:colcon.colcon_core.verb:Building package 'so101_description' with the following arguments: {'ament_cmake_args': None, 'build_base': '/home/marsuser/so101_ws/build/so101_description', 'catkin_cmake_args': None, 'catkin_skip_building_tests': False, 'cmake_args': None, 'cmake_clean_cache': False, 'cmake_clean_first': False, 'cmake_force_configure': False, 'cmake_target': None, 'cmake_target_skip_unavailable': False, 'install_base': '/home/marsuser/so101_ws/install/so101_description', 'merge_install': False, 'path': '/home/marsuser/so101_ws/src/so101_description', 'symlink_install': False, 'test_result_base': None}
[0.261s] Level 5:colcon.colcon_core.verb:set package 'so101_kinematics' build argument 'cmake_args' from command line to 'None'
[0.261s] Level 5:colcon.colcon_core.verb:set package 'so101_kinematics' build argument 'cmake_target' from command line to 'None'
[0.262s] Level 5:colcon.colcon_core.verb:set package 'so101_kinematics' build argument 'cmake_target_skip_unavailable' from command line to 'False'
[0.262s] Level 5:colcon.colcon_core.verb:set package 'so101_kinematics' build argument 'cmake_clean_cache' from command line to 'False'
[0.262s] Level 5:colcon.colcon_core.verb:set package 'so101_kinematics' build argument 'cmake_clean_first' from command line to 'False'
[0.262s] Level 5:colcon.colcon_core.verb:set package 'so101_kinematics' build argument 'cmake_force_configure' from command line to 'False'
[0.262s] Level 5:colcon.colcon_core.verb:set package 'so101_kinematics' build argument 'ament_cmake_args' from command line to 'None'
[0.262s] Level 5:colcon.colcon_core.verb:set package 'so101_kinematics' build argument 'catkin_cmake_args' from command line to 'None'
[0.262s] Level 5:colcon.colcon_core.verb:set package 'so101_kinematics' build argument 'catkin_skip_building_tests' from command line to 'False'
[0.262s] DEBUG:colcon.colcon_core.verb:Building package 'so101_kinematics' with the following arguments: {'ament_cmake_args': None, 'build_base': '/home/marsuser/so101_ws/build/so101_kinematics', 'catkin_cmake_args': None, 'catkin_skip_building_tests': False, 'cmake_args': None, 'cmake_clean_cache': False, 'cmake_clean_first': False, 'cmake_force_configure': False, 'cmake_target': None, 'cmake_target_skip_unavailable': False, 'install_base': '/home/marsuser/so101_ws/install/so101_kinematics', 'merge_install': False, 'path': '/home/marsuser/so101_ws/src/so101_kinematics', 'symlink_install': False, 'test_result_base': None}
[0.262s] Level 5:colcon.colcon_core.verb:set package 'so101_msgs' build argument 'cmake_args' from command line to 'None'
[0.262s] Level 5:colcon.colcon_core.verb:set package 'so101_msgs' build argument 'cmake_target' from command line to 'None'
[0.262s] Level 5:colcon.colcon_core.verb:set package 'so101_msgs' build argument 'cmake_target_skip_unavailable' from command line to 'False'
[0.262s] Level 5:colcon.colcon_core.verb:set package 'so101_msgs' build argument 'cmake_clean_cache' from command line to 'False'
[0.262s] Level 5:colcon.colcon_core.verb:set package 'so101_msgs' build argument 'cmake_clean_first' from command line to 'False'
[0.262s] Level 5:colcon.colcon_core.verb:set package 'so101_msgs' build argument 'cmake_force_configure' from command line to 'False'
[0.262s] Level 5:colcon.colcon_core.verb:set package 'so101_msgs' build argument 'ament_cmake_args' from command line to 'None'
[0.262s] Level 5:colcon.colcon_core.verb:set package 'so101_msgs' build argument 'catkin_cmake_args' from command line to 'None'
[0.262s] Level 5:colcon.colcon_core.verb:set package 'so101_msgs' build argument 'catkin_skip_building_tests' from command line to 'False'
[0.262s] DEBUG:colcon.colcon_core.verb:Building package 'so101_msgs' with the following arguments: {'ament_cmake_args': None, 'build_base': '/home/marsuser/so101_ws/build/so101_msgs', 'catkin_cmake_args': None, 'catkin_skip_building_tests': False, 'cmake_args': None, 'cmake_clean_cache': False, 'cmake_clean_first': False, 'cmake_force_configure': False, 'cmake_target': None, 'cmake_target_skip_unavailable': False, 'install_base': '/home/marsuser/so101_ws/install/so101_msgs', 'merge_install': False, 'path': '/home/marsuser/so101_ws/src/so101_msgs', 'symlink_install': False, 'test_result_base': None}
[0.262s] Level 5:colcon.colcon_core.verb:set package 'so101_bringup' build argument 'cmake_args' from command line to 'None'
[0.262s] Level 5:colcon.colcon_core.verb:set package 'so101_bringup' build argument 'cmake_target' from command line to 'None'
[0.262s] Level 5:colcon.colcon_core.verb:set package 'so101_bringup' build argument 'cmake_target_skip_unavailable' from command line to 'False'
[0.262s] Level 5:colcon.colcon_core.verb:set package 'so101_bringup' build argument 'cmake_clean_cache' from command line to 'False'
[0.262s] Level 5:colcon.colcon_core.verb:set package 'so101_bringup' build argument 'cmake_clean_first' from command line to 'False'
[0.262s] Level 5:colcon.colcon_core.verb:set package 'so101_bringup' build argument 'cmake_force_configure' from command line to 'False'
[0.262s] Level 5:colcon.colcon_core.verb:set package 'so101_bringup' build argument 'ament_cmake_args' from command line to 'None'
[0.262s] Level 5:colcon.colcon_core.verb:set package 'so101_bringup' build argument 'catkin_cmake_args' from command line to 'None'
[0.262s] Level 5:colcon.colcon_core.verb:set package 'so101_bringup' build argument 'catkin_skip_building_tests' from command line to 'False'
[0.262s] DEBUG:colcon.colcon_core.verb:Building package 'so101_bringup' with the following arguments: {'ament_cmake_args': None, 'build_base': '/home/marsuser/so101_ws/build/so101_bringup', 'catkin_cmake_args': None, 'catkin_skip_building_tests': False, 'cmake_args': None, 'cmake_clean_cache': False, 'cmake_clean_first': False, 'cmake_force_configure': False, 'cmake_target': None, 'cmake_target_skip_unavailable': False, 'install_base': '/home/marsuser/so101_ws/install/so101_bringup', 'merge_install': False, 'path': '/home/marsuser/so101_ws/src/so101_bringup', 'symlink_install': False, 'test_result_base': None}
[0.262s] INFO:colcon.colcon_core.executor:Executing jobs using 'parallel' executor
[0.263s] DEBUG:colcon.colcon_parallel_executor.executor.parallel:run_until_complete
[0.263s] INFO:colcon.colcon_ros.task.ament_cmake.build:Building ROS package in '/home/marsuser/so101_ws/src/so101_description' with build type 'ament_cmake'
[0.263s] INFO:colcon.colcon_cmake.task.cmake.build:Building CMake package in '/home/marsuser/so101_ws/src/so101_description'
[0.265s] INFO:colcon.colcon_core.plugin_system:Skipping extension 'colcon_core.shell.bat': Not used on non-Windows systems
[0.265s] INFO:colcon.colcon_core.shell:Skip shell extension 'powershell' for command environment: Not usable outside of PowerShell
[0.265s] DEBUG:colcon.colcon_core.shell:Skip shell extension 'dsv' for command environment
[0.267s] INFO:colcon.colcon_ros.task.ament_cmake.build:Building ROS package in '/home/marsuser/so101_ws/src/so101_kinematics' with build type 'ament_cmake'
[0.267s] INFO:colcon.colcon_cmake.task.cmake.build:Building CMake package in '/home/marsuser/so101_ws/src/so101_kinematics'
[0.268s] INFO:colcon.colcon_core.shell:Skip shell extension 'powershell' for command environment: Not usable outside of PowerShell
[0.268s] DEBUG:colcon.colcon_core.shell:Skip shell extension 'dsv' for command environment
[0.270s] INFO:colcon.colcon_ros.task.ament_cmake.build:Building ROS package in '/home/marsuser/so101_ws/src/so101_msgs' with build type 'ament_cmake'
[0.270s] INFO:colcon.colcon_cmake.task.cmake.build:Building CMake package in '/home/marsuser/so101_ws/src/so101_msgs'
[0.270s] INFO:colcon.colcon_core.shell:Skip shell extension 'powershell' for command environment: Not usable outside of PowerShell
[0.270s] DEBUG:colcon.colcon_core.shell:Skip shell extension 'dsv' for command environment
[0.275s] DEBUG:colcon.colcon_core.event_handler.log_command:Invoking command in '/home/marsuser/so101_ws/build/so101_description': CMAKE_PREFIX_PATH=${CMAKE_PREFIX_PATH}:/opt/ros/humble /usr/bin/cmake --build /home/marsuser/so101_ws/build/so101_description -- -j32 -l32
[0.277s] DEBUG:colcon.colcon_core.event_handler.log_command:Invoking command in '/home/marsuser/so101_ws/build/so101_kinematics': CMAKE_PREFIX_PATH=${CMAKE_PREFIX_PATH}:/opt/ros/humble /usr/bin/cmake --build /home/marsuser/so101_ws/build/so101_kinematics -- -j32 -l32
[0.279s] DEBUG:colcon.colcon_core.event_handler.log_command:Invoking command in '/home/marsuser/so101_ws/build/so101_msgs': CMAKE_PREFIX_PATH=${CMAKE_PREFIX_PATH}:/opt/ros/humble /usr/bin/cmake --build /home/marsuser/so101_ws/build/so101_msgs -- -j32 -l32
[0.306s] DEBUG:colcon.colcon_core.event_handler.log_command:Invoked command in '/home/marsuser/so101_ws/build/so101_description' returned '0': CMAKE_PREFIX_PATH=${CMAKE_PREFIX_PATH}:/opt/ros/humble /usr/bin/cmake --build /home/marsuser/so101_ws/build/so101_description -- -j32 -l32
[0.313s] DEBUG:colcon.colcon_core.event_handler.log_command:Invoking command in '/home/marsuser/so101_ws/build/so101_description': CMAKE_PREFIX_PATH=${CMAKE_PREFIX_PATH}:/opt/ros/humble /usr/bin/cmake --install /home/marsuser/so101_ws/build/so101_description
[0.321s] Level 1:colcon.colcon_core.environment:create_environment_scripts_only(so101_description)
[0.321s] DEBUG:colcon.colcon_core.event_handler.log_command:Invoked command in '/home/marsuser/so101_ws/build/so101_description' returned '0': CMAKE_PREFIX_PATH=${CMAKE_PREFIX_PATH}:/opt/ros/humble /usr/bin/cmake --install /home/marsuser/so101_ws/build/so101_description
[0.323s] Level 1:colcon.colcon_core.environment:checking '/home/marsuser/so101_ws/install/so101_description' for CMake module files
[0.323s] Level 1:colcon.colcon_core.environment:checking '/home/marsuser/so101_ws/install/so101_description' for CMake config files
[0.323s] Level 1:colcon.colcon_core.shell:create_environment_hook('so101_description', 'cmake_prefix_path')
[0.323s] INFO:colcon.colcon_core.shell:Creating environment hook '/home/marsuser/so101_ws/install/so101_description/share/so101_description/hook/cmake_prefix_path.ps1'
[0.324s] INFO:colcon.colcon_core.shell:Creating environment descriptor '/home/marsuser/so101_ws/install/so101_description/share/so101_description/hook/cmake_prefix_path.dsv'
[0.324s] INFO:colcon.colcon_core.shell:Creating environment hook '/home/marsuser/so101_ws/install/so101_description/share/so101_description/hook/cmake_prefix_path.sh'
[0.325s] Level 1:colcon.colcon_core.environment:checking '/home/marsuser/so101_ws/install/so101_description/bin'
[0.325s] Level 1:colcon.colcon_core.environment:checking '/home/marsuser/so101_ws/install/so101_description/lib/pkgconfig/so101_description.pc'
[0.325s] Level 1:colcon.colcon_core.environment:checking '/home/marsuser/so101_ws/install/so101_description/lib/python3.10/site-packages'
[0.325s] Level 1:colcon.colcon_core.environment:checking '/home/marsuser/so101_ws/install/so101_description/bin'
[0.326s] INFO:colcon.colcon_core.shell:Creating package script '/home/marsuser/so101_ws/install/so101_description/share/so101_description/package.ps1'
[0.326s] INFO:colcon.colcon_core.shell:Creating package descriptor '/home/marsuser/so101_ws/install/so101_description/share/so101_description/package.dsv'
[0.327s] INFO:colcon.colcon_core.shell:Creating package script '/home/marsuser/so101_ws/install/so101_description/share/so101_description/package.sh'
[0.327s] INFO:colcon.colcon_core.shell:Creating package script '/home/marsuser/so101_ws/install/so101_description/share/so101_description/package.bash'
[0.328s] INFO:colcon.colcon_core.shell:Creating package script '/home/marsuser/so101_ws/install/so101_description/share/so101_description/package.zsh'
[0.328s] Level 1:colcon.colcon_core.environment:create_file_with_runtime_dependencies(/home/marsuser/so101_ws/install/so101_description/share/colcon-core/packages/so101_description)
[0.328s] Level 1:colcon.colcon_core.environment:create_environment_scripts_only(so101_description)
[0.329s] Level 1:colcon.colcon_core.environment:checking '/home/marsuser/so101_ws/install/so101_description' for CMake module files
[0.329s] Level 1:colcon.colcon_core.environment:checking '/home/marsuser/so101_ws/install/so101_description' for CMake config files
[0.329s] Level 1:colcon.colcon_core.shell:create_environment_hook('so101_description', 'cmake_prefix_path')
[0.329s] INFO:colcon.colcon_core.shell:Creating environment hook '/home/marsuser/so101_ws/install/so101_description/share/so101_description/hook/cmake_prefix_path.ps1'
[0.330s] INFO:colcon.colcon_core.shell:Creating environment descriptor '/home/marsuser/so101_ws/install/so101_description/share/so101_description/hook/cmake_prefix_path.dsv'
[0.330s] INFO:colcon.colcon_core.shell:Creating environment hook '/home/marsuser/so101_ws/install/so101_description/share/so101_description/hook/cmake_prefix_path.sh'
[0.330s] Level 1:colcon.colcon_core.environment:checking '/home/marsuser/so101_ws/install/so101_description/bin'
[0.330s] Level 1:colcon.colcon_core.environment:checking '/home/marsuser/so101_ws/install/so101_description/lib/pkgconfig/so101_description.pc'
[0.331s] Level 1:colcon.colcon_core.environment:checking '/home/marsuser/so101_ws/install/so101_description/lib/python3.10/site-packages'
[0.331s] Level 1:colcon.colcon_core.environment:checking '/home/marsuser/so101_ws/install/so101_description/bin'
[0.331s] INFO:colcon.colcon_core.shell:Creating package script '/home/marsuser/so101_ws/install/so101_description/share/so101_description/package.ps1'
[0.332s] INFO:colcon.colcon_core.shell:Creating package descriptor '/home/marsuser/so101_ws/install/so101_description/share/so101_description/package.dsv'
[0.332s] INFO:colcon.colcon_core.shell:Creating package script '/home/marsuser/so101_ws/install/so101_description/share/so101_description/package.sh'
[0.332s] INFO:colcon.colcon_core.shell:Creating package script '/home/marsuser/so101_ws/install/so101_description/share/so101_description/package.bash'
[0.332s] INFO:colcon.colcon_core.shell:Creating package script '/home/marsuser/so101_ws/install/so101_description/share/so101_description/package.zsh'
[0.333s] Level 1:colcon.colcon_core.environment:create_file_with_runtime_dependencies(/home/marsuser/so101_ws/install/so101_description/share/colcon-core/packages/so101_description)
[0.370s] DEBUG:colcon.colcon_core.event_handler.log_command:Invoked command in '/home/marsuser/so101_ws/build/so101_kinematics' returned '0': CMAKE_PREFIX_PATH=${CMAKE_PREFIX_PATH}:/opt/ros/humble /usr/bin/cmake --build /home/marsuser/so101_ws/build/so101_kinematics -- -j32 -l32
[0.371s] DEBUG:colcon.colcon_core.event_handler.log_command:Invoking command in '/home/marsuser/so101_ws/build/so101_kinematics': CMAKE_PREFIX_PATH=${CMAKE_PREFIX_PATH}:/opt/ros/humble /usr/bin/cmake --install /home/marsuser/so101_ws/build/so101_kinematics
[0.379s] Level 1:colcon.colcon_core.environment:create_environment_scripts_only(so101_kinematics)
[0.379s] DEBUG:colcon.colcon_core.event_handler.log_command:Invoked command in '/home/marsuser/so101_ws/build/so101_kinematics' returned '0': CMAKE_PREFIX_PATH=${CMAKE_PREFIX_PATH}:/opt/ros/humble /usr/bin/cmake --install /home/marsuser/so101_ws/build/so101_kinematics
[0.379s] Level 1:colcon.colcon_core.environment:checking '/home/marsuser/so101_ws/install/so101_kinematics' for CMake module files
[0.380s] Level 1:colcon.colcon_core.environment:checking '/home/marsuser/so101_ws/install/so101_kinematics' for CMake config files
[0.380s] Level 1:colcon.colcon_core.shell:create_environment_hook('so101_kinematics', 'cmake_prefix_path')
[0.380s] INFO:colcon.colcon_core.shell:Creating environment hook '/home/marsuser/so101_ws/install/so101_kinematics/share/so101_kinematics/hook/cmake_prefix_path.ps1'
[0.380s] INFO:colcon.colcon_core.shell:Creating environment descriptor '/home/marsuser/so101_ws/install/so101_kinematics/share/so101_kinematics/hook/cmake_prefix_path.dsv'
[0.381s] INFO:colcon.colcon_core.shell:Creating environment hook '/home/marsuser/so101_ws/install/so101_kinematics/share/so101_kinematics/hook/cmake_prefix_path.sh'
[0.381s] Level 1:colcon.colcon_core.environment:checking '/home/marsuser/so101_ws/install/so101_kinematics/lib'
[0.381s] Level 1:colcon.colcon_core.shell:create_environment_hook('so101_kinematics', 'ld_library_path_lib')
[0.381s] INFO:colcon.colcon_core.shell:Creating environment hook '/home/marsuser/so101_ws/install/so101_kinematics/share/so101_kinematics/hook/ld_library_path_lib.ps1'
[0.382s] INFO:colcon.colcon_core.shell:Creating environment descriptor '/home/marsuser/so101_ws/install/so101_kinematics/share/so101_kinematics/hook/ld_library_path_lib.dsv'
[0.382s] INFO:colcon.colcon_core.shell:Creating environment hook '/home/marsuser/so101_ws/install/so101_kinematics/share/so101_kinematics/hook/ld_library_path_lib.sh'
[0.382s] Level 1:colcon.colcon_core.environment:checking '/home/marsuser/so101_ws/install/so101_kinematics/bin'
[0.382s] Level 1:colcon.colcon_core.environment:checking '/home/marsuser/so101_ws/install/so101_kinematics/lib/pkgconfig/so101_kinematics.pc'
[0.382s] Level 1:colcon.colcon_core.environment:checking '/home/marsuser/so101_ws/install/so101_kinematics/lib/python3.10/site-packages'
[0.382s] Level 1:colcon.colcon_core.environment:checking '/home/marsuser/so101_ws/install/so101_kinematics/bin'
[0.383s] INFO:colcon.colcon_core.shell:Creating package script '/home/marsuser/so101_ws/install/so101_kinematics/share/so101_kinematics/package.ps1'
[0.383s] INFO:colcon.colcon_core.shell:Creating package descriptor '/home/marsuser/so101_ws/install/so101_kinematics/share/so101_kinematics/package.dsv'
[0.383s] INFO:colcon.colcon_core.shell:Creating package script '/home/marsuser/so101_ws/install/so101_kinematics/share/so101_kinematics/package.sh'
[0.384s] INFO:colcon.colcon_core.shell:Creating package script '/home/marsuser/so101_ws/install/so101_kinematics/share/so101_kinematics/package.bash'
[0.384s] INFO:colcon.colcon_core.shell:Creating package script '/home/marsuser/so101_ws/install/so101_kinematics/share/so101_kinematics/package.zsh'
[0.384s] Level 1:colcon.colcon_core.environment:create_file_with_runtime_dependencies(/home/marsuser/so101_ws/install/so101_kinematics/share/colcon-core/packages/so101_kinematics)
[0.384s] Level 1:colcon.colcon_core.environment:create_environment_scripts_only(so101_kinematics)
[0.384s] Level 1:colcon.colcon_core.environment:checking '/home/marsuser/so101_ws/install/so101_kinematics' for CMake module files
[0.385s] Level 1:colcon.colcon_core.environment:checking '/home/marsuser/so101_ws/install/so101_kinematics' for CMake config files
[0.385s] Level 1:colcon.colcon_core.shell:create_environment_hook('so101_kinematics', 'cmake_prefix_path')
[0.385s] INFO:colcon.colcon_core.shell:Creating environment hook '/home/marsuser/so101_ws/install/so101_kinematics/share/so101_kinematics/hook/cmake_prefix_path.ps1'
[0.385s] INFO:colcon.colcon_core.shell:Creating environment descriptor '/home/marsuser/so101_ws/install/so101_kinematics/share/so101_kinematics/hook/cmake_prefix_path.dsv'
[0.385s] INFO:colcon.colcon_core.shell:Creating environment hook '/home/marsuser/so101_ws/install/so101_kinematics/share/so101_kinematics/hook/cmake_prefix_path.sh'
[0.386s] Level 1:colcon.colcon_core.environment:checking '/home/marsuser/so101_ws/install/so101_kinematics/lib'
[0.386s] Level 1:colcon.colcon_core.shell:create_environment_hook('so101_kinematics', 'ld_library_path_lib')
[0.386s] INFO:colcon.colcon_core.shell:Creating environment hook '/home/marsuser/so101_ws/install/so101_kinematics/share/so101_kinematics/hook/ld_library_path_lib.ps1'
[0.386s] INFO:colcon.colcon_core.shell:Creating environment descriptor '/home/marsuser/so101_ws/install/so101_kinematics/share/so101_kinematics/hook/ld_library_path_lib.dsv'
[0.386s] INFO:colcon.colcon_core.shell:Creating environment hook '/home/marsuser/so101_ws/install/so101_kinematics/share/so101_kinematics/hook/ld_library_path_lib.sh'
[0.387s] Level 1:colcon.colcon_core.environment:checking '/home/marsuser/so101_ws/install/so101_kinematics/bin'
[0.387s] Level 1:colcon.colcon_core.environment:checking '/home/marsuser/so101_ws/install/so101_kinematics/lib/pkgconfig/so101_kinematics.pc'
[0.387s] Level 1:colcon.colcon_core.environment:checking '/home/marsuser/so101_ws/install/so101_kinematics/lib/python3.10/site-packages'
[0.387s] Level 1:colcon.colcon_core.environment:checking '/home/marsuser/so101_ws/install/so101_kinematics/bin'
[0.387s] INFO:colcon.colcon_core.shell:Creating package script '/home/marsuser/so101_ws/install/so101_kinematics/share/so101_kinematics/package.ps1'
[0.387s] INFO:colcon.colcon_core.shell:Creating package descriptor '/home/marsuser/so101_ws/install/so101_kinematics/share/so101_kinematics/package.dsv'
[0.388s] INFO:colcon.colcon_core.shell:Creating package script '/home/marsuser/so101_ws/install/so101_kinematics/share/so101_kinematics/package.sh'
[0.388s] INFO:colcon.colcon_core.shell:Creating package script '/home/marsuser/so101_ws/install/so101_kinematics/share/so101_kinematics/package.bash'
[0.388s] INFO:colcon.colcon_core.shell:Creating package script '/home/marsuser/so101_ws/install/so101_kinematics/share/so101_kinematics/package.zsh'
[0.389s] Level 1:colcon.colcon_core.environment:create_file_with_runtime_dependencies(/home/marsuser/so101_ws/install/so101_kinematics/share/colcon-core/packages/so101_kinematics)
[0.525s] DEBUG:colcon.colcon_core.event_handler.log_command:Invoked command in '/home/marsuser/so101_ws/build/so101_msgs' returned '0': CMAKE_PREFIX_PATH=${CMAKE_PREFIX_PATH}:/opt/ros/humble /usr/bin/cmake --build /home/marsuser/so101_ws/build/so101_msgs -- -j32 -l32
[0.527s] DEBUG:colcon.colcon_core.event_handler.log_command:Invoking command in '/home/marsuser/so101_ws/build/so101_msgs': CMAKE_PREFIX_PATH=${CMAKE_PREFIX_PATH}:/opt/ros/humble /usr/bin/cmake --install /home/marsuser/so101_ws/build/so101_msgs
[0.565s] Level 1:colcon.colcon_core.environment:create_environment_scripts_only(so101_msgs)
[0.566s] Level 1:colcon.colcon_core.environment:checking '/home/marsuser/so101_ws/install/so101_msgs' for CMake module files
[0.566s] DEBUG:colcon.colcon_core.event_handler.log_command:Invoked command in '/home/marsuser/so101_ws/build/so101_msgs' returned '0': CMAKE_PREFIX_PATH=${CMAKE_PREFIX_PATH}:/opt/ros/humble /usr/bin/cmake --install /home/marsuser/so101_ws/build/so101_msgs
[0.566s] Level 1:colcon.colcon_core.environment:checking '/home/marsuser/so101_ws/install/so101_msgs' for CMake config files
[0.567s] Level 1:colcon.colcon_core.shell:create_environment_hook('so101_msgs', 'cmake_prefix_path')
[0.567s] INFO:colcon.colcon_core.shell:Creating environment hook '/home/marsuser/so101_ws/install/so101_msgs/share/so101_msgs/hook/cmake_prefix_path.ps1'
[0.567s] INFO:colcon.colcon_core.shell:Creating environment descriptor '/home/marsuser/so101_ws/install/so101_msgs/share/so101_msgs/hook/cmake_prefix_path.dsv'
[0.568s] INFO:colcon.colcon_core.shell:Creating environment hook '/home/marsuser/so101_ws/install/so101_msgs/share/so101_msgs/hook/cmake_prefix_path.sh'
[0.568s] Level 1:colcon.colcon_core.environment:checking '/home/marsuser/so101_ws/install/so101_msgs/lib'
[0.568s] Level 1:colcon.colcon_core.shell:create_environment_hook('so101_msgs', 'ld_library_path_lib')
[0.568s] INFO:colcon.colcon_core.shell:Creating environment hook '/home/marsuser/so101_ws/install/so101_msgs/share/so101_msgs/hook/ld_library_path_lib.ps1'
[0.569s] INFO:colcon.colcon_core.shell:Creating environment descriptor '/home/marsuser/so101_ws/install/so101_msgs/share/so101_msgs/hook/ld_library_path_lib.dsv'
[0.569s] INFO:colcon.colcon_core.shell:Creating environment hook '/home/marsuser/so101_ws/install/so101_msgs/share/so101_msgs/hook/ld_library_path_lib.sh'
[0.570s] Level 1:colcon.colcon_core.environment:checking '/home/marsuser/so101_ws/install/so101_msgs/bin'
[0.570s] Level 1:colcon.colcon_core.environment:checking '/home/marsuser/so101_ws/install/so101_msgs/lib/pkgconfig/so101_msgs.pc'
[0.570s] Level 1:colcon.colcon_core.environment:checking '/home/marsuser/so101_ws/install/so101_msgs/lib/python3.10/site-packages'
[0.570s] Level 1:colcon.colcon_core.environment:checking '/home/marsuser/so101_ws/install/so101_msgs/bin'
[0.570s] INFO:colcon.colcon_core.shell:Creating package script '/home/marsuser/so101_ws/install/so101_msgs/share/so101_msgs/package.ps1'
[0.571s] INFO:colcon.colcon_core.shell:Creating package descriptor '/home/marsuser/so101_ws/install/so101_msgs/share/so101_msgs/package.dsv'
[0.571s] INFO:colcon.colcon_core.shell:Creating package script '/home/marsuser/so101_ws/install/so101_msgs/share/so101_msgs/package.sh'
[0.572s] INFO:colcon.colcon_core.shell:Creating package script '/home/marsuser/so101_ws/install/so101_msgs/share/so101_msgs/package.bash'
[0.572s] INFO:colcon.colcon_core.shell:Creating package script '/home/marsuser/so101_ws/install/so101_msgs/share/so101_msgs/package.zsh'
[0.573s] Level 1:colcon.colcon_core.environment:create_file_with_runtime_dependencies(/home/marsuser/so101_ws/install/so101_msgs/share/colcon-core/packages/so101_msgs)
[0.573s] Level 1:colcon.colcon_core.environment:create_environment_scripts_only(so101_msgs)
[0.573s] Level 1:colcon.colcon_core.environment:checking '/home/marsuser/so101_ws/install/so101_msgs' for CMake module files
[0.574s] Level 1:colcon.colcon_core.environment:checking '/home/marsuser/so101_ws/install/so101_msgs' for CMake config files
[0.574s] Level 1:colcon.colcon_core.shell:create_environment_hook('so101_msgs', 'cmake_prefix_path')
[0.574s] INFO:colcon.colcon_core.shell:Creating environment hook '/home/marsuser/so101_ws/install/so101_msgs/share/so101_msgs/hook/cmake_prefix_path.ps1'
[0.575s] INFO:colcon.colcon_core.shell:Creating environment descriptor '/home/marsuser/so101_ws/install/so101_msgs/share/so101_msgs/hook/cmake_prefix_path.dsv'
[0.575s] INFO:colcon.colcon_core.shell:Creating environment hook '/home/marsuser/so101_ws/install/so101_msgs/share/so101_msgs/hook/cmake_prefix_path.sh'
[0.576s] Level 1:colcon.colcon_core.environment:checking '/home/marsuser/so101_ws/install/so101_msgs/lib'
[0.576s] Level 1:colcon.colcon_core.shell:create_environment_hook('so101_msgs', 'ld_library_path_lib')
[0.576s] INFO:colcon.colcon_core.shell:Creating environment hook '/home/marsuser/so101_ws/install/so101_msgs/share/so101_msgs/hook/ld_library_path_lib.ps1'
[0.576s] INFO:colcon.colcon_core.shell:Creating environment descriptor '/home/marsuser/so101_ws/install/so101_msgs/share/so101_msgs/hook/ld_library_path_lib.dsv'
[0.577s] INFO:colcon.colcon_core.shell:Creating environment hook '/home/marsuser/so101_ws/install/so101_msgs/share/so101_msgs/hook/ld_library_path_lib.sh'
[0.577s] Level 1:colcon.colcon_core.environment:checking '/home/marsuser/so101_ws/install/so101_msgs/bin'
[0.577s] Level 1:colcon.colcon_core.environment:checking '/home/marsuser/so101_ws/install/so101_msgs/lib/pkgconfig/so101_msgs.pc'
[0.577s] Level 1:colcon.colcon_core.environment:checking '/home/marsuser/so101_ws/install/so101_msgs/lib/python3.10/site-packages'
[0.578s] Level 1:colcon.colcon_core.environment:checking '/home/marsuser/so101_ws/install/so101_msgs/bin'
[0.578s] INFO:colcon.colcon_core.shell:Creating package script '/home/marsuser/so101_ws/install/so101_msgs/share/so101_msgs/package.ps1'
[0.579s] INFO:colcon.colcon_core.shell:Creating package descriptor '/home/marsuser/so101_ws/install/so101_msgs/share/so101_msgs/package.dsv'
[0.579s] INFO:colcon.colcon_core.shell:Creating package script '/home/marsuser/so101_ws/install/so101_msgs/share/so101_msgs/package.sh'
[0.579s] INFO:colcon.colcon_core.shell:Creating package script '/home/marsuser/so101_ws/install/so101_msgs/share/so101_msgs/package.bash'
[0.580s] INFO:colcon.colcon_core.shell:Creating package script '/home/marsuser/so101_ws/install/so101_msgs/share/so101_msgs/package.zsh'
[0.580s] Level 1:colcon.colcon_core.environment:create_file_with_runtime_dependencies(/home/marsuser/so101_ws/install/so101_msgs/share/colcon-core/packages/so101_msgs)
[0.580s] INFO:colcon.colcon_ros.task.ament_cmake.build:Building ROS package in '/home/marsuser/so101_ws/src/so101_bringup' with build type 'ament_cmake'
[0.581s] INFO:colcon.colcon_cmake.task.cmake.build:Building CMake package in '/home/marsuser/so101_ws/src/so101_bringup'
[0.581s] INFO:colcon.colcon_core.shell:Skip shell extension 'powershell' for command environment: Not usable outside of PowerShell
[0.581s] DEBUG:colcon.colcon_core.shell:Skip shell extension 'dsv' for command environment
[0.592s] DEBUG:colcon.colcon_core.event_handler.log_command:Invoking command in '/home/marsuser/so101_ws/build/so101_bringup': AMENT_PREFIX_PATH=/home/marsuser/so101_ws/install/so101_msgs:/home/marsuser/so101_ws/install/so101_kinematics:/home/marsuser/so101_ws/install/so101_description:${AMENT_PREFIX_PATH} CMAKE_PREFIX_PATH=/home/marsuser/so101_ws/install/so101_msgs:/home/marsuser/so101_ws/install/so101_kinematics:/home/marsuser/so101_ws/install/so101_description:/opt/openrobots:/opt/ros/humble LD_LIBRARY_PATH=/home/marsuser/so101_ws/install/so101_msgs/lib:/home/marsuser/so101_ws/install/so101_kinematics/lib:/opt/ros/humble/opt/rviz_ogre_vendor/lib:/opt/ros/humble/lib/x86_64-linux-gnu:/opt/ros/humble/lib:/usr/local/cuda/lib64:/opt/openrobots/lib PYTHONPATH=/home/marsuser/so101_ws/install/so101_msgs/local/lib/python3.10/dist-packages:${PYTHONPATH} /usr/bin/cmake --build /home/marsuser/so101_ws/build/so101_bringup -- -j32 -l32
[1.272s] DEBUG:colcon.colcon_core.event_handler.log_command:Invoked command in '/home/marsuser/so101_ws/build/so101_bringup' returned '0': AMENT_PREFIX_PATH=/home/marsuser/so101_ws/install/so101_msgs:/home/marsuser/so101_ws/install/so101_kinematics:/home/marsuser/so101_ws/install/so101_description:${AMENT_PREFIX_PATH} CMAKE_PREFIX_PATH=/home/marsuser/so101_ws/install/so101_msgs:/home/marsuser/so101_ws/install/so101_kinematics:/home/marsuser/so101_ws/install/so101_description:/opt/openrobots:/opt/ros/humble LD_LIBRARY_PATH=/home/marsuser/so101_ws/install/so101_msgs/lib:/home/marsuser/so101_ws/install/so101_kinematics/lib:/opt/ros/humble/opt/rviz_ogre_vendor/lib:/opt/ros/humble/lib/x86_64-linux-gnu:/opt/ros/humble/lib:/usr/local/cuda/lib64:/opt/openrobots/lib PYTHONPATH=/home/marsuser/so101_ws/install/so101_msgs/local/lib/python3.10/dist-packages:${PYTHONPATH} /usr/bin/cmake --build /home/marsuser/so101_ws/build/so101_bringup -- -j32 -l32
[1.274s] DEBUG:colcon.colcon_core.event_handler.log_command:Invoking command in '/home/marsuser/so101_ws/build/so101_bringup': AMENT_PREFIX_PATH=/home/marsuser/so101_ws/install/so101_msgs:/home/marsuser/so101_ws/install/so101_kinematics:/home/marsuser/so101_ws/install/so101_description:${AMENT_PREFIX_PATH} CMAKE_PREFIX_PATH=/home/marsuser/so101_ws/install/so101_msgs:/home/marsuser/so101_ws/install/so101_kinematics:/home/marsuser/so101_ws/install/so101_description:/opt/openrobots:/opt/ros/humble LD_LIBRARY_PATH=/home/marsuser/so101_ws/install/so101_msgs/lib:/home/marsuser/so101_ws/install/so101_kinematics/lib:/opt/ros/humble/opt/rviz_ogre_vendor/lib:/opt/ros/humble/lib/x86_64-linux-gnu:/opt/ros/humble/lib:/usr/local/cuda/lib64:/opt/openrobots/lib PYTHONPATH=/home/marsuser/so101_ws/install/so101_msgs/local/lib/python3.10/dist-packages:${PYTHONPATH} /usr/bin/cmake --install /home/marsuser/so101_ws/build/so101_bringup
[1.299s] Level 1:colcon.colcon_core.environment:create_environment_scripts_only(so101_bringup)
[1.300s] Level 1:colcon.colcon_core.environment:checking '/home/marsuser/so101_ws/install/so101_bringup' for CMake module files
[1.300s] DEBUG:colcon.colcon_core.event_handler.log_command:Invoked command in '/home/marsuser/so101_ws/build/so101_bringup' returned '0': AMENT_PREFIX_PATH=/home/marsuser/so101_ws/install/so101_msgs:/home/marsuser/so101_ws/install/so101_kinematics:/home/marsuser/so101_ws/install/so101_description:${AMENT_PREFIX_PATH} CMAKE_PREFIX_PATH=/home/marsuser/so101_ws/install/so101_msgs:/home/marsuser/so101_ws/install/so101_kinematics:/home/marsuser/so101_ws/install/so101_description:/opt/openrobots:/opt/ros/humble LD_LIBRARY_PATH=/home/marsuser/so101_ws/install/so101_msgs/lib:/home/marsuser/so101_ws/install/so101_kinematics/lib:/opt/ros/humble/opt/rviz_ogre_vendor/lib:/opt/ros/humble/lib/x86_64-linux-gnu:/opt/ros/humble/lib:/usr/local/cuda/lib64:/opt/openrobots/lib PYTHONPATH=/home/marsuser/so101_ws/install/so101_msgs/local/lib/python3.10/dist-packages:${PYTHONPATH} /usr/bin/cmake --install /home/marsuser/so101_ws/build/so101_bringup
[1.300s] Level 1:colcon.colcon_core.environment:checking '/home/marsuser/so101_ws/install/so101_bringup' for CMake config files
[1.301s] Level 1:colcon.colcon_core.shell:create_environment_hook('so101_bringup', 'cmake_prefix_path')
[1.301s] INFO:colcon.colcon_core.shell:Creating environment hook '/home/marsuser/so101_ws/install/so101_bringup/share/so101_bringup/hook/cmake_prefix_path.ps1'
[1.301s] INFO:colcon.colcon_core.shell:Creating environment descriptor '/home/marsuser/so101_ws/install/so101_bringup/share/so101_bringup/hook/cmake_prefix_path.dsv'
[1.302s] INFO:colcon.colcon_core.shell:Creating environment hook '/home/marsuser/so101_ws/install/so101_bringup/share/so101_bringup/hook/cmake_prefix_path.sh'
[1.302s] Level 1:colcon.colcon_core.environment:checking '/home/marsuser/so101_ws/install/so101_bringup/lib'
[1.302s] Level 1:colcon.colcon_core.environment:checking '/home/marsuser/so101_ws/install/so101_bringup/bin'
[1.302s] Level 1:colcon.colcon_core.environment:checking '/home/marsuser/so101_ws/install/so101_bringup/lib/pkgconfig/so101_bringup.pc'
[1.302s] Level 1:colcon.colcon_core.environment:checking '/home/marsuser/so101_ws/install/so101_bringup/lib/python3.10/site-packages'
[1.303s] Level 1:colcon.colcon_core.environment:checking '/home/marsuser/so101_ws/install/so101_bringup/bin'
[1.303s] INFO:colcon.colcon_core.shell:Creating package script '/home/marsuser/so101_ws/install/so101_bringup/share/so101_bringup/package.ps1'
[1.304s] INFO:colcon.colcon_core.shell:Creating package descriptor '/home/marsuser/so101_ws/install/so101_bringup/share/so101_bringup/package.dsv'
[1.304s] INFO:colcon.colcon_core.shell:Creating package script '/home/marsuser/so101_ws/install/so101_bringup/share/so101_bringup/package.sh'
[1.304s] INFO:colcon.colcon_core.shell:Creating package script '/home/marsuser/so101_ws/install/so101_bringup/share/so101_bringup/package.bash'
[1.305s] INFO:colcon.colcon_core.shell:Creating package script '/home/marsuser/so101_ws/install/so101_bringup/share/so101_bringup/package.zsh'
[1.305s] Level 1:colcon.colcon_core.environment:create_file_with_runtime_dependencies(/home/marsuser/so101_ws/install/so101_bringup/share/colcon-core/packages/so101_bringup)
[1.306s] Level 1:colcon.colcon_core.environment:create_environment_scripts_only(so101_bringup)
[1.306s] Level 1:colcon.colcon_core.environment:checking '/home/marsuser/so101_ws/install/so101_bringup' for CMake module files
[1.306s] Level 1:colcon.colcon_core.environment:checking '/home/marsuser/so101_ws/install/so101_bringup' for CMake config files
[1.307s] Level 1:colcon.colcon_core.shell:create_environment_hook('so101_bringup', 'cmake_prefix_path')
[1.307s] INFO:colcon.colcon_core.shell:Creating environment hook '/home/marsuser/so101_ws/install/so101_bringup/share/so101_bringup/hook/cmake_prefix_path.ps1'
[1.307s] INFO:colcon.colcon_core.shell:Creating environment descriptor '/home/marsuser/so101_ws/install/so101_bringup/share/so101_bringup/hook/cmake_prefix_path.dsv'
[1.307s] INFO:colcon.colcon_core.shell:Creating environment hook '/home/marsuser/so101_ws/install/so101_bringup/share/so101_bringup/hook/cmake_prefix_path.sh'
[1.308s] Level 1:colcon.colcon_core.environment:checking '/home/marsuser/so101_ws/install/so101_bringup/lib'
[1.308s] Level 1:colcon.colcon_core.environment:checking '/home/marsuser/so101_ws/install/so101_bringup/bin'
[1.308s] Level 1:colcon.colcon_core.environment:checking '/home/marsuser/so101_ws/install/so101_bringup/lib/pkgconfig/so101_bringup.pc'
[1.308s] Level 1:colcon.colcon_core.environment:checking '/home/marsuser/so101_ws/install/so101_bringup/lib/python3.10/site-packages'
[1.309s] Level 1:colcon.colcon_core.environment:checking '/home/marsuser/so101_ws/install/so101_bringup/bin'
[1.309s] INFO:colcon.colcon_core.shell:Creating package script '/home/marsuser/so101_ws/install/so101_bringup/share/so101_bringup/package.ps1'
[1.309s] INFO:colcon.colcon_core.shell:Creating package descriptor '/home/marsuser/so101_ws/install/so101_bringup/share/so101_bringup/package.dsv'
[1.310s] INFO:colcon.colcon_core.shell:Creating package script '/home/marsuser/so101_ws/install/so101_bringup/share/so101_bringup/package.sh'
[1.310s] INFO:colcon.colcon_core.shell:Creating package script '/home/marsuser/so101_ws/install/so101_bringup/share/so101_bringup/package.bash'
[1.311s] INFO:colcon.colcon_core.shell:Creating package script '/home/marsuser/so101_ws/install/so101_bringup/share/so101_bringup/package.zsh'
[1.311s] Level 1:colcon.colcon_core.environment:create_file_with_runtime_dependencies(/home/marsuser/so101_ws/install/so101_bringup/share/colcon-core/packages/so101_bringup)
[1.311s] DEBUG:colcon.colcon_parallel_executor.executor.parallel:closing loop
[1.312s] DEBUG:colcon.colcon_parallel_executor.executor.parallel:loop closed
[1.312s] DEBUG:colcon.colcon_parallel_executor.executor.parallel:run_until_complete finished with '0'
[1.312s] DEBUG:colcon.colcon_core.event_reactor:joining thread
[1.318s] INFO:colcon.colcon_core.plugin_system:Skipping extension 'colcon_notification.desktop_notification.terminal_notifier': Not used on non-Darwin systems
[1.318s] INFO:colcon.colcon_core.plugin_system:Skipping extension 'colcon_notification.desktop_notification.win32': Not used on non-Windows systems
[1.318s] INFO:colcon.colcon_notification.desktop_notification:Sending desktop notification using 'notify2'
[1.331s] DEBUG:colcon.colcon_core.event_reactor:joined thread
[1.332s] INFO:colcon.colcon_core.shell:Creating prefix script '/home/marsuser/so101_ws/install/local_setup.ps1'
[1.333s] INFO:colcon.colcon_core.shell:Creating prefix util module '/home/marsuser/so101_ws/install/_local_setup_util_ps1.py'
[1.334s] INFO:colcon.colcon_core.shell:Creating prefix chain script '/home/marsuser/so101_ws/install/setup.ps1'
[1.336s] INFO:colcon.colcon_core.shell:Creating prefix script '/home/marsuser/so101_ws/install/local_setup.sh'
[1.336s] INFO:colcon.colcon_core.shell:Creating prefix util module '/home/marsuser/so101_ws/install/_local_setup_util_sh.py'
[1.337s] INFO:colcon.colcon_core.shell:Creating prefix chain script '/home/marsuser/so101_ws/install/setup.sh'
[1.338s] INFO:colcon.colcon_core.shell:Creating prefix script '/home/marsuser/so101_ws/install/local_setup.bash'
[1.339s] INFO:colcon.colcon_core.shell:Creating prefix chain script '/home/marsuser/so101_ws/install/setup.bash'
[1.340s] INFO:colcon.colcon_core.shell:Creating prefix script '/home/marsuser/so101_ws/install/local_setup.zsh'
[1.341s] INFO:colcon.colcon_core.shell:Creating prefix chain script '/home/marsuser/so101_ws/install/setup.zsh'
