[0.012s] Invoking command in '/home/marsuser/so101_ws/build/so101_bringup': CMAKE_PREFIX_PATH=/home/marsuser/so101_ws/install/so101_msgs:/home/marsuser/so101_ws/install/so101_kinematics:/home/marsuser/so101_ws/install/so101_description:/home/marsuser/so101_ws/install/so101_bringup:/opt/openrobots:/opt/openrobots:/opt/ros/humble CONDA_PROMPT_MODIFIER=(lerobot) LD_LIBRARY_PATH=/home/marsuser/so101_ws/install/so101_msgs/lib:/home/marsuser/so101_ws/install/so101_kinematics/lib:/usr/local/cuda/lib64:/opt/openrobots/lib:/opt/ros/humble/opt/rviz_ogre_vendor/lib:/opt/ros/humble/lib/x86_64-linux-gnu:/opt/ros/humble/lib:/usr/local/cuda/lib64:/opt/openrobots/lib /home/marsuser/miniforge3/envs/lerobot/bin/cmake --build /home/marsuser/so101_ws/build/so101_bringup -- -j32 -l32
[0.135s] [ 33%] Built target tcp_bridge_node
[0.146s] [ 66%] Built target cartesian_controller_node
[0.148s] [100%] Built target safety_gate_node
[0.152s] Invoked command in '/home/marsuser/so101_ws/build/so101_bringup' returned '0': CMAKE_PREFIX_PATH=/home/marsuser/so101_ws/install/so101_msgs:/home/marsuser/so101_ws/install/so101_kinematics:/home/marsuser/so101_ws/install/so101_description:/home/marsuser/so101_ws/install/so101_bringup:/opt/openrobots:/opt/openrobots:/opt/ros/humble CONDA_PROMPT_MODIFIER=(lerobot) LD_LIBRARY_PATH=/home/marsuser/so101_ws/install/so101_msgs/lib:/home/marsuser/so101_ws/install/so101_kinematics/lib:/usr/local/cuda/lib64:/opt/openrobots/lib:/opt/ros/humble/opt/rviz_ogre_vendor/lib:/opt/ros/humble/lib/x86_64-linux-gnu:/opt/ros/humble/lib:/usr/local/cuda/lib64:/opt/openrobots/lib /home/marsuser/miniforge3/envs/lerobot/bin/cmake --build /home/marsuser/so101_ws/build/so101_bringup -- -j32 -l32
[0.154s] Invoking command in '/home/marsuser/so101_ws/build/so101_bringup': CMAKE_PREFIX_PATH=/home/marsuser/so101_ws/install/so101_msgs:/home/marsuser/so101_ws/install/so101_kinematics:/home/marsuser/so101_ws/install/so101_description:/home/marsuser/so101_ws/install/so101_bringup:/opt/openrobots:/opt/openrobots:/opt/ros/humble CONDA_PROMPT_MODIFIER=(lerobot) LD_LIBRARY_PATH=/home/marsuser/so101_ws/install/so101_msgs/lib:/home/marsuser/so101_ws/install/so101_kinematics/lib:/usr/local/cuda/lib64:/opt/openrobots/lib:/opt/ros/humble/opt/rviz_ogre_vendor/lib:/opt/ros/humble/lib/x86_64-linux-gnu:/opt/ros/humble/lib:/usr/local/cuda/lib64:/opt/openrobots/lib /home/marsuser/miniforge3/envs/lerobot/bin/cmake --install /home/marsuser/so101_ws/build/so101_bringup
[0.252s] -- Install configuration: ""
[0.252s] -- Execute custom install script
[0.252s] -- Up-to-date symlink: /home/marsuser/so101_ws/install/so101_bringup/share/so101_bringup/launch/so101_stack.launch.py
[0.252s] -- Up-to-date symlink: /home/marsuser/so101_ws/install/so101_bringup/share/so101_bringup/config/robot_params.yaml
[0.253s] -- Up-to-date symlink: /home/marsuser/so101_ws/install/so101_bringup/lib/so101_bringup/cartesian_controller_node
[0.253s] -- Up-to-date symlink: /home/marsuser/so101_ws/install/so101_bringup/lib/so101_bringup/safety_gate_node
[0.253s] -- Up-to-date symlink: /home/marsuser/so101_ws/install/so101_bringup/lib/so101_bringup/tcp_bridge_node
[0.253s] -- Up-to-date symlink: /home/marsuser/so101_ws/install/so101_bringup/share/ament_index/resource_index/package_run_dependencies/so101_bringup
[0.253s] -- Up-to-date symlink: /home/marsuser/so101_ws/install/so101_bringup/share/ament_index/resource_index/parent_prefix_path/so101_bringup
[0.253s] -- Up-to-date symlink: /home/marsuser/so101_ws/install/so101_bringup/share/so101_bringup/environment/ament_prefix_path.sh
[0.253s] -- Up-to-date symlink: /home/marsuser/so101_ws/install/so101_bringup/share/so101_bringup/environment/ament_prefix_path.dsv
[0.253s] -- Up-to-date symlink: /home/marsuser/so101_ws/install/so101_bringup/share/so101_bringup/environment/path.sh
[0.253s] -- Up-to-date symlink: /home/marsuser/so101_ws/install/so101_bringup/share/so101_bringup/environment/path.dsv
[0.254s] -- Up-to-date symlink: /home/marsuser/so101_ws/install/so101_bringup/share/so101_bringup/local_setup.bash
[0.254s] -- Up-to-date symlink: /home/marsuser/so101_ws/install/so101_bringup/share/so101_bringup/local_setup.sh
[0.254s] -- Up-to-date symlink: /home/marsuser/so101_ws/install/so101_bringup/share/so101_bringup/local_setup.zsh
[0.254s] -- Up-to-date symlink: /home/marsuser/so101_ws/install/so101_bringup/share/so101_bringup/local_setup.dsv
[0.254s] -- Symlinking: /home/marsuser/so101_ws/install/so101_bringup/share/so101_bringup/package.dsv
[0.257s] -- Up-to-date symlink: /home/marsuser/so101_ws/install/so101_bringup/share/ament_index/resource_index/packages/so101_bringup
[0.257s] -- Up-to-date symlink: /home/marsuser/so101_ws/install/so101_bringup/share/so101_bringup/cmake/so101_bringupConfig.cmake
[0.258s] -- Up-to-date symlink: /home/marsuser/so101_ws/install/so101_bringup/share/so101_bringup/cmake/so101_bringupConfig-version.cmake
[0.258s] -- Up-to-date symlink: /home/marsuser/so101_ws/install/so101_bringup/share/so101_bringup/package.xml
[0.258s] -- Up-to-date: /home/marsuser/so101_ws/install/so101_bringup/lib/so101_bringup/keyboard_servo
[0.260s] Invoked command in '/home/marsuser/so101_ws/build/so101_bringup' returned '0': CMAKE_PREFIX_PATH=/home/marsuser/so101_ws/install/so101_msgs:/home/marsuser/so101_ws/install/so101_kinematics:/home/marsuser/so101_ws/install/so101_description:/home/marsuser/so101_ws/install/so101_bringup:/opt/openrobots:/opt/openrobots:/opt/ros/humble CONDA_PROMPT_MODIFIER=(lerobot) LD_LIBRARY_PATH=/home/marsuser/so101_ws/install/so101_msgs/lib:/home/marsuser/so101_ws/install/so101_kinematics/lib:/usr/local/cuda/lib64:/opt/openrobots/lib:/opt/ros/humble/opt/rviz_ogre_vendor/lib:/opt/ros/humble/lib/x86_64-linux-gnu:/opt/ros/humble/lib:/usr/local/cuda/lib64:/opt/openrobots/lib /home/marsuser/miniforge3/envs/lerobot/bin/cmake --install /home/marsuser/so101_ws/build/so101_bringup
