[0.012s] Invoking command in '/home/marsuser/so101_ws/build/so101_description': CMAKE_PREFIX_PATH=${CMAKE_PREFIX_PATH}:/opt/ros/humble /usr/bin/cmake /home/marsuser/so101_ws/src/so101_description -DAMENT_CMAKE_SYMLINK_INSTALL=1 -DCMAKE_INSTALL_PREFIX=/home/marsuser/so101_ws/install/so101_description
[0.022s] -- Found ament_cmake: 1.3.14 (/opt/ros/humble/share/ament_cmake/cmake)
[0.105s] -- Override CMake install command with custom implementation using symlinks instead of copying resources
[0.157s] -- Configuring done
[0.159s] -- Generating done
[0.161s] -- Build files have been written to: /home/marsuser/so101_ws/build/so101_description
[0.164s] Invoked command in '/home/marsuser/so101_ws/build/so101_description' returned '0': CMAKE_PREFIX_PATH=${CMAKE_PREFIX_PATH}:/opt/ros/humble /usr/bin/cmake /home/marsuser/so101_ws/src/so101_description -DAMENT_CMAKE_SYMLINK_INSTALL=1 -DCMAKE_INSTALL_PREFIX=/home/marsuser/so101_ws/install/so101_description
[0.166s] Invoking command in '/home/marsuser/so101_ws/build/so101_description': CMAKE_PREFIX_PATH=${CMAKE_PREFIX_PATH}:/opt/ros/humble /usr/bin/cmake --build /home/marsuser/so101_ws/build/so101_description -- -j32 -l32
[0.198s] Invoked command in '/home/marsuser/so101_ws/build/so101_description' returned '0': CMAKE_PREFIX_PATH=${CMAKE_PREFIX_PATH}:/opt/ros/humble /usr/bin/cmake --build /home/marsuser/so101_ws/build/so101_description -- -j32 -l32
[0.207s] Invoking command in '/home/marsuser/so101_ws/build/so101_description': CMAKE_PREFIX_PATH=${CMAKE_PREFIX_PATH}:/opt/ros/humble /usr/bin/cmake --install /home/marsuser/so101_ws/build/so101_description
[0.214s] -- Install configuration: ""
[0.214s] -- Execute custom install script
[0.214s] -- Symlinking: /home/marsuser/so101_ws/install/so101_description/share/so101_description/urdf/so101.urdf
[0.222s] -- Symlinking: /home/marsuser/so101_ws/install/so101_description/share/so101_description/meshes/base_motor_holder_so101_v1.stl
[0.230s] -- Symlinking: /home/marsuser/so101_ws/install/so101_description/share/so101_description/meshes/base_so101_v2.stl
[0.237s] -- Symlinking: /home/marsuser/so101_ws/install/so101_description/share/so101_description/meshes/motor_holder_so101_base_v1.stl
[0.244s] -- Symlinking: /home/marsuser/so101_ws/install/so101_description/share/so101_description/meshes/motor_holder_so101_wrist_v1.stl
[0.251s] -- Symlinking: /home/marsuser/so101_ws/install/so101_description/share/so101_description/meshes/moving_jaw_so101_v1.stl
[0.258s] -- Symlinking: /home/marsuser/so101_ws/install/so101_description/share/so101_description/meshes/rotation_pitch_so101_v1.stl
[0.267s] -- Symlinking: /home/marsuser/so101_ws/install/so101_description/share/so101_description/meshes/sts3215_03a_no_horn_v1.stl
[0.277s] -- Symlinking: /home/marsuser/so101_ws/install/so101_description/share/so101_description/meshes/sts3215_03a_v1.stl
[0.285s] -- Symlinking: /home/marsuser/so101_ws/install/so101_description/share/so101_description/meshes/under_arm_so101_v1.stl
[0.293s] -- Symlinking: /home/marsuser/so101_ws/install/so101_description/share/so101_description/meshes/upper_arm_so101_v1.stl
[0.302s] -- Symlinking: /home/marsuser/so101_ws/install/so101_description/share/so101_description/meshes/waveshare_mounting_plate_so101_v2.stl
[0.310s] -- Symlinking: /home/marsuser/so101_ws/install/so101_description/share/so101_description/meshes/wrist_camera_mount_so101_v1.stl
[0.318s] -- Symlinking: /home/marsuser/so101_ws/install/so101_description/share/so101_description/meshes/wrist_camera_so101_v1.stl
[0.327s] -- Symlinking: /home/marsuser/so101_ws/install/so101_description/share/so101_description/meshes/wrist_roll_follower_so101_v1.stl
[0.337s] -- Symlinking: /home/marsuser/so101_ws/install/so101_description/share/so101_description/meshes/wrist_roll_pitch_so101_v2.stl
[0.346s] -- Symlinking: /home/marsuser/so101_ws/install/so101_description/share/so101_description/config/joint_limits.yaml
[0.354s] -- Symlinking: /home/marsuser/so101_ws/install/so101_description/share/ament_index/resource_index/package_run_dependencies/so101_description
[0.363s] -- Symlinking: /home/marsuser/so101_ws/install/so101_description/share/ament_index/resource_index/parent_prefix_path/so101_description
[0.371s] -- Symlinking: /home/marsuser/so101_ws/install/so101_description/share/so101_description/environment/ament_prefix_path.sh
[0.379s] -- Symlinking: /home/marsuser/so101_ws/install/so101_description/share/so101_description/environment/ament_prefix_path.dsv
[0.387s] -- Symlinking: /home/marsuser/so101_ws/install/so101_description/share/so101_description/environment/path.sh
[0.395s] -- Symlinking: /home/marsuser/so101_ws/install/so101_description/share/so101_description/environment/path.dsv
[0.402s] -- Symlinking: /home/marsuser/so101_ws/install/so101_description/share/so101_description/local_setup.bash
[0.409s] -- Symlinking: /home/marsuser/so101_ws/install/so101_description/share/so101_description/local_setup.sh
[0.415s] -- Symlinking: /home/marsuser/so101_ws/install/so101_description/share/so101_description/local_setup.zsh
[0.422s] -- Symlinking: /home/marsuser/so101_ws/install/so101_description/share/so101_description/local_setup.dsv
[0.428s] -- Symlinking: /home/marsuser/so101_ws/install/so101_description/share/so101_description/package.dsv
[0.437s] -- Symlinking: /home/marsuser/so101_ws/install/so101_description/share/ament_index/resource_index/packages/so101_description
[0.448s] -- Symlinking: /home/marsuser/so101_ws/install/so101_description/share/so101_description/cmake/so101_descriptionConfig.cmake
[0.457s] -- Symlinking: /home/marsuser/so101_ws/install/so101_description/share/so101_description/cmake/so101_descriptionConfig-version.cmake
[0.465s] -- Symlinking: /home/marsuser/so101_ws/install/so101_description/share/so101_description/package.xml
[0.476s] Invoked command in '/home/marsuser/so101_ws/build/so101_description' returned '0': CMAKE_PREFIX_PATH=${CMAKE_PREFIX_PATH}:/opt/ros/humble /usr/bin/cmake --install /home/marsuser/so101_ws/build/so101_description
