[0.167s] DEBUG:colcon:Command line arguments: ['/usr/bin/colcon', 'build']
[0.167s] DEBUG:colcon:Parsed command line arguments: Namespace(log_base=None, log_level=None, verb_name='build', build_base='build', install_base='install', merge_install=False, symlink_install=False, test_result_base=None, continue_on_error=False, executor='parallel', parallel_workers=32, event_handlers=None, ignore_user_meta=False, metas=['./colcon.meta'], base_paths=['.'], packages_ignore=None, packages_ignore_regex=None, paths=None, packages_up_to=None, packages_up_to_regex=None, packages_above=None, packages_above_and_dependencies=None, packages_above_depth=None, packages_select_by_dep=None, packages_skip_by_dep=None, packages_skip_up_to=None, packages_select_build_failed=False, packages_skip_build_finished=False, packages_select_test_failures=False, packages_skip_test_passed=False, packages_select=None, packages_skip=None, packages_select_regex=None, packages_skip_regex=None, packages_start=None, packages_end=None, allow_overriding=[], cmake_args=None, cmake_target=None, cmake_target_skip_unavailable=False, cmake_clean_cache=False, cmake_clean_first=False, cmake_force_configure=False, ament_cmake_args=None, catkin_cmake_args=None, catkin_skip_building_tests=False, mixin_files=None, mixin=None, verb_parser=<colcon_mixin.mixin.mixin_argument.MixinArgumentDecorator object at 0x7e417b35ece0>, verb_extension=<colcon_core.verb.build.BuildVerb object at 0x7e417b35e830>, main=<bound method BuildVerb.main of <colcon_core.verb.build.BuildVerb object at 0x7e417b35e830>>, mixin_verb=('build',))
[0.332s] Level 1:colcon.colcon_core.package_discovery:discover_packages(colcon_meta) check parameters
[0.332s] Level 1:colcon.colcon_core.package_discovery:discover_packages(recursive) check parameters
[0.332s] Level 1:colcon.colcon_core.package_discovery:discover_packages(ignore) check parameters
[0.332s] Level 1:colcon.colcon_core.package_discovery:discover_packages(path) check parameters
[0.332s] Level 1:colcon.colcon_core.package_discovery:discover_packages(colcon_meta) discover
[0.332s] Level 1:colcon.colcon_core.package_discovery:discover_packages(recursive) discover
[0.332s] INFO:colcon.colcon_core.package_discovery:Crawling recursively for packages in '/home/marsuser/so101_ws'
[0.332s] Level 1:colcon.colcon_core.package_identification:_identify(.) by extensions ['ignore', 'ignore_ament_install']
[0.332s] Level 1:colcon.colcon_core.package_identification:_identify(.) by extension 'ignore'
[0.332s] Level 1:colcon.colcon_core.package_identification:_identify(.) by extension 'ignore_ament_install'
[0.332s] Level 1:colcon.colcon_core.package_identification:_identify(.) by extensions ['colcon_pkg']
[0.332s] Level 1:colcon.colcon_core.package_identification:_identify(.) by extension 'colcon_pkg'
[0.333s] Level 1:colcon.colcon_core.package_identification:_identify(.) by extensions ['colcon_meta']
[0.333s] Level 1:colcon.colcon_core.package_identification:_identify(.) by extension 'colcon_meta'
[0.333s] Level 1:colcon.colcon_core.package_identification:_identify(.) by extensions ['ros']
[0.333s] Level 1:colcon.colcon_core.package_identification:_identify(.) by extension 'ros'
[0.339s] Level 1:colcon.colcon_core.package_identification:_identify(.) by extensions ['cmake', 'python']
[0.339s] Level 1:colcon.colcon_core.package_identification:_identify(.) by extension 'cmake'
[0.339s] Level 1:colcon.colcon_core.package_identification:_identify(.) by extension 'python'
[0.339s] Level 1:colcon.colcon_core.package_identification:_identify(.) by extensions ['python_setup_py']
[0.339s] Level 1:colcon.colcon_core.package_identification:_identify(.) by extension 'python_setup_py'
[0.339s] Level 1:colcon.colcon_core.package_identification:_identify(build) by extensions ['ignore', 'ignore_ament_install']
[0.340s] Level 1:colcon.colcon_core.package_identification:_identify(build) by extension 'ignore'
[0.340s] Level 1:colcon.colcon_core.package_identification:_identify(build) ignored
[0.340s] Level 1:colcon.colcon_core.package_identification:_identify(examples) by extensions ['ignore', 'ignore_ament_install']
[0.340s] Level 1:colcon.colcon_core.package_identification:_identify(examples) by extension 'ignore'
[0.340s] Level 1:colcon.colcon_core.package_identification:_identify(examples) by extension 'ignore_ament_install'
[0.340s] Level 1:colcon.colcon_core.package_identification:_identify(examples) by extensions ['colcon_pkg']
[0.340s] Level 1:colcon.colcon_core.package_identification:_identify(examples) by extension 'colcon_pkg'
[0.340s] Level 1:colcon.colcon_core.package_identification:_identify(examples) by extensions ['colcon_meta']
[0.340s] Level 1:colcon.colcon_core.package_identification:_identify(examples) by extension 'colcon_meta'
[0.340s] Level 1:colcon.colcon_core.package_identification:_identify(examples) by extensions ['ros']
[0.340s] Level 1:colcon.colcon_core.package_identification:_identify(examples) by extension 'ros'
[0.340s] Level 1:colcon.colcon_core.package_identification:_identify(examples) by extensions ['cmake', 'python']
[0.340s] Level 1:colcon.colcon_core.package_identification:_identify(examples) by extension 'cmake'
[0.340s] Level 1:colcon.colcon_core.package_identification:_identify(examples) by extension 'python'
[0.340s] Level 1:colcon.colcon_core.package_identification:_identify(examples) by extensions ['python_setup_py']
[0.340s] Level 1:colcon.colcon_core.package_identification:_identify(examples) by extension 'python_setup_py'
[0.340s] Level 1:colcon.colcon_core.package_identification:_identify(examples/lerobot) by extensions ['ignore', 'ignore_ament_install']
[0.340s] Level 1:colcon.colcon_core.package_identification:_identify(examples/lerobot) by extension 'ignore'
[0.340s] Level 1:colcon.colcon_core.package_identification:_identify(examples/lerobot) by extension 'ignore_ament_install'
[0.340s] Level 1:colcon.colcon_core.package_identification:_identify(examples/lerobot) by extensions ['colcon_pkg']
[0.340s] Level 1:colcon.colcon_core.package_identification:_identify(examples/lerobot) by extension 'colcon_pkg'
[0.340s] Level 1:colcon.colcon_core.package_identification:_identify(examples/lerobot) by extensions ['colcon_meta']
[0.340s] Level 1:colcon.colcon_core.package_identification:_identify(examples/lerobot) by extension 'colcon_meta'
[0.340s] Level 1:colcon.colcon_core.package_identification:_identify(examples/lerobot) by extensions ['ros']
[0.340s] Level 1:colcon.colcon_core.package_identification:_identify(examples/lerobot) by extension 'ros'
[0.340s] Level 1:colcon.colcon_core.package_identification:_identify(examples/lerobot) by extensions ['cmake', 'python']
[0.340s] Level 1:colcon.colcon_core.package_identification:_identify(examples/lerobot) by extension 'cmake'
[0.340s] Level 1:colcon.colcon_core.package_identification:_identify(examples/lerobot) by extension 'python'
[0.340s] Level 1:colcon.colcon_core.package_identification:_identify(examples/lerobot) by extensions ['python_setup_py']
[0.340s] Level 1:colcon.colcon_core.package_identification:_identify(examples/lerobot) by extension 'python_setup_py'
[0.341s] Level 1:colcon.colcon_core.package_identification:_identify(install) by extensions ['ignore', 'ignore_ament_install']
[0.341s] Level 1:colcon.colcon_core.package_identification:_identify(install) by extension 'ignore'
[0.341s] Level 1:colcon.colcon_core.package_identification:_identify(install) ignored
[0.341s] Level 1:colcon.colcon_core.package_identification:_identify(log) by extensions ['ignore', 'ignore_ament_install']
[0.341s] Level 1:colcon.colcon_core.package_identification:_identify(log) by extension 'ignore'
[0.341s] Level 1:colcon.colcon_core.package_identification:_identify(log) ignored
[0.341s] Level 1:colcon.colcon_core.package_identification:_identify(src) by extensions ['ignore', 'ignore_ament_install']
[0.341s] Level 1:colcon.colcon_core.package_identification:_identify(src) by extension 'ignore'
[0.341s] Level 1:colcon.colcon_core.package_identification:_identify(src) by extension 'ignore_ament_install'
[0.341s] Level 1:colcon.colcon_core.package_identification:_identify(src) by extensions ['colcon_pkg']
[0.341s] Level 1:colcon.colcon_core.package_identification:_identify(src) by extension 'colcon_pkg'
[0.341s] Level 1:colcon.colcon_core.package_identification:_identify(src) by extensions ['colcon_meta']
[0.341s] Level 1:colcon.colcon_core.package_identification:_identify(src) by extension 'colcon_meta'
[0.341s] Level 1:colcon.colcon_core.package_identification:_identify(src) by extensions ['ros']
[0.341s] Level 1:colcon.colcon_core.package_identification:_identify(src) by extension 'ros'
[0.341s] Level 1:colcon.colcon_core.package_identification:_identify(src) by extensions ['cmake', 'python']
[0.341s] Level 1:colcon.colcon_core.package_identification:_identify(src) by extension 'cmake'
[0.341s] Level 1:colcon.colcon_core.package_identification:_identify(src) by extension 'python'
[0.341s] Level 1:colcon.colcon_core.package_identification:_identify(src) by extensions ['python_setup_py']
[0.341s] Level 1:colcon.colcon_core.package_identification:_identify(src) by extension 'python_setup_py'
[0.341s] Level 1:colcon.colcon_core.package_identification:_identify(src/so101_bringup) by extensions ['ignore', 'ignore_ament_install']
[0.341s] Level 1:colcon.colcon_core.package_identification:_identify(src/so101_bringup) by extension 'ignore'
[0.341s] Level 1:colcon.colcon_core.package_identification:_identify(src/so101_bringup) by extension 'ignore_ament_install'
[0.341s] Level 1:colcon.colcon_core.package_identification:_identify(src/so101_bringup) by extensions ['colcon_pkg']
[0.341s] Level 1:colcon.colcon_core.package_identification:_identify(src/so101_bringup) by extension 'colcon_pkg'
[0.341s] Level 1:colcon.colcon_core.package_identification:_identify(src/so101_bringup) by extensions ['colcon_meta']
[0.341s] Level 1:colcon.colcon_core.package_identification:_identify(src/so101_bringup) by extension 'colcon_meta'
[0.341s] Level 1:colcon.colcon_core.package_identification:_identify(src/so101_bringup) by extensions ['ros']
[0.341s] Level 1:colcon.colcon_core.package_identification:_identify(src/so101_bringup) by extension 'ros'
[0.343s] DEBUG:colcon.colcon_core.package_identification:Package 'src/so101_bringup' with type 'ros.ament_cmake' and name 'so101_bringup'
[0.344s] Level 1:colcon.colcon_core.package_identification:_identify(src/so101_description) by extensions ['ignore', 'ignore_ament_install']
[0.344s] Level 1:colcon.colcon_core.package_identification:_identify(src/so101_description) by extension 'ignore'
[0.344s] Level 1:colcon.colcon_core.package_identification:_identify(src/so101_description) by extension 'ignore_ament_install'
[0.344s] Level 1:colcon.colcon_core.package_identification:_identify(src/so101_description) by extensions ['colcon_pkg']
[0.344s] Level 1:colcon.colcon_core.package_identification:_identify(src/so101_description) by extension 'colcon_pkg'
[0.344s] Level 1:colcon.colcon_core.package_identification:_identify(src/so101_description) by extensions ['colcon_meta']
[0.344s] Level 1:colcon.colcon_core.package_identification:_identify(src/so101_description) by extension 'colcon_meta'
[0.344s] Level 1:colcon.colcon_core.package_identification:_identify(src/so101_description) by extensions ['ros']
[0.344s] Level 1:colcon.colcon_core.package_identification:_identify(src/so101_description) by extension 'ros'
[0.344s] DEBUG:colcon.colcon_core.package_identification:Package 'src/so101_description' with type 'ros.ament_cmake' and name 'so101_description'
[0.344s] Level 1:colcon.colcon_core.package_identification:_identify(src/so101_kinematics) by extensions ['ignore', 'ignore_ament_install']
[0.344s] Level 1:colcon.colcon_core.package_identification:_identify(src/so101_kinematics) by extension 'ignore'
[0.344s] Level 1:colcon.colcon_core.package_identification:_identify(src/so101_kinematics) by extension 'ignore_ament_install'
[0.344s] Level 1:colcon.colcon_core.package_identification:_identify(src/so101_kinematics) by extensions ['colcon_pkg']
[0.344s] Level 1:colcon.colcon_core.package_identification:_identify(src/so101_kinematics) by extension 'colcon_pkg'
[0.344s] Level 1:colcon.colcon_core.package_identification:_identify(src/so101_kinematics) by extensions ['colcon_meta']
[0.344s] Level 1:colcon.colcon_core.package_identification:_identify(src/so101_kinematics) by extension 'colcon_meta'
[0.344s] Level 1:colcon.colcon_core.package_identification:_identify(src/so101_kinematics) by extensions ['ros']
[0.344s] Level 1:colcon.colcon_core.package_identification:_identify(src/so101_kinematics) by extension 'ros'
[0.345s] DEBUG:colcon.colcon_core.package_identification:Package 'src/so101_kinematics' with type 'ros.ament_cmake' and name 'so101_kinematics'
[0.345s] Level 1:colcon.colcon_core.package_identification:_identify(src/so101_msgs) by extensions ['ignore', 'ignore_ament_install']
[0.345s] Level 1:colcon.colcon_core.package_identification:_identify(src/so101_msgs) by extension 'ignore'
[0.345s] Level 1:colcon.colcon_core.package_identification:_identify(src/so101_msgs) by extension 'ignore_ament_install'
[0.345s] Level 1:colcon.colcon_core.package_identification:_identify(src/so101_msgs) by extensions ['colcon_pkg']
[0.345s] Level 1:colcon.colcon_core.package_identification:_identify(src/so101_msgs) by extension 'colcon_pkg'
[0.345s] Level 1:colcon.colcon_core.package_identification:_identify(src/so101_msgs) by extensions ['colcon_meta']
[0.345s] Level 1:colcon.colcon_core.package_identification:_identify(src/so101_msgs) by extension 'colcon_meta'
[0.345s] Level 1:colcon.colcon_core.package_identification:_identify(src/so101_msgs) by extensions ['ros']
[0.345s] Level 1:colcon.colcon_core.package_identification:_identify(src/so101_msgs) by extension 'ros'
[0.345s] DEBUG:colcon.colcon_core.package_identification:Package 'src/so101_msgs' with type 'ros.ament_cmake' and name 'so101_msgs'
[0.345s] Level 1:colcon.colcon_core.package_discovery:discover_packages(recursive) using defaults
[0.345s] Level 1:colcon.colcon_core.package_discovery:discover_packages(ignore) discover
[0.346s] Level 1:colcon.colcon_core.package_discovery:discover_packages(ignore) using defaults
[0.346s] Level 1:colcon.colcon_core.package_discovery:discover_packages(path) discover
[0.346s] Level 1:colcon.colcon_core.package_discovery:discover_packages(path) using defaults
[0.369s] Level 1:colcon.colcon_core.package_discovery:discover_packages(prefix_path) check parameters
[0.369s] Level 1:colcon.colcon_core.package_discovery:discover_packages(prefix_path) discover
[0.372s] DEBUG:colcon.colcon_installed_package_information.package_discovery:Found 445 installed packages in /opt/ros/humble
[0.373s] Level 1:colcon.colcon_core.package_discovery:discover_packages(prefix_path) using defaults
[0.409s] Level 5:colcon.colcon_core.verb:set package 'so101_description' build argument 'cmake_args' from command line to 'None'
[0.409s] Level 5:colcon.colcon_core.verb:set package 'so101_description' build argument 'cmake_target' from command line to 'None'
[0.409s] Level 5:colcon.colcon_core.verb:set package 'so101_description' build argument 'cmake_target_skip_unavailable' from command line to 'False'
[0.409s] Level 5:colcon.colcon_core.verb:set package 'so101_description' build argument 'cmake_clean_cache' from command line to 'False'
[0.409s] Level 5:colcon.colcon_core.verb:set package 'so101_description' build argument 'cmake_clean_first' from command line to 'False'
[0.409s] Level 5:colcon.colcon_core.verb:set package 'so101_description' build argument 'cmake_force_configure' from command line to 'False'
[0.409s] Level 5:colcon.colcon_core.verb:set package 'so101_description' build argument 'ament_cmake_args' from command line to 'None'
[0.409s] Level 5:colcon.colcon_core.verb:set package 'so101_description' build argument 'catkin_cmake_args' from command line to 'None'
[0.409s] Level 5:colcon.colcon_core.verb:set package 'so101_description' build argument 'catkin_skip_building_tests' from command line to 'False'
[0.409s] DEBUG:colcon.colcon_core.verb:Building package 'so101_description' with the following arguments: {'ament_cmake_args': None, 'build_base': '/home/marsuser/so101_ws/build/so101_description', 'catkin_cmake_args': None, 'catkin_skip_building_tests': False, 'cmake_args': None, 'cmake_clean_cache': False, 'cmake_clean_first': False, 'cmake_force_configure': False, 'cmake_target': None, 'cmake_target_skip_unavailable': False, 'install_base': '/home/marsuser/so101_ws/install/so101_description', 'merge_install': False, 'path': '/home/marsuser/so101_ws/src/so101_description', 'symlink_install': False, 'test_result_base': None}
[0.409s] Level 5:colcon.colcon_core.verb:set package 'so101_kinematics' build argument 'cmake_args' from command line to 'None'
[0.409s] Level 5:colcon.colcon_core.verb:set package 'so101_kinematics' build argument 'cmake_target' from command line to 'None'
[0.409s] Level 5:colcon.colcon_core.verb:set package 'so101_kinematics' build argument 'cmake_target_skip_unavailable' from command line to 'False'
[0.409s] Level 5:colcon.colcon_core.verb:set package 'so101_kinematics' build argument 'cmake_clean_cache' from command line to 'False'
[0.409s] Level 5:colcon.colcon_core.verb:set package 'so101_kinematics' build argument 'cmake_clean_first' from command line to 'False'
[0.410s] Level 5:colcon.colcon_core.verb:set package 'so101_kinematics' build argument 'cmake_force_configure' from command line to 'False'
[0.410s] Level 5:colcon.colcon_core.verb:set package 'so101_kinematics' build argument 'ament_cmake_args' from command line to 'None'
[0.410s] Level 5:colcon.colcon_core.verb:set package 'so101_kinematics' build argument 'catkin_cmake_args' from command line to 'None'
[0.410s] Level 5:colcon.colcon_core.verb:set package 'so101_kinematics' build argument 'catkin_skip_building_tests' from command line to 'False'
[0.410s] DEBUG:colcon.colcon_core.verb:Building package 'so101_kinematics' with the following arguments: {'ament_cmake_args': None, 'build_base': '/home/marsuser/so101_ws/build/so101_kinematics', 'catkin_cmake_args': None, 'catkin_skip_building_tests': False, 'cmake_args': None, 'cmake_clean_cache': False, 'cmake_clean_first': False, 'cmake_force_configure': False, 'cmake_target': None, 'cmake_target_skip_unavailable': False, 'install_base': '/home/marsuser/so101_ws/install/so101_kinematics', 'merge_install': False, 'path': '/home/marsuser/so101_ws/src/so101_kinematics', 'symlink_install': False, 'test_result_base': None}
[0.410s] Level 5:colcon.colcon_core.verb:set package 'so101_msgs' build argument 'cmake_args' from command line to 'None'
[0.410s] Level 5:colcon.colcon_core.verb:set package 'so101_msgs' build argument 'cmake_target' from command line to 'None'
[0.410s] Level 5:colcon.colcon_core.verb:set package 'so101_msgs' build argument 'cmake_target_skip_unavailable' from command line to 'False'
[0.410s] Level 5:colcon.colcon_core.verb:set package 'so101_msgs' build argument 'cmake_clean_cache' from command line to 'False'
[0.410s] Level 5:colcon.colcon_core.verb:set package 'so101_msgs' build argument 'cmake_clean_first' from command line to 'False'
[0.410s] Level 5:colcon.colcon_core.verb:set package 'so101_msgs' build argument 'cmake_force_configure' from command line to 'False'
[0.410s] Level 5:colcon.colcon_core.verb:set package 'so101_msgs' build argument 'ament_cmake_args' from command line to 'None'
[0.410s] Level 5:colcon.colcon_core.verb:set package 'so101_msgs' build argument 'catkin_cmake_args' from command line to 'None'
[0.410s] Level 5:colcon.colcon_core.verb:set package 'so101_msgs' build argument 'catkin_skip_building_tests' from command line to 'False'
[0.410s] DEBUG:colcon.colcon_core.verb:Building package 'so101_msgs' with the following arguments: {'ament_cmake_args': None, 'build_base': '/home/marsuser/so101_ws/build/so101_msgs', 'catkin_cmake_args': None, 'catkin_skip_building_tests': False, 'cmake_args': None, 'cmake_clean_cache': False, 'cmake_clean_first': False, 'cmake_force_configure': False, 'cmake_target': None, 'cmake_target_skip_unavailable': False, 'install_base': '/home/marsuser/so101_ws/install/so101_msgs', 'merge_install': False, 'path': '/home/marsuser/so101_ws/src/so101_msgs', 'symlink_install': False, 'test_result_base': None}
[0.410s] Level 5:colcon.colcon_core.verb:set package 'so101_bringup' build argument 'cmake_args' from command line to 'None'
[0.410s] Level 5:colcon.colcon_core.verb:set package 'so101_bringup' build argument 'cmake_target' from command line to 'None'
[0.410s] Level 5:colcon.colcon_core.verb:set package 'so101_bringup' build argument 'cmake_target_skip_unavailable' from command line to 'False'
[0.410s] Level 5:colcon.colcon_core.verb:set package 'so101_bringup' build argument 'cmake_clean_cache' from command line to 'False'
[0.410s] Level 5:colcon.colcon_core.verb:set package 'so101_bringup' build argument 'cmake_clean_first' from command line to 'False'
[0.410s] Level 5:colcon.colcon_core.verb:set package 'so101_bringup' build argument 'cmake_force_configure' from command line to 'False'
[0.410s] Level 5:colcon.colcon_core.verb:set package 'so101_bringup' build argument 'ament_cmake_args' from command line to 'None'
[0.410s] Level 5:colcon.colcon_core.verb:set package 'so101_bringup' build argument 'catkin_cmake_args' from command line to 'None'
[0.410s] Level 5:colcon.colcon_core.verb:set package 'so101_bringup' build argument 'catkin_skip_building_tests' from command line to 'False'
[0.410s] DEBUG:colcon.colcon_core.verb:Building package 'so101_bringup' with the following arguments: {'ament_cmake_args': None, 'build_base': '/home/marsuser/so101_ws/build/so101_bringup', 'catkin_cmake_args': None, 'catkin_skip_building_tests': False, 'cmake_args': None, 'cmake_clean_cache': False, 'cmake_clean_first': False, 'cmake_force_configure': False, 'cmake_target': None, 'cmake_target_skip_unavailable': False, 'install_base': '/home/marsuser/so101_ws/install/so101_bringup', 'merge_install': False, 'path': '/home/marsuser/so101_ws/src/so101_bringup', 'symlink_install': False, 'test_result_base': None}
[0.410s] INFO:colcon.colcon_core.executor:Executing jobs using 'parallel' executor
[0.411s] DEBUG:colcon.colcon_parallel_executor.executor.parallel:run_until_complete
[0.411s] INFO:colcon.colcon_ros.task.ament_cmake.build:Building ROS package in '/home/marsuser/so101_ws/src/so101_description' with build type 'ament_cmake'
[0.411s] INFO:colcon.colcon_cmake.task.cmake.build:Building CMake package in '/home/marsuser/so101_ws/src/so101_description'
[0.414s] INFO:colcon.colcon_core.plugin_system:Skipping extension 'colcon_core.shell.bat': Not used on non-Windows systems
[0.414s] INFO:colcon.colcon_core.shell:Skip shell extension 'powershell' for command environment: Not usable outside of PowerShell
[0.414s] DEBUG:colcon.colcon_core.shell:Skip shell extension 'dsv' for command environment
[0.417s] INFO:colcon.colcon_ros.task.ament_cmake.build:Building ROS package in '/home/marsuser/so101_ws/src/so101_kinematics' with build type 'ament_cmake'
[0.417s] INFO:colcon.colcon_cmake.task.cmake.build:Building CMake package in '/home/marsuser/so101_ws/src/so101_kinematics'
[0.417s] INFO:colcon.colcon_core.shell:Skip shell extension 'powershell' for command environment: Not usable outside of PowerShell
[0.417s] DEBUG:colcon.colcon_core.shell:Skip shell extension 'dsv' for command environment
[0.419s] INFO:colcon.colcon_ros.task.ament_cmake.build:Building ROS package in '/home/marsuser/so101_ws/src/so101_msgs' with build type 'ament_cmake'
[0.419s] INFO:colcon.colcon_cmake.task.cmake.build:Building CMake package in '/home/marsuser/so101_ws/src/so101_msgs'
[0.419s] INFO:colcon.colcon_core.shell:Skip shell extension 'powershell' for command environment: Not usable outside of PowerShell
[0.419s] DEBUG:colcon.colcon_core.shell:Skip shell extension 'dsv' for command environment
[0.423s] DEBUG:colcon.colcon_core.event_handler.log_command:Invoking command in '/home/marsuser/so101_ws/build/so101_description': CMAKE_PREFIX_PATH=${CMAKE_PREFIX_PATH}:/opt/ros/humble /usr/bin/cmake /home/marsuser/so101_ws/src/so101_description -DCMAKE_INSTALL_PREFIX=/home/marsuser/so101_ws/install/so101_description
[0.427s] DEBUG:colcon.colcon_core.event_handler.log_command:Invoking command in '/home/marsuser/so101_ws/build/so101_kinematics': CMAKE_PREFIX_PATH=${CMAKE_PREFIX_PATH}:/opt/ros/humble /usr/bin/cmake /home/marsuser/so101_ws/src/so101_kinematics -DCMAKE_INSTALL_PREFIX=/home/marsuser/so101_ws/install/so101_kinematics
[0.429s] DEBUG:colcon.colcon_core.event_handler.log_command:Invoking command in '/home/marsuser/so101_ws/build/so101_msgs': CMAKE_PREFIX_PATH=${CMAKE_PREFIX_PATH}:/opt/ros/humble /usr/bin/cmake /home/marsuser/so101_ws/src/so101_msgs -DCMAKE_INSTALL_PREFIX=/home/marsuser/so101_ws/install/so101_msgs
[0.956s] DEBUG:colcon.colcon_core.event_handler.log_command:Invoked command in '/home/marsuser/so101_ws/build/so101_description' returned '0': CMAKE_PREFIX_PATH=${CMAKE_PREFIX_PATH}:/opt/ros/humble /usr/bin/cmake /home/marsuser/so101_ws/src/so101_description -DCMAKE_INSTALL_PREFIX=/home/marsuser/so101_ws/install/so101_description
[0.958s] DEBUG:colcon.colcon_core.event_handler.log_command:Invoking command in '/home/marsuser/so101_ws/build/so101_description': CMAKE_PREFIX_PATH=${CMAKE_PREFIX_PATH}:/opt/ros/humble /usr/bin/cmake --build /home/marsuser/so101_ws/build/so101_description -- -j32 -l32
[0.986s] DEBUG:colcon.colcon_core.event_handler.log_command:Invoked command in '/home/marsuser/so101_ws/build/so101_description' returned '0': CMAKE_PREFIX_PATH=${CMAKE_PREFIX_PATH}:/opt/ros/humble /usr/bin/cmake --build /home/marsuser/so101_ws/build/so101_description -- -j32 -l32
[0.993s] DEBUG:colcon.colcon_core.event_handler.log_command:Invoking command in '/home/marsuser/so101_ws/build/so101_description': CMAKE_PREFIX_PATH=${CMAKE_PREFIX_PATH}:/opt/ros/humble /usr/bin/cmake --install /home/marsuser/so101_ws/build/so101_description
[1.018s] Level 1:colcon.colcon_core.environment:create_environment_scripts_only(so101_description)
[1.018s] DEBUG:colcon.colcon_core.event_handler.log_command:Invoked command in '/home/marsuser/so101_ws/build/so101_description' returned '0': CMAKE_PREFIX_PATH=${CMAKE_PREFIX_PATH}:/opt/ros/humble /usr/bin/cmake --install /home/marsuser/so101_ws/build/so101_description
[1.022s] Level 1:colcon.colcon_core.environment:checking '/home/marsuser/so101_ws/install/so101_description' for CMake module files
[1.022s] Level 1:colcon.colcon_core.environment:checking '/home/marsuser/so101_ws/install/so101_description' for CMake config files
[1.022s] Level 1:colcon.colcon_core.shell:create_environment_hook('so101_description', 'cmake_prefix_path')
[1.023s] INFO:colcon.colcon_core.shell:Creating environment hook '/home/marsuser/so101_ws/install/so101_description/share/so101_description/hook/cmake_prefix_path.ps1'
[1.023s] INFO:colcon.colcon_core.shell:Creating environment descriptor '/home/marsuser/so101_ws/install/so101_description/share/so101_description/hook/cmake_prefix_path.dsv'
[1.024s] INFO:colcon.colcon_core.shell:Creating environment hook '/home/marsuser/so101_ws/install/so101_description/share/so101_description/hook/cmake_prefix_path.sh'
[1.024s] Level 1:colcon.colcon_core.environment:checking '/home/marsuser/so101_ws/install/so101_description/bin'
[1.024s] Level 1:colcon.colcon_core.environment:checking '/home/marsuser/so101_ws/install/so101_description/lib/pkgconfig/so101_description.pc'
[1.024s] Level 1:colcon.colcon_core.environment:checking '/home/marsuser/so101_ws/install/so101_description/lib/python3.10/site-packages'
[1.025s] Level 1:colcon.colcon_core.environment:checking '/home/marsuser/so101_ws/install/so101_description/bin'
[1.025s] INFO:colcon.colcon_core.shell:Creating package script '/home/marsuser/so101_ws/install/so101_description/share/so101_description/package.ps1'
[1.026s] INFO:colcon.colcon_core.shell:Creating package descriptor '/home/marsuser/so101_ws/install/so101_description/share/so101_description/package.dsv'
[1.026s] INFO:colcon.colcon_core.shell:Creating package script '/home/marsuser/so101_ws/install/so101_description/share/so101_description/package.sh'
[1.026s] INFO:colcon.colcon_core.shell:Creating package script '/home/marsuser/so101_ws/install/so101_description/share/so101_description/package.bash'
[1.027s] INFO:colcon.colcon_core.shell:Creating package script '/home/marsuser/so101_ws/install/so101_description/share/so101_description/package.zsh'
[1.028s] Level 1:colcon.colcon_core.environment:create_file_with_runtime_dependencies(/home/marsuser/so101_ws/install/so101_description/share/colcon-core/packages/so101_description)
[1.028s] Level 1:colcon.colcon_core.environment:create_environment_scripts_only(so101_description)
[1.028s] Level 1:colcon.colcon_core.environment:checking '/home/marsuser/so101_ws/install/so101_description' for CMake module files
[1.029s] Level 1:colcon.colcon_core.environment:checking '/home/marsuser/so101_ws/install/so101_description' for CMake config files
[1.029s] Level 1:colcon.colcon_core.shell:create_environment_hook('so101_description', 'cmake_prefix_path')
[1.029s] INFO:colcon.colcon_core.shell:Creating environment hook '/home/marsuser/so101_ws/install/so101_description/share/so101_description/hook/cmake_prefix_path.ps1'
[1.029s] INFO:colcon.colcon_core.shell:Creating environment descriptor '/home/marsuser/so101_ws/install/so101_description/share/so101_description/hook/cmake_prefix_path.dsv'
[1.029s] INFO:colcon.colcon_core.shell:Creating environment hook '/home/marsuser/so101_ws/install/so101_description/share/so101_description/hook/cmake_prefix_path.sh'
[1.030s] Level 1:colcon.colcon_core.environment:checking '/home/marsuser/so101_ws/install/so101_description/bin'
[1.030s] Level 1:colcon.colcon_core.environment:checking '/home/marsuser/so101_ws/install/so101_description/lib/pkgconfig/so101_description.pc'
[1.030s] Level 1:colcon.colcon_core.environment:checking '/home/marsuser/so101_ws/install/so101_description/lib/python3.10/site-packages'
[1.030s] Level 1:colcon.colcon_core.environment:checking '/home/marsuser/so101_ws/install/so101_description/bin'
[1.030s] INFO:colcon.colcon_core.shell:Creating package script '/home/marsuser/so101_ws/install/so101_description/share/so101_description/package.ps1'
[1.031s] INFO:colcon.colcon_core.shell:Creating package descriptor '/home/marsuser/so101_ws/install/so101_description/share/so101_description/package.dsv'
[1.031s] INFO:colcon.colcon_core.shell:Creating package script '/home/marsuser/so101_ws/install/so101_description/share/so101_description/package.sh'
[1.031s] INFO:colcon.colcon_core.shell:Creating package script '/home/marsuser/so101_ws/install/so101_description/share/so101_description/package.bash'
[1.031s] INFO:colcon.colcon_core.shell:Creating package script '/home/marsuser/so101_ws/install/so101_description/share/so101_description/package.zsh'
[1.032s] Level 1:colcon.colcon_core.environment:create_file_with_runtime_dependencies(/home/marsuser/so101_ws/install/so101_description/share/colcon-core/packages/so101_description)
[1.249s] DEBUG:colcon.colcon_core.event_handler.log_command:Invoked command in '/home/marsuser/so101_ws/build/so101_kinematics' returned '0': CMAKE_PREFIX_PATH=${CMAKE_PREFIX_PATH}:/opt/ros/humble /usr/bin/cmake /home/marsuser/so101_ws/src/so101_kinematics -DCMAKE_INSTALL_PREFIX=/home/marsuser/so101_ws/install/so101_kinematics
[1.250s] DEBUG:colcon.colcon_core.event_handler.log_command:Invoking command in '/home/marsuser/so101_ws/build/so101_kinematics': CMAKE_PREFIX_PATH=${CMAKE_PREFIX_PATH}:/opt/ros/humble /usr/bin/cmake --build /home/marsuser/so101_ws/build/so101_kinematics -- -j32 -l32
[1.832s] DEBUG:colcon.colcon_core.event_handler.log_command:Invoked command in '/home/marsuser/so101_ws/build/so101_msgs' returned '0': CMAKE_PREFIX_PATH=${CMAKE_PREFIX_PATH}:/opt/ros/humble /usr/bin/cmake /home/marsuser/so101_ws/src/so101_msgs -DCMAKE_INSTALL_PREFIX=/home/marsuser/so101_ws/install/so101_msgs
[1.833s] DEBUG:colcon.colcon_core.event_handler.log_command:Invoking command in '/home/marsuser/so101_ws/build/so101_msgs': CMAKE_PREFIX_PATH=${CMAKE_PREFIX_PATH}:/opt/ros/humble /usr/bin/cmake --build /home/marsuser/so101_ws/build/so101_msgs -- -j32 -l32
[3.788s] DEBUG:colcon.colcon_core.event_handler.log_command:Invoked command in '/home/marsuser/so101_ws/build/so101_msgs' returned '0': CMAKE_PREFIX_PATH=${CMAKE_PREFIX_PATH}:/opt/ros/humble /usr/bin/cmake --build /home/marsuser/so101_ws/build/so101_msgs -- -j32 -l32
[3.789s] DEBUG:colcon.colcon_core.event_handler.log_command:Invoking command in '/home/marsuser/so101_ws/build/so101_msgs': CMAKE_PREFIX_PATH=${CMAKE_PREFIX_PATH}:/opt/ros/humble /usr/bin/cmake --install /home/marsuser/so101_ws/build/so101_msgs
[3.846s] Level 1:colcon.colcon_core.environment:create_environment_scripts_only(so101_msgs)
[3.846s] Level 1:colcon.colcon_core.environment:checking '/home/marsuser/so101_ws/install/so101_msgs' for CMake module files
[3.847s] DEBUG:colcon.colcon_core.event_handler.log_command:Invoked command in '/home/marsuser/so101_ws/build/so101_msgs' returned '0': CMAKE_PREFIX_PATH=${CMAKE_PREFIX_PATH}:/opt/ros/humble /usr/bin/cmake --install /home/marsuser/so101_ws/build/so101_msgs
[3.847s] Level 1:colcon.colcon_core.environment:checking '/home/marsuser/so101_ws/install/so101_msgs' for CMake config files
[3.847s] Level 1:colcon.colcon_core.shell:create_environment_hook('so101_msgs', 'cmake_prefix_path')
[3.848s] INFO:colcon.colcon_core.shell:Creating environment hook '/home/marsuser/so101_ws/install/so101_msgs/share/so101_msgs/hook/cmake_prefix_path.ps1'
[3.848s] INFO:colcon.colcon_core.shell:Creating environment descriptor '/home/marsuser/so101_ws/install/so101_msgs/share/so101_msgs/hook/cmake_prefix_path.dsv'
[3.848s] INFO:colcon.colcon_core.shell:Creating environment hook '/home/marsuser/so101_ws/install/so101_msgs/share/so101_msgs/hook/cmake_prefix_path.sh'
[3.849s] Level 1:colcon.colcon_core.environment:checking '/home/marsuser/so101_ws/install/so101_msgs/lib'
[3.849s] Level 1:colcon.colcon_core.shell:create_environment_hook('so101_msgs', 'ld_library_path_lib')
[3.849s] INFO:colcon.colcon_core.shell:Creating environment hook '/home/marsuser/so101_ws/install/so101_msgs/share/so101_msgs/hook/ld_library_path_lib.ps1'
[3.849s] INFO:colcon.colcon_core.shell:Creating environment descriptor '/home/marsuser/so101_ws/install/so101_msgs/share/so101_msgs/hook/ld_library_path_lib.dsv'
[3.849s] INFO:colcon.colcon_core.shell:Creating environment hook '/home/marsuser/so101_ws/install/so101_msgs/share/so101_msgs/hook/ld_library_path_lib.sh'
[3.850s] Level 1:colcon.colcon_core.environment:checking '/home/marsuser/so101_ws/install/so101_msgs/bin'
[3.850s] Level 1:colcon.colcon_core.environment:checking '/home/marsuser/so101_ws/install/so101_msgs/lib/pkgconfig/so101_msgs.pc'
[3.850s] Level 1:colcon.colcon_core.environment:checking '/home/marsuser/so101_ws/install/so101_msgs/lib/python3.10/site-packages'
[3.850s] Level 1:colcon.colcon_core.environment:checking '/home/marsuser/so101_ws/install/so101_msgs/bin'
[3.850s] INFO:colcon.colcon_core.shell:Creating package script '/home/marsuser/so101_ws/install/so101_msgs/share/so101_msgs/package.ps1'
[3.851s] INFO:colcon.colcon_core.shell:Creating package descriptor '/home/marsuser/so101_ws/install/so101_msgs/share/so101_msgs/package.dsv'
[3.851s] INFO:colcon.colcon_core.shell:Creating package script '/home/marsuser/so101_ws/install/so101_msgs/share/so101_msgs/package.sh'
[3.851s] INFO:colcon.colcon_core.shell:Creating package script '/home/marsuser/so101_ws/install/so101_msgs/share/so101_msgs/package.bash'
[3.852s] INFO:colcon.colcon_core.shell:Creating package script '/home/marsuser/so101_ws/install/so101_msgs/share/so101_msgs/package.zsh'
[3.852s] Level 1:colcon.colcon_core.environment:create_file_with_runtime_dependencies(/home/marsuser/so101_ws/install/so101_msgs/share/colcon-core/packages/so101_msgs)
[3.852s] Level 1:colcon.colcon_core.environment:create_environment_scripts_only(so101_msgs)
[3.853s] Level 1:colcon.colcon_core.environment:checking '/home/marsuser/so101_ws/install/so101_msgs' for CMake module files
[3.853s] Level 1:colcon.colcon_core.environment:checking '/home/marsuser/so101_ws/install/so101_msgs' for CMake config files
[3.853s] Level 1:colcon.colcon_core.shell:create_environment_hook('so101_msgs', 'cmake_prefix_path')
[3.853s] INFO:colcon.colcon_core.shell:Creating environment hook '/home/marsuser/so101_ws/install/so101_msgs/share/so101_msgs/hook/cmake_prefix_path.ps1'
[3.854s] INFO:colcon.colcon_core.shell:Creating environment descriptor '/home/marsuser/so101_ws/install/so101_msgs/share/so101_msgs/hook/cmake_prefix_path.dsv'
[3.854s] INFO:colcon.colcon_core.shell:Creating environment hook '/home/marsuser/so101_ws/install/so101_msgs/share/so101_msgs/hook/cmake_prefix_path.sh'
[3.854s] Level 1:colcon.colcon_core.environment:checking '/home/marsuser/so101_ws/install/so101_msgs/lib'
[3.854s] Level 1:colcon.colcon_core.shell:create_environment_hook('so101_msgs', 'ld_library_path_lib')
[3.855s] INFO:colcon.colcon_core.shell:Creating environment hook '/home/marsuser/so101_ws/install/so101_msgs/share/so101_msgs/hook/ld_library_path_lib.ps1'
[3.855s] INFO:colcon.colcon_core.shell:Creating environment descriptor '/home/marsuser/so101_ws/install/so101_msgs/share/so101_msgs/hook/ld_library_path_lib.dsv'
[3.855s] INFO:colcon.colcon_core.shell:Creating environment hook '/home/marsuser/so101_ws/install/so101_msgs/share/so101_msgs/hook/ld_library_path_lib.sh'
[3.855s] Level 1:colcon.colcon_core.environment:checking '/home/marsuser/so101_ws/install/so101_msgs/bin'
[3.855s] Level 1:colcon.colcon_core.environment:checking '/home/marsuser/so101_ws/install/so101_msgs/lib/pkgconfig/so101_msgs.pc'
[3.856s] Level 1:colcon.colcon_core.environment:checking '/home/marsuser/so101_ws/install/so101_msgs/lib/python3.10/site-packages'
[3.856s] Level 1:colcon.colcon_core.environment:checking '/home/marsuser/so101_ws/install/so101_msgs/bin'
[3.856s] INFO:colcon.colcon_core.shell:Creating package script '/home/marsuser/so101_ws/install/so101_msgs/share/so101_msgs/package.ps1'
[3.857s] INFO:colcon.colcon_core.shell:Creating package descriptor '/home/marsuser/so101_ws/install/so101_msgs/share/so101_msgs/package.dsv'
[3.857s] INFO:colcon.colcon_core.shell:Creating package script '/home/marsuser/so101_ws/install/so101_msgs/share/so101_msgs/package.sh'
[3.857s] INFO:colcon.colcon_core.shell:Creating package script '/home/marsuser/so101_ws/install/so101_msgs/share/so101_msgs/package.bash'
[3.857s] INFO:colcon.colcon_core.shell:Creating package script '/home/marsuser/so101_ws/install/so101_msgs/share/so101_msgs/package.zsh'
[3.858s] Level 1:colcon.colcon_core.environment:create_file_with_runtime_dependencies(/home/marsuser/so101_ws/install/so101_msgs/share/colcon-core/packages/so101_msgs)
[19.514s] DEBUG:colcon.colcon_core.event_handler.log_command:Invoked command in '/home/marsuser/so101_ws/build/so101_kinematics' returned '0': CMAKE_PREFIX_PATH=${CMAKE_PREFIX_PATH}:/opt/ros/humble /usr/bin/cmake --build /home/marsuser/so101_ws/build/so101_kinematics -- -j32 -l32
[19.515s] DEBUG:colcon.colcon_core.event_handler.log_command:Invoking command in '/home/marsuser/so101_ws/build/so101_kinematics': CMAKE_PREFIX_PATH=${CMAKE_PREFIX_PATH}:/opt/ros/humble /usr/bin/cmake --install /home/marsuser/so101_ws/build/so101_kinematics
[19.532s] Level 1:colcon.colcon_core.environment:create_environment_scripts_only(so101_kinematics)
[19.533s] DEBUG:colcon.colcon_core.event_handler.log_command:Invoked command in '/home/marsuser/so101_ws/build/so101_kinematics' returned '0': CMAKE_PREFIX_PATH=${CMAKE_PREFIX_PATH}:/opt/ros/humble /usr/bin/cmake --install /home/marsuser/so101_ws/build/so101_kinematics
[19.533s] Level 1:colcon.colcon_core.environment:checking '/home/marsuser/so101_ws/install/so101_kinematics' for CMake module files
[19.533s] Level 1:colcon.colcon_core.environment:checking '/home/marsuser/so101_ws/install/so101_kinematics' for CMake config files
[19.534s] Level 1:colcon.colcon_core.shell:create_environment_hook('so101_kinematics', 'cmake_prefix_path')
[19.534s] INFO:colcon.colcon_core.shell:Creating environment hook '/home/marsuser/so101_ws/install/so101_kinematics/share/so101_kinematics/hook/cmake_prefix_path.ps1'
[19.534s] INFO:colcon.colcon_core.shell:Creating environment descriptor '/home/marsuser/so101_ws/install/so101_kinematics/share/so101_kinematics/hook/cmake_prefix_path.dsv'
[19.535s] INFO:colcon.colcon_core.shell:Creating environment hook '/home/marsuser/so101_ws/install/so101_kinematics/share/so101_kinematics/hook/cmake_prefix_path.sh'
[19.535s] Level 1:colcon.colcon_core.environment:checking '/home/marsuser/so101_ws/install/so101_kinematics/lib'
[19.535s] Level 1:colcon.colcon_core.shell:create_environment_hook('so101_kinematics', 'ld_library_path_lib')
[19.535s] INFO:colcon.colcon_core.shell:Creating environment hook '/home/marsuser/so101_ws/install/so101_kinematics/share/so101_kinematics/hook/ld_library_path_lib.ps1'
[19.536s] INFO:colcon.colcon_core.shell:Creating environment descriptor '/home/marsuser/so101_ws/install/so101_kinematics/share/so101_kinematics/hook/ld_library_path_lib.dsv'
[19.536s] INFO:colcon.colcon_core.shell:Creating environment hook '/home/marsuser/so101_ws/install/so101_kinematics/share/so101_kinematics/hook/ld_library_path_lib.sh'
[19.536s] Level 1:colcon.colcon_core.environment:checking '/home/marsuser/so101_ws/install/so101_kinematics/bin'
[19.536s] Level 1:colcon.colcon_core.environment:checking '/home/marsuser/so101_ws/install/so101_kinematics/lib/pkgconfig/so101_kinematics.pc'
[19.537s] Level 1:colcon.colcon_core.environment:checking '/home/marsuser/so101_ws/install/so101_kinematics/lib/python3.10/site-packages'
[19.537s] Level 1:colcon.colcon_core.environment:checking '/home/marsuser/so101_ws/install/so101_kinematics/bin'
[19.537s] INFO:colcon.colcon_core.shell:Creating package script '/home/marsuser/so101_ws/install/so101_kinematics/share/so101_kinematics/package.ps1'
[19.538s] INFO:colcon.colcon_core.shell:Creating package descriptor '/home/marsuser/so101_ws/install/so101_kinematics/share/so101_kinematics/package.dsv'
[19.538s] INFO:colcon.colcon_core.shell:Creating package script '/home/marsuser/so101_ws/install/so101_kinematics/share/so101_kinematics/package.sh'
[19.539s] INFO:colcon.colcon_core.shell:Creating package script '/home/marsuser/so101_ws/install/so101_kinematics/share/so101_kinematics/package.bash'
[19.539s] INFO:colcon.colcon_core.shell:Creating package script '/home/marsuser/so101_ws/install/so101_kinematics/share/so101_kinematics/package.zsh'
[19.539s] Level 1:colcon.colcon_core.environment:create_file_with_runtime_dependencies(/home/marsuser/so101_ws/install/so101_kinematics/share/colcon-core/packages/so101_kinematics)
[19.540s] Level 1:colcon.colcon_core.environment:create_environment_scripts_only(so101_kinematics)
[19.540s] Level 1:colcon.colcon_core.environment:checking '/home/marsuser/so101_ws/install/so101_kinematics' for CMake module files
[19.540s] Level 1:colcon.colcon_core.environment:checking '/home/marsuser/so101_ws/install/so101_kinematics' for CMake config files
[19.541s] Level 1:colcon.colcon_core.shell:create_environment_hook('so101_kinematics', 'cmake_prefix_path')
[19.541s] INFO:colcon.colcon_core.shell:Creating environment hook '/home/marsuser/so101_ws/install/so101_kinematics/share/so101_kinematics/hook/cmake_prefix_path.ps1'
[19.541s] INFO:colcon.colcon_core.shell:Creating environment descriptor '/home/marsuser/so101_ws/install/so101_kinematics/share/so101_kinematics/hook/cmake_prefix_path.dsv'
[19.542s] INFO:colcon.colcon_core.shell:Creating environment hook '/home/marsuser/so101_ws/install/so101_kinematics/share/so101_kinematics/hook/cmake_prefix_path.sh'
[19.542s] Level 1:colcon.colcon_core.environment:checking '/home/marsuser/so101_ws/install/so101_kinematics/lib'
[19.542s] Level 1:colcon.colcon_core.shell:create_environment_hook('so101_kinematics', 'ld_library_path_lib')
[19.542s] INFO:colcon.colcon_core.shell:Creating environment hook '/home/marsuser/so101_ws/install/so101_kinematics/share/so101_kinematics/hook/ld_library_path_lib.ps1'
[19.543s] INFO:colcon.colcon_core.shell:Creating environment descriptor '/home/marsuser/so101_ws/install/so101_kinematics/share/so101_kinematics/hook/ld_library_path_lib.dsv'
[19.543s] INFO:colcon.colcon_core.shell:Creating environment hook '/home/marsuser/so101_ws/install/so101_kinematics/share/so101_kinematics/hook/ld_library_path_lib.sh'
[19.543s] Level 1:colcon.colcon_core.environment:checking '/home/marsuser/so101_ws/install/so101_kinematics/bin'
[19.543s] Level 1:colcon.colcon_core.environment:checking '/home/marsuser/so101_ws/install/so101_kinematics/lib/pkgconfig/so101_kinematics.pc'
[19.544s] Level 1:colcon.colcon_core.environment:checking '/home/marsuser/so101_ws/install/so101_kinematics/lib/python3.10/site-packages'
[19.544s] Level 1:colcon.colcon_core.environment:checking '/home/marsuser/so101_ws/install/so101_kinematics/bin'
[19.544s] INFO:colcon.colcon_core.shell:Creating package script '/home/marsuser/so101_ws/install/so101_kinematics/share/so101_kinematics/package.ps1'
[19.545s] INFO:colcon.colcon_core.shell:Creating package descriptor '/home/marsuser/so101_ws/install/so101_kinematics/share/so101_kinematics/package.dsv'
[19.545s] INFO:colcon.colcon_core.shell:Creating package script '/home/marsuser/so101_ws/install/so101_kinematics/share/so101_kinematics/package.sh'
[19.546s] INFO:colcon.colcon_core.shell:Creating package script '/home/marsuser/so101_ws/install/so101_kinematics/share/so101_kinematics/package.bash'
[19.546s] INFO:colcon.colcon_core.shell:Creating package script '/home/marsuser/so101_ws/install/so101_kinematics/share/so101_kinematics/package.zsh'
[19.547s] Level 1:colcon.colcon_core.environment:create_file_with_runtime_dependencies(/home/marsuser/so101_ws/install/so101_kinematics/share/colcon-core/packages/so101_kinematics)
[19.547s] INFO:colcon.colcon_ros.task.ament_cmake.build:Building ROS package in '/home/marsuser/so101_ws/src/so101_bringup' with build type 'ament_cmake'
[19.547s] INFO:colcon.colcon_cmake.task.cmake.build:Building CMake package in '/home/marsuser/so101_ws/src/so101_bringup'
[19.547s] INFO:colcon.colcon_core.shell:Skip shell extension 'powershell' for command environment: Not usable outside of PowerShell
[19.547s] DEBUG:colcon.colcon_core.shell:Skip shell extension 'dsv' for command environment
[19.558s] DEBUG:colcon.colcon_core.event_handler.log_command:Invoking command in '/home/marsuser/so101_ws/build/so101_bringup': AMENT_PREFIX_PATH=/home/marsuser/so101_ws/install/so101_msgs:/home/marsuser/so101_ws/install/so101_kinematics:/home/marsuser/so101_ws/install/so101_description:${AMENT_PREFIX_PATH} CMAKE_PREFIX_PATH=/home/marsuser/so101_ws/install/so101_msgs:/home/marsuser/so101_ws/install/so101_kinematics:/home/marsuser/so101_ws/install/so101_description:/opt/openrobots:/opt/ros/humble LD_LIBRARY_PATH=/home/marsuser/so101_ws/install/so101_msgs/lib:/home/marsuser/so101_ws/install/so101_kinematics/lib:/opt/ros/humble/opt/rviz_ogre_vendor/lib:/opt/ros/humble/lib/x86_64-linux-gnu:/opt/ros/humble/lib:/usr/local/cuda/lib64:/opt/openrobots/lib PYTHONPATH=/home/marsuser/so101_ws/install/so101_msgs/local/lib/python3.10/dist-packages:${PYTHONPATH} /usr/bin/cmake /home/marsuser/so101_ws/src/so101_bringup -DCMAKE_INSTALL_PREFIX=/home/marsuser/so101_ws/install/so101_bringup
[20.791s] DEBUG:colcon.colcon_core.event_handler.log_command:Invoked command in '/home/marsuser/so101_ws/build/so101_bringup' returned '0': AMENT_PREFIX_PATH=/home/marsuser/so101_ws/install/so101_msgs:/home/marsuser/so101_ws/install/so101_kinematics:/home/marsuser/so101_ws/install/so101_description:${AMENT_PREFIX_PATH} CMAKE_PREFIX_PATH=/home/marsuser/so101_ws/install/so101_msgs:/home/marsuser/so101_ws/install/so101_kinematics:/home/marsuser/so101_ws/install/so101_description:/opt/openrobots:/opt/ros/humble LD_LIBRARY_PATH=/home/marsuser/so101_ws/install/so101_msgs/lib:/home/marsuser/so101_ws/install/so101_kinematics/lib:/opt/ros/humble/opt/rviz_ogre_vendor/lib:/opt/ros/humble/lib/x86_64-linux-gnu:/opt/ros/humble/lib:/usr/local/cuda/lib64:/opt/openrobots/lib PYTHONPATH=/home/marsuser/so101_ws/install/so101_msgs/local/lib/python3.10/dist-packages:${PYTHONPATH} /usr/bin/cmake /home/marsuser/so101_ws/src/so101_bringup -DCMAKE_INSTALL_PREFIX=/home/marsuser/so101_ws/install/so101_bringup
[20.793s] DEBUG:colcon.colcon_core.event_handler.log_command:Invoking command in '/home/marsuser/so101_ws/build/so101_bringup': AMENT_PREFIX_PATH=/home/marsuser/so101_ws/install/so101_msgs:/home/marsuser/so101_ws/install/so101_kinematics:/home/marsuser/so101_ws/install/so101_description:${AMENT_PREFIX_PATH} CMAKE_PREFIX_PATH=/home/marsuser/so101_ws/install/so101_msgs:/home/marsuser/so101_ws/install/so101_kinematics:/home/marsuser/so101_ws/install/so101_description:/opt/openrobots:/opt/ros/humble LD_LIBRARY_PATH=/home/marsuser/so101_ws/install/so101_msgs/lib:/home/marsuser/so101_ws/install/so101_kinematics/lib:/opt/ros/humble/opt/rviz_ogre_vendor/lib:/opt/ros/humble/lib/x86_64-linux-gnu:/opt/ros/humble/lib:/usr/local/cuda/lib64:/opt/openrobots/lib PYTHONPATH=/home/marsuser/so101_ws/install/so101_msgs/local/lib/python3.10/dist-packages:${PYTHONPATH} /usr/bin/cmake --build /home/marsuser/so101_ws/build/so101_bringup -- -j32 -l32
[39.074s] DEBUG:colcon.colcon_core.event_handler.log_command:Invoked command in '/home/marsuser/so101_ws/build/so101_bringup' returned '0': AMENT_PREFIX_PATH=/home/marsuser/so101_ws/install/so101_msgs:/home/marsuser/so101_ws/install/so101_kinematics:/home/marsuser/so101_ws/install/so101_description:${AMENT_PREFIX_PATH} CMAKE_PREFIX_PATH=/home/marsuser/so101_ws/install/so101_msgs:/home/marsuser/so101_ws/install/so101_kinematics:/home/marsuser/so101_ws/install/so101_description:/opt/openrobots:/opt/ros/humble LD_LIBRARY_PATH=/home/marsuser/so101_ws/install/so101_msgs/lib:/home/marsuser/so101_ws/install/so101_kinematics/lib:/opt/ros/humble/opt/rviz_ogre_vendor/lib:/opt/ros/humble/lib/x86_64-linux-gnu:/opt/ros/humble/lib:/usr/local/cuda/lib64:/opt/openrobots/lib PYTHONPATH=/home/marsuser/so101_ws/install/so101_msgs/local/lib/python3.10/dist-packages:${PYTHONPATH} /usr/bin/cmake --build /home/marsuser/so101_ws/build/so101_bringup -- -j32 -l32
[39.075s] DEBUG:colcon.colcon_core.event_handler.log_command:Invoking command in '/home/marsuser/so101_ws/build/so101_bringup': AMENT_PREFIX_PATH=/home/marsuser/so101_ws/install/so101_msgs:/home/marsuser/so101_ws/install/so101_kinematics:/home/marsuser/so101_ws/install/so101_description:${AMENT_PREFIX_PATH} CMAKE_PREFIX_PATH=/home/marsuser/so101_ws/install/so101_msgs:/home/marsuser/so101_ws/install/so101_kinematics:/home/marsuser/so101_ws/install/so101_description:/opt/openrobots:/opt/ros/humble LD_LIBRARY_PATH=/home/marsuser/so101_ws/install/so101_msgs/lib:/home/marsuser/so101_ws/install/so101_kinematics/lib:/opt/ros/humble/opt/rviz_ogre_vendor/lib:/opt/ros/humble/lib/x86_64-linux-gnu:/opt/ros/humble/lib:/usr/local/cuda/lib64:/opt/openrobots/lib PYTHONPATH=/home/marsuser/so101_ws/install/so101_msgs/local/lib/python3.10/dist-packages:${PYTHONPATH} /usr/bin/cmake --install /home/marsuser/so101_ws/build/so101_bringup
[39.082s] DEBUG:colcon.colcon_core.event_handler.log_command:Invoked command in '/home/marsuser/so101_ws/build/so101_bringup' returned '1': AMENT_PREFIX_PATH=/home/marsuser/so101_ws/install/so101_msgs:/home/marsuser/so101_ws/install/so101_kinematics:/home/marsuser/so101_ws/install/so101_description:${AMENT_PREFIX_PATH} CMAKE_PREFIX_PATH=/home/marsuser/so101_ws/install/so101_msgs:/home/marsuser/so101_ws/install/so101_kinematics:/home/marsuser/so101_ws/install/so101_description:/opt/openrobots:/opt/ros/humble LD_LIBRARY_PATH=/home/marsuser/so101_ws/install/so101_msgs/lib:/home/marsuser/so101_ws/install/so101_kinematics/lib:/opt/ros/humble/opt/rviz_ogre_vendor/lib:/opt/ros/humble/lib/x86_64-linux-gnu:/opt/ros/humble/lib:/usr/local/cuda/lib64:/opt/openrobots/lib PYTHONPATH=/home/marsuser/so101_ws/install/so101_msgs/local/lib/python3.10/dist-packages:${PYTHONPATH} /usr/bin/cmake --install /home/marsuser/so101_ws/build/so101_bringup
[39.083s] Level 1:colcon.colcon_core.environment:create_environment_scripts_only(so101_bringup)
[39.083s] Level 1:colcon.colcon_core.environment:checking '/home/marsuser/so101_ws/install/so101_bringup' for CMake module files
[39.083s] Level 1:colcon.colcon_core.environment:checking '/home/marsuser/so101_ws/install/so101_bringup' for CMake config files
[39.083s] Level 1:colcon.colcon_core.environment:checking '/home/marsuser/so101_ws/install/so101_bringup/bin'
[39.084s] Level 1:colcon.colcon_core.environment:checking '/home/marsuser/so101_ws/install/so101_bringup/lib/pkgconfig/so101_bringup.pc'
[39.084s] Level 1:colcon.colcon_core.environment:checking '/home/marsuser/so101_ws/install/so101_bringup/lib/python3.10/site-packages'
[39.084s] Level 1:colcon.colcon_core.environment:checking '/home/marsuser/so101_ws/install/so101_bringup/bin'
[39.084s] INFO:colcon.colcon_core.shell:Creating package script '/home/marsuser/so101_ws/install/so101_bringup/share/so101_bringup/package.ps1'
[39.085s] INFO:colcon.colcon_core.shell:Creating package descriptor '/home/marsuser/so101_ws/install/so101_bringup/share/so101_bringup/package.dsv'
[39.085s] INFO:colcon.colcon_core.shell:Creating package script '/home/marsuser/so101_ws/install/so101_bringup/share/so101_bringup/package.sh'
[39.086s] INFO:colcon.colcon_core.shell:Creating package script '/home/marsuser/so101_ws/install/so101_bringup/share/so101_bringup/package.bash'
[39.086s] INFO:colcon.colcon_core.shell:Creating package script '/home/marsuser/so101_ws/install/so101_bringup/share/so101_bringup/package.zsh'
[39.086s] Level 1:colcon.colcon_core.environment:create_file_with_runtime_dependencies(/home/marsuser/so101_ws/install/so101_bringup/share/colcon-core/packages/so101_bringup)
[39.097s] DEBUG:colcon.colcon_parallel_executor.executor.parallel:closing loop
[39.097s] DEBUG:colcon.colcon_parallel_executor.executor.parallel:loop closed
[39.097s] DEBUG:colcon.colcon_parallel_executor.executor.parallel:run_until_complete finished with '1'
[39.097s] DEBUG:colcon.colcon_core.event_reactor:joining thread
[39.102s] INFO:colcon.colcon_core.plugin_system:Skipping extension 'colcon_notification.desktop_notification.terminal_notifier': Not used on non-Darwin systems
[39.102s] INFO:colcon.colcon_core.plugin_system:Skipping extension 'colcon_notification.desktop_notification.win32': Not used on non-Windows systems
[39.102s] INFO:colcon.colcon_notification.desktop_notification:Sending desktop notification using 'notify2'
[39.113s] DEBUG:colcon.colcon_core.event_reactor:joined thread
[39.113s] INFO:colcon.colcon_core.shell:Creating prefix script '/home/marsuser/so101_ws/install/local_setup.ps1'
[39.114s] INFO:colcon.colcon_core.shell:Creating prefix util module '/home/marsuser/so101_ws/install/_local_setup_util_ps1.py'
[39.116s] INFO:colcon.colcon_core.shell:Creating prefix chain script '/home/marsuser/so101_ws/install/setup.ps1'
[39.117s] INFO:colcon.colcon_core.shell:Creating prefix script '/home/marsuser/so101_ws/install/local_setup.sh'
[39.118s] INFO:colcon.colcon_core.shell:Creating prefix util module '/home/marsuser/so101_ws/install/_local_setup_util_sh.py'
[39.118s] INFO:colcon.colcon_core.shell:Creating prefix chain script '/home/marsuser/so101_ws/install/setup.sh'
[39.119s] INFO:colcon.colcon_core.shell:Creating prefix script '/home/marsuser/so101_ws/install/local_setup.bash'
[39.120s] INFO:colcon.colcon_core.shell:Creating prefix chain script '/home/marsuser/so101_ws/install/setup.bash'
[39.120s] INFO:colcon.colcon_core.shell:Creating prefix script '/home/marsuser/so101_ws/install/local_setup.zsh'
[39.121s] INFO:colcon.colcon_core.shell:Creating prefix chain script '/home/marsuser/so101_ws/install/setup.zsh'
