[0.009s] Invoking command in '/home/marsuser/so101_ws/build/so101_kinematics': CMAKE_PREFIX_PATH=${CMAKE_PREFIX_PATH}:/opt/ros/humble /usr/bin/cmake --build /home/marsuser/so101_ws/build/so101_kinematics -- -j32 -l32
[0.038s] [35m[1mConsolidate compiler generated dependencies of target so101_kinematics[0m
[0.061s] [ 50%] Built target so101_kinematics
[0.070s] [35m[1mConsolidate compiler generated dependencies of target test_kinematics_node[0m
[0.092s] [100%] Built target test_kinematics_node
[0.101s] Invoked command in '/home/marsuser/so101_ws/build/so101_kinematics' returned '0': CMAKE_PREFIX_PATH=${CMAKE_PREFIX_PATH}:/opt/ros/humble /usr/bin/cmake --build /home/marsuser/so101_ws/build/so101_kinematics -- -j32 -l32
[0.103s] Invoking command in '/home/marsuser/so101_ws/build/so101_kinematics': CMAKE_PREFIX_PATH=${CMAKE_PREFIX_PATH}:/opt/ros/humble /usr/bin/cmake --install /home/marsuser/so101_ws/build/so101_kinematics
[0.108s] -- Install configuration: ""
[0.108s] -- Up-to-date: /home/marsuser/so101_ws/install/so101_kinematics/include
[0.109s] -- Up-to-date: /home/marsuser/so101_ws/install/so101_kinematics/include/so101_kinematics
[0.109s] -- Up-to-date: /home/marsuser/so101_ws/install/so101_kinematics/include/so101_kinematics/so101_kinematics.hpp
[0.109s] -- Up-to-date: /home/marsuser/so101_ws/install/so101_kinematics/lib/libso101_kinematics.so
[0.109s] -- Up-to-date: /home/marsuser/so101_ws/install/so101_kinematics/lib/so101_kinematics/test_kinematics_node
[0.109s] -- Up-to-date: /home/marsuser/so101_ws/install/so101_kinematics/share/so101_kinematics/environment/library_path.sh
[0.109s] -- Up-to-date: /home/marsuser/so101_ws/install/so101_kinematics/share/so101_kinematics/environment/library_path.dsv
[0.109s] -- Up-to-date: /home/marsuser/so101_ws/install/so101_kinematics/share/ament_index/resource_index/package_run_dependencies/so101_kinematics
[0.109s] -- Up-to-date: /home/marsuser/so101_ws/install/so101_kinematics/share/ament_index/resource_index/parent_prefix_path/so101_kinematics
[0.109s] -- Up-to-date: /home/marsuser/so101_ws/install/so101_kinematics/share/so101_kinematics/environment/ament_prefix_path.sh
[0.109s] -- Up-to-date: /home/marsuser/so101_ws/install/so101_kinematics/share/so101_kinematics/environment/ament_prefix_path.dsv
[0.109s] -- Up-to-date: /home/marsuser/so101_ws/install/so101_kinematics/share/so101_kinematics/environment/path.sh
[0.109s] -- Up-to-date: /home/marsuser/so101_ws/install/so101_kinematics/share/so101_kinematics/environment/path.dsv
[0.109s] -- Up-to-date: /home/marsuser/so101_ws/install/so101_kinematics/share/so101_kinematics/local_setup.bash
[0.109s] -- Up-to-date: /home/marsuser/so101_ws/install/so101_kinematics/share/so101_kinematics/local_setup.sh
[0.109s] -- Up-to-date: /home/marsuser/so101_ws/install/so101_kinematics/share/so101_kinematics/local_setup.zsh
[0.109s] -- Up-to-date: /home/marsuser/so101_ws/install/so101_kinematics/share/so101_kinematics/local_setup.dsv
[0.109s] -- Installing: /home/marsuser/so101_ws/install/so101_kinematics/share/so101_kinematics/package.dsv
[0.109s] -- Up-to-date: /home/marsuser/so101_ws/install/so101_kinematics/share/ament_index/resource_index/packages/so101_kinematics
[0.110s] -- Up-to-date: /home/marsuser/so101_ws/install/so101_kinematics/share/so101_kinematics/cmake/export_so101_kinematicsExport.cmake
[0.110s] -- Up-to-date: /home/marsuser/so101_ws/install/so101_kinematics/share/so101_kinematics/cmake/export_so101_kinematicsExport-noconfig.cmake
[0.110s] -- Up-to-date: /home/marsuser/so101_ws/install/so101_kinematics/share/so101_kinematics/cmake/ament_cmake_export_targets-extras.cmake
[0.110s] -- Up-to-date: /home/marsuser/so101_ws/install/so101_kinematics/share/so101_kinematics/cmake/ament_cmake_export_dependencies-extras.cmake
[0.110s] -- Up-to-date: /home/marsuser/so101_ws/install/so101_kinematics/share/so101_kinematics/cmake/ament_cmake_export_include_directories-extras.cmake
[0.110s] -- Up-to-date: /home/marsuser/so101_ws/install/so101_kinematics/share/so101_kinematics/cmake/so101_kinematicsConfig.cmake
[0.110s] -- Up-to-date: /home/marsuser/so101_ws/install/so101_kinematics/share/so101_kinematics/cmake/so101_kinematicsConfig-version.cmake
[0.110s] -- Up-to-date: /home/marsuser/so101_ws/install/so101_kinematics/share/so101_kinematics/package.xml
[0.111s] Invoked command in '/home/marsuser/so101_ws/build/so101_kinematics' returned '0': CMAKE_PREFIX_PATH=${CMAKE_PREFIX_PATH}:/opt/ros/humble /usr/bin/cmake --install /home/marsuser/so101_ws/build/so101_kinematics
