[ 50%] Built target so101_kinematics
[100%] Built target test_kinematics_node
-- Install configuration: ""
-- Execute custom install script
-- Up-to-date symlink: /home/marsuser/so101_ws/install/so101_kinematics/include/so101_kinematics/so101_kinematics.hpp
-- Up-to-date symlink: /home/marsuser/so101_ws/install/so101_kinematics/lib/so101_kinematics/test_kinematics_node
-- Up-to-date symlink: /home/marsuser/so101_ws/install/so101_kinematics/share/so101_kinematics/environment/library_path.sh
-- Up-to-date symlink: /home/marsuser/so101_ws/install/so101_kinematics/share/so101_kinematics/environment/library_path.dsv
-- Up-to-date symlink: /home/marsuser/so101_ws/install/so101_kinematics/share/ament_index/resource_index/package_run_dependencies/so101_kinematics
-- Up-to-date symlink: /home/marsuser/so101_ws/install/so101_kinematics/share/ament_index/resource_index/parent_prefix_path/so101_kinematics
-- Up-to-date symlink: /home/marsuser/so101_ws/install/so101_kinematics/share/so101_kinematics/environment/ament_prefix_path.sh
-- Up-to-date symlink: /home/marsuser/so101_ws/install/so101_kinematics/share/so101_kinematics/environment/ament_prefix_path.dsv
-- Up-to-date symlink: /home/marsuser/so101_ws/install/so101_kinematics/share/so101_kinematics/environment/path.sh
-- Up-to-date symlink: /home/marsuser/so101_ws/install/so101_kinematics/share/so101_kinematics/environment/path.dsv
-- Up-to-date symlink: /home/marsuser/so101_ws/install/so101_kinematics/share/so101_kinematics/local_setup.bash
-- Up-to-date symlink: /home/marsuser/so101_ws/install/so101_kinematics/share/so101_kinematics/local_setup.sh
-- Up-to-date symlink: /home/marsuser/so101_ws/install/so101_kinematics/share/so101_kinematics/local_setup.zsh
-- Up-to-date symlink: /home/marsuser/so101_ws/install/so101_kinematics/share/so101_kinematics/local_setup.dsv
-- Symlinking: /home/marsuser/so101_ws/install/so101_kinematics/share/so101_kinematics/package.dsv
-- Up-to-date symlink: /home/marsuser/so101_ws/install/so101_kinematics/share/ament_index/resource_index/packages/so101_kinematics
-- Up-to-date symlink: /home/marsuser/so101_ws/install/so101_kinematics/share/so101_kinematics/cmake/ament_cmake_export_targets-extras.cmake
-- Up-to-date symlink: /home/marsuser/so101_ws/install/so101_kinematics/share/so101_kinematics/cmake/ament_cmake_export_dependencies-extras.cmake
-- Up-to-date symlink: /home/marsuser/so101_ws/install/so101_kinematics/share/so101_kinematics/cmake/ament_cmake_export_include_directories-extras.cmake
-- Up-to-date symlink: /home/marsuser/so101_ws/install/so101_kinematics/share/so101_kinematics/cmake/so101_kinematicsConfig.cmake
-- Up-to-date symlink: /home/marsuser/so101_ws/install/so101_kinematics/share/so101_kinematics/cmake/so101_kinematicsConfig-version.cmake
-- Up-to-date symlink: /home/marsuser/so101_ws/install/so101_kinematics/share/so101_kinematics/package.xml
-- Up-to-date: /home/marsuser/so101_ws/install/so101_kinematics/lib/libso101_kinematics.so
-- Up-to-date: /home/marsuser/so101_ws/install/so101_kinematics/share/so101_kinematics/cmake/export_so101_kinematicsExport.cmake
-- Up-to-date: /home/marsuser/so101_ws/install/so101_kinematics/share/so101_kinematics/cmake/export_so101_kinematicsExport-noconfig.cmake
