[0.011s] Invoking command in '/home/marsuser/so101_ws/build/so101_description': CMAKE_PREFIX_PATH=${CMAKE_PREFIX_PATH}:/opt/ros/humble /usr/bin/cmake /home/marsuser/so101_ws/src/so101_description -DCMAKE_INSTALL_PREFIX=/home/marsuser/so101_ws/install/so101_description
[0.091s] -- The C compiler identification is GNU 11.4.0
[0.149s] -- The CXX compiler identification is GNU 11.4.0
[0.156s] -- Detecting C compiler ABI info
[0.211s] -- Detecting C compiler ABI info - done
[0.215s] -- Check for working C compiler: /usr/bin/cc - skipped
[0.215s] -- Detecting C compile features
[0.216s] -- Detecting C compile features - done
[0.218s] -- Detecting CXX compiler ABI info
[0.278s] -- Detecting CXX compiler ABI info - done
[0.283s] -- Check for working CXX compiler: /usr/bin/c++ - skipped
[0.283s] -- Detecting CXX compile features
[0.283s] -- Detecting CXX compile features - done
[0.289s] -- Found ament_cmake: 1.3.14 (/opt/ros/humble/share/ament_cmake/cmake)
[0.396s] -- Found Python3: /usr/bin/python3 (found version "3.10.12") found components: Interpreter 
[0.538s] -- Configuring done
[0.540s] -- Generating done
[0.541s] -- Build files have been written to: /home/marsuser/so101_ws/build/so101_description
[0.544s] Invoked command in '/home/marsuser/so101_ws/build/so101_description' returned '0': CMAKE_PREFIX_PATH=${CMAKE_PREFIX_PATH}:/opt/ros/humble /usr/bin/cmake /home/marsuser/so101_ws/src/so101_description -DCMAKE_INSTALL_PREFIX=/home/marsuser/so101_ws/install/so101_description
[0.546s] Invoking command in '/home/marsuser/so101_ws/build/so101_description': CMAKE_PREFIX_PATH=${CMAKE_PREFIX_PATH}:/opt/ros/humble /usr/bin/cmake --build /home/marsuser/so101_ws/build/so101_description -- -j32 -l32
[0.574s] Invoked command in '/home/marsuser/so101_ws/build/so101_description' returned '0': CMAKE_PREFIX_PATH=${CMAKE_PREFIX_PATH}:/opt/ros/humble /usr/bin/cmake --build /home/marsuser/so101_ws/build/so101_description -- -j32 -l32
[0.581s] Invoking command in '/home/marsuser/so101_ws/build/so101_description': CMAKE_PREFIX_PATH=${CMAKE_PREFIX_PATH}:/opt/ros/humble /usr/bin/cmake --install /home/marsuser/so101_ws/build/so101_description
[0.587s] -- Install configuration: ""
[0.587s] -- Installing: /home/marsuser/so101_ws/install/so101_description/share/so101_description/urdf
[0.587s] -- Installing: /home/marsuser/so101_ws/install/so101_description/share/so101_description/urdf/so101.urdf
[0.587s] -- Installing: /home/marsuser/so101_ws/install/so101_description/share/so101_description/meshes
[0.588s] -- Installing: /home/marsuser/so101_ws/install/so101_description/share/so101_description/meshes/sts3215_03a_v1.stl
[0.588s] -- Installing: /home/marsuser/so101_ws/install/so101_description/share/so101_description/meshes/wrist_roll_follower_so101_v1.stl
[0.590s] -- Installing: /home/marsuser/so101_ws/install/so101_description/share/so101_description/meshes/wrist_camera_so101_v1.stl
[0.590s] -- Installing: /home/marsuser/so101_ws/install/so101_description/share/so101_description/meshes/upper_arm_so101_v1.stl
[0.591s] -- Installing: /home/marsuser/so101_ws/install/so101_description/share/so101_description/meshes/wrist_camera_mount_so101_v1.stl
[0.591s] -- Installing: /home/marsuser/so101_ws/install/so101_description/share/so101_description/meshes/motor_holder_so101_base_v1.stl
[0.592s] -- Installing: /home/marsuser/so101_ws/install/so101_description/share/so101_description/meshes/rotation_pitch_so101_v1.stl
[0.593s] -- Installing: /home/marsuser/so101_ws/install/so101_description/share/so101_description/meshes/base_motor_holder_so101_v1.stl
[0.595s] -- Installing: /home/marsuser/so101_ws/install/so101_description/share/so101_description/meshes/motor_holder_so101_wrist_v1.stl
[0.596s] -- Installing: /home/marsuser/so101_ws/install/so101_description/share/so101_description/meshes/under_arm_so101_v1.stl
[0.598s] -- Installing: /home/marsuser/so101_ws/install/so101_description/share/so101_description/meshes/moving_jaw_so101_v1.stl
[0.599s] -- Installing: /home/marsuser/so101_ws/install/so101_description/share/so101_description/meshes/sts3215_03a_no_horn_v1.stl
[0.600s] -- Installing: /home/marsuser/so101_ws/install/so101_description/share/so101_description/meshes/waveshare_mounting_plate_so101_v2.stl
[0.600s] -- Installing: /home/marsuser/so101_ws/install/so101_description/share/so101_description/meshes/base_so101_v2.stl
[0.601s] -- Installing: /home/marsuser/so101_ws/install/so101_description/share/so101_description/meshes/wrist_roll_pitch_so101_v2.stl
[0.603s] -- Installing: /home/marsuser/so101_ws/install/so101_description/share/so101_description/config
[0.603s] -- Installing: /home/marsuser/so101_ws/install/so101_description/share/so101_description/config/joint_limits.yaml
[0.603s] -- Installing: /home/marsuser/so101_ws/install/so101_description/share/ament_index/resource_index/package_run_dependencies/so101_description
[0.603s] -- Installing: /home/marsuser/so101_ws/install/so101_description/share/ament_index/resource_index/parent_prefix_path/so101_description
[0.604s] -- Installing: /home/marsuser/so101_ws/install/so101_description/share/so101_description/environment/ament_prefix_path.sh
[0.604s] -- Installing: /home/marsuser/so101_ws/install/so101_description/share/so101_description/environment/ament_prefix_path.dsv
[0.604s] -- Installing: /home/marsuser/so101_ws/install/so101_description/share/so101_description/environment/path.sh
[0.604s] -- Installing: /home/marsuser/so101_ws/install/so101_description/share/so101_description/environment/path.dsv
[0.604s] -- Installing: /home/marsuser/so101_ws/install/so101_description/share/so101_description/local_setup.bash
[0.604s] -- Installing: /home/marsuser/so101_ws/install/so101_description/share/so101_description/local_setup.sh
[0.604s] -- Installing: /home/marsuser/so101_ws/install/so101_description/share/so101_description/local_setup.zsh
[0.604s] -- Installing: /home/marsuser/so101_ws/install/so101_description/share/so101_description/local_setup.dsv
[0.604s] -- Installing: /home/marsuser/so101_ws/install/so101_description/share/so101_description/package.dsv
[0.605s] -- Installing: /home/marsuser/so101_ws/install/so101_description/share/ament_index/resource_index/packages/so101_description
[0.605s] -- Installing: /home/marsuser/so101_ws/install/so101_description/share/so101_description/cmake/so101_descriptionConfig.cmake
[0.605s] -- Installing: /home/marsuser/so101_ws/install/so101_description/share/so101_description/cmake/so101_descriptionConfig-version.cmake
[0.605s] -- Installing: /home/marsuser/so101_ws/install/so101_description/share/so101_description/package.xml
[0.606s] Invoked command in '/home/marsuser/so101_ws/build/so101_description' returned '0': CMAKE_PREFIX_PATH=${CMAKE_PREFIX_PATH}:/opt/ros/humble /usr/bin/cmake --install /home/marsuser/so101_ws/build/so101_description
