[0.012s] Invoking command in '/home/marsuser/so101_ws/build/so101_bringup': AMENT_PREFIX_PATH=/home/marsuser/so101_ws/install/so101_msgs:/home/marsuser/so101_ws/install/so101_kinematics:/home/marsuser/so101_ws/install/so101_description:${AMENT_PREFIX_PATH} CMAKE_PREFIX_PATH=/home/marsuser/so101_ws/install/so101_msgs:/home/marsuser/so101_ws/install/so101_kinematics:/home/marsuser/so101_ws/install/so101_description:/opt/openrobots:/opt/ros/humble LD_LIBRARY_PATH=/home/marsuser/so101_ws/install/so101_msgs/lib:/home/marsuser/so101_ws/install/so101_kinematics/lib:/opt/ros/humble/opt/rviz_ogre_vendor/lib:/opt/ros/humble/lib/x86_64-linux-gnu:/opt/ros/humble/lib:/usr/local/cuda/lib64:/opt/openrobots/lib PYTHONPATH=/home/marsuser/so101_ws/install/so101_msgs/local/lib/python3.10/dist-packages:${PYTHONPATH} /usr/bin/cmake /home/marsuser/so101_ws/src/so101_bringup -DCMAKE_INSTALL_PREFIX=/home/marsuser/so101_ws/install/so101_bringup
[0.053s] -- The C compiler identification is GNU 11.4.0
[0.093s] -- The CXX compiler identification is GNU 11.4.0
[0.099s] -- Detecting C compiler ABI info
[0.152s] -- Detecting C compiler ABI info - done
[0.158s] -- Check for working C compiler: /usr/bin/cc - skipped
[0.158s] -- Detecting C compile features
[0.158s] -- Detecting C compile features - done
[0.161s] -- Detecting CXX compiler ABI info
[0.226s] -- Detecting CXX compiler ABI info - done
[0.233s] -- Check for working CXX compiler: /usr/bin/c++ - skipped
[0.233s] -- Detecting CXX compile features
[0.234s] -- Detecting CXX compile features - done
[0.238s] -- Found ament_cmake: 1.3.14 (/opt/ros/humble/share/ament_cmake/cmake)
[0.350s] -- Found Python3: /usr/bin/python3 (found version "3.10.12") found components: Interpreter 
[0.440s] -- Found rclcpp: 16.0.19 (/opt/ros/humble/share/rclcpp/cmake)
[0.480s] -- Found rosidl_generator_c: 3.1.8 (/opt/ros/humble/share/rosidl_generator_c/cmake)
[0.485s] -- Found rosidl_adapter: 3.1.8 (/opt/ros/humble/share/rosidl_adapter/cmake)
[0.492s] -- Found rosidl_generator_cpp: 3.1.8 (/opt/ros/humble/share/rosidl_generator_cpp/cmake)
[0.502s] -- Using all available rosidl_typesupport_c: rosidl_typesupport_fastrtps_c;rosidl_typesupport_introspection_c
[0.514s] -- Using all available rosidl_typesupport_cpp: rosidl_typesupport_fastrtps_cpp;rosidl_typesupport_introspection_cpp
[0.564s] -- Found rmw_implementation_cmake: 6.1.2 (/opt/ros/humble/share/rmw_implementation_cmake/cmake)
[0.568s] -- Found rmw_fastrtps_cpp: 6.2.10 (/opt/ros/humble/share/rmw_fastrtps_cpp/cmake)
[0.655s] -- Found OpenSSL: /usr/lib/x86_64-linux-gnu/libcrypto.so (found version "3.0.2")  
[0.679s] -- Found FastRTPS: /opt/ros/humble/include  
[0.716s] -- Using RMW implementation 'rmw_fastrtps_cpp' as default
[0.724s] -- Looking for pthread.h
[0.780s] -- Looking for pthread.h - found
[0.780s] -- Performing Test CMAKE_HAVE_LIBC_PTHREAD
[0.840s] -- Performing Test CMAKE_HAVE_LIBC_PTHREAD - Success
[0.841s] -- Found Threads: TRUE  
[0.887s] -- Found sensor_msgs: 4.9.1 (/opt/ros/humble/share/sensor_msgs/cmake)
[0.908s] -- Found so101_msgs: 0.0.1 (/home/marsuser/so101_ws/install/so101_msgs/share/so101_msgs/cmake)
[0.917s] -- Found so101_kinematics: 0.0.1 (/home/marsuser/so101_ws/install/so101_kinematics/share/so101_kinematics/cmake)
[0.965s] -- Found Boost: /usr/include (found version "1.74.0") found components: filesystem serialization 
[0.965s] -- coal FOUND. coal at /opt/openrobots/lib/libcoal.so
[0.969s] -- Found Boost: /usr/include (found version "1.74.0") found components: serialization filesystem 
[1.187s] -- Default C++ standard: 201703
[1.187s] -- Minimal C++ standard upgraded to 11
[1.187s] -- C++ standard sufficient: Minimal required 11, currently defined: 17
[1.188s] -- Minimal C++ standard upgraded to 17
[1.188s] -- C++ standard sufficient: Minimal required 17, currently defined: 17
[1.236s] -- Configuring done
[1.261s] -- Generating done
[1.268s] -- Build files have been written to: /home/marsuser/so101_ws/build/so101_bringup
[1.279s] Invoked command in '/home/marsuser/so101_ws/build/so101_bringup' returned '0': AMENT_PREFIX_PATH=/home/marsuser/so101_ws/install/so101_msgs:/home/marsuser/so101_ws/install/so101_kinematics:/home/marsuser/so101_ws/install/so101_description:${AMENT_PREFIX_PATH} CMAKE_PREFIX_PATH=/home/marsuser/so101_ws/install/so101_msgs:/home/marsuser/so101_ws/install/so101_kinematics:/home/marsuser/so101_ws/install/so101_description:/opt/openrobots:/opt/ros/humble LD_LIBRARY_PATH=/home/marsuser/so101_ws/install/so101_msgs/lib:/home/marsuser/so101_ws/install/so101_kinematics/lib:/opt/ros/humble/opt/rviz_ogre_vendor/lib:/opt/ros/humble/lib/x86_64-linux-gnu:/opt/ros/humble/lib:/usr/local/cuda/lib64:/opt/openrobots/lib PYTHONPATH=/home/marsuser/so101_ws/install/so101_msgs/local/lib/python3.10/dist-packages:${PYTHONPATH} /usr/bin/cmake /home/marsuser/so101_ws/src/so101_bringup -DCMAKE_INSTALL_PREFIX=/home/marsuser/so101_ws/install/so101_bringup
[1.281s] Invoking command in '/home/marsuser/so101_ws/build/so101_bringup': AMENT_PREFIX_PATH=/home/marsuser/so101_ws/install/so101_msgs:/home/marsuser/so101_ws/install/so101_kinematics:/home/marsuser/so101_ws/install/so101_description:${AMENT_PREFIX_PATH} CMAKE_PREFIX_PATH=/home/marsuser/so101_ws/install/so101_msgs:/home/marsuser/so101_ws/install/so101_kinematics:/home/marsuser/so101_ws/install/so101_description:/opt/openrobots:/opt/ros/humble LD_LIBRARY_PATH=/home/marsuser/so101_ws/install/so101_msgs/lib:/home/marsuser/so101_ws/install/so101_kinematics/lib:/opt/ros/humble/opt/rviz_ogre_vendor/lib:/opt/ros/humble/lib/x86_64-linux-gnu:/opt/ros/humble/lib:/usr/local/cuda/lib64:/opt/openrobots/lib PYTHONPATH=/home/marsuser/so101_ws/install/so101_msgs/local/lib/python3.10/dist-packages:${PYTHONPATH} /usr/bin/cmake --build /home/marsuser/so101_ws/build/so101_bringup -- -j32 -l32
[1.320s] [ 16%] [32mBuilding CXX object CMakeFiles/safety_gate_node.dir/src/safety_gate_node.cpp.o[0m
[1.321s] [ 50%] [32mBuilding CXX object CMakeFiles/tcp_bridge_node.dir/src/tcp_bridge_node.cpp.o[0m
[1.321s] [ 50%] [32mBuilding CXX object CMakeFiles/cartesian_controller_node.dir/src/cartesian_controller_node.cpp.o[0m
[7.728s] [ 66%] [32m[1mLinking CXX executable tcp_bridge_node[0m
[7.997s] [ 66%] Built target tcp_bridge_node
[14.799s] [ 83%] [32m[1mLinking CXX executable safety_gate_node[0m
[15.278s] [ 83%] Built target safety_gate_node
[20.365s] [100%] [32m[1mLinking CXX executable cartesian_controller_node[0m
[21.055s] [100%] Built target cartesian_controller_node
[21.067s] Invoked command in '/home/marsuser/so101_ws/build/so101_bringup' returned '0': AMENT_PREFIX_PATH=/home/marsuser/so101_ws/install/so101_msgs:/home/marsuser/so101_ws/install/so101_kinematics:/home/marsuser/so101_ws/install/so101_description:${AMENT_PREFIX_PATH} CMAKE_PREFIX_PATH=/home/marsuser/so101_ws/install/so101_msgs:/home/marsuser/so101_ws/install/so101_kinematics:/home/marsuser/so101_ws/install/so101_description:/opt/openrobots:/opt/ros/humble LD_LIBRARY_PATH=/home/marsuser/so101_ws/install/so101_msgs/lib:/home/marsuser/so101_ws/install/so101_kinematics/lib:/opt/ros/humble/opt/rviz_ogre_vendor/lib:/opt/ros/humble/lib/x86_64-linux-gnu:/opt/ros/humble/lib:/usr/local/cuda/lib64:/opt/openrobots/lib PYTHONPATH=/home/marsuser/so101_ws/install/so101_msgs/local/lib/python3.10/dist-packages:${PYTHONPATH} /usr/bin/cmake --build /home/marsuser/so101_ws/build/so101_bringup -- -j32 -l32
[21.068s] Invoking command in '/home/marsuser/so101_ws/build/so101_bringup': AMENT_PREFIX_PATH=/home/marsuser/so101_ws/install/so101_msgs:/home/marsuser/so101_ws/install/so101_kinematics:/home/marsuser/so101_ws/install/so101_description:${AMENT_PREFIX_PATH} CMAKE_PREFIX_PATH=/home/marsuser/so101_ws/install/so101_msgs:/home/marsuser/so101_ws/install/so101_kinematics:/home/marsuser/so101_ws/install/so101_description:/opt/openrobots:/opt/ros/humble LD_LIBRARY_PATH=/home/marsuser/so101_ws/install/so101_msgs/lib:/home/marsuser/so101_ws/install/so101_kinematics/lib:/opt/ros/humble/opt/rviz_ogre_vendor/lib:/opt/ros/humble/lib/x86_64-linux-gnu:/opt/ros/humble/lib:/usr/local/cuda/lib64:/opt/openrobots/lib PYTHONPATH=/home/marsuser/so101_ws/install/so101_msgs/local/lib/python3.10/dist-packages:${PYTHONPATH} /usr/bin/cmake --install /home/marsuser/so101_ws/build/so101_bringup
[21.074s] -- Install configuration: ""
[21.074s] -- Installing: /home/marsuser/so101_ws/install/so101_bringup/share/so101_bringup/launch
[21.075s] -- Installing: /home/marsuser/so101_ws/install/so101_bringup/share/so101_bringup/launch/so101_stack.launch.py
[21.075s] -- Installing: /home/marsuser/so101_ws/install/so101_bringup/share/so101_bringup/launch/__pycache__
[21.075s] -- Installing: /home/marsuser/so101_ws/install/so101_bringup/share/so101_bringup/launch/__pycache__/so101_stack.launch.cpython-310.pyc
[21.075s] -- Installing: /home/marsuser/so101_ws/install/so101_bringup/share/so101_bringup/config
[21.075s] -- Installing: /home/marsuser/so101_ws/install/so101_bringup/share/so101_bringup/config/robot_params.yaml
[21.075s] -- Installing: /home/marsuser/so101_ws/install/so101_bringup/lib/so101_bringup/keyboard_servo
[21.075s] -- Installing: /home/marsuser/so101_ws/install/so101_bringup/lib/so101_bringup/cartesian_controller_node
[21.087s] -- Set runtime path of "/home/marsuser/so101_ws/install/so101_bringup/lib/so101_bringup/cartesian_controller_node" to ""
[21.087s] -- Installing: /home/marsuser/so101_ws/install/so101_bringup/lib/so101_bringup/safety_gate_node
[21.094s] -- Set runtime path of "/home/marsuser/so101_ws/install/so101_bringup/lib/so101_bringup/safety_gate_node" to ""
[21.094s] -- Installing: /home/marsuser/so101_ws/install/so101_bringup/lib/so101_bringup/tcp_bridge_node
[21.097s] -- Set runtime path of "/home/marsuser/so101_ws/install/so101_bringup/lib/so101_bringup/tcp_bridge_node" to ""
[21.097s] -- Installing: /home/marsuser/so101_ws/install/so101_bringup/share/ament_index/resource_index/package_run_dependencies/so101_bringup
[21.097s] -- Installing: /home/marsuser/so101_ws/install/so101_bringup/share/ament_index/resource_index/parent_prefix_path/so101_bringup
[21.098s] -- Installing: /home/marsuser/so101_ws/install/so101_bringup/share/so101_bringup/environment/ament_prefix_path.sh
[21.098s] -- Installing: /home/marsuser/so101_ws/install/so101_bringup/share/so101_bringup/environment/ament_prefix_path.dsv
[21.098s] -- Installing: /home/marsuser/so101_ws/install/so101_bringup/share/so101_bringup/environment/path.sh
[21.098s] -- Installing: /home/marsuser/so101_ws/install/so101_bringup/share/so101_bringup/environment/path.dsv
[21.098s] -- Installing: /home/marsuser/so101_ws/install/so101_bringup/share/so101_bringup/local_setup.bash
[21.098s] -- Installing: /home/marsuser/so101_ws/install/so101_bringup/share/so101_bringup/local_setup.sh
[21.098s] -- Installing: /home/marsuser/so101_ws/install/so101_bringup/share/so101_bringup/local_setup.zsh
[21.098s] -- Installing: /home/marsuser/so101_ws/install/so101_bringup/share/so101_bringup/local_setup.dsv
[21.098s] -- Installing: /home/marsuser/so101_ws/install/so101_bringup/share/so101_bringup/package.dsv
[21.099s] -- Installing: /home/marsuser/so101_ws/install/so101_bringup/share/ament_index/resource_index/packages/so101_bringup
[21.099s] -- Installing: /home/marsuser/so101_ws/install/so101_bringup/share/so101_bringup/cmake/so101_bringupConfig.cmake
[21.099s] -- Installing: /home/marsuser/so101_ws/install/so101_bringup/share/so101_bringup/cmake/so101_bringupConfig-version.cmake
[21.099s] -- Installing: /home/marsuser/so101_ws/install/so101_bringup/share/so101_bringup/package.xml
[21.101s] Invoked command in '/home/marsuser/so101_ws/build/so101_bringup' returned '0': AMENT_PREFIX_PATH=/home/marsuser/so101_ws/install/so101_msgs:/home/marsuser/so101_ws/install/so101_kinematics:/home/marsuser/so101_ws/install/so101_description:${AMENT_PREFIX_PATH} CMAKE_PREFIX_PATH=/home/marsuser/so101_ws/install/so101_msgs:/home/marsuser/so101_ws/install/so101_kinematics:/home/marsuser/so101_ws/install/so101_description:/opt/openrobots:/opt/ros/humble LD_LIBRARY_PATH=/home/marsuser/so101_ws/install/so101_msgs/lib:/home/marsuser/so101_ws/install/so101_kinematics/lib:/opt/ros/humble/opt/rviz_ogre_vendor/lib:/opt/ros/humble/lib/x86_64-linux-gnu:/opt/ros/humble/lib:/usr/local/cuda/lib64:/opt/openrobots/lib PYTHONPATH=/home/marsuser/so101_ws/install/so101_msgs/local/lib/python3.10/dist-packages:${PYTHONPATH} /usr/bin/cmake --install /home/marsuser/so101_ws/build/so101_bringup
