[0.009s] Invoking command in '/home/marsuser/so101_ws/build/so101_kinematics': CMAKE_PREFIX_PATH=${CMAKE_PREFIX_PATH}:/opt/ros/humble /usr/bin/cmake /home/marsuser/so101_ws/src/so101_kinematics -DCMAKE_INSTALL_PREFIX=/home/marsuser/so101_ws/install/so101_kinematics
[0.049s] -- The C compiler identification is GNU 11.4.0
[0.089s] -- The CXX compiler identification is GNU 11.4.0
[0.097s] -- Detecting C compiler ABI info
[0.153s] -- Detecting C compiler ABI info - done
[0.158s] -- Check for working C compiler: /usr/bin/cc - skipped
[0.158s] -- Detecting C compile features
[0.158s] -- Detecting C compile features - done
[0.160s] -- Detecting CXX compiler ABI info
[0.224s] -- Detecting CXX compiler ABI info - done
[0.229s] -- Check for working CXX compiler: /usr/bin/c++ - skipped
[0.229s] -- Detecting CXX compile features
[0.229s] -- Detecting CXX compile features - done
[0.232s] -- Found ament_cmake: 1.3.14 (/opt/ros/humble/share/ament_cmake/cmake)
[0.338s] -- Found Python3: /usr/bin/python3 (found version "3.10.12") found components: Interpreter 
[0.467s] -- Found Boost: /usr/include (found version "1.74.0") found components: filesystem serialization 
[0.468s] -- coal FOUND. coal at /opt/openrobots/lib/libcoal.so
[0.472s] -- Found Boost: /usr/include (found version "1.74.0") found components: serialization filesystem 
[0.704s] -- Default C++ standard: 201703
[0.704s] -- Minimal C++ standard upgraded to 11
[0.704s] -- C++ standard sufficient: Minimal required 11, currently defined: 17
[0.704s] -- Minimal C++ standard upgraded to 17
[0.704s] -- C++ standard sufficient: Minimal required 17, currently defined: 17
[0.708s] -- Found ament_lint_auto: 0.12.15 (/opt/ros/humble/share/ament_lint_auto/cmake)
[0.755s] -- Configuring done
[0.766s] -- Generating done
[0.769s] -- Build files have been written to: /home/marsuser/so101_ws/build/so101_kinematics
[0.780s] Invoked command in '/home/marsuser/so101_ws/build/so101_kinematics' returned '0': CMAKE_PREFIX_PATH=${CMAKE_PREFIX_PATH}:/opt/ros/humble /usr/bin/cmake /home/marsuser/so101_ws/src/so101_kinematics -DCMAKE_INSTALL_PREFIX=/home/marsuser/so101_ws/install/so101_kinematics
[0.781s] Invoking command in '/home/marsuser/so101_ws/build/so101_kinematics': CMAKE_PREFIX_PATH=${CMAKE_PREFIX_PATH}:/opt/ros/humble /usr/bin/cmake --build /home/marsuser/so101_ws/build/so101_kinematics -- -j32 -l32
[0.820s] [ 25%] [32mBuilding CXX object CMakeFiles/so101_kinematics.dir/src/so101_kinematics.cpp.o[0m
[13.544s] [ 50%] [32m[1mLinking CXX shared library libso101_kinematics.so[0m
[13.809s] [ 50%] Built target so101_kinematics
[13.826s] [ 75%] [32mBuilding CXX object CMakeFiles/test_kinematics_node.dir/src/test_kinematics_node.cpp.o[0m
[19.533s] [100%] [32m[1mLinking CXX executable test_kinematics_node[0m
[19.658s] [100%] Built target test_kinematics_node
[19.669s] Invoked command in '/home/marsuser/so101_ws/build/so101_kinematics' returned '0': CMAKE_PREFIX_PATH=${CMAKE_PREFIX_PATH}:/opt/ros/humble /usr/bin/cmake --build /home/marsuser/so101_ws/build/so101_kinematics -- -j32 -l32
[19.671s] Invoking command in '/home/marsuser/so101_ws/build/so101_kinematics': CMAKE_PREFIX_PATH=${CMAKE_PREFIX_PATH}:/opt/ros/humble /usr/bin/cmake --install /home/marsuser/so101_ws/build/so101_kinematics
[19.679s] -- Install configuration: ""
[19.679s] -- Installing: /home/marsuser/so101_ws/install/so101_kinematics/include
[19.679s] -- Installing: /home/marsuser/so101_ws/install/so101_kinematics/include/so101_kinematics
[19.679s] -- Installing: /home/marsuser/so101_ws/install/so101_kinematics/include/so101_kinematics/so101_kinematics.hpp
[19.679s] -- Installing: /home/marsuser/so101_ws/install/so101_kinematics/lib/libso101_kinematics.so
[19.689s] -- Set runtime path of "/home/marsuser/so101_ws/install/so101_kinematics/lib/libso101_kinematics.so" to ""
[19.689s] -- Installing: /home/marsuser/so101_ws/install/so101_kinematics/lib/so101_kinematics/test_kinematics_node
[19.691s] -- Set runtime path of "/home/marsuser/so101_ws/install/so101_kinematics/lib/so101_kinematics/test_kinematics_node" to ""
[19.691s] -- Installing: /home/marsuser/so101_ws/install/so101_kinematics/share/so101_kinematics/environment/library_path.sh
[19.691s] -- Installing: /home/marsuser/so101_ws/install/so101_kinematics/share/so101_kinematics/environment/library_path.dsv
[19.691s] -- Installing: /home/marsuser/so101_ws/install/so101_kinematics/share/ament_index/resource_index/package_run_dependencies/so101_kinematics
[19.691s] -- Installing: /home/marsuser/so101_ws/install/so101_kinematics/share/ament_index/resource_index/parent_prefix_path/so101_kinematics
[19.692s] -- Installing: /home/marsuser/so101_ws/install/so101_kinematics/share/so101_kinematics/environment/ament_prefix_path.sh
[19.692s] -- Installing: /home/marsuser/so101_ws/install/so101_kinematics/share/so101_kinematics/environment/ament_prefix_path.dsv
[19.692s] -- Installing: /home/marsuser/so101_ws/install/so101_kinematics/share/so101_kinematics/environment/path.sh
[19.692s] -- Installing: /home/marsuser/so101_ws/install/so101_kinematics/share/so101_kinematics/environment/path.dsv
[19.692s] -- Installing: /home/marsuser/so101_ws/install/so101_kinematics/share/so101_kinematics/local_setup.bash
[19.692s] -- Installing: /home/marsuser/so101_ws/install/so101_kinematics/share/so101_kinematics/local_setup.sh
[19.692s] -- Installing: /home/marsuser/so101_ws/install/so101_kinematics/share/so101_kinematics/local_setup.zsh
[19.692s] -- Installing: /home/marsuser/so101_ws/install/so101_kinematics/share/so101_kinematics/local_setup.dsv
[19.692s] -- Installing: /home/marsuser/so101_ws/install/so101_kinematics/share/so101_kinematics/package.dsv
[19.693s] -- Installing: /home/marsuser/so101_ws/install/so101_kinematics/share/ament_index/resource_index/packages/so101_kinematics
[19.693s] -- Installing: /home/marsuser/so101_ws/install/so101_kinematics/share/so101_kinematics/cmake/export_so101_kinematicsExport.cmake
[19.693s] -- Installing: /home/marsuser/so101_ws/install/so101_kinematics/share/so101_kinematics/cmake/export_so101_kinematicsExport-noconfig.cmake
[19.693s] -- Installing: /home/marsuser/so101_ws/install/so101_kinematics/share/so101_kinematics/cmake/ament_cmake_export_targets-extras.cmake
[19.693s] -- Installing: /home/marsuser/so101_ws/install/so101_kinematics/share/so101_kinematics/cmake/ament_cmake_export_dependencies-extras.cmake
[19.693s] -- Installing: /home/marsuser/so101_ws/install/so101_kinematics/share/so101_kinematics/cmake/ament_cmake_export_include_directories-extras.cmake
[19.693s] -- Installing: /home/marsuser/so101_ws/install/so101_kinematics/share/so101_kinematics/cmake/so101_kinematicsConfig.cmake
[19.693s] -- Installing: /home/marsuser/so101_ws/install/so101_kinematics/share/so101_kinematics/cmake/so101_kinematicsConfig-version.cmake
[19.694s] -- Installing: /home/marsuser/so101_ws/install/so101_kinematics/share/so101_kinematics/package.xml
[19.695s] Invoked command in '/home/marsuser/so101_ws/build/so101_kinematics' returned '0': CMAKE_PREFIX_PATH=${CMAKE_PREFIX_PATH}:/opt/ros/humble /usr/bin/cmake --install /home/marsuser/so101_ws/build/so101_kinematics
