-- Found ament_cmake: 1.3.14 (/opt/ros/humble/share/ament_cmake/cmake)
-- Found rclcpp: 16.0.19 (/opt/ros/humble/share/rclcpp/cmake)
-- Found rosidl_generator_c: 3.1.8 (/opt/ros/humble/share/rosidl_generator_c/cmake)
-- Found rosidl_adapter: 3.1.8 (/opt/ros/humble/share/rosidl_adapter/cmake)
-- Found rosidl_generator_cpp: 3.1.8 (/opt/ros/humble/share/rosidl_generator_cpp/cmake)
-- Using all available rosidl_typesupport_c: rosidl_typesupport_fastrtps_c;rosidl_typesupport_introspection_c
-- Using all available rosidl_typesupport_cpp: rosidl_typesupport_fastrtps_cpp;rosidl_typesupport_introspection_cpp
-- Found rmw_implementation_cmake: 6.1.2 (/opt/ros/humble/share/rmw_implementation_cmake/cmake)
-- Found rmw_fastrtps_cpp: 6.2.10 (/opt/ros/humble/share/rmw_fastrtps_cpp/cmake)
-- Using RMW implementation 'rmw_fastrtps_cpp' as default
-- Found sensor_msgs: 4.9.1 (/opt/ros/humble/share/sensor_msgs/cmake)
-- Found so101_msgs: 0.0.1 (/home/marsuser/so101_ws/install/so101_msgs/share/so101_msgs/cmake)
-- Found so101_kinematics: 0.0.1 (/home/marsuser/so101_ws/install/so101_kinematics/share/so101_kinematics/cmake)
-- Found Boost: /usr/include (found version "1.74.0") found components: filesystem serialization 
-- coal FOUND. coal at /opt/openrobots/lib/libcoal.so
-- Found Boost: /usr/include (found version "1.74.0") found components: serialization filesystem 
-- Default C++ standard: 201703
-- C++ standard sufficient: Minimal required 17, currently defined: 17
-- C++ standard sufficient: Minimal required 17, currently defined: 17
-- Configuring done
-- Generating done
-- Build files have been written to: /home/marsuser/so101_ws/build/so101_bringup
[35m[1mConsolidate compiler generated dependencies of target tcp_bridge_node[0m
[35m[1mConsolidate compiler generated dependencies of target safety_gate_node[0m
[35m[1mConsolidate compiler generated dependencies of target cartesian_controller_node[0m
[ 33%] Built target tcp_bridge_node
[ 66%] Built target safety_gate_node
[100%] Built target cartesian_controller_node
-- Install configuration: ""
-- Up-to-date: /home/marsuser/so101_ws/install/so101_bringup/share/so101_bringup/launch
-- Up-to-date: /home/marsuser/so101_ws/install/so101_bringup/share/so101_bringup/launch/so101_stack.launch.py
-- Up-to-date: /home/marsuser/so101_ws/install/so101_bringup/share/so101_bringup/config
-- Up-to-date: /home/marsuser/so101_ws/install/so101_bringup/share/so101_bringup/config/robot_params.yaml
-- Installing: /home/marsuser/so101_ws/install/so101_bringup/lib/so101_bringup/cartesian_controller_node
-- Set runtime path of "/home/marsuser/so101_ws/install/so101_bringup/lib/so101_bringup/cartesian_controller_node" to ""
-- Installing: /home/marsuser/so101_ws/install/so101_bringup/lib/so101_bringup/safety_gate_node
-- Set runtime path of "/home/marsuser/so101_ws/install/so101_bringup/lib/so101_bringup/safety_gate_node" to ""
-- Installing: /home/marsuser/so101_ws/install/so101_bringup/lib/so101_bringup/tcp_bridge_node
-- Set runtime path of "/home/marsuser/so101_ws/install/so101_bringup/lib/so101_bringup/tcp_bridge_node" to ""
-- Installing: /home/marsuser/so101_ws/install/so101_bringup/share/ament_index/resource_index/package_run_dependencies/so101_bringup
-- Installing: /home/marsuser/so101_ws/install/so101_bringup/share/ament_index/resource_index/parent_prefix_path/so101_bringup
-- Installing: /home/marsuser/so101_ws/install/so101_bringup/share/so101_bringup/environment/ament_prefix_path.sh
-- Installing: /home/marsuser/so101_ws/install/so101_bringup/share/so101_bringup/environment/ament_prefix_path.dsv
-- Installing: /home/marsuser/so101_ws/install/so101_bringup/share/so101_bringup/environment/path.sh
-- Installing: /home/marsuser/so101_ws/install/so101_bringup/share/so101_bringup/environment/path.dsv
-- Installing: /home/marsuser/so101_ws/install/so101_bringup/share/so101_bringup/local_setup.bash
-- Installing: /home/marsuser/so101_ws/install/so101_bringup/share/so101_bringup/local_setup.sh
-- Installing: /home/marsuser/so101_ws/install/so101_bringup/share/so101_bringup/local_setup.zsh
-- Installing: /home/marsuser/so101_ws/install/so101_bringup/share/so101_bringup/local_setup.dsv
-- Installing: /home/marsuser/so101_ws/install/so101_bringup/share/so101_bringup/package.dsv
-- Installing: /home/marsuser/so101_ws/install/so101_bringup/share/ament_index/resource_index/packages/so101_bringup
-- Installing: /home/marsuser/so101_ws/install/so101_bringup/share/so101_bringup/cmake/so101_bringupConfig.cmake
-- Installing: /home/marsuser/so101_ws/install/so101_bringup/share/so101_bringup/cmake/so101_bringupConfig-version.cmake
-- Installing: /home/marsuser/so101_ws/install/so101_bringup/share/so101_bringup/package.xml
