[0.010s] Invoking command in '/home/marsuser/so101_ws/build/so101_bringup': AMENT_PREFIX_PATH=/home/marsuser/so101_ws/install/so101_msgs:/home/marsuser/so101_ws/install/so101_kinematics:/home/marsuser/so101_ws/install/so101_description:${AMENT_PREFIX_PATH} CMAKE_PREFIX_PATH=/home/marsuser/so101_ws/install/so101_msgs:/home/marsuser/so101_ws/install/so101_kinematics:/home/marsuser/so101_ws/install/so101_description:/opt/openrobots:/opt/ros/humble LD_LIBRARY_PATH=/home/marsuser/so101_ws/install/so101_msgs/lib:/home/marsuser/so101_ws/install/so101_kinematics/lib:/opt/ros/humble/opt/rviz_ogre_vendor/lib:/opt/ros/humble/lib/x86_64-linux-gnu:/opt/ros/humble/lib:/usr/local/cuda/lib64:/opt/openrobots/lib PYTHONPATH=/home/marsuser/so101_ws/install/so101_msgs/local/lib/python3.10/dist-packages:${PYTHONPATH} /usr/bin/cmake --build /home/marsuser/so101_ws/build/so101_bringup -- -j32 -l32
[0.028s] -- Found ament_cmake: 1.3.14 (/opt/ros/humble/share/ament_cmake/cmake)
[0.124s] -- Found rclcpp: 16.0.19 (/opt/ros/humble/share/rclcpp/cmake)
[0.157s] -- Found rosidl_generator_c: 3.1.8 (/opt/ros/humble/share/rosidl_generator_c/cmake)
[0.158s] -- Found rosidl_adapter: 3.1.8 (/opt/ros/humble/share/rosidl_adapter/cmake)
[0.162s] -- Found rosidl_generator_cpp: 3.1.8 (/opt/ros/humble/share/rosidl_generator_cpp/cmake)
[0.168s] -- Using all available rosidl_typesupport_c: rosidl_typesupport_fastrtps_c;rosidl_typesupport_introspection_c
[0.176s] -- Using all available rosidl_typesupport_cpp: rosidl_typesupport_fastrtps_cpp;rosidl_typesupport_introspection_cpp
[0.196s] -- Found rmw_implementation_cmake: 6.1.2 (/opt/ros/humble/share/rmw_implementation_cmake/cmake)
[0.197s] -- Found rmw_fastrtps_cpp: 6.2.10 (/opt/ros/humble/share/rmw_fastrtps_cpp/cmake)
[0.280s] -- Using RMW implementation 'rmw_fastrtps_cpp' as default
[0.311s] -- Found sensor_msgs: 4.9.1 (/opt/ros/humble/share/sensor_msgs/cmake)
[0.329s] -- Found so101_msgs: 0.0.1 (/home/marsuser/so101_ws/install/so101_msgs/share/so101_msgs/cmake)
[0.338s] -- Found so101_kinematics: 0.0.1 (/home/marsuser/so101_ws/install/so101_kinematics/share/so101_kinematics/cmake)
[0.345s] -- Found Boost: /usr/include (found version "1.74.0") found components: filesystem serialization 
[0.346s] -- coal FOUND. coal at /opt/openrobots/lib/libcoal.so
[0.350s] -- Found Boost: /usr/include (found version "1.74.0") found components: serialization filesystem 
[0.558s] -- Default C++ standard: 201703
[0.558s] -- C++ standard sufficient: Minimal required 17, currently defined: 17
[0.559s] -- C++ standard sufficient: Minimal required 17, currently defined: 17
[0.603s] -- Configuring done
[0.626s] -- Generating done
[0.634s] -- Build files have been written to: /home/marsuser/so101_ws/build/so101_bringup
[0.656s] [35m[1mConsolidate compiler generated dependencies of target tcp_bridge_node[0m
[0.657s] [35m[1mConsolidate compiler generated dependencies of target safety_gate_node[0m
[0.657s] [35m[1mConsolidate compiler generated dependencies of target cartesian_controller_node[0m
[0.669s] [ 33%] Built target tcp_bridge_node
[0.682s] [ 66%] Built target safety_gate_node
[0.682s] [100%] Built target cartesian_controller_node
[0.691s] Invoked command in '/home/marsuser/so101_ws/build/so101_bringup' returned '0': AMENT_PREFIX_PATH=/home/marsuser/so101_ws/install/so101_msgs:/home/marsuser/so101_ws/install/so101_kinematics:/home/marsuser/so101_ws/install/so101_description:${AMENT_PREFIX_PATH} CMAKE_PREFIX_PATH=/home/marsuser/so101_ws/install/so101_msgs:/home/marsuser/so101_ws/install/so101_kinematics:/home/marsuser/so101_ws/install/so101_description:/opt/openrobots:/opt/ros/humble LD_LIBRARY_PATH=/home/marsuser/so101_ws/install/so101_msgs/lib:/home/marsuser/so101_ws/install/so101_kinematics/lib:/opt/ros/humble/opt/rviz_ogre_vendor/lib:/opt/ros/humble/lib/x86_64-linux-gnu:/opt/ros/humble/lib:/usr/local/cuda/lib64:/opt/openrobots/lib PYTHONPATH=/home/marsuser/so101_ws/install/so101_msgs/local/lib/python3.10/dist-packages:${PYTHONPATH} /usr/bin/cmake --build /home/marsuser/so101_ws/build/so101_bringup -- -j32 -l32
[0.692s] Invoking command in '/home/marsuser/so101_ws/build/so101_bringup': AMENT_PREFIX_PATH=/home/marsuser/so101_ws/install/so101_msgs:/home/marsuser/so101_ws/install/so101_kinematics:/home/marsuser/so101_ws/install/so101_description:${AMENT_PREFIX_PATH} CMAKE_PREFIX_PATH=/home/marsuser/so101_ws/install/so101_msgs:/home/marsuser/so101_ws/install/so101_kinematics:/home/marsuser/so101_ws/install/so101_description:/opt/openrobots:/opt/ros/humble LD_LIBRARY_PATH=/home/marsuser/so101_ws/install/so101_msgs/lib:/home/marsuser/so101_ws/install/so101_kinematics/lib:/opt/ros/humble/opt/rviz_ogre_vendor/lib:/opt/ros/humble/lib/x86_64-linux-gnu:/opt/ros/humble/lib:/usr/local/cuda/lib64:/opt/openrobots/lib PYTHONPATH=/home/marsuser/so101_ws/install/so101_msgs/local/lib/python3.10/dist-packages:${PYTHONPATH} /usr/bin/cmake --install /home/marsuser/so101_ws/build/so101_bringup
[0.697s] -- Install configuration: ""
[0.698s] -- Up-to-date: /home/marsuser/so101_ws/install/so101_bringup/share/so101_bringup/launch
[0.698s] -- Up-to-date: /home/marsuser/so101_ws/install/so101_bringup/share/so101_bringup/launch/so101_stack.launch.py
[0.698s] -- Up-to-date: /home/marsuser/so101_ws/install/so101_bringup/share/so101_bringup/config
[0.698s] -- Up-to-date: /home/marsuser/so101_ws/install/so101_bringup/share/so101_bringup/config/robot_params.yaml
[0.698s] -- Installing: /home/marsuser/so101_ws/install/so101_bringup/lib/so101_bringup/cartesian_controller_node
[0.706s] -- Set runtime path of "/home/marsuser/so101_ws/install/so101_bringup/lib/so101_bringup/cartesian_controller_node" to ""
[0.706s] -- Installing: /home/marsuser/so101_ws/install/so101_bringup/lib/so101_bringup/safety_gate_node
[0.711s] -- Set runtime path of "/home/marsuser/so101_ws/install/so101_bringup/lib/so101_bringup/safety_gate_node" to ""
[0.711s] -- Installing: /home/marsuser/so101_ws/install/so101_bringup/lib/so101_bringup/tcp_bridge_node
[0.714s] -- Set runtime path of "/home/marsuser/so101_ws/install/so101_bringup/lib/so101_bringup/tcp_bridge_node" to ""
[0.714s] -- Installing: /home/marsuser/so101_ws/install/so101_bringup/share/ament_index/resource_index/package_run_dependencies/so101_bringup
[0.715s] -- Installing: /home/marsuser/so101_ws/install/so101_bringup/share/ament_index/resource_index/parent_prefix_path/so101_bringup
[0.715s] -- Installing: /home/marsuser/so101_ws/install/so101_bringup/share/so101_bringup/environment/ament_prefix_path.sh
[0.715s] -- Installing: /home/marsuser/so101_ws/install/so101_bringup/share/so101_bringup/environment/ament_prefix_path.dsv
[0.715s] -- Installing: /home/marsuser/so101_ws/install/so101_bringup/share/so101_bringup/environment/path.sh
[0.715s] -- Installing: /home/marsuser/so101_ws/install/so101_bringup/share/so101_bringup/environment/path.dsv
[0.715s] -- Installing: /home/marsuser/so101_ws/install/so101_bringup/share/so101_bringup/local_setup.bash
[0.715s] -- Installing: /home/marsuser/so101_ws/install/so101_bringup/share/so101_bringup/local_setup.sh
[0.715s] -- Installing: /home/marsuser/so101_ws/install/so101_bringup/share/so101_bringup/local_setup.zsh
[0.716s] -- Installing: /home/marsuser/so101_ws/install/so101_bringup/share/so101_bringup/local_setup.dsv
[0.716s] -- Installing: /home/marsuser/so101_ws/install/so101_bringup/share/so101_bringup/package.dsv
[0.716s] -- Installing: /home/marsuser/so101_ws/install/so101_bringup/share/ament_index/resource_index/packages/so101_bringup
[0.716s] -- Installing: /home/marsuser/so101_ws/install/so101_bringup/share/so101_bringup/cmake/so101_bringupConfig.cmake
[0.716s] -- Installing: /home/marsuser/so101_ws/install/so101_bringup/share/so101_bringup/cmake/so101_bringupConfig-version.cmake
[0.716s] -- Installing: /home/marsuser/so101_ws/install/so101_bringup/share/so101_bringup/package.xml
[0.718s] Invoked command in '/home/marsuser/so101_ws/build/so101_bringup' returned '0': AMENT_PREFIX_PATH=/home/marsuser/so101_ws/install/so101_msgs:/home/marsuser/so101_ws/install/so101_kinematics:/home/marsuser/so101_ws/install/so101_description:${AMENT_PREFIX_PATH} CMAKE_PREFIX_PATH=/home/marsuser/so101_ws/install/so101_msgs:/home/marsuser/so101_ws/install/so101_kinematics:/home/marsuser/so101_ws/install/so101_description:/opt/openrobots:/opt/ros/humble LD_LIBRARY_PATH=/home/marsuser/so101_ws/install/so101_msgs/lib:/home/marsuser/so101_ws/install/so101_kinematics/lib:/opt/ros/humble/opt/rviz_ogre_vendor/lib:/opt/ros/humble/lib/x86_64-linux-gnu:/opt/ros/humble/lib:/usr/local/cuda/lib64:/opt/openrobots/lib PYTHONPATH=/home/marsuser/so101_ws/install/so101_msgs/local/lib/python3.10/dist-packages:${PYTHONPATH} /usr/bin/cmake --install /home/marsuser/so101_ws/build/so101_bringup
