[0.083s] DEBUG:colcon:Command line arguments: ['/usr/bin/colcon', 'build', '--packages-select', 'so101_bringup', '--symlink-install', '--event-handlers', 'console_direct+']
[0.083s] DEBUG:colcon:Parsed command line arguments: Namespace(log_base=None, log_level=None, verb_name='build', build_base='build', install_base='install', merge_install=False, symlink_install=True, test_result_base=None, continue_on_error=False, executor='parallel', parallel_workers=32, event_handlers=['console_direct+'], ignore_user_meta=False, metas=['./colcon.meta'], base_paths=['.'], packages_ignore=None, packages_ignore_regex=None, paths=None, packages_up_to=None, packages_up_to_regex=None, packages_above=None, packages_above_and_dependencies=None, packages_above_depth=None, packages_select_by_dep=None, packages_skip_by_dep=None, packages_skip_up_to=None, packages_select_build_failed=False, packages_skip_build_finished=False, packages_select_test_failures=False, packages_skip_test_passed=False, packages_select=['so101_bringup'], packages_skip=None, packages_select_regex=None, packages_skip_regex=None, packages_start=None, packages_end=None, allow_overriding=[], cmake_args=None, cmake_target=None, cmake_target_skip_unavailable=False, cmake_clean_cache=False, cmake_clean_first=False, cmake_force_configure=False, ament_cmake_args=None, catkin_cmake_args=None, catkin_skip_building_tests=False, mixin_files=None, mixin=None, verb_parser=<colcon_mixin.mixin.mixin_argument.MixinArgumentDecorator object at 0x7e986426bb80>, verb_extension=<colcon_core.verb.build.BuildVerb object at 0x7e986426b6d0>, main=<bound method BuildVerb.main of <colcon_core.verb.build.BuildVerb object at 0x7e986426b6d0>>, mixin_verb=('build',))
[0.210s] Level 1:colcon.colcon_core.package_discovery:discover_packages(colcon_meta) check parameters
[0.210s] Level 1:colcon.colcon_core.package_discovery:discover_packages(recursive) check parameters
[0.210s] Level 1:colcon.colcon_core.package_discovery:discover_packages(ignore) check parameters
[0.210s] Level 1:colcon.colcon_core.package_discovery:discover_packages(path) check parameters
[0.210s] Level 1:colcon.colcon_core.package_discovery:discover_packages(colcon_meta) discover
[0.210s] Level 1:colcon.colcon_core.package_discovery:discover_packages(recursive) discover
[0.210s] INFO:colcon.colcon_core.package_discovery:Crawling recursively for packages in '/home/marsuser/so101_ws'
[0.210s] Level 1:colcon.colcon_core.package_identification:_identify(.) by extensions ['ignore', 'ignore_ament_install']
[0.210s] Level 1:colcon.colcon_core.package_identification:_identify(.) by extension 'ignore'
[0.210s] Level 1:colcon.colcon_core.package_identification:_identify(.) by extension 'ignore_ament_install'
[0.210s] Level 1:colcon.colcon_core.package_identification:_identify(.) by extensions ['colcon_pkg']
[0.210s] Level 1:colcon.colcon_core.package_identification:_identify(.) by extension 'colcon_pkg'
[0.210s] Level 1:colcon.colcon_core.package_identification:_identify(.) by extensions ['colcon_meta']
[0.210s] Level 1:colcon.colcon_core.package_identification:_identify(.) by extension 'colcon_meta'
[0.210s] Level 1:colcon.colcon_core.package_identification:_identify(.) by extensions ['ros']
[0.210s] Level 1:colcon.colcon_core.package_identification:_identify(.) by extension 'ros'
[0.217s] Level 1:colcon.colcon_core.package_identification:_identify(.) by extensions ['cmake', 'python']
[0.218s] Level 1:colcon.colcon_core.package_identification:_identify(.) by extension 'cmake'
[0.218s] Level 1:colcon.colcon_core.package_identification:_identify(.) by extension 'python'
[0.218s] Level 1:colcon.colcon_core.package_identification:_identify(.) by extensions ['python_setup_py']
[0.218s] Level 1:colcon.colcon_core.package_identification:_identify(.) by extension 'python_setup_py'
[0.218s] Level 1:colcon.colcon_core.package_identification:_identify(build) by extensions ['ignore', 'ignore_ament_install']
[0.218s] Level 1:colcon.colcon_core.package_identification:_identify(build) by extension 'ignore'
[0.218s] Level 1:colcon.colcon_core.package_identification:_identify(build) ignored
[0.218s] Level 1:colcon.colcon_core.package_identification:_identify(examples) by extensions ['ignore', 'ignore_ament_install']
[0.218s] Level 1:colcon.colcon_core.package_identification:_identify(examples) by extension 'ignore'
[0.218s] Level 1:colcon.colcon_core.package_identification:_identify(examples) by extension 'ignore_ament_install'
[0.218s] Level 1:colcon.colcon_core.package_identification:_identify(examples) by extensions ['colcon_pkg']
[0.218s] Level 1:colcon.colcon_core.package_identification:_identify(examples) by extension 'colcon_pkg'
[0.218s] Level 1:colcon.colcon_core.package_identification:_identify(examples) by extensions ['colcon_meta']
[0.218s] Level 1:colcon.colcon_core.package_identification:_identify(examples) by extension 'colcon_meta'
[0.218s] Level 1:colcon.colcon_core.package_identification:_identify(examples) by extensions ['ros']
[0.218s] Level 1:colcon.colcon_core.package_identification:_identify(examples) by extension 'ros'
[0.218s] Level 1:colcon.colcon_core.package_identification:_identify(examples) by extensions ['cmake', 'python']
[0.218s] Level 1:colcon.colcon_core.package_identification:_identify(examples) by extension 'cmake'
[0.218s] Level 1:colcon.colcon_core.package_identification:_identify(examples) by extension 'python'
[0.218s] Level 1:colcon.colcon_core.package_identification:_identify(examples) by extensions ['python_setup_py']
[0.218s] Level 1:colcon.colcon_core.package_identification:_identify(examples) by extension 'python_setup_py'
[0.218s] Level 1:colcon.colcon_core.package_identification:_identify(examples/lerobot) by extensions ['ignore', 'ignore_ament_install']
[0.218s] Level 1:colcon.colcon_core.package_identification:_identify(examples/lerobot) by extension 'ignore'
[0.218s] Level 1:colcon.colcon_core.package_identification:_identify(examples/lerobot) by extension 'ignore_ament_install'
[0.218s] Level 1:colcon.colcon_core.package_identification:_identify(examples/lerobot) by extensions ['colcon_pkg']
[0.218s] Level 1:colcon.colcon_core.package_identification:_identify(examples/lerobot) by extension 'colcon_pkg'
[0.218s] Level 1:colcon.colcon_core.package_identification:_identify(examples/lerobot) by extensions ['colcon_meta']
[0.218s] Level 1:colcon.colcon_core.package_identification:_identify(examples/lerobot) by extension 'colcon_meta'
[0.219s] Level 1:colcon.colcon_core.package_identification:_identify(examples/lerobot) by extensions ['ros']
[0.219s] Level 1:colcon.colcon_core.package_identification:_identify(examples/lerobot) by extension 'ros'
[0.219s] Level 1:colcon.colcon_core.package_identification:_identify(examples/lerobot) by extensions ['cmake', 'python']
[0.219s] Level 1:colcon.colcon_core.package_identification:_identify(examples/lerobot) by extension 'cmake'
[0.219s] Level 1:colcon.colcon_core.package_identification:_identify(examples/lerobot) by extension 'python'
[0.219s] Level 1:colcon.colcon_core.package_identification:_identify(examples/lerobot) by extensions ['python_setup_py']
[0.219s] Level 1:colcon.colcon_core.package_identification:_identify(examples/lerobot) by extension 'python_setup_py'
[0.219s] Level 1:colcon.colcon_core.package_identification:_identify(install) by extensions ['ignore', 'ignore_ament_install']
[0.219s] Level 1:colcon.colcon_core.package_identification:_identify(install) by extension 'ignore'
[0.219s] Level 1:colcon.colcon_core.package_identification:_identify(install) ignored
[0.219s] Level 1:colcon.colcon_core.package_identification:_identify(log) by extensions ['ignore', 'ignore_ament_install']
[0.219s] Level 1:colcon.colcon_core.package_identification:_identify(log) by extension 'ignore'
[0.219s] Level 1:colcon.colcon_core.package_identification:_identify(log) ignored
[0.219s] Level 1:colcon.colcon_core.package_identification:_identify(src) by extensions ['ignore', 'ignore_ament_install']
[0.219s] Level 1:colcon.colcon_core.package_identification:_identify(src) by extension 'ignore'
[0.219s] Level 1:colcon.colcon_core.package_identification:_identify(src) by extension 'ignore_ament_install'
[0.219s] Level 1:colcon.colcon_core.package_identification:_identify(src) by extensions ['colcon_pkg']
[0.219s] Level 1:colcon.colcon_core.package_identification:_identify(src) by extension 'colcon_pkg'
[0.219s] Level 1:colcon.colcon_core.package_identification:_identify(src) by extensions ['colcon_meta']
[0.219s] Level 1:colcon.colcon_core.package_identification:_identify(src) by extension 'colcon_meta'
[0.219s] Level 1:colcon.colcon_core.package_identification:_identify(src) by extensions ['ros']
[0.219s] Level 1:colcon.colcon_core.package_identification:_identify(src) by extension 'ros'
[0.219s] Level 1:colcon.colcon_core.package_identification:_identify(src) by extensions ['cmake', 'python']
[0.219s] Level 1:colcon.colcon_core.package_identification:_identify(src) by extension 'cmake'
[0.219s] Level 1:colcon.colcon_core.package_identification:_identify(src) by extension 'python'
[0.219s] Level 1:colcon.colcon_core.package_identification:_identify(src) by extensions ['python_setup_py']
[0.219s] Level 1:colcon.colcon_core.package_identification:_identify(src) by extension 'python_setup_py'
[0.220s] Level 1:colcon.colcon_core.package_identification:_identify(src/so101_bringup) by extensions ['ignore', 'ignore_ament_install']
[0.220s] Level 1:colcon.colcon_core.package_identification:_identify(src/so101_bringup) by extension 'ignore'
[0.220s] Level 1:colcon.colcon_core.package_identification:_identify(src/so101_bringup) by extension 'ignore_ament_install'
[0.220s] Level 1:colcon.colcon_core.package_identification:_identify(src/so101_bringup) by extensions ['colcon_pkg']
[0.220s] Level 1:colcon.colcon_core.package_identification:_identify(src/so101_bringup) by extension 'colcon_pkg'
[0.220s] Level 1:colcon.colcon_core.package_identification:_identify(src/so101_bringup) by extensions ['colcon_meta']
[0.220s] Level 1:colcon.colcon_core.package_identification:_identify(src/so101_bringup) by extension 'colcon_meta'
[0.220s] Level 1:colcon.colcon_core.package_identification:_identify(src/so101_bringup) by extensions ['ros']
[0.220s] Level 1:colcon.colcon_core.package_identification:_identify(src/so101_bringup) by extension 'ros'
[0.221s] DEBUG:colcon.colcon_core.package_identification:Package 'src/so101_bringup' with type 'ros.ament_cmake' and name 'so101_bringup'
[0.222s] Level 1:colcon.colcon_core.package_identification:_identify(src/so101_description) by extensions ['ignore', 'ignore_ament_install']
[0.222s] Level 1:colcon.colcon_core.package_identification:_identify(src/so101_description) by extension 'ignore'
[0.222s] Level 1:colcon.colcon_core.package_identification:_identify(src/so101_description) by extension 'ignore_ament_install'
[0.222s] Level 1:colcon.colcon_core.package_identification:_identify(src/so101_description) by extensions ['colcon_pkg']
[0.222s] Level 1:colcon.colcon_core.package_identification:_identify(src/so101_description) by extension 'colcon_pkg'
[0.222s] Level 1:colcon.colcon_core.package_identification:_identify(src/so101_description) by extensions ['colcon_meta']
[0.222s] Level 1:colcon.colcon_core.package_identification:_identify(src/so101_description) by extension 'colcon_meta'
[0.222s] Level 1:colcon.colcon_core.package_identification:_identify(src/so101_description) by extensions ['ros']
[0.222s] Level 1:colcon.colcon_core.package_identification:_identify(src/so101_description) by extension 'ros'
[0.223s] DEBUG:colcon.colcon_core.package_identification:Package 'src/so101_description' with type 'ros.ament_cmake' and name 'so101_description'
[0.223s] Level 1:colcon.colcon_core.package_identification:_identify(src/so101_kinematics) by extensions ['ignore', 'ignore_ament_install']
[0.223s] Level 1:colcon.colcon_core.package_identification:_identify(src/so101_kinematics) by extension 'ignore'
[0.223s] Level 1:colcon.colcon_core.package_identification:_identify(src/so101_kinematics) by extension 'ignore_ament_install'
[0.223s] Level 1:colcon.colcon_core.package_identification:_identify(src/so101_kinematics) by extensions ['colcon_pkg']
[0.223s] Level 1:colcon.colcon_core.package_identification:_identify(src/so101_kinematics) by extension 'colcon_pkg'
[0.223s] Level 1:colcon.colcon_core.package_identification:_identify(src/so101_kinematics) by extensions ['colcon_meta']
[0.223s] Level 1:colcon.colcon_core.package_identification:_identify(src/so101_kinematics) by extension 'colcon_meta'
[0.223s] Level 1:colcon.colcon_core.package_identification:_identify(src/so101_kinematics) by extensions ['ros']
[0.223s] Level 1:colcon.colcon_core.package_identification:_identify(src/so101_kinematics) by extension 'ros'
[0.223s] DEBUG:colcon.colcon_core.package_identification:Package 'src/so101_kinematics' with type 'ros.ament_cmake' and name 'so101_kinematics'
[0.224s] Level 1:colcon.colcon_core.package_identification:_identify(src/so101_msgs) by extensions ['ignore', 'ignore_ament_install']
[0.224s] Level 1:colcon.colcon_core.package_identification:_identify(src/so101_msgs) by extension 'ignore'
[0.224s] Level 1:colcon.colcon_core.package_identification:_identify(src/so101_msgs) by extension 'ignore_ament_install'
[0.224s] Level 1:colcon.colcon_core.package_identification:_identify(src/so101_msgs) by extensions ['colcon_pkg']
[0.224s] Level 1:colcon.colcon_core.package_identification:_identify(src/so101_msgs) by extension 'colcon_pkg'
[0.224s] Level 1:colcon.colcon_core.package_identification:_identify(src/so101_msgs) by extensions ['colcon_meta']
[0.224s] Level 1:colcon.colcon_core.package_identification:_identify(src/so101_msgs) by extension 'colcon_meta'
[0.224s] Level 1:colcon.colcon_core.package_identification:_identify(src/so101_msgs) by extensions ['ros']
[0.224s] Level 1:colcon.colcon_core.package_identification:_identify(src/so101_msgs) by extension 'ros'
[0.224s] DEBUG:colcon.colcon_core.package_identification:Package 'src/so101_msgs' with type 'ros.ament_cmake' and name 'so101_msgs'
[0.224s] Level 1:colcon.colcon_core.package_discovery:discover_packages(recursive) using defaults
[0.224s] Level 1:colcon.colcon_core.package_discovery:discover_packages(ignore) discover
[0.224s] Level 1:colcon.colcon_core.package_discovery:discover_packages(ignore) using defaults
[0.224s] Level 1:colcon.colcon_core.package_discovery:discover_packages(path) discover
[0.224s] Level 1:colcon.colcon_core.package_discovery:discover_packages(path) using defaults
[0.243s] INFO:colcon.colcon_core.package_selection:Skipping not selected package 'so101_description' in 'src/so101_description'
[0.243s] INFO:colcon.colcon_core.package_selection:Skipping not selected package 'so101_kinematics' in 'src/so101_kinematics'
[0.243s] INFO:colcon.colcon_core.package_selection:Skipping not selected package 'so101_msgs' in 'src/so101_msgs'
[0.244s] Level 1:colcon.colcon_core.package_discovery:discover_packages(prefix_path) check parameters
[0.244s] Level 1:colcon.colcon_core.package_discovery:discover_packages(prefix_path) discover
[0.245s] DEBUG:colcon.colcon_installed_package_information.package_discovery:Found 4 installed packages in /home/marsuser/so101_ws/install
[0.247s] DEBUG:colcon.colcon_installed_package_information.package_discovery:Found 445 installed packages in /opt/ros/humble
[0.248s] Level 1:colcon.colcon_core.package_discovery:discover_packages(prefix_path) using defaults
[0.285s] Level 5:colcon.colcon_core.verb:set package 'so101_bringup' build argument 'cmake_args' from command line to 'None'
[0.285s] Level 5:colcon.colcon_core.verb:set package 'so101_bringup' build argument 'cmake_target' from command line to 'None'
[0.285s] Level 5:colcon.colcon_core.verb:set package 'so101_bringup' build argument 'cmake_target_skip_unavailable' from command line to 'False'
[0.285s] Level 5:colcon.colcon_core.verb:set package 'so101_bringup' build argument 'cmake_clean_cache' from command line to 'False'
[0.285s] Level 5:colcon.colcon_core.verb:set package 'so101_bringup' build argument 'cmake_clean_first' from command line to 'False'
[0.285s] Level 5:colcon.colcon_core.verb:set package 'so101_bringup' build argument 'cmake_force_configure' from command line to 'False'
[0.285s] Level 5:colcon.colcon_core.verb:set package 'so101_bringup' build argument 'ament_cmake_args' from command line to 'None'
[0.285s] Level 5:colcon.colcon_core.verb:set package 'so101_bringup' build argument 'catkin_cmake_args' from command line to 'None'
[0.285s] Level 5:colcon.colcon_core.verb:set package 'so101_bringup' build argument 'catkin_skip_building_tests' from command line to 'False'
[0.285s] DEBUG:colcon.colcon_core.verb:Building package 'so101_bringup' with the following arguments: {'ament_cmake_args': None, 'build_base': '/home/marsuser/so101_ws/build/so101_bringup', 'catkin_cmake_args': None, 'catkin_skip_building_tests': False, 'cmake_args': None, 'cmake_clean_cache': False, 'cmake_clean_first': False, 'cmake_force_configure': False, 'cmake_target': None, 'cmake_target_skip_unavailable': False, 'install_base': '/home/marsuser/so101_ws/install/so101_bringup', 'merge_install': False, 'path': '/home/marsuser/so101_ws/src/so101_bringup', 'symlink_install': True, 'test_result_base': None}
[0.286s] INFO:colcon.colcon_core.executor:Executing jobs using 'parallel' executor
[0.286s] DEBUG:colcon.colcon_parallel_executor.executor.parallel:run_until_complete
[0.287s] INFO:colcon.colcon_ros.task.ament_cmake.build:Building ROS package in '/home/marsuser/so101_ws/src/so101_bringup' with build type 'ament_cmake'
[0.287s] INFO:colcon.colcon_cmake.task.cmake.build:Building CMake package in '/home/marsuser/so101_ws/src/so101_bringup'
[0.288s] INFO:colcon.colcon_core.plugin_system:Skipping extension 'colcon_core.shell.bat': Not used on non-Windows systems
[0.288s] INFO:colcon.colcon_core.shell:Skip shell extension 'powershell' for command environment: Not usable outside of PowerShell
[0.288s] DEBUG:colcon.colcon_core.shell:Skip shell extension 'dsv' for command environment
[0.302s] DEBUG:colcon.colcon_core.event_handler.log_command:Invoking command in '/home/marsuser/so101_ws/build/so101_bringup': CMAKE_PREFIX_PATH=/home/marsuser/so101_ws/install/so101_msgs:/home/marsuser/so101_ws/install/so101_kinematics:/home/marsuser/so101_ws/install/so101_description:/home/marsuser/so101_ws/install/so101_bringup:/opt/openrobots:/opt/openrobots:/opt/ros/humble CONDA_PROMPT_MODIFIER=(lerobot) LD_LIBRARY_PATH=/home/marsuser/so101_ws/install/so101_msgs/lib:/home/marsuser/so101_ws/install/so101_kinematics/lib:/usr/local/cuda/lib64:/opt/openrobots/lib:/opt/ros/humble/opt/rviz_ogre_vendor/lib:/opt/ros/humble/lib/x86_64-linux-gnu:/opt/ros/humble/lib:/usr/local/cuda/lib64:/opt/openrobots/lib /home/marsuser/miniforge3/envs/lerobot/bin/cmake --build /home/marsuser/so101_ws/build/so101_bringup -- -j32 -l32
[13.824s] DEBUG:colcon.colcon_core.event_handler.log_command:Invoked command in '/home/marsuser/so101_ws/build/so101_bringup' returned '0': CMAKE_PREFIX_PATH=/home/marsuser/so101_ws/install/so101_msgs:/home/marsuser/so101_ws/install/so101_kinematics:/home/marsuser/so101_ws/install/so101_description:/home/marsuser/so101_ws/install/so101_bringup:/opt/openrobots:/opt/openrobots:/opt/ros/humble CONDA_PROMPT_MODIFIER=(lerobot) LD_LIBRARY_PATH=/home/marsuser/so101_ws/install/so101_msgs/lib:/home/marsuser/so101_ws/install/so101_kinematics/lib:/usr/local/cuda/lib64:/opt/openrobots/lib:/opt/ros/humble/opt/rviz_ogre_vendor/lib:/opt/ros/humble/lib/x86_64-linux-gnu:/opt/ros/humble/lib:/usr/local/cuda/lib64:/opt/openrobots/lib /home/marsuser/miniforge3/envs/lerobot/bin/cmake --build /home/marsuser/so101_ws/build/so101_bringup -- -j32 -l32
[13.925s] DEBUG:colcon.colcon_core.event_handler.log_command:Invoking command in '/home/marsuser/so101_ws/build/so101_bringup': CMAKE_PREFIX_PATH=/home/marsuser/so101_ws/install/so101_msgs:/home/marsuser/so101_ws/install/so101_kinematics:/home/marsuser/so101_ws/install/so101_description:/home/marsuser/so101_ws/install/so101_bringup:/opt/openrobots:/opt/openrobots:/opt/ros/humble CONDA_PROMPT_MODIFIER=(lerobot) LD_LIBRARY_PATH=/home/marsuser/so101_ws/install/so101_msgs/lib:/home/marsuser/so101_ws/install/so101_kinematics/lib:/usr/local/cuda/lib64:/opt/openrobots/lib:/opt/ros/humble/opt/rviz_ogre_vendor/lib:/opt/ros/humble/lib/x86_64-linux-gnu:/opt/ros/humble/lib:/usr/local/cuda/lib64:/opt/openrobots/lib /home/marsuser/miniforge3/envs/lerobot/bin/cmake --install /home/marsuser/so101_ws/build/so101_bringup
[14.030s] Level 1:colcon.colcon_core.environment:create_environment_scripts_only(so101_bringup)
[14.030s] DEBUG:colcon.colcon_core.event_handler.log_command:Invoked command in '/home/marsuser/so101_ws/build/so101_bringup' returned '0': CMAKE_PREFIX_PATH=/home/marsuser/so101_ws/install/so101_msgs:/home/marsuser/so101_ws/install/so101_kinematics:/home/marsuser/so101_ws/install/so101_description:/home/marsuser/so101_ws/install/so101_bringup:/opt/openrobots:/opt/openrobots:/opt/ros/humble CONDA_PROMPT_MODIFIER=(lerobot) LD_LIBRARY_PATH=/home/marsuser/so101_ws/install/so101_msgs/lib:/home/marsuser/so101_ws/install/so101_kinematics/lib:/usr/local/cuda/lib64:/opt/openrobots/lib:/opt/ros/humble/opt/rviz_ogre_vendor/lib:/opt/ros/humble/lib/x86_64-linux-gnu:/opt/ros/humble/lib:/usr/local/cuda/lib64:/opt/openrobots/lib /home/marsuser/miniforge3/envs/lerobot/bin/cmake --install /home/marsuser/so101_ws/build/so101_bringup
[14.032s] Level 1:colcon.colcon_core.environment:checking '/home/marsuser/so101_ws/install/so101_bringup' for CMake module files
[14.032s] Level 1:colcon.colcon_core.environment:checking '/home/marsuser/so101_ws/install/so101_bringup' for CMake config files
[14.033s] Level 1:colcon.colcon_core.shell:create_environment_hook('so101_bringup', 'cmake_prefix_path')
[14.033s] INFO:colcon.colcon_core.shell:Creating environment hook '/home/marsuser/so101_ws/install/so101_bringup/share/so101_bringup/hook/cmake_prefix_path.ps1'
[14.034s] INFO:colcon.colcon_core.shell:Creating environment descriptor '/home/marsuser/so101_ws/install/so101_bringup/share/so101_bringup/hook/cmake_prefix_path.dsv'
[14.034s] INFO:colcon.colcon_core.shell:Creating environment hook '/home/marsuser/so101_ws/install/so101_bringup/share/so101_bringup/hook/cmake_prefix_path.sh'
[14.035s] Level 1:colcon.colcon_core.environment:checking '/home/marsuser/so101_ws/install/so101_bringup/lib'
[14.035s] Level 1:colcon.colcon_core.environment:checking '/home/marsuser/so101_ws/install/so101_bringup/bin'
[14.035s] Level 1:colcon.colcon_core.environment:checking '/home/marsuser/so101_ws/install/so101_bringup/lib/pkgconfig/so101_bringup.pc'
[14.035s] Level 1:colcon.colcon_core.environment:checking '/home/marsuser/so101_ws/install/so101_bringup/lib/python3.10/site-packages'
[14.035s] Level 1:colcon.colcon_core.environment:checking '/home/marsuser/so101_ws/install/so101_bringup/bin'
[14.035s] INFO:colcon.colcon_core.shell:Creating package script '/home/marsuser/so101_ws/install/so101_bringup/share/so101_bringup/package.ps1'
[14.036s] INFO:colcon.colcon_core.shell:Creating package descriptor '/home/marsuser/so101_ws/install/so101_bringup/share/so101_bringup/package.dsv'
[14.037s] INFO:colcon.colcon_core.shell:Creating package script '/home/marsuser/so101_ws/install/so101_bringup/share/so101_bringup/package.sh'
[14.037s] INFO:colcon.colcon_core.shell:Creating package script '/home/marsuser/so101_ws/install/so101_bringup/share/so101_bringup/package.bash'
[14.038s] INFO:colcon.colcon_core.shell:Creating package script '/home/marsuser/so101_ws/install/so101_bringup/share/so101_bringup/package.zsh'
[14.038s] Level 1:colcon.colcon_core.environment:create_file_with_runtime_dependencies(/home/marsuser/so101_ws/install/so101_bringup/share/colcon-core/packages/so101_bringup)
[14.039s] Level 1:colcon.colcon_core.environment:create_environment_scripts_only(so101_bringup)
[14.039s] Level 1:colcon.colcon_core.environment:checking '/home/marsuser/so101_ws/install/so101_bringup' for CMake module files
[14.039s] Level 1:colcon.colcon_core.environment:checking '/home/marsuser/so101_ws/install/so101_bringup' for CMake config files
[14.040s] Level 1:colcon.colcon_core.shell:create_environment_hook('so101_bringup', 'cmake_prefix_path')
[14.040s] INFO:colcon.colcon_core.shell:Creating environment hook '/home/marsuser/so101_ws/install/so101_bringup/share/so101_bringup/hook/cmake_prefix_path.ps1'
[14.042s] INFO:colcon.colcon_core.shell:Creating environment descriptor '/home/marsuser/so101_ws/install/so101_bringup/share/so101_bringup/hook/cmake_prefix_path.dsv'
[14.042s] INFO:colcon.colcon_core.shell:Creating environment hook '/home/marsuser/so101_ws/install/so101_bringup/share/so101_bringup/hook/cmake_prefix_path.sh'
[14.043s] Level 1:colcon.colcon_core.environment:checking '/home/marsuser/so101_ws/install/so101_bringup/lib'
[14.043s] Level 1:colcon.colcon_core.environment:checking '/home/marsuser/so101_ws/install/so101_bringup/bin'
[14.043s] Level 1:colcon.colcon_core.environment:checking '/home/marsuser/so101_ws/install/so101_bringup/lib/pkgconfig/so101_bringup.pc'
[14.043s] Level 1:colcon.colcon_core.environment:checking '/home/marsuser/so101_ws/install/so101_bringup/lib/python3.10/site-packages'
[14.043s] Level 1:colcon.colcon_core.environment:checking '/home/marsuser/so101_ws/install/so101_bringup/bin'
[14.044s] INFO:colcon.colcon_core.shell:Creating package script '/home/marsuser/so101_ws/install/so101_bringup/share/so101_bringup/package.ps1'
[14.044s] INFO:colcon.colcon_core.shell:Creating package descriptor '/home/marsuser/so101_ws/install/so101_bringup/share/so101_bringup/package.dsv'
[14.044s] INFO:colcon.colcon_core.shell:Creating package script '/home/marsuser/so101_ws/install/so101_bringup/share/so101_bringup/package.sh'
[14.045s] INFO:colcon.colcon_core.shell:Creating package script '/home/marsuser/so101_ws/install/so101_bringup/share/so101_bringup/package.bash'
[14.045s] INFO:colcon.colcon_core.shell:Creating package script '/home/marsuser/so101_ws/install/so101_bringup/share/so101_bringup/package.zsh'
[14.045s] Level 1:colcon.colcon_core.environment:create_file_with_runtime_dependencies(/home/marsuser/so101_ws/install/so101_bringup/share/colcon-core/packages/so101_bringup)
[14.046s] DEBUG:colcon.colcon_parallel_executor.executor.parallel:closing loop
[14.046s] DEBUG:colcon.colcon_parallel_executor.executor.parallel:loop closed
[14.046s] DEBUG:colcon.colcon_parallel_executor.executor.parallel:run_until_complete finished with '0'
[14.046s] DEBUG:colcon.colcon_core.event_reactor:joining thread
[14.050s] INFO:colcon.colcon_core.plugin_system:Skipping extension 'colcon_notification.desktop_notification.terminal_notifier': Not used on non-Darwin systems
[14.050s] INFO:colcon.colcon_core.plugin_system:Skipping extension 'colcon_notification.desktop_notification.win32': Not used on non-Windows systems
[14.050s] INFO:colcon.colcon_notification.desktop_notification:Sending desktop notification using 'notify2'
[14.062s] DEBUG:colcon.colcon_core.event_reactor:joined thread
[14.062s] INFO:colcon.colcon_core.shell:Creating prefix script '/home/marsuser/so101_ws/install/local_setup.ps1'
[14.063s] INFO:colcon.colcon_core.shell:Creating prefix util module '/home/marsuser/so101_ws/install/_local_setup_util_ps1.py'
[14.064s] INFO:colcon.colcon_core.shell:Creating prefix chain script '/home/marsuser/so101_ws/install/setup.ps1'
[14.065s] INFO:colcon.colcon_core.shell:Creating prefix script '/home/marsuser/so101_ws/install/local_setup.sh'
[14.065s] INFO:colcon.colcon_core.shell:Creating prefix util module '/home/marsuser/so101_ws/install/_local_setup_util_sh.py'
[14.066s] INFO:colcon.colcon_core.shell:Creating prefix chain script '/home/marsuser/so101_ws/install/setup.sh'
[14.067s] INFO:colcon.colcon_core.shell:Creating prefix script '/home/marsuser/so101_ws/install/local_setup.bash'
[14.067s] INFO:colcon.colcon_core.shell:Creating prefix chain script '/home/marsuser/so101_ws/install/setup.bash'
[14.068s] INFO:colcon.colcon_core.shell:Creating prefix script '/home/marsuser/so101_ws/install/local_setup.zsh'
[14.068s] INFO:colcon.colcon_core.shell:Creating prefix chain script '/home/marsuser/so101_ws/install/setup.zsh'
