[  3%] Built target so101_msgs__cpp
[  3%] Built target so101_msgs__rs
[ 14%] Built target so101_msgs__rosidl_generator_c
[ 14%] Built target ament_cmake_python_symlink_so101_msgs
[ 35%] Built target so101_msgs__rosidl_typesupport_cpp
[ 35%] Built target so101_msgs__rosidl_typesupport_fastrtps_cpp
[ 55%] Built target so101_msgs__rosidl_typesupport_c
[ 66%] Built target so101_msgs__rosidl_typesupport_introspection_cpp
[ 67%] Built target so101_msgs__rosidl_typesupport_introspection_c
[ 78%] Built target so101_msgs__rosidl_typesupport_fastrtps_c
[ 78%] Built target so101_msgs
[ 80%] Built target so101_msgs__py
[ 89%] Built target so101_msgs__rosidl_generator_py
[ 98%] Built target so101_msgs__rosidl_typesupport_c__pyext
[ 98%] Built target so101_msgs__rosidl_typesupport_introspection_c__pyext
[100%] Built target so101_msgs__rosidl_typesupport_fastrtps_c__pyext
running egg_info
writing so101_msgs.egg-info/PKG-INFO
writing dependency_links to so101_msgs.egg-info/dependency_links.txt
writing top-level names to so101_msgs.egg-info/top_level.txt
reading manifest file 'so101_msgs.egg-info/SOURCES.txt'
writing manifest file 'so101_msgs.egg-info/SOURCES.txt'
[100%] Built target ament_cmake_python_build_so101_msgs_egg
-- Install configuration: ""
-- Execute custom install script
-- Up-to-date symlink: /home/marsuser/so101_ws/install/so101_msgs/share/ament_index/resource_index/rosidl_interfaces/so101_msgs
-- Up-to-date symlink: /home/marsuser/so101_ws/install/so101_msgs/include/so101_msgs/so101_msgs/msg/cartesian_command.h
-- Up-to-date symlink: /home/marsuser/so101_ws/install/so101_msgs/include/so101_msgs/so101_msgs/msg/controller_status.h
-- Up-to-date symlink: /home/marsuser/so101_ws/install/so101_msgs/include/so101_msgs/so101_msgs/msg/detail/cartesian_command__functions.h
-- Up-to-date symlink: /home/marsuser/so101_ws/install/so101_msgs/include/so101_msgs/so101_msgs/msg/detail/cartesian_command__struct.h
-- Up-to-date symlink: /home/marsuser/so101_ws/install/so101_msgs/include/so101_msgs/so101_msgs/msg/detail/cartesian_command__type_support.h
-- Up-to-date symlink: /home/marsuser/so101_ws/install/so101_msgs/include/so101_msgs/so101_msgs/msg/detail/controller_status__functions.h
-- Up-to-date symlink: /home/marsuser/so101_ws/install/so101_msgs/include/so101_msgs/so101_msgs/msg/detail/controller_status__struct.h
-- Up-to-date symlink: /home/marsuser/so101_ws/install/so101_msgs/include/so101_msgs/so101_msgs/msg/detail/controller_status__type_support.h
-- Up-to-date symlink: /home/marsuser/so101_ws/install/so101_msgs/include/so101_msgs/so101_msgs/msg/detail/joint_command__functions.h
-- Up-to-date symlink: /home/marsuser/so101_ws/install/so101_msgs/include/so101_msgs/so101_msgs/msg/detail/joint_command__struct.h
-- Up-to-date symlink: /home/marsuser/so101_ws/install/so101_msgs/include/so101_msgs/so101_msgs/msg/detail/joint_command__type_support.h
-- Up-to-date symlink: /home/marsuser/so101_ws/install/so101_msgs/include/so101_msgs/so101_msgs/msg/detail/joint_velocity_command__functions.h
-- Up-to-date symlink: /home/marsuser/so101_ws/install/so101_msgs/include/so101_msgs/so101_msgs/msg/detail/joint_velocity_command__struct.h
-- Up-to-date symlink: /home/marsuser/so101_ws/install/so101_msgs/include/so101_msgs/so101_msgs/msg/detail/joint_velocity_command__type_support.h
-- Up-to-date symlink: /home/marsuser/so101_ws/install/so101_msgs/include/so101_msgs/so101_msgs/msg/joint_command.h
-- Up-to-date symlink: /home/marsuser/so101_ws/install/so101_msgs/include/so101_msgs/so101_msgs/msg/joint_velocity_command.h
-- Up-to-date symlink: /home/marsuser/so101_ws/install/so101_msgs/include/so101_msgs/so101_msgs/msg/rosidl_generator_c__visibility_control.h
-- Up-to-date symlink: /home/marsuser/so101_ws/install/so101_msgs/share/so101_msgs/environment/library_path.sh
-- Up-to-date symlink: /home/marsuser/so101_ws/install/so101_msgs/share/so101_msgs/environment/library_path.dsv
-- Up-to-date symlink: /home/marsuser/so101_ws/install/so101_msgs/include/so101_msgs/so101_msgs/msg/detail/cartesian_command__rosidl_typesupport_fastrtps_c.h
-- Up-to-date symlink: /home/marsuser/so101_ws/install/so101_msgs/include/so101_msgs/so101_msgs/msg/detail/controller_status__rosidl_typesupport_fastrtps_c.h
-- Up-to-date symlink: /home/marsuser/so101_ws/install/so101_msgs/include/so101_msgs/so101_msgs/msg/detail/joint_command__rosidl_typesupport_fastrtps_c.h
-- Up-to-date symlink: /home/marsuser/so101_ws/install/so101_msgs/include/so101_msgs/so101_msgs/msg/detail/joint_velocity_command__rosidl_typesupport_fastrtps_c.h
-- Up-to-date symlink: /home/marsuser/so101_ws/install/so101_msgs/include/so101_msgs/so101_msgs/msg/rosidl_typesupport_fastrtps_c__visibility_control.h
-- Up-to-date symlink: /home/marsuser/so101_ws/install/so101_msgs/include/so101_msgs/so101_msgs/msg/detail/cartesian_command__rosidl_typesupport_introspection_c.h
-- Up-to-date symlink: /home/marsuser/so101_ws/install/so101_msgs/include/so101_msgs/so101_msgs/msg/detail/controller_status__rosidl_typesupport_introspection_c.h
-- Up-to-date symlink: /home/marsuser/so101_ws/install/so101_msgs/include/so101_msgs/so101_msgs/msg/detail/joint_command__rosidl_typesupport_introspection_c.h
-- Up-to-date symlink: /home/marsuser/so101_ws/install/so101_msgs/include/so101_msgs/so101_msgs/msg/detail/joint_velocity_command__rosidl_typesupport_introspection_c.h
-- Up-to-date symlink: /home/marsuser/so101_ws/install/so101_msgs/include/so101_msgs/so101_msgs/msg/rosidl_typesupport_introspection_c__visibility_control.h
-- Up-to-date symlink: /home/marsuser/so101_ws/install/so101_msgs/include/so101_msgs/so101_msgs/msg/cartesian_command.hpp
-- Up-to-date symlink: /home/marsuser/so101_ws/install/so101_msgs/include/so101_msgs/so101_msgs/msg/controller_status.hpp
-- Up-to-date symlink: /home/marsuser/so101_ws/install/so101_msgs/include/so101_msgs/so101_msgs/msg/detail/cartesian_command__builder.hpp
-- Up-to-date symlink: /home/marsuser/so101_ws/install/so101_msgs/include/so101_msgs/so101_msgs/msg/detail/cartesian_command__struct.hpp
-- Up-to-date symlink: /home/marsuser/so101_ws/install/so101_msgs/include/so101_msgs/so101_msgs/msg/detail/cartesian_command__traits.hpp
-- Up-to-date symlink: /home/marsuser/so101_ws/install/so101_msgs/include/so101_msgs/so101_msgs/msg/detail/cartesian_command__type_support.hpp
-- Up-to-date symlink: /home/marsuser/so101_ws/install/so101_msgs/include/so101_msgs/so101_msgs/msg/detail/controller_status__builder.hpp
-- Up-to-date symlink: /home/marsuser/so101_ws/install/so101_msgs/include/so101_msgs/so101_msgs/msg/detail/controller_status__struct.hpp
-- Up-to-date symlink: /home/marsuser/so101_ws/install/so101_msgs/include/so101_msgs/so101_msgs/msg/detail/controller_status__traits.hpp
-- Up-to-date symlink: /home/marsuser/so101_ws/install/so101_msgs/include/so101_msgs/so101_msgs/msg/detail/controller_status__type_support.hpp
-- Up-to-date symlink: /home/marsuser/so101_ws/install/so101_msgs/include/so101_msgs/so101_msgs/msg/detail/joint_command__builder.hpp
-- Up-to-date symlink: /home/marsuser/so101_ws/install/so101_msgs/include/so101_msgs/so101_msgs/msg/detail/joint_command__struct.hpp
-- Up-to-date symlink: /home/marsuser/so101_ws/install/so101_msgs/include/so101_msgs/so101_msgs/msg/detail/joint_command__traits.hpp
-- Up-to-date symlink: /home/marsuser/so101_ws/install/so101_msgs/include/so101_msgs/so101_msgs/msg/detail/joint_command__type_support.hpp
-- Up-to-date symlink: /home/marsuser/so101_ws/install/so101_msgs/include/so101_msgs/so101_msgs/msg/detail/joint_velocity_command__builder.hpp
-- Up-to-date symlink: /home/marsuser/so101_ws/install/so101_msgs/include/so101_msgs/so101_msgs/msg/detail/joint_velocity_command__struct.hpp
-- Up-to-date symlink: /home/marsuser/so101_ws/install/so101_msgs/include/so101_msgs/so101_msgs/msg/detail/joint_velocity_command__traits.hpp
-- Up-to-date symlink: /home/marsuser/so101_ws/install/so101_msgs/include/so101_msgs/so101_msgs/msg/detail/joint_velocity_command__type_support.hpp
-- Up-to-date symlink: /home/marsuser/so101_ws/install/so101_msgs/include/so101_msgs/so101_msgs/msg/joint_command.hpp
-- Up-to-date symlink: /home/marsuser/so101_ws/install/so101_msgs/include/so101_msgs/so101_msgs/msg/joint_velocity_command.hpp
-- Up-to-date symlink: /home/marsuser/so101_ws/install/so101_msgs/include/so101_msgs/so101_msgs/msg/rosidl_generator_cpp__visibility_control.hpp
-- Up-to-date symlink: /home/marsuser/so101_ws/install/so101_msgs/include/so101_msgs/so101_msgs/msg/detail/cartesian_command__rosidl_typesupport_fastrtps_cpp.hpp
-- Up-to-date symlink: /home/marsuser/so101_ws/install/so101_msgs/include/so101_msgs/so101_msgs/msg/detail/controller_status__rosidl_typesupport_fastrtps_cpp.hpp
-- Up-to-date symlink: /home/marsuser/so101_ws/install/so101_msgs/include/so101_msgs/so101_msgs/msg/detail/joint_command__rosidl_typesupport_fastrtps_cpp.hpp
-- Up-to-date symlink: /home/marsuser/so101_ws/install/so101_msgs/include/so101_msgs/so101_msgs/msg/detail/joint_velocity_command__rosidl_typesupport_fastrtps_cpp.hpp
-- Up-to-date symlink: /home/marsuser/so101_ws/install/so101_msgs/include/so101_msgs/so101_msgs/msg/rosidl_typesupport_fastrtps_cpp__visibility_control.h
-- Up-to-date symlink: /home/marsuser/so101_ws/install/so101_msgs/include/so101_msgs/so101_msgs/msg/detail/cartesian_command__rosidl_typesupport_introspection_cpp.hpp
-- Up-to-date symlink: /home/marsuser/so101_ws/install/so101_msgs/include/so101_msgs/so101_msgs/msg/detail/controller_status__rosidl_typesupport_introspection_cpp.hpp
-- Up-to-date symlink: /home/marsuser/so101_ws/install/so101_msgs/include/so101_msgs/so101_msgs/msg/detail/joint_command__rosidl_typesupport_introspection_cpp.hpp
-- Up-to-date symlink: /home/marsuser/so101_ws/install/so101_msgs/include/so101_msgs/so101_msgs/msg/detail/joint_velocity_command__rosidl_typesupport_introspection_cpp.hpp
-- Up-to-date symlink: /home/marsuser/so101_ws/install/so101_msgs/share/so101_msgs/environment/pythonpath.sh
-- Up-to-date symlink: /home/marsuser/so101_ws/install/so101_msgs/share/so101_msgs/environment/pythonpath.dsv
-- Up-to-date symlink: /home/marsuser/so101_ws/install/so101_msgs/local/lib/python3.10/dist-packages/so101_msgs-0.0.1-py3.10.egg-info/PKG-INFO
-- Up-to-date symlink: /home/marsuser/so101_ws/install/so101_msgs/local/lib/python3.10/dist-packages/so101_msgs-0.0.1-py3.10.egg-info/SOURCES.txt
-- Up-to-date symlink: /home/marsuser/so101_ws/install/so101_msgs/local/lib/python3.10/dist-packages/so101_msgs-0.0.1-py3.10.egg-info/dependency_links.txt
-- Up-to-date symlink: /home/marsuser/so101_ws/install/so101_msgs/local/lib/python3.10/dist-packages/so101_msgs-0.0.1-py3.10.egg-info/top_level.txt
-- Up-to-date symlink: /home/marsuser/so101_ws/install/so101_msgs/local/lib/python3.10/dist-packages/so101_msgs/__init__.py
-- Up-to-date symlink: /home/marsuser/so101_ws/install/so101_msgs/local/lib/python3.10/dist-packages/so101_msgs/_so101_msgs_s.ep.rosidl_typesupport_c.c
-- Up-to-date symlink: /home/marsuser/so101_ws/install/so101_msgs/local/lib/python3.10/dist-packages/so101_msgs/_so101_msgs_s.ep.rosidl_typesupport_fastrtps_c.c
-- Up-to-date symlink: /home/marsuser/so101_ws/install/so101_msgs/local/lib/python3.10/dist-packages/so101_msgs/_so101_msgs_s.ep.rosidl_typesupport_introspection_c.c
-- Up-to-date symlink: /home/marsuser/so101_ws/install/so101_msgs/local/lib/python3.10/dist-packages/so101_msgs/libso101_msgs__rosidl_generator_py.so
-- Up-to-date symlink: /home/marsuser/so101_ws/install/so101_msgs/local/lib/python3.10/dist-packages/so101_msgs/msg/__init__.py
-- Up-to-date symlink: /home/marsuser/so101_ws/install/so101_msgs/local/lib/python3.10/dist-packages/so101_msgs/msg/_cartesian_command.py
-- Up-to-date symlink: /home/marsuser/so101_ws/install/so101_msgs/local/lib/python3.10/dist-packages/so101_msgs/msg/_cartesian_command_s.c
-- Up-to-date symlink: /home/marsuser/so101_ws/install/so101_msgs/local/lib/python3.10/dist-packages/so101_msgs/msg/_controller_status.py
-- Up-to-date symlink: /home/marsuser/so101_ws/install/so101_msgs/local/lib/python3.10/dist-packages/so101_msgs/msg/_controller_status_s.c
-- Up-to-date symlink: /home/marsuser/so101_ws/install/so101_msgs/local/lib/python3.10/dist-packages/so101_msgs/msg/_joint_command.py
-- Up-to-date symlink: /home/marsuser/so101_ws/install/so101_msgs/local/lib/python3.10/dist-packages/so101_msgs/msg/_joint_command_s.c
-- Up-to-date symlink: /home/marsuser/so101_ws/install/so101_msgs/local/lib/python3.10/dist-packages/so101_msgs/msg/_joint_velocity_command.py
-- Up-to-date symlink: /home/marsuser/so101_ws/install/so101_msgs/local/lib/python3.10/dist-packages/so101_msgs/msg/_joint_velocity_command_s.c
-- Up-to-date symlink: /home/marsuser/so101_ws/install/so101_msgs/local/lib/python3.10/dist-packages/so101_msgs/so101_msgs_s__rosidl_typesupport_c.cpython-310-x86_64-linux-gnu.so
-- Up-to-date symlink: /home/marsuser/so101_ws/install/so101_msgs/local/lib/python3.10/dist-packages/so101_msgs/so101_msgs_s__rosidl_typesupport_fastrtps_c.cpython-310-x86_64-linux-gnu.so
-- Up-to-date symlink: /home/marsuser/so101_ws/install/so101_msgs/local/lib/python3.10/dist-packages/so101_msgs/so101_msgs_s__rosidl_typesupport_introspection_c.cpython-310-x86_64-linux-gnu.so
-- Up-to-date symlink: /home/marsuser/so101_ws/install/so101_msgs/local/lib/python3.10/dist-packages/so101_msgs/so101_msgs_s__rosidl_typesupport_fastrtps_c.cpython-310-x86_64-linux-gnu.so
-- Up-to-date symlink: /home/marsuser/so101_ws/install/so101_msgs/local/lib/python3.10/dist-packages/so101_msgs/so101_msgs_s__rosidl_typesupport_introspection_c.cpython-310-x86_64-linux-gnu.so
-- Up-to-date symlink: /home/marsuser/so101_ws/install/so101_msgs/local/lib/python3.10/dist-packages/so101_msgs/so101_msgs_s__rosidl_typesupport_c.cpython-310-x86_64-linux-gnu.so
-- Up-to-date symlink: /home/marsuser/so101_ws/install/so101_msgs/share/ament_index/resource_index/rust_packages/so101_msgs
-- Up-to-date symlink: /home/marsuser/so101_ws/install/so101_msgs/share/so101_msgs/rust/Cargo.toml
-- Up-to-date symlink: /home/marsuser/so101_ws/install/so101_msgs/share/so101_msgs/rust/build.rs
-- Up-to-date symlink: /home/marsuser/so101_ws/install/so101_msgs/share/so101_msgs/rust/src/lib.rs
-- Up-to-date symlink: /home/marsuser/so101_ws/install/so101_msgs/share/so101_msgs/rust/src/msg.rs
-- Up-to-date symlink: /home/marsuser/so101_ws/install/so101_msgs/share/so101_msgs/rust/src/msg/rmw.rs
-- Up-to-date symlink: /home/marsuser/so101_ws/install/so101_msgs/share/so101_msgs/msg/CartesianCommand.idl
-- Up-to-date symlink: /home/marsuser/so101_ws/install/so101_msgs/share/so101_msgs/msg/JointVelocityCommand.idl
-- Up-to-date symlink: /home/marsuser/so101_ws/install/so101_msgs/share/so101_msgs/msg/JointCommand.idl
-- Up-to-date symlink: /home/marsuser/so101_ws/install/so101_msgs/share/so101_msgs/msg/ControllerStatus.idl
-- Up-to-date symlink: /home/marsuser/so101_ws/install/so101_msgs/share/so101_msgs/msg/CartesianCommand.msg
-- Up-to-date symlink: /home/marsuser/so101_ws/install/so101_msgs/share/so101_msgs/msg/JointVelocityCommand.msg
-- Up-to-date symlink: /home/marsuser/so101_ws/install/so101_msgs/share/so101_msgs/msg/JointCommand.msg
-- Up-to-date symlink: /home/marsuser/so101_ws/install/so101_msgs/share/so101_msgs/msg/ControllerStatus.msg
-- Up-to-date symlink: /home/marsuser/so101_ws/install/so101_msgs/share/ament_index/resource_index/package_run_dependencies/so101_msgs
-- Up-to-date symlink: /home/marsuser/so101_ws/install/so101_msgs/share/ament_index/resource_index/parent_prefix_path/so101_msgs
-- Up-to-date symlink: /home/marsuser/so101_ws/install/so101_msgs/share/so101_msgs/environment/ament_prefix_path.sh
-- Up-to-date symlink: /home/marsuser/so101_ws/install/so101_msgs/share/so101_msgs/environment/ament_prefix_path.dsv
-- Up-to-date symlink: /home/marsuser/so101_ws/install/so101_msgs/share/so101_msgs/environment/path.sh
-- Up-to-date symlink: /home/marsuser/so101_ws/install/so101_msgs/share/so101_msgs/environment/path.dsv
-- Up-to-date symlink: /home/marsuser/so101_ws/install/so101_msgs/share/so101_msgs/local_setup.bash
-- Up-to-date symlink: /home/marsuser/so101_ws/install/so101_msgs/share/so101_msgs/local_setup.sh
-- Up-to-date symlink: /home/marsuser/so101_ws/install/so101_msgs/share/so101_msgs/local_setup.zsh
-- Up-to-date symlink: /home/marsuser/so101_ws/install/so101_msgs/share/so101_msgs/local_setup.dsv
-- Symlinking: /home/marsuser/so101_ws/install/so101_msgs/share/so101_msgs/package.dsv
-- Up-to-date symlink: /home/marsuser/so101_ws/install/so101_msgs/share/ament_index/resource_index/packages/so101_msgs
-- Up-to-date symlink: /home/marsuser/so101_ws/install/so101_msgs/share/so101_msgs/cmake/rosidl_cmake-extras.cmake
-- Up-to-date symlink: /home/marsuser/so101_ws/install/so101_msgs/share/so101_msgs/cmake/ament_cmake_export_dependencies-extras.cmake
-- Up-to-date symlink: /home/marsuser/so101_ws/install/so101_msgs/share/so101_msgs/cmake/ament_cmake_export_include_directories-extras.cmake
-- Up-to-date symlink: /home/marsuser/so101_ws/install/so101_msgs/share/so101_msgs/cmake/ament_cmake_export_libraries-extras.cmake
-- Up-to-date symlink: /home/marsuser/so101_ws/install/so101_msgs/share/so101_msgs/cmake/ament_cmake_export_targets-extras.cmake
-- Up-to-date symlink: /home/marsuser/so101_ws/install/so101_msgs/share/so101_msgs/cmake/rosidl_cmake_export_typesupport_targets-extras.cmake
-- Up-to-date symlink: /home/marsuser/so101_ws/install/so101_msgs/share/so101_msgs/cmake/rosidl_cmake_export_typesupport_libraries-extras.cmake
-- Up-to-date symlink: /home/marsuser/so101_ws/install/so101_msgs/share/so101_msgs/cmake/so101_msgsConfig.cmake
-- Up-to-date symlink: /home/marsuser/so101_ws/install/so101_msgs/share/so101_msgs/cmake/so101_msgsConfig-version.cmake
-- Up-to-date symlink: /home/marsuser/so101_ws/install/so101_msgs/share/so101_msgs/package.xml
-- Up-to-date: /home/marsuser/so101_ws/install/so101_msgs/lib/libso101_msgs__rosidl_generator_c.so
-- Up-to-date: /home/marsuser/so101_ws/install/so101_msgs/lib/libso101_msgs__rosidl_typesupport_fastrtps_c.so
-- Up-to-date: /home/marsuser/so101_ws/install/so101_msgs/lib/libso101_msgs__rosidl_typesupport_introspection_c.so
-- Up-to-date: /home/marsuser/so101_ws/install/so101_msgs/lib/libso101_msgs__rosidl_typesupport_c.so
-- Up-to-date: /home/marsuser/so101_ws/install/so101_msgs/lib/libso101_msgs__rosidl_typesupport_fastrtps_cpp.so
-- Up-to-date: /home/marsuser/so101_ws/install/so101_msgs/lib/libso101_msgs__rosidl_typesupport_introspection_cpp.so
-- Up-to-date: /home/marsuser/so101_ws/install/so101_msgs/lib/libso101_msgs__rosidl_typesupport_cpp.so
Listing '/home/marsuser/so101_ws/install/so101_msgs/local/lib/python3.10/dist-packages/so101_msgs'...
Listing '/home/marsuser/so101_ws/install/so101_msgs/local/lib/python3.10/dist-packages/so101_msgs/msg'...
-- Up-to-date: /home/marsuser/so101_ws/install/so101_msgs/lib/libso101_msgs__rosidl_generator_py.so
-- Up-to-date: /home/marsuser/so101_ws/install/so101_msgs/share/so101_msgs/cmake/export_so101_msgs__rosidl_generator_cExport.cmake
-- Up-to-date: /home/marsuser/so101_ws/install/so101_msgs/share/so101_msgs/cmake/export_so101_msgs__rosidl_generator_cExport-noconfig.cmake
-- Up-to-date: /home/marsuser/so101_ws/install/so101_msgs/share/so101_msgs/cmake/export_so101_msgs__rosidl_typesupport_fastrtps_cExport.cmake
-- Up-to-date: /home/marsuser/so101_ws/install/so101_msgs/share/so101_msgs/cmake/export_so101_msgs__rosidl_typesupport_fastrtps_cExport-noconfig.cmake
-- Up-to-date: /home/marsuser/so101_ws/install/so101_msgs/share/so101_msgs/cmake/so101_msgs__rosidl_typesupport_introspection_cExport.cmake
-- Up-to-date: /home/marsuser/so101_ws/install/so101_msgs/share/so101_msgs/cmake/so101_msgs__rosidl_typesupport_introspection_cExport-noconfig.cmake
-- Up-to-date: /home/marsuser/so101_ws/install/so101_msgs/share/so101_msgs/cmake/so101_msgs__rosidl_typesupport_cExport.cmake
-- Up-to-date: /home/marsuser/so101_ws/install/so101_msgs/share/so101_msgs/cmake/so101_msgs__rosidl_typesupport_cExport-noconfig.cmake
-- Up-to-date: /home/marsuser/so101_ws/install/so101_msgs/share/so101_msgs/cmake/export_so101_msgs__rosidl_generator_cppExport.cmake
-- Up-to-date: /home/marsuser/so101_ws/install/so101_msgs/share/so101_msgs/cmake/export_so101_msgs__rosidl_typesupport_fastrtps_cppExport.cmake
-- Up-to-date: /home/marsuser/so101_ws/install/so101_msgs/share/so101_msgs/cmake/export_so101_msgs__rosidl_typesupport_fastrtps_cppExport-noconfig.cmake
-- Up-to-date: /home/marsuser/so101_ws/install/so101_msgs/share/so101_msgs/cmake/so101_msgs__rosidl_typesupport_introspection_cppExport.cmake
-- Up-to-date: /home/marsuser/so101_ws/install/so101_msgs/share/so101_msgs/cmake/so101_msgs__rosidl_typesupport_introspection_cppExport-noconfig.cmake
-- Up-to-date: /home/marsuser/so101_ws/install/so101_msgs/share/so101_msgs/cmake/so101_msgs__rosidl_typesupport_cppExport.cmake
-- Up-to-date: /home/marsuser/so101_ws/install/so101_msgs/share/so101_msgs/cmake/so101_msgs__rosidl_typesupport_cppExport-noconfig.cmake
-- Up-to-date: /home/marsuser/so101_ws/install/so101_msgs/share/so101_msgs/cmake/export_so101_msgs__rosidl_generator_pyExport.cmake
-- Up-to-date: /home/marsuser/so101_ws/install/so101_msgs/share/so101_msgs/cmake/export_so101_msgs__rosidl_generator_pyExport-noconfig.cmake
