[0.009s] Invoking command in '/home/marsuser/so101_ws/build/so101_msgs': CMAKE_PREFIX_PATH=${CMAKE_PREFIX_PATH}:/opt/ros/humble /usr/bin/cmake --build /home/marsuser/so101_ws/build/so101_msgs -- -j32 -l32
[0.042s] [35m[1mConsolidate compiler generated dependencies of target so101_msgs__rosidl_generator_c[0m
[0.049s] [  1%] Built target so101_msgs__rs
[0.051s] [  3%] Built target so101_msgs__cpp
[0.052s] [ 14%] Built target so101_msgs__rosidl_generator_c
[0.057s] [ 14%] Built target ament_cmake_python_copy_so101_msgs
[0.060s] [35m[1mConsolidate compiler generated dependencies of target so101_msgs__rosidl_typesupport_introspection_cpp[0m
[0.060s] [35m[1mConsolidate compiler generated dependencies of target so101_msgs__rosidl_typesupport_cpp[0m
[0.060s] [35m[1mConsolidate compiler generated dependencies of target so101_msgs__rosidl_typesupport_fastrtps_cpp[0m
[0.060s] [35m[1mConsolidate compiler generated dependencies of target so101_msgs__rosidl_typesupport_introspection_c[0m
[0.061s] [35m[1mConsolidate compiler generated dependencies of target so101_msgs__rosidl_typesupport_c[0m
[0.061s] [35m[1mConsolidate compiler generated dependencies of target so101_msgs__rosidl_typesupport_fastrtps_c[0m
[0.070s] [ 25%] Built target so101_msgs__rosidl_typesupport_c
[0.070s] [ 35%] Built target so101_msgs__rosidl_typesupport_introspection_c
[0.071s] [ 46%] Built target so101_msgs__rosidl_typesupport_introspection_cpp
[0.071s] [ 57%] Built target so101_msgs__rosidl_typesupport_cpp
[0.071s] [ 67%] Built target so101_msgs__rosidl_typesupport_fastrtps_cpp
[0.073s] [ 78%] Built target so101_msgs__rosidl_typesupport_fastrtps_c
[0.088s] [ 78%] Built target so101_msgs
[0.104s] [ 80%] Built target so101_msgs__py
[0.113s] [35m[1mConsolidate compiler generated dependencies of target so101_msgs__rosidl_generator_py[0m
[0.124s] [ 89%] Built target so101_msgs__rosidl_generator_py
[0.132s] [35m[1mConsolidate compiler generated dependencies of target so101_msgs__rosidl_typesupport_c__pyext[0m
[0.132s] [35m[1mConsolidate compiler generated dependencies of target so101_msgs__rosidl_typesupport_fastrtps_c__pyext[0m
[0.133s] [35m[1mConsolidate compiler generated dependencies of target so101_msgs__rosidl_typesupport_introspection_c__pyext[0m
[0.142s] [ 96%] Built target so101_msgs__rosidl_typesupport_c__pyext
[0.142s] [ 96%] Built target so101_msgs__rosidl_typesupport_fastrtps_c__pyext
[0.143s] [100%] Built target so101_msgs__rosidl_typesupport_introspection_c__pyext
[0.224s] running egg_info
[0.225s] writing so101_msgs.egg-info/PKG-INFO
[0.225s] writing dependency_links to so101_msgs.egg-info/dependency_links.txt
[0.225s] writing top-level names to so101_msgs.egg-info/top_level.txt
[0.226s] reading manifest file 'so101_msgs.egg-info/SOURCES.txt'
[0.227s] writing manifest file 'so101_msgs.egg-info/SOURCES.txt'
[0.244s] [100%] Built target ament_cmake_python_build_so101_msgs_egg
[0.255s] Invoked command in '/home/marsuser/so101_ws/build/so101_msgs' returned '0': CMAKE_PREFIX_PATH=${CMAKE_PREFIX_PATH}:/opt/ros/humble /usr/bin/cmake --build /home/marsuser/so101_ws/build/so101_msgs -- -j32 -l32
[0.257s] Invoking command in '/home/marsuser/so101_ws/build/so101_msgs': CMAKE_PREFIX_PATH=${CMAKE_PREFIX_PATH}:/opt/ros/humble /usr/bin/cmake --install /home/marsuser/so101_ws/build/so101_msgs
[0.262s] -- Install configuration: ""
[0.263s] -- Up-to-date: /home/marsuser/so101_ws/install/so101_msgs/share/ament_index/resource_index/rosidl_interfaces/so101_msgs
[0.263s] -- Up-to-date: /home/marsuser/so101_ws/install/so101_msgs/include/so101_msgs/so101_msgs
[0.263s] -- Up-to-date: /home/marsuser/so101_ws/install/so101_msgs/include/so101_msgs/so101_msgs/msg
[0.263s] -- Up-to-date: /home/marsuser/so101_ws/install/so101_msgs/include/so101_msgs/so101_msgs/msg/detail
[0.263s] -- Up-to-date: /home/marsuser/so101_ws/install/so101_msgs/include/so101_msgs/so101_msgs/msg/detail/cartesian_command__struct.h
[0.263s] -- Up-to-date: /home/marsuser/so101_ws/install/so101_msgs/include/so101_msgs/so101_msgs/msg/detail/controller_status__type_support.h
[0.263s] -- Up-to-date: /home/marsuser/so101_ws/install/so101_msgs/include/so101_msgs/so101_msgs/msg/detail/joint_velocity_command__functions.h
[0.263s] -- Up-to-date: /home/marsuser/so101_ws/install/so101_msgs/include/so101_msgs/so101_msgs/msg/detail/controller_status__struct.h
[0.263s] -- Up-to-date: /home/marsuser/so101_ws/install/so101_msgs/include/so101_msgs/so101_msgs/msg/detail/joint_command__struct.h
[0.263s] -- Up-to-date: /home/marsuser/so101_ws/install/so101_msgs/include/so101_msgs/so101_msgs/msg/detail/cartesian_command__functions.h
[0.263s] -- Up-to-date: /home/marsuser/so101_ws/install/so101_msgs/include/so101_msgs/so101_msgs/msg/detail/joint_command__type_support.h
[0.263s] -- Up-to-date: /home/marsuser/so101_ws/install/so101_msgs/include/so101_msgs/so101_msgs/msg/detail/joint_velocity_command__functions.c
[0.263s] -- Up-to-date: /home/marsuser/so101_ws/install/so101_msgs/include/so101_msgs/so101_msgs/msg/detail/controller_status__functions.c
[0.264s] -- Up-to-date: /home/marsuser/so101_ws/install/so101_msgs/include/so101_msgs/so101_msgs/msg/detail/controller_status__functions.h
[0.264s] -- Up-to-date: /home/marsuser/so101_ws/install/so101_msgs/include/so101_msgs/so101_msgs/msg/detail/cartesian_command__functions.c
[0.264s] -- Up-to-date: /home/marsuser/so101_ws/install/so101_msgs/include/so101_msgs/so101_msgs/msg/detail/joint_velocity_command__struct.h
[0.264s] -- Up-to-date: /home/marsuser/so101_ws/install/so101_msgs/include/so101_msgs/so101_msgs/msg/detail/joint_velocity_command__type_support.h
[0.264s] -- Up-to-date: /home/marsuser/so101_ws/install/so101_msgs/include/so101_msgs/so101_msgs/msg/detail/cartesian_command__type_support.h
[0.264s] -- Up-to-date: /home/marsuser/so101_ws/install/so101_msgs/include/so101_msgs/so101_msgs/msg/detail/joint_command__functions.h
[0.264s] -- Up-to-date: /home/marsuser/so101_ws/install/so101_msgs/include/so101_msgs/so101_msgs/msg/detail/joint_command__functions.c
[0.264s] -- Up-to-date: /home/marsuser/so101_ws/install/so101_msgs/include/so101_msgs/so101_msgs/msg/joint_command.h
[0.264s] -- Up-to-date: /home/marsuser/so101_ws/install/so101_msgs/include/so101_msgs/so101_msgs/msg/cartesian_command.h
[0.264s] -- Up-to-date: /home/marsuser/so101_ws/install/so101_msgs/include/so101_msgs/so101_msgs/msg/joint_velocity_command.h
[0.264s] -- Up-to-date: /home/marsuser/so101_ws/install/so101_msgs/include/so101_msgs/so101_msgs/msg/rosidl_generator_c__visibility_control.h
[0.264s] -- Up-to-date: /home/marsuser/so101_ws/install/so101_msgs/include/so101_msgs/so101_msgs/msg/controller_status.h
[0.264s] -- Up-to-date: /home/marsuser/so101_ws/install/so101_msgs/share/so101_msgs/environment/library_path.sh
[0.264s] -- Up-to-date: /home/marsuser/so101_ws/install/so101_msgs/share/so101_msgs/environment/library_path.dsv
[0.264s] -- Up-to-date: /home/marsuser/so101_ws/install/so101_msgs/lib/libso101_msgs__rosidl_generator_c.so
[0.264s] -- Up-to-date: /home/marsuser/so101_ws/install/so101_msgs/include/so101_msgs/so101_msgs
[0.265s] -- Up-to-date: /home/marsuser/so101_ws/install/so101_msgs/include/so101_msgs/so101_msgs/msg
[0.265s] -- Up-to-date: /home/marsuser/so101_ws/install/so101_msgs/include/so101_msgs/so101_msgs/msg/detail
[0.265s] -- Up-to-date: /home/marsuser/so101_ws/install/so101_msgs/include/so101_msgs/so101_msgs/msg/detail/joint_command__rosidl_typesupport_fastrtps_c.h
[0.265s] -- Up-to-date: /home/marsuser/so101_ws/install/so101_msgs/include/so101_msgs/so101_msgs/msg/detail/joint_velocity_command__rosidl_typesupport_fastrtps_c.h
[0.265s] -- Up-to-date: /home/marsuser/so101_ws/install/so101_msgs/include/so101_msgs/so101_msgs/msg/detail/controller_status__rosidl_typesupport_fastrtps_c.h
[0.265s] -- Up-to-date: /home/marsuser/so101_ws/install/so101_msgs/include/so101_msgs/so101_msgs/msg/detail/cartesian_command__rosidl_typesupport_fastrtps_c.h
[0.265s] -- Up-to-date: /home/marsuser/so101_ws/install/so101_msgs/include/so101_msgs/so101_msgs/msg/rosidl_typesupport_fastrtps_c__visibility_control.h
[0.265s] -- Up-to-date: /home/marsuser/so101_ws/install/so101_msgs/lib/libso101_msgs__rosidl_typesupport_fastrtps_c.so
[0.265s] -- Up-to-date: /home/marsuser/so101_ws/install/so101_msgs/include/so101_msgs/so101_msgs
[0.265s] -- Up-to-date: /home/marsuser/so101_ws/install/so101_msgs/include/so101_msgs/so101_msgs/msg
[0.265s] -- Up-to-date: /home/marsuser/so101_ws/install/so101_msgs/include/so101_msgs/so101_msgs/msg/detail
[0.265s] -- Up-to-date: /home/marsuser/so101_ws/install/so101_msgs/include/so101_msgs/so101_msgs/msg/detail/cartesian_command__rosidl_typesupport_introspection_c.h
[0.265s] -- Up-to-date: /home/marsuser/so101_ws/install/so101_msgs/include/so101_msgs/so101_msgs/msg/detail/joint_velocity_command__type_support.c
[0.265s] -- Up-to-date: /home/marsuser/so101_ws/install/so101_msgs/include/so101_msgs/so101_msgs/msg/detail/joint_command__type_support.c
[0.266s] -- Up-to-date: /home/marsuser/so101_ws/install/so101_msgs/include/so101_msgs/so101_msgs/msg/detail/controller_status__rosidl_typesupport_introspection_c.h
[0.266s] -- Up-to-date: /home/marsuser/so101_ws/install/so101_msgs/include/so101_msgs/so101_msgs/msg/detail/cartesian_command__type_support.c
[0.266s] -- Up-to-date: /home/marsuser/so101_ws/install/so101_msgs/include/so101_msgs/so101_msgs/msg/detail/joint_velocity_command__rosidl_typesupport_introspection_c.h
[0.266s] -- Up-to-date: /home/marsuser/so101_ws/install/so101_msgs/include/so101_msgs/so101_msgs/msg/detail/joint_command__rosidl_typesupport_introspection_c.h
[0.266s] -- Up-to-date: /home/marsuser/so101_ws/install/so101_msgs/include/so101_msgs/so101_msgs/msg/detail/controller_status__type_support.c
[0.266s] -- Up-to-date: /home/marsuser/so101_ws/install/so101_msgs/include/so101_msgs/so101_msgs/msg/rosidl_typesupport_introspection_c__visibility_control.h
[0.266s] -- Up-to-date: /home/marsuser/so101_ws/install/so101_msgs/lib/libso101_msgs__rosidl_typesupport_introspection_c.so
[0.266s] -- Up-to-date: /home/marsuser/so101_ws/install/so101_msgs/lib/libso101_msgs__rosidl_typesupport_c.so
[0.266s] -- Up-to-date: /home/marsuser/so101_ws/install/so101_msgs/include/so101_msgs/so101_msgs
[0.266s] -- Up-to-date: /home/marsuser/so101_ws/install/so101_msgs/include/so101_msgs/so101_msgs/msg
[0.266s] -- Up-to-date: /home/marsuser/so101_ws/install/so101_msgs/include/so101_msgs/so101_msgs/msg/joint_velocity_command.hpp
[0.266s] -- Up-to-date: /home/marsuser/so101_ws/install/so101_msgs/include/so101_msgs/so101_msgs/msg/detail
[0.266s] -- Up-to-date: /home/marsuser/so101_ws/install/so101_msgs/include/so101_msgs/so101_msgs/msg/detail/joint_command__type_support.hpp
[0.266s] -- Up-to-date: /home/marsuser/so101_ws/install/so101_msgs/include/so101_msgs/so101_msgs/msg/detail/cartesian_command__struct.hpp
[0.266s] -- Up-to-date: /home/marsuser/so101_ws/install/so101_msgs/include/so101_msgs/so101_msgs/msg/detail/controller_status__type_support.hpp
[0.266s] -- Up-to-date: /home/marsuser/so101_ws/install/so101_msgs/include/so101_msgs/so101_msgs/msg/detail/joint_velocity_command__type_support.hpp
[0.267s] -- Up-to-date: /home/marsuser/so101_ws/install/so101_msgs/include/so101_msgs/so101_msgs/msg/detail/joint_command__builder.hpp
[0.267s] -- Up-to-date: /home/marsuser/so101_ws/install/so101_msgs/include/so101_msgs/so101_msgs/msg/detail/cartesian_command__builder.hpp
[0.267s] -- Up-to-date: /home/marsuser/so101_ws/install/so101_msgs/include/so101_msgs/so101_msgs/msg/detail/controller_status__struct.hpp
[0.267s] -- Up-to-date: /home/marsuser/so101_ws/install/so101_msgs/include/so101_msgs/so101_msgs/msg/detail/joint_velocity_command__struct.hpp
[0.267s] -- Up-to-date: /home/marsuser/so101_ws/install/so101_msgs/include/so101_msgs/so101_msgs/msg/detail/cartesian_command__type_support.hpp
[0.267s] -- Up-to-date: /home/marsuser/so101_ws/install/so101_msgs/include/so101_msgs/so101_msgs/msg/detail/joint_velocity_command__traits.hpp
[0.267s] -- Up-to-date: /home/marsuser/so101_ws/install/so101_msgs/include/so101_msgs/so101_msgs/msg/detail/joint_command__traits.hpp
[0.267s] -- Up-to-date: /home/marsuser/so101_ws/install/so101_msgs/include/so101_msgs/so101_msgs/msg/detail/controller_status__builder.hpp
[0.267s] -- Up-to-date: /home/marsuser/so101_ws/install/so101_msgs/include/so101_msgs/so101_msgs/msg/detail/joint_command__struct.hpp
[0.267s] -- Up-to-date: /home/marsuser/so101_ws/install/so101_msgs/include/so101_msgs/so101_msgs/msg/detail/joint_velocity_command__builder.hpp
[0.267s] -- Up-to-date: /home/marsuser/so101_ws/install/so101_msgs/include/so101_msgs/so101_msgs/msg/detail/cartesian_command__traits.hpp
[0.267s] -- Up-to-date: /home/marsuser/so101_ws/install/so101_msgs/include/so101_msgs/so101_msgs/msg/detail/controller_status__traits.hpp
[0.267s] -- Up-to-date: /home/marsuser/so101_ws/install/so101_msgs/include/so101_msgs/so101_msgs/msg/joint_command.hpp
[0.267s] -- Up-to-date: /home/marsuser/so101_ws/install/so101_msgs/include/so101_msgs/so101_msgs/msg/controller_status.hpp
[0.267s] -- Up-to-date: /home/marsuser/so101_ws/install/so101_msgs/include/so101_msgs/so101_msgs/msg/cartesian_command.hpp
[0.267s] -- Up-to-date: /home/marsuser/so101_ws/install/so101_msgs/include/so101_msgs/so101_msgs/msg/rosidl_generator_cpp__visibility_control.hpp
[0.267s] -- Up-to-date: /home/marsuser/so101_ws/install/so101_msgs/include/so101_msgs/so101_msgs
[0.268s] -- Up-to-date: /home/marsuser/so101_ws/install/so101_msgs/include/so101_msgs/so101_msgs/msg
[0.268s] -- Up-to-date: /home/marsuser/so101_ws/install/so101_msgs/include/so101_msgs/so101_msgs/msg/detail
[0.268s] -- Up-to-date: /home/marsuser/so101_ws/install/so101_msgs/include/so101_msgs/so101_msgs/msg/detail/controller_status__rosidl_typesupport_fastrtps_cpp.hpp
[0.268s] -- Up-to-date: /home/marsuser/so101_ws/install/so101_msgs/include/so101_msgs/so101_msgs/msg/detail/joint_command__rosidl_typesupport_fastrtps_cpp.hpp
[0.268s] -- Up-to-date: /home/marsuser/so101_ws/install/so101_msgs/include/so101_msgs/so101_msgs/msg/detail/joint_velocity_command__rosidl_typesupport_fastrtps_cpp.hpp
[0.268s] -- Up-to-date: /home/marsuser/so101_ws/install/so101_msgs/include/so101_msgs/so101_msgs/msg/detail/dds_fastrtps
[0.268s] -- Up-to-date: /home/marsuser/so101_ws/install/so101_msgs/include/so101_msgs/so101_msgs/msg/detail/cartesian_command__rosidl_typesupport_fastrtps_cpp.hpp
[0.268s] -- Up-to-date: /home/marsuser/so101_ws/install/so101_msgs/include/so101_msgs/so101_msgs/msg/rosidl_typesupport_fastrtps_cpp__visibility_control.h
[0.268s] -- Up-to-date: /home/marsuser/so101_ws/install/so101_msgs/lib/libso101_msgs__rosidl_typesupport_fastrtps_cpp.so
[0.268s] -- Up-to-date: /home/marsuser/so101_ws/install/so101_msgs/include/so101_msgs/so101_msgs
[0.268s] -- Up-to-date: /home/marsuser/so101_ws/install/so101_msgs/include/so101_msgs/so101_msgs/msg
[0.268s] -- Up-to-date: /home/marsuser/so101_ws/install/so101_msgs/include/so101_msgs/so101_msgs/msg/detail
[0.268s] -- Up-to-date: /home/marsuser/so101_ws/install/so101_msgs/include/so101_msgs/so101_msgs/msg/detail/joint_command__type_support.cpp
[0.268s] -- Up-to-date: /home/marsuser/so101_ws/install/so101_msgs/include/so101_msgs/so101_msgs/msg/detail/cartesian_command__type_support.cpp
[0.268s] -- Up-to-date: /home/marsuser/so101_ws/install/so101_msgs/include/so101_msgs/so101_msgs/msg/detail/joint_velocity_command__type_support.cpp
[0.268s] -- Up-to-date: /home/marsuser/so101_ws/install/so101_msgs/include/so101_msgs/so101_msgs/msg/detail/controller_status__rosidl_typesupport_introspection_cpp.hpp
[0.268s] -- Up-to-date: /home/marsuser/so101_ws/install/so101_msgs/include/so101_msgs/so101_msgs/msg/detail/joint_velocity_command__rosidl_typesupport_introspection_cpp.hpp
[0.268s] -- Up-to-date: /home/marsuser/so101_ws/install/so101_msgs/include/so101_msgs/so101_msgs/msg/detail/controller_status__type_support.cpp
[0.268s] -- Up-to-date: /home/marsuser/so101_ws/install/so101_msgs/include/so101_msgs/so101_msgs/msg/detail/cartesian_command__rosidl_typesupport_introspection_cpp.hpp
[0.269s] -- Up-to-date: /home/marsuser/so101_ws/install/so101_msgs/include/so101_msgs/so101_msgs/msg/detail/joint_command__rosidl_typesupport_introspection_cpp.hpp
[0.269s] -- Up-to-date: /home/marsuser/so101_ws/install/so101_msgs/lib/libso101_msgs__rosidl_typesupport_introspection_cpp.so
[0.269s] -- Up-to-date: /home/marsuser/so101_ws/install/so101_msgs/lib/libso101_msgs__rosidl_typesupport_cpp.so
[0.269s] -- Up-to-date: /home/marsuser/so101_ws/install/so101_msgs/share/so101_msgs/environment/pythonpath.sh
[0.269s] -- Up-to-date: /home/marsuser/so101_ws/install/so101_msgs/share/so101_msgs/environment/pythonpath.dsv
[0.269s] -- Up-to-date: /home/marsuser/so101_ws/install/so101_msgs/local/lib/python3.10/dist-packages/so101_msgs-0.0.1-py3.10.egg-info
[0.269s] -- Installing: /home/marsuser/so101_ws/install/so101_msgs/local/lib/python3.10/dist-packages/so101_msgs-0.0.1-py3.10.egg-info/SOURCES.txt
[0.269s] -- Installing: /home/marsuser/so101_ws/install/so101_msgs/local/lib/python3.10/dist-packages/so101_msgs-0.0.1-py3.10.egg-info/PKG-INFO
[0.269s] -- Installing: /home/marsuser/so101_ws/install/so101_msgs/local/lib/python3.10/dist-packages/so101_msgs-0.0.1-py3.10.egg-info/dependency_links.txt
[0.269s] -- Installing: /home/marsuser/so101_ws/install/so101_msgs/local/lib/python3.10/dist-packages/so101_msgs-0.0.1-py3.10.egg-info/top_level.txt
[0.269s] -- Up-to-date: /home/marsuser/so101_ws/install/so101_msgs/local/lib/python3.10/dist-packages/so101_msgs
[0.269s] -- Up-to-date: /home/marsuser/so101_ws/install/so101_msgs/local/lib/python3.10/dist-packages/so101_msgs/_so101_msgs_s.ep.rosidl_typesupport_fastrtps_c.c
[0.269s] -- Up-to-date: /home/marsuser/so101_ws/install/so101_msgs/local/lib/python3.10/dist-packages/so101_msgs/_so101_msgs_s.ep.rosidl_typesupport_c.c
[0.269s] -- Up-to-date: /home/marsuser/so101_ws/install/so101_msgs/local/lib/python3.10/dist-packages/so101_msgs/so101_msgs_s__rosidl_typesupport_c.cpython-310-x86_64-linux-gnu.so
[0.269s] -- Up-to-date: /home/marsuser/so101_ws/install/so101_msgs/local/lib/python3.10/dist-packages/so101_msgs/libso101_msgs__rosidl_generator_py.so
[0.269s] -- Up-to-date: /home/marsuser/so101_ws/install/so101_msgs/local/lib/python3.10/dist-packages/so101_msgs/msg
[0.269s] -- Up-to-date: /home/marsuser/so101_ws/install/so101_msgs/local/lib/python3.10/dist-packages/so101_msgs/msg/_joint_velocity_command_s.c
[0.269s] -- Up-to-date: /home/marsuser/so101_ws/install/so101_msgs/local/lib/python3.10/dist-packages/so101_msgs/msg/_controller_status.py
[0.269s] -- Up-to-date: /home/marsuser/so101_ws/install/so101_msgs/local/lib/python3.10/dist-packages/so101_msgs/msg/_joint_command.py
[0.269s] -- Up-to-date: /home/marsuser/so101_ws/install/so101_msgs/local/lib/python3.10/dist-packages/so101_msgs/msg/_cartesian_command.py
[0.270s] -- Up-to-date: /home/marsuser/so101_ws/install/so101_msgs/local/lib/python3.10/dist-packages/so101_msgs/msg/__init__.py
[0.270s] -- Up-to-date: /home/marsuser/so101_ws/install/so101_msgs/local/lib/python3.10/dist-packages/so101_msgs/msg/_controller_status_s.c
[0.270s] -- Up-to-date: /home/marsuser/so101_ws/install/so101_msgs/local/lib/python3.10/dist-packages/so101_msgs/msg/_joint_command_s.c
[0.270s] -- Up-to-date: /home/marsuser/so101_ws/install/so101_msgs/local/lib/python3.10/dist-packages/so101_msgs/msg/_joint_velocity_command.py
[0.270s] -- Up-to-date: /home/marsuser/so101_ws/install/so101_msgs/local/lib/python3.10/dist-packages/so101_msgs/msg/_cartesian_command_s.c
[0.270s] -- Up-to-date: /home/marsuser/so101_ws/install/so101_msgs/local/lib/python3.10/dist-packages/so101_msgs/__init__.py
[0.270s] -- Up-to-date: /home/marsuser/so101_ws/install/so101_msgs/local/lib/python3.10/dist-packages/so101_msgs/so101_msgs_s__rosidl_typesupport_fastrtps_c.cpython-310-x86_64-linux-gnu.so
[0.270s] -- Up-to-date: /home/marsuser/so101_ws/install/so101_msgs/local/lib/python3.10/dist-packages/so101_msgs/so101_msgs_s__rosidl_typesupport_introspection_c.cpython-310-x86_64-linux-gnu.so
[0.270s] -- Up-to-date: /home/marsuser/so101_ws/install/so101_msgs/local/lib/python3.10/dist-packages/so101_msgs/_so101_msgs_s.ep.rosidl_typesupport_introspection_c.c
[0.288s] Listing '/home/marsuser/so101_ws/install/so101_msgs/local/lib/python3.10/dist-packages/so101_msgs'...
[0.288s] Listing '/home/marsuser/so101_ws/install/so101_msgs/local/lib/python3.10/dist-packages/so101_msgs/msg'...
[0.291s] -- Up-to-date: /home/marsuser/so101_ws/install/so101_msgs/local/lib/python3.10/dist-packages/so101_msgs/so101_msgs_s__rosidl_typesupport_fastrtps_c.cpython-310-x86_64-linux-gnu.so
[0.291s] -- Up-to-date: /home/marsuser/so101_ws/install/so101_msgs/local/lib/python3.10/dist-packages/so101_msgs/so101_msgs_s__rosidl_typesupport_introspection_c.cpython-310-x86_64-linux-gnu.so
[0.291s] -- Up-to-date: /home/marsuser/so101_ws/install/so101_msgs/local/lib/python3.10/dist-packages/so101_msgs/so101_msgs_s__rosidl_typesupport_c.cpython-310-x86_64-linux-gnu.so
[0.291s] -- Up-to-date: /home/marsuser/so101_ws/install/so101_msgs/lib/libso101_msgs__rosidl_generator_py.so
[0.291s] -- Up-to-date: /home/marsuser/so101_ws/install/so101_msgs/share/ament_index/resource_index/rust_packages/so101_msgs
[0.291s] -- Up-to-date: /home/marsuser/so101_ws/install/so101_msgs/share/so101_msgs/rust
[0.292s] -- Up-to-date: /home/marsuser/so101_ws/install/so101_msgs/share/so101_msgs/rust/Cargo.toml
[0.292s] -- Up-to-date: /home/marsuser/so101_ws/install/so101_msgs/share/so101_msgs/rust/build.rs
[0.292s] -- Up-to-date: /home/marsuser/so101_ws/install/so101_msgs/share/so101_msgs/rust/src
[0.292s] -- Up-to-date: /home/marsuser/so101_ws/install/so101_msgs/share/so101_msgs/rust/src/msg
[0.292s] -- Up-to-date: /home/marsuser/so101_ws/install/so101_msgs/share/so101_msgs/rust/src/msg/rmw.rs
[0.292s] -- Up-to-date: /home/marsuser/so101_ws/install/so101_msgs/share/so101_msgs/rust/src/msg.rs
[0.292s] -- Up-to-date: /home/marsuser/so101_ws/install/so101_msgs/share/so101_msgs/rust/src/lib.rs
[0.292s] -- Up-to-date: /home/marsuser/so101_ws/install/so101_msgs/share/so101_msgs/msg/CartesianCommand.idl
[0.292s] -- Up-to-date: /home/marsuser/so101_ws/install/so101_msgs/share/so101_msgs/msg/JointVelocityCommand.idl
[0.292s] -- Up-to-date: /home/marsuser/so101_ws/install/so101_msgs/share/so101_msgs/msg/JointCommand.idl
[0.292s] -- Up-to-date: /home/marsuser/so101_ws/install/so101_msgs/share/so101_msgs/msg/ControllerStatus.idl
[0.292s] -- Up-to-date: /home/marsuser/so101_ws/install/so101_msgs/share/so101_msgs/msg/CartesianCommand.msg
[0.292s] -- Up-to-date: /home/marsuser/so101_ws/install/so101_msgs/share/so101_msgs/msg/JointVelocityCommand.msg
[0.292s] -- Up-to-date: /home/marsuser/so101_ws/install/so101_msgs/share/so101_msgs/msg/JointCommand.msg
[0.292s] -- Up-to-date: /home/marsuser/so101_ws/install/so101_msgs/share/so101_msgs/msg/ControllerStatus.msg
[0.293s] -- Up-to-date: /home/marsuser/so101_ws/install/so101_msgs/share/ament_index/resource_index/package_run_dependencies/so101_msgs
[0.293s] -- Up-to-date: /home/marsuser/so101_ws/install/so101_msgs/share/ament_index/resource_index/parent_prefix_path/so101_msgs
[0.293s] -- Up-to-date: /home/marsuser/so101_ws/install/so101_msgs/share/so101_msgs/environment/ament_prefix_path.sh
[0.293s] -- Up-to-date: /home/marsuser/so101_ws/install/so101_msgs/share/so101_msgs/environment/ament_prefix_path.dsv
[0.293s] -- Up-to-date: /home/marsuser/so101_ws/install/so101_msgs/share/so101_msgs/environment/path.sh
[0.293s] -- Up-to-date: /home/marsuser/so101_ws/install/so101_msgs/share/so101_msgs/environment/path.dsv
[0.293s] -- Up-to-date: /home/marsuser/so101_ws/install/so101_msgs/share/so101_msgs/local_setup.bash
[0.293s] -- Up-to-date: /home/marsuser/so101_ws/install/so101_msgs/share/so101_msgs/local_setup.sh
[0.293s] -- Up-to-date: /home/marsuser/so101_ws/install/so101_msgs/share/so101_msgs/local_setup.zsh
[0.293s] -- Up-to-date: /home/marsuser/so101_ws/install/so101_msgs/share/so101_msgs/local_setup.dsv
[0.293s] -- Installing: /home/marsuser/so101_ws/install/so101_msgs/share/so101_msgs/package.dsv
[0.293s] -- Up-to-date: /home/marsuser/so101_ws/install/so101_msgs/share/ament_index/resource_index/packages/so101_msgs
[0.293s] -- Up-to-date: /home/marsuser/so101_ws/install/so101_msgs/share/so101_msgs/cmake/export_so101_msgs__rosidl_generator_cExport.cmake
[0.294s] -- Up-to-date: /home/marsuser/so101_ws/install/so101_msgs/share/so101_msgs/cmake/export_so101_msgs__rosidl_generator_cExport-noconfig.cmake
[0.294s] -- Up-to-date: /home/marsuser/so101_ws/install/so101_msgs/share/so101_msgs/cmake/export_so101_msgs__rosidl_typesupport_fastrtps_cExport.cmake
[0.294s] -- Up-to-date: /home/marsuser/so101_ws/install/so101_msgs/share/so101_msgs/cmake/export_so101_msgs__rosidl_typesupport_fastrtps_cExport-noconfig.cmake
[0.294s] -- Up-to-date: /home/marsuser/so101_ws/install/so101_msgs/share/so101_msgs/cmake/so101_msgs__rosidl_typesupport_introspection_cExport.cmake
[0.294s] -- Up-to-date: /home/marsuser/so101_ws/install/so101_msgs/share/so101_msgs/cmake/so101_msgs__rosidl_typesupport_introspection_cExport-noconfig.cmake
[0.294s] -- Up-to-date: /home/marsuser/so101_ws/install/so101_msgs/share/so101_msgs/cmake/so101_msgs__rosidl_typesupport_cExport.cmake
[0.294s] -- Up-to-date: /home/marsuser/so101_ws/install/so101_msgs/share/so101_msgs/cmake/so101_msgs__rosidl_typesupport_cExport-noconfig.cmake
[0.294s] -- Up-to-date: /home/marsuser/so101_ws/install/so101_msgs/share/so101_msgs/cmake/export_so101_msgs__rosidl_generator_cppExport.cmake
[0.294s] -- Up-to-date: /home/marsuser/so101_ws/install/so101_msgs/share/so101_msgs/cmake/export_so101_msgs__rosidl_typesupport_fastrtps_cppExport.cmake
[0.294s] -- Up-to-date: /home/marsuser/so101_ws/install/so101_msgs/share/so101_msgs/cmake/export_so101_msgs__rosidl_typesupport_fastrtps_cppExport-noconfig.cmake
[0.294s] -- Up-to-date: /home/marsuser/so101_ws/install/so101_msgs/share/so101_msgs/cmake/so101_msgs__rosidl_typesupport_introspection_cppExport.cmake
[0.294s] -- Up-to-date: /home/marsuser/so101_ws/install/so101_msgs/share/so101_msgs/cmake/so101_msgs__rosidl_typesupport_introspection_cppExport-noconfig.cmake
[0.294s] -- Up-to-date: /home/marsuser/so101_ws/install/so101_msgs/share/so101_msgs/cmake/so101_msgs__rosidl_typesupport_cppExport.cmake
[0.294s] -- Up-to-date: /home/marsuser/so101_ws/install/so101_msgs/share/so101_msgs/cmake/so101_msgs__rosidl_typesupport_cppExport-noconfig.cmake
[0.294s] -- Up-to-date: /home/marsuser/so101_ws/install/so101_msgs/share/so101_msgs/cmake/export_so101_msgs__rosidl_generator_pyExport.cmake
[0.294s] -- Up-to-date: /home/marsuser/so101_ws/install/so101_msgs/share/so101_msgs/cmake/export_so101_msgs__rosidl_generator_pyExport-noconfig.cmake
[0.294s] -- Up-to-date: /home/marsuser/so101_ws/install/so101_msgs/share/so101_msgs/cmake/rosidl_cmake-extras.cmake
[0.294s] -- Up-to-date: /home/marsuser/so101_ws/install/so101_msgs/share/so101_msgs/cmake/ament_cmake_export_dependencies-extras.cmake
[0.294s] -- Up-to-date: /home/marsuser/so101_ws/install/so101_msgs/share/so101_msgs/cmake/ament_cmake_export_include_directories-extras.cmake
[0.295s] -- Up-to-date: /home/marsuser/so101_ws/install/so101_msgs/share/so101_msgs/cmake/ament_cmake_export_libraries-extras.cmake
[0.295s] -- Up-to-date: /home/marsuser/so101_ws/install/so101_msgs/share/so101_msgs/cmake/ament_cmake_export_targets-extras.cmake
[0.295s] -- Up-to-date: /home/marsuser/so101_ws/install/so101_msgs/share/so101_msgs/cmake/rosidl_cmake_export_typesupport_targets-extras.cmake
[0.295s] -- Up-to-date: /home/marsuser/so101_ws/install/so101_msgs/share/so101_msgs/cmake/rosidl_cmake_export_typesupport_libraries-extras.cmake
[0.295s] -- Up-to-date: /home/marsuser/so101_ws/install/so101_msgs/share/so101_msgs/cmake/so101_msgsConfig.cmake
[0.295s] -- Up-to-date: /home/marsuser/so101_ws/install/so101_msgs/share/so101_msgs/cmake/so101_msgsConfig-version.cmake
[0.295s] -- Up-to-date: /home/marsuser/so101_ws/install/so101_msgs/share/so101_msgs/package.xml
[0.296s] Invoked command in '/home/marsuser/so101_ws/build/so101_msgs' returned '0': CMAKE_PREFIX_PATH=${CMAKE_PREFIX_PATH}:/opt/ros/humble /usr/bin/cmake --install /home/marsuser/so101_ws/build/so101_msgs
